2026-09-03T20:13:12-04:00 Discovered 91 trajectories under /home/alien/data/yoda/aug_31 (occ-filter=both, traj-filter=*)
2026-09-03T20:13:12-04:00 Wrote CLAHE config -> /home/alien/Documents/research/third_article/pose_graph_bracketing_slam-stable/docs/results/aug_31_all/clahe_config.yaml
2026-09-03T20:13:12-04:00 Saved default config -> /home/alien/Documents/research/third_article/pose_graph_bracketing_slam-stable/docs/results/aug_31_all/default_config.yaml
2026-09-03T20:13:12-04:00 === Pipeline phase: pipeline_default (config=/home/alien/Documents/research/third_article/pose_graph_bracketing_slam-stable/configs/default.yaml) ===
2026-09-03T20:14:26-04:00   [pipeline_default] yoda_bridge_16fps_1_1969_12_31-19_47_59_region0_occ0 OK
2026-09-03T20:15:29-04:00   [pipeline_default] yoda_bridge_16fps_ae_1_1969_12_31-19_56_37_region0_occ0 OK
2026-09-03T20:18:03-04:00   [pipeline_default] yoda_bridge_0fps_ae_1_1969_12_31-19_04_09_region0_occ0 OK
2026-09-03T20:20:12-04:00   [pipeline_default] yoda_bridge_0fps_ae_1_1969_12_31-19_04_09_region0_occ1 OK
2026-09-03T20:22:49-04:00   [pipeline_default] yoda_bridge_0fps_ae_2_1969_12_31-19_05_53_region0_occ0 OK
2026-09-03T20:25:07-04:00   [pipeline_default] yoda_bridge_0fps_ae_2_1969_12_31-19_05_53_region0_occ1 OK
2026-09-03T20:27:51-04:00   [pipeline_default] yoda_bridge_0fps_ae_3_1969_12_31-19_07_55_region0_occ0 OK
2026-09-03T20:29:51-04:00   [pipeline_default] yoda_bridge_0fps_ae_3_1969_12_31-19_07_55_region0_occ1 OK
2026-09-03T20:32:32-04:00   [pipeline_default] yoda_bridge_0fps_ae_4_1969_12_31-19_09_13_region0_occ0 OK
2026-09-03T20:34:55-04:00   [pipeline_default] yoda_bridge_0fps_ae_4_1969_12_31-19_09_13_region0_occ1 OK
2026-09-03T20:37:49-04:00   [pipeline_default] yoda_bridge_0fps_ae_5_1969_12_31-19_10_30_region0_occ0 OK
2026-09-03T20:39:55-04:00   [pipeline_default] yoda_bridge_0fps_ae_5_1969_12_31-19_10_30_region0_occ1 OK
2026-09-03T20:42:25-04:00   [pipeline_default] yoda_bridge_1_1969_12_31-20_04_19_region0_occ0 OK
2026-09-03T20:43:37-04:00   [pipeline_default] yoda_bridge_1_1969_12_31-20_04_19_region0_occ1 OK
2026-09-03T20:45:08-04:00   [pipeline_default] yoda_bridge_16fps_1_1969_12_31-19_47_59_region0_occ0 OK
2026-09-03T20:46:16-04:00   [pipeline_default] yoda_bridge_16fps_1_1969_12_31-19_47_59_region0_occ1 OK
2026-09-03T20:47:34-04:00   [pipeline_default] yoda_bridge_16fps_2_1969_12_31-19_49_44_region0_occ0 OK
2026-09-03T20:48:53-04:00   [pipeline_default] yoda_bridge_16fps_2_1969_12_31-19_49_44_region0_occ1 OK
2026-09-03T20:50:03-04:00   [pipeline_default] yoda_bridge_16fps_3_1969_12_31-19_51_17_region0_occ0 OK
2026-09-03T20:51:08-04:00   [pipeline_default] yoda_bridge_16fps_3_1969_12_31-19_51_17_region0_occ1 OK
2026-09-03T20:52:34-04:00   [pipeline_default] yoda_bridge_16fps_4_1969_12_31-19_52_42_region0_occ0 OK
2026-09-03T20:53:34-04:00   [pipeline_default] yoda_bridge_16fps_4_1969_12_31-19_52_42_region0_occ1 OK
2026-09-03T20:54:43-04:00   [pipeline_default] yoda_bridge_16fps_5_1969_12_31-19_53_59_region0_occ0 OK
2026-09-03T20:56:00-04:00   [pipeline_default] yoda_bridge_16fps_5_1969_12_31-19_53_59_region0_occ1 OK
2026-09-03T20:56:56-04:00   [pipeline_default] yoda_bridge_16fps_ae_1_1969_12_31-19_56_37_region0_occ0 OK
2026-09-03T20:58:21-04:00   [pipeline_default] yoda_bridge_16fps_ae_1_1969_12_31-19_56_37_region0_occ1 OK
2026-09-03T20:59:20-04:00   [pipeline_default] yoda_bridge_16fps_ae_2_1969_12_31-19_58_12_region0_occ0 OK
2026-09-03T21:00:28-04:00   [pipeline_default] yoda_bridge_16fps_ae_3_1969_12_31-20_00_47_region0_occ0 OK
2026-09-03T21:01:36-04:00   [pipeline_default] yoda_bridge_16fps_ae_3_1969_12_31-20_00_47_region0_occ1 OK
2026-09-03T21:02:42-04:00   [pipeline_default] yoda_bridge_16fps_ae_4_1969_12_31-20_02_27_region0_occ0 OK
2026-09-03T21:04:02-04:00   [pipeline_default] yoda_bridge_16fps_ae_4_1969_12_31-20_02_27_region0_occ1 OK
2026-09-03T21:05:05-04:00   [pipeline_default] yoda_bridge_16fps_ae_5_1969_12_31-20_03_49_region0_occ0 OK
2026-09-03T21:06:06-04:00   [pipeline_default] yoda_bridge_16fps_ae_5_1969_12_31-20_03_49_region0_occ1 OK
2026-09-03T21:08:44-04:00   [pipeline_default] yoda_bridge_2_1969_12_31-20_06_13_region0_occ0 OK
2026-09-03T21:10:34-04:00   [pipeline_default] yoda_bridge_2_1969_12_31-20_06_13_region0_occ1 OK
2026-09-03T21:12:49-04:00   [pipeline_default] yoda_bridge_3_1969_12_31-20_07_34_region0_occ0 OK
2026-09-03T21:14:56-04:00   [pipeline_default] yoda_bridge_3_1969_12_31-20_07_34_region0_occ1 OK
2026-09-03T21:17:32-04:00   [pipeline_default] yoda_bridge_4_1969_12_31-20_09_17_region0_occ0 OK
2026-09-03T21:19:44-04:00   [pipeline_default] yoda_bridge_4_1969_12_31-20_09_17_region0_occ1 OK
2026-09-03T21:19:58-04:00   [pipeline_default] yoda_bridge_4fps_1_1969_12_31-19_08_37_region0_occ0 OK
2026-09-03T21:20:10-04:00   [pipeline_default] yoda_bridge_4fps_1_1969_12_31-19_08_37_region0_occ1 OK
2026-09-03T21:20:24-04:00   [pipeline_default] yoda_bridge_4fps_2_1969_12_31-19_09_57_region0_occ0 OK
2026-09-03T21:20:36-04:00   [pipeline_default] yoda_bridge_4fps_2_1969_12_31-19_09_57_region0_occ1 OK
2026-09-03T21:20:51-04:00   [pipeline_default] yoda_bridge_4fps_3_1969_12_31-19_11_14_region0_occ0 OK
2026-09-03T21:21:04-04:00   [pipeline_default] yoda_bridge_4fps_3_1969_12_31-19_11_14_region0_occ1 OK
2026-09-03T21:21:18-04:00   [pipeline_default] yoda_bridge_4fps_4_1969_12_31-19_12_32_region0_occ0 OK
2026-09-03T21:21:30-04:00   [pipeline_default] yoda_bridge_4fps_4_1969_12_31-19_12_32_region0_occ1 OK
2026-09-03T21:21:41-04:00   [pipeline_default] yoda_bridge_4fps_5_1969_12_31-19_13_59_region0_occ0 OK
2026-09-03T21:21:56-04:00   [pipeline_default] yoda_bridge_4fps_5_1969_12_31-19_13_59_region0_occ1 OK
2026-09-03T21:22:10-04:00   [pipeline_default] yoda_bridge_4fps_ae_1_1969_12_31-19_17_28_region0_occ0 OK
2026-09-03T21:22:21-04:00   [pipeline_default] yoda_bridge_4fps_ae_1_1969_12_31-19_17_28_region0_occ1 OK
2026-09-03T21:22:32-04:00   [pipeline_default] yoda_bridge_4fps_ae_2_1969_12_31-19_18_54_region0_occ0 OK
2026-09-03T21:22:44-04:00   [pipeline_default] yoda_bridge_4fps_ae_2_1969_12_31-19_18_54_region0_occ1 OK
2026-09-03T21:22:55-04:00   [pipeline_default] yoda_bridge_4fps_ae_3_1969_12_31-19_20_11_region0_occ0 OK
2026-09-03T21:23:08-04:00   [pipeline_default] yoda_bridge_4fps_ae_3_1969_12_31-19_20_11_region0_occ1 OK
2026-09-03T21:23:19-04:00   [pipeline_default] yoda_bridge_4fps_ae_4_1969_12_31-19_21_41_region0_occ0 OK
2026-09-03T21:23:32-04:00   [pipeline_default] yoda_bridge_4fps_ae_4_1969_12_31-19_21_41_region0_occ1 OK
2026-09-03T21:23:46-04:00   [pipeline_default] yoda_bridge_4fps_ae_5_1969_12_31-19_22_55_region0_occ0 OK
2026-09-03T21:23:58-04:00   [pipeline_default] yoda_bridge_4fps_ae_5_1969_12_31-19_22_55_region0_occ1 OK
2026-09-03T21:26:41-04:00   [pipeline_default] yoda_bridge_5_1969_12_31-20_10_31_region0_occ0 OK
2026-09-03T21:28:47-04:00   [pipeline_default] yoda_bridge_5_1969_12_31-20_10_31_region0_occ1 OK
2026-09-03T21:29:15-04:00   [pipeline_default] yoda_bridge_8fps_1_1969_12_31-19_36_06_region0_occ0 OK
2026-09-03T21:29:47-04:00   [pipeline_default] yoda_bridge_8fps_1_1969_12_31-19_36_06_region0_occ1 OK
2026-09-03T21:30:22-04:00   [pipeline_default] yoda_bridge_8fps_2_1969_12_31-19_37_25_region0_occ0 OK
2026-09-03T21:30:54-04:00   [pipeline_default] yoda_bridge_8fps_2_1969_12_31-19_37_25_region0_occ1 OK
2026-09-03T21:31:22-04:00   [pipeline_default] yoda_bridge_8fps_3_1969_12_31-19_38_42_region0_occ0 OK
2026-09-03T21:31:57-04:00   [pipeline_default] yoda_bridge_8fps_3_1969_12_31-19_38_42_region0_occ1 OK
2026-09-03T21:32:33-04:00   [pipeline_default] yoda_bridge_8fps_4_1969_12_31-19_40_20_region0_occ0 OK
2026-09-03T21:33:01-04:00   [pipeline_default] yoda_bridge_8fps_4_1969_12_31-19_40_20_region0_occ1 OK
2026-09-03T21:33:45-04:00   [pipeline_default] yoda_bridge_8fps_5_1969_12_31-19_41_42_region0_occ0 OK
2026-09-03T21:34:13-04:00   [pipeline_default] yoda_bridge_8fps_5_1969_12_31-19_41_42_region0_occ1 OK
2026-09-03T21:34:49-04:00   [pipeline_default] yoda_bridge_8fps_ae_1_1969_12_31-19_27_44_region0_occ0 OK
2026-09-03T21:35:15-04:00   [pipeline_default] yoda_bridge_8fps_ae_1_1969_12_31-19_27_44_region0_occ1 OK
2026-09-03T21:35:48-04:00   [pipeline_default] yoda_bridge_8fps_ae_2_1969_12_31-19_29_42_region0_occ0 OK
2026-09-03T21:36:13-04:00   [pipeline_default] yoda_bridge_8fps_ae_2_1969_12_31-19_29_42_region0_occ1 OK
2026-09-03T21:36:42-04:00   [pipeline_default] yoda_bridge_8fps_ae_3_1969_12_31-19_30_57_region0_occ0 OK
2026-09-03T21:37:27-04:00   [pipeline_default] yoda_bridge_8fps_ae_3_1969_12_31-19_30_57_region0_occ1 OK
2026-09-03T21:38:00-04:00   [pipeline_default] yoda_bridge_8fps_ae_4_1969_12_31-19_32_11_region0_occ0 OK
2026-09-03T21:38:29-04:00   [pipeline_default] yoda_bridge_8fps_ae_4_1969_12_31-19_32_11_region0_occ1 OK
2026-09-03T21:39:01-04:00   [pipeline_default] yoda_bridge_8fps_ae_5_1969_12_31-19_33_43_region0_occ0 OK
2026-09-03T21:39:32-04:00   [pipeline_default] yoda_bridge_8fps_ae_5_1969_12_31-19_33_43_region0_occ1 OK
2026-09-03T21:41:56-04:00   [pipeline_default] yoda_fixedev_1_1969_12_31-19_52_57_region0_occ0 OK
2026-09-03T21:44:40-04:00   [pipeline_default] yoda_fixedev_1_1969_12_31-19_52_57_region0_occ1 OK
2026-09-03T21:46:33-04:00   [pipeline_default] yoda_fixedev_2_1969_12_31-19_56_09_region0_occ0 OK
2026-09-03T21:49:53-04:00   [pipeline_default] yoda_fixedev_2_1969_12_31-19_56_09_region0_occ1 OK
2026-09-03T21:51:40-04:00   [pipeline_default] yoda_fixedev_3_1969_12_31-19_57_32_region0_occ0 OK
2026-09-03T21:54:12-04:00   [pipeline_default] yoda_fixedev_3_1969_12_31-19_57_32_region0_occ1 OK
2026-09-03T21:56:13-04:00   [pipeline_default] yoda_fixedev_4_1969_12_31-19_58_51_region0_occ0 OK
2026-09-03T21:59:00-04:00   [pipeline_default] yoda_fixedev_4_1969_12_31-19_58_51_region0_occ1 OK
2026-09-03T22:01:17-04:00   [pipeline_default] yoda_fixedev_5_1969_12_31-20_00_15_region0_occ0 OK
2026-09-03T22:05:12-04:00   [pipeline_default] yoda_fixedev_5_1969_12_31-20_00_15_region0_occ1 OK
2026-09-03T22:05:12-04:00 === Pipeline phase: pipeline_clahe (config=/home/alien/Documents/research/third_article/pose_graph_bracketing_slam-stable/docs/results/aug_31_all/clahe_config.yaml) ===
2026-09-03T22:06:24-04:00   [pipeline_clahe] yoda_bridge_16fps_1_1969_12_31-19_47_59_region0_occ0 OK
2026-09-03T22:07:24-04:00   [pipeline_clahe] yoda_bridge_16fps_ae_1_1969_12_31-19_56_37_region0_occ0 OK
2026-09-03T22:09:51-04:00   [pipeline_clahe] yoda_bridge_0fps_ae_1_1969_12_31-19_04_09_region0_occ0 OK
2026-09-03T22:12:05-04:00   [pipeline_clahe] yoda_bridge_0fps_ae_1_1969_12_31-19_04_09_region0_occ1 OK
2026-09-03T22:14:22-04:00   [pipeline_clahe] yoda_bridge_0fps_ae_2_1969_12_31-19_05_53_region0_occ0 OK
2026-09-03T22:17:14-04:00   [pipeline_clahe] yoda_bridge_0fps_ae_2_1969_12_31-19_05_53_region0_occ1 OK
2026-09-03T22:20:09-04:00   [pipeline_clahe] yoda_bridge_0fps_ae_3_1969_12_31-19_07_55_region0_occ0 OK
2026-09-03T22:22:18-04:00   [pipeline_clahe] yoda_bridge_0fps_ae_3_1969_12_31-19_07_55_region0_occ1 OK
2026-09-03T22:24:38-04:00   [pipeline_clahe] yoda_bridge_0fps_ae_4_1969_12_31-19_09_13_region0_occ0 OK
2026-09-03T22:27:04-04:00   [pipeline_clahe] yoda_bridge_0fps_ae_4_1969_12_31-19_09_13_region0_occ1 OK
2026-09-03T22:29:42-04:00   [pipeline_clahe] yoda_bridge_0fps_ae_5_1969_12_31-19_10_30_region0_occ0 OK
2026-09-03T22:32:16-04:00   [pipeline_clahe] yoda_bridge_0fps_ae_5_1969_12_31-19_10_30_region0_occ1 OK
2026-09-03T22:34:24-04:00   [pipeline_clahe] yoda_bridge_1_1969_12_31-20_04_19_region0_occ0 OK
2026-09-03T22:35:36-04:00   [pipeline_clahe] yoda_bridge_1_1969_12_31-20_04_19_region0_occ1 OK
2026-09-03T22:36:29-04:00   [pipeline_clahe] yoda_bridge_16fps_1_1969_12_31-19_47_59_region0_occ0 OK
2026-09-03T22:37:31-04:00   [pipeline_clahe] yoda_bridge_16fps_1_1969_12_31-19_47_59_region0_occ1 OK
2026-09-03T22:38:44-04:00   [pipeline_clahe] yoda_bridge_16fps_2_1969_12_31-19_49_44_region0_occ0 OK
2026-09-03T22:39:38-04:00   [pipeline_clahe] yoda_bridge_16fps_2_1969_12_31-19_49_44_region0_occ1 OK
2026-09-03T22:40:35-04:00   [pipeline_clahe] yoda_bridge_16fps_3_1969_12_31-19_51_17_region0_occ0 OK
2026-09-03T22:41:33-04:00   [pipeline_clahe] yoda_bridge_16fps_3_1969_12_31-19_51_17_region0_occ1 OK
2026-09-03T22:43:01-04:00   [pipeline_clahe] yoda_bridge_16fps_4_1969_12_31-19_52_42_region0_occ0 OK
2026-09-03T22:44:01-04:00   [pipeline_clahe] yoda_bridge_16fps_4_1969_12_31-19_52_42_region0_occ1 OK
2026-09-03T22:44:55-04:00   [pipeline_clahe] yoda_bridge_16fps_5_1969_12_31-19_53_59_region0_occ0 OK
2026-09-03T22:45:52-04:00   [pipeline_clahe] yoda_bridge_16fps_5_1969_12_31-19_53_59_region0_occ1 OK
2026-09-03T22:46:46-04:00   [pipeline_clahe] yoda_bridge_16fps_ae_1_1969_12_31-19_56_37_region0_occ0 OK
2026-09-03T22:48:08-04:00   [pipeline_clahe] yoda_bridge_16fps_ae_1_1969_12_31-19_56_37_region0_occ1 OK
2026-09-03T22:49:20-04:00   [pipeline_clahe] yoda_bridge_16fps_ae_2_1969_12_31-19_58_12_region0_occ0 OK
2026-09-03T22:50:33-04:00   [pipeline_clahe] yoda_bridge_16fps_ae_3_1969_12_31-20_00_47_region0_occ0 OK
2026-09-03T22:51:58-04:00   [pipeline_clahe] yoda_bridge_16fps_ae_3_1969_12_31-20_00_47_region0_occ1 OK
2026-09-03T22:53:06-04:00   [pipeline_clahe] yoda_bridge_16fps_ae_4_1969_12_31-20_02_27_region0_occ0 OK
2026-09-03T22:54:41-04:00   [pipeline_clahe] yoda_bridge_16fps_ae_4_1969_12_31-20_02_27_region0_occ1 OK
2026-09-03T22:56:20-04:00   [pipeline_clahe] yoda_bridge_16fps_ae_5_1969_12_31-20_03_49_region0_occ0 OK
2026-09-03T22:57:57-04:00   [pipeline_clahe] yoda_bridge_16fps_ae_5_1969_12_31-20_03_49_region0_occ1 OK
2026-09-03T22:59:54-04:00   [pipeline_clahe] yoda_bridge_2_1969_12_31-20_06_13_region0_occ0 OK
2026-09-03T23:02:27-04:00   [pipeline_clahe] yoda_bridge_2_1969_12_31-20_06_13_region0_occ1 OK
2026-09-03T23:04:34-04:00   [pipeline_clahe] yoda_bridge_3_1969_12_31-20_07_34_region0_occ0 OK
2026-09-03T23:06:20-04:00   [pipeline_clahe] yoda_bridge_3_1969_12_31-20_07_34_region0_occ1 OK
2026-09-03T23:08:30-04:00   [pipeline_clahe] yoda_bridge_4_1969_12_31-20_09_17_region0_occ0 OK
2026-09-03T23:11:09-04:00   [pipeline_clahe] yoda_bridge_4_1969_12_31-20_09_17_region0_occ1 OK
2026-09-03T23:11:23-04:00   [pipeline_clahe] yoda_bridge_4fps_1_1969_12_31-19_08_37_region0_occ0 OK
2026-09-03T23:11:35-04:00   [pipeline_clahe] yoda_bridge_4fps_1_1969_12_31-19_08_37_region0_occ1 OK
2026-09-03T23:11:47-04:00   [pipeline_clahe] yoda_bridge_4fps_2_1969_12_31-19_09_57_region0_occ0 OK
2026-09-03T23:11:59-04:00   [pipeline_clahe] yoda_bridge_4fps_2_1969_12_31-19_09_57_region0_occ1 OK
2026-09-03T23:12:12-04:00   [pipeline_clahe] yoda_bridge_4fps_3_1969_12_31-19_11_14_region0_occ0 OK
2026-09-03T23:12:24-04:00   [pipeline_clahe] yoda_bridge_4fps_3_1969_12_31-19_11_14_region0_occ1 OK
2026-09-03T23:12:36-04:00   [pipeline_clahe] yoda_bridge_4fps_4_1969_12_31-19_12_32_region0_occ0 OK
2026-09-03T23:12:48-04:00   [pipeline_clahe] yoda_bridge_4fps_4_1969_12_31-19_12_32_region0_occ1 OK
2026-09-03T23:13:00-04:00   [pipeline_clahe] yoda_bridge_4fps_5_1969_12_31-19_13_59_region0_occ0 OK
2026-09-03T23:13:14-04:00   [pipeline_clahe] yoda_bridge_4fps_5_1969_12_31-19_13_59_region0_occ1 OK
2026-09-03T23:13:28-04:00   [pipeline_clahe] yoda_bridge_4fps_ae_1_1969_12_31-19_17_28_region0_occ0 OK
2026-09-03T23:13:40-04:00   [pipeline_clahe] yoda_bridge_4fps_ae_1_1969_12_31-19_17_28_region0_occ1 OK
2026-09-03T23:13:52-04:00   [pipeline_clahe] yoda_bridge_4fps_ae_2_1969_12_31-19_18_54_region0_occ0 OK
2026-09-03T23:14:06-04:00   [pipeline_clahe] yoda_bridge_4fps_ae_2_1969_12_31-19_18_54_region0_occ1 OK
2026-09-03T23:14:18-04:00   [pipeline_clahe] yoda_bridge_4fps_ae_3_1969_12_31-19_20_11_region0_occ0 OK
2026-09-03T23:14:31-04:00   [pipeline_clahe] yoda_bridge_4fps_ae_3_1969_12_31-19_20_11_region0_occ1 OK
2026-09-03T23:14:44-04:00   [pipeline_clahe] yoda_bridge_4fps_ae_4_1969_12_31-19_21_41_region0_occ0 OK
2026-09-03T23:14:59-04:00   [pipeline_clahe] yoda_bridge_4fps_ae_4_1969_12_31-19_21_41_region0_occ1 OK
2026-09-03T23:15:13-04:00   [pipeline_clahe] yoda_bridge_4fps_ae_5_1969_12_31-19_22_55_region0_occ0 OK
2026-09-03T23:15:26-04:00   [pipeline_clahe] yoda_bridge_4fps_ae_5_1969_12_31-19_22_55_region0_occ1 OK
2026-09-03T23:17:15-04:00   [pipeline_clahe] yoda_bridge_5_1969_12_31-20_10_31_region0_occ0 OK
2026-09-03T23:19:43-04:00   [pipeline_clahe] yoda_bridge_5_1969_12_31-20_10_31_region0_occ1 OK
2026-09-03T23:20:10-04:00   [pipeline_clahe] yoda_bridge_8fps_1_1969_12_31-19_36_06_region0_occ0 OK
2026-09-03T23:20:39-04:00   [pipeline_clahe] yoda_bridge_8fps_1_1969_12_31-19_36_06_region0_occ1 OK
2026-09-03T23:21:05-04:00   [pipeline_clahe] yoda_bridge_8fps_2_1969_12_31-19_37_25_region0_occ0 OK
2026-09-03T23:21:38-04:00   [pipeline_clahe] yoda_bridge_8fps_2_1969_12_31-19_37_25_region0_occ1 OK
2026-09-03T23:22:12-04:00   [pipeline_clahe] yoda_bridge_8fps_3_1969_12_31-19_38_42_region0_occ0 OK
2026-09-03T23:22:42-04:00   [pipeline_clahe] yoda_bridge_8fps_3_1969_12_31-19_38_42_region0_occ1 OK
2026-09-03T23:23:19-04:00   [pipeline_clahe] yoda_bridge_8fps_4_1969_12_31-19_40_20_region0_occ0 OK
2026-09-03T23:23:47-04:00   [pipeline_clahe] yoda_bridge_8fps_4_1969_12_31-19_40_20_region0_occ1 OK
2026-09-03T23:24:23-04:00   [pipeline_clahe] yoda_bridge_8fps_5_1969_12_31-19_41_42_region0_occ0 OK
2026-09-03T23:24:56-04:00   [pipeline_clahe] yoda_bridge_8fps_5_1969_12_31-19_41_42_region0_occ1 OK
2026-09-03T23:25:28-04:00   [pipeline_clahe] yoda_bridge_8fps_ae_1_1969_12_31-19_27_44_region0_occ0 OK
2026-09-03T23:26:02-04:00   [pipeline_clahe] yoda_bridge_8fps_ae_1_1969_12_31-19_27_44_region0_occ1 OK
2026-09-03T23:26:35-04:00   [pipeline_clahe] yoda_bridge_8fps_ae_2_1969_12_31-19_29_42_region0_occ0 OK
2026-09-03T23:27:01-04:00   [pipeline_clahe] yoda_bridge_8fps_ae_2_1969_12_31-19_29_42_region0_occ1 OK
2026-09-03T23:27:29-04:00   [pipeline_clahe] yoda_bridge_8fps_ae_3_1969_12_31-19_30_57_region0_occ0 OK
2026-09-03T23:27:59-04:00   [pipeline_clahe] yoda_bridge_8fps_ae_3_1969_12_31-19_30_57_region0_occ1 OK
2026-09-03T23:28:24-04:00   [pipeline_clahe] yoda_bridge_8fps_ae_4_1969_12_31-19_32_11_region0_occ0 OK
2026-09-03T23:28:51-04:00   [pipeline_clahe] yoda_bridge_8fps_ae_4_1969_12_31-19_32_11_region0_occ1 OK
2026-09-03T23:29:29-04:00   [pipeline_clahe] yoda_bridge_8fps_ae_5_1969_12_31-19_33_43_region0_occ0 OK
2026-09-03T23:30:03-04:00   [pipeline_clahe] yoda_bridge_8fps_ae_5_1969_12_31-19_33_43_region0_occ1 OK
2026-09-03T23:31:33-04:00   [pipeline_clahe] yoda_fixedev_1_1969_12_31-19_52_57_region0_occ0 OK
2026-09-03T23:33:27-04:00   [pipeline_clahe] yoda_fixedev_1_1969_12_31-19_52_57_region0_occ1 OK
2026-09-03T23:35:06-04:00   [pipeline_clahe] yoda_fixedev_2_1969_12_31-19_56_09_region0_occ0 OK
2026-09-03T23:37:16-04:00   [pipeline_clahe] yoda_fixedev_2_1969_12_31-19_56_09_region0_occ1 OK
2026-09-03T23:38:38-04:00   [pipeline_clahe] yoda_fixedev_3_1969_12_31-19_57_32_region0_occ0 OK
2026-09-03T23:40:51-04:00   [pipeline_clahe] yoda_fixedev_3_1969_12_31-19_57_32_region0_occ1 OK
2026-09-03T23:42:18-04:00   [pipeline_clahe] yoda_fixedev_4_1969_12_31-19_58_51_region0_occ0 OK
2026-09-03T23:44:10-04:00   [pipeline_clahe] yoda_fixedev_4_1969_12_31-19_58_51_region0_occ1 OK
2026-09-03T23:45:51-04:00   [pipeline_clahe] yoda_fixedev_5_1969_12_31-20_00_15_region0_occ0 OK
2026-09-03T23:47:36-04:00   [pipeline_clahe] yoda_fixedev_5_1969_12_31-20_00_15_region0_occ1 OK
2026-09-03T23:47:36-04:00 === SOTA method: airslam ===
2026-09-04T01:36:01-04:00   [airslam] benchmark script FAILED (exit 1) -- see /home/alien/Documents/research/third_article/pose_graph_bracketing_slam-stable/docs/results/aug_31_all/sota_airslam.log
2026-09-04T01:36:01-04:00   [airslam] copied yoda_bridge_16fps_1_1969_12_31-19_47_59_region0_occ0.txt
2026-09-04T01:36:01-04:00   [airslam] copied yoda_bridge_16fps_ae_1_1969_12_31-19_56_37_region0_occ0.txt
2026-09-04T01:36:01-04:00   [airslam] copied yoda_bridge_0fps_ae_1_1969_12_31-19_04_09_region0_occ0.txt
2026-09-04T01:36:01-04:00   [airslam] copied yoda_bridge_0fps_ae_1_1969_12_31-19_04_09_region0_occ1.txt
2026-09-04T01:36:01-04:00   [airslam] copied yoda_bridge_0fps_ae_2_1969_12_31-19_05_53_region0_occ0.txt
2026-09-04T01:36:01-04:00   [airslam] copied yoda_bridge_0fps_ae_2_1969_12_31-19_05_53_region0_occ1.txt
2026-09-04T01:36:01-04:00   [airslam] copied yoda_bridge_0fps_ae_3_1969_12_31-19_07_55_region0_occ0.txt
2026-09-04T01:36:01-04:00   [airslam] copied yoda_bridge_0fps_ae_3_1969_12_31-19_07_55_region0_occ1.txt
2026-09-04T01:36:01-04:00   [airslam] copied yoda_bridge_0fps_ae_4_1969_12_31-19_09_13_region0_occ0.txt
2026-09-04T01:36:01-04:00   [airslam] copied yoda_bridge_0fps_ae_4_1969_12_31-19_09_13_region0_occ1.txt
2026-09-04T01:36:01-04:00   [airslam] copied yoda_bridge_0fps_ae_5_1969_12_31-19_10_30_region0_occ0.txt
2026-09-04T01:36:01-04:00   [airslam] copied yoda_bridge_0fps_ae_5_1969_12_31-19_10_30_region0_occ1.txt
2026-09-04T01:36:01-04:00   [airslam] copied yoda_bridge_1_1969_12_31-20_04_19_region0_occ0.txt
2026-09-04T01:36:01-04:00   [airslam] copied yoda_bridge_1_1969_12_31-20_04_19_region0_occ1.txt
2026-09-04T01:36:01-04:00   [airslam] copied yoda_bridge_16fps_1_1969_12_31-19_47_59_region0_occ0.txt
2026-09-04T01:36:01-04:00   [airslam] copied yoda_bridge_16fps_1_1969_12_31-19_47_59_region0_occ1.txt
2026-09-04T01:36:01-04:00   [airslam] copied yoda_bridge_16fps_2_1969_12_31-19_49_44_region0_occ0.txt
2026-09-04T01:36:01-04:00   [airslam] copied yoda_bridge_16fps_2_1969_12_31-19_49_44_region0_occ1.txt
2026-09-04T01:36:01-04:00   [airslam] copied yoda_bridge_16fps_3_1969_12_31-19_51_17_region0_occ0.txt
2026-09-04T01:36:01-04:00   [airslam] copied yoda_bridge_16fps_3_1969_12_31-19_51_17_region0_occ1.txt
2026-09-04T01:36:01-04:00   [airslam] copied yoda_bridge_16fps_4_1969_12_31-19_52_42_region0_occ0.txt
2026-09-04T01:36:01-04:00   [airslam] copied yoda_bridge_16fps_4_1969_12_31-19_52_42_region0_occ1.txt
2026-09-04T01:36:01-04:00   [airslam] copied yoda_bridge_16fps_5_1969_12_31-19_53_59_region0_occ0.txt
2026-09-04T01:36:01-04:00   [airslam] copied yoda_bridge_16fps_5_1969_12_31-19_53_59_region0_occ1.txt
2026-09-04T01:36:01-04:00   [airslam] copied yoda_bridge_16fps_ae_1_1969_12_31-19_56_37_region0_occ0.txt
2026-09-04T01:36:01-04:00   [airslam] copied yoda_bridge_16fps_ae_1_1969_12_31-19_56_37_region0_occ1.txt
2026-09-04T01:36:01-04:00   [airslam] copied yoda_bridge_16fps_ae_2_1969_12_31-19_58_12_region0_occ0.txt
2026-09-04T01:36:01-04:00   [airslam] copied yoda_bridge_16fps_ae_3_1969_12_31-20_00_47_region0_occ0.txt
2026-09-04T01:36:01-04:00   [airslam] copied yoda_bridge_16fps_ae_3_1969_12_31-20_00_47_region0_occ1.txt
2026-09-04T01:36:01-04:00   [airslam] copied yoda_bridge_16fps_ae_4_1969_12_31-20_02_27_region0_occ0.txt
2026-09-04T01:36:01-04:00   [airslam] copied yoda_bridge_16fps_ae_4_1969_12_31-20_02_27_region0_occ1.txt
2026-09-04T01:36:01-04:00   [airslam] copied yoda_bridge_16fps_ae_5_1969_12_31-20_03_49_region0_occ0.txt
2026-09-04T01:36:01-04:00   [airslam] copied yoda_bridge_16fps_ae_5_1969_12_31-20_03_49_region0_occ1.txt
2026-09-04T01:36:01-04:00   [airslam] copied yoda_bridge_2_1969_12_31-20_06_13_region0_occ0.txt
2026-09-04T01:36:01-04:00   [airslam] copied yoda_bridge_2_1969_12_31-20_06_13_region0_occ1.txt
2026-09-04T01:36:01-04:00   [airslam] copied yoda_bridge_3_1969_12_31-20_07_34_region0_occ0.txt
2026-09-04T01:36:01-04:00   [airslam] copied yoda_bridge_3_1969_12_31-20_07_34_region0_occ1.txt
2026-09-04T01:36:01-04:00   [airslam] copied yoda_bridge_4_1969_12_31-20_09_17_region0_occ0.txt
2026-09-04T01:36:01-04:00   [airslam] copied yoda_bridge_4_1969_12_31-20_09_17_region0_occ1.txt
2026-09-04T01:36:01-04:00   [airslam] copied yoda_bridge_4fps_1_1969_12_31-19_08_37_region0_occ0.txt
2026-09-04T01:36:01-04:00   [airslam] copied yoda_bridge_4fps_1_1969_12_31-19_08_37_region0_occ1.txt
2026-09-04T01:36:01-04:00   [airslam] copied yoda_bridge_4fps_2_1969_12_31-19_09_57_region0_occ0.txt
2026-09-04T01:36:01-04:00   [airslam] copied yoda_bridge_4fps_2_1969_12_31-19_09_57_region0_occ1.txt
2026-09-04T01:36:01-04:00   [airslam] copied yoda_bridge_4fps_3_1969_12_31-19_11_14_region0_occ0.txt
2026-09-04T01:36:01-04:00   [airslam] copied yoda_bridge_4fps_3_1969_12_31-19_11_14_region0_occ1.txt
2026-09-04T01:36:02-04:00   [airslam] copied yoda_bridge_4fps_4_1969_12_31-19_12_32_region0_occ0.txt
2026-09-04T01:36:02-04:00   [airslam] copied yoda_bridge_4fps_4_1969_12_31-19_12_32_region0_occ1.txt
2026-09-04T01:36:02-04:00   [airslam] copied yoda_bridge_4fps_5_1969_12_31-19_13_59_region0_occ0.txt
2026-09-04T01:36:02-04:00   [airslam] copied yoda_bridge_4fps_5_1969_12_31-19_13_59_region0_occ1.txt
2026-09-04T01:36:02-04:00   [airslam] copied yoda_bridge_4fps_ae_1_1969_12_31-19_17_28_region0_occ0.txt
2026-09-04T01:36:02-04:00   [airslam] copied yoda_bridge_4fps_ae_1_1969_12_31-19_17_28_region0_occ1.txt
2026-09-04T01:36:02-04:00   [airslam] copied yoda_bridge_4fps_ae_2_1969_12_31-19_18_54_region0_occ0.txt
2026-09-04T01:36:02-04:00   [airslam] copied yoda_bridge_4fps_ae_2_1969_12_31-19_18_54_region0_occ1.txt
2026-09-04T01:36:02-04:00   [airslam] copied yoda_bridge_4fps_ae_3_1969_12_31-19_20_11_region0_occ0.txt
2026-09-04T01:36:02-04:00   [airslam] copied yoda_bridge_4fps_ae_3_1969_12_31-19_20_11_region0_occ1.txt
2026-09-04T01:36:02-04:00   [airslam] copied yoda_bridge_4fps_ae_4_1969_12_31-19_21_41_region0_occ0.txt
2026-09-04T01:36:02-04:00   [airslam] copied yoda_bridge_4fps_ae_4_1969_12_31-19_21_41_region0_occ1.txt
2026-09-04T01:36:02-04:00   [airslam] copied yoda_bridge_4fps_ae_5_1969_12_31-19_22_55_region0_occ0.txt
2026-09-04T01:36:02-04:00   [airslam] copied yoda_bridge_4fps_ae_5_1969_12_31-19_22_55_region0_occ1.txt
2026-09-04T01:36:02-04:00   [airslam] copied yoda_bridge_5_1969_12_31-20_10_31_region0_occ0.txt
2026-09-04T01:36:02-04:00   [airslam] copied yoda_bridge_5_1969_12_31-20_10_31_region0_occ1.txt
2026-09-04T01:36:02-04:00   [airslam] copied yoda_bridge_8fps_1_1969_12_31-19_36_06_region0_occ0.txt
2026-09-04T01:36:02-04:00   [airslam] copied yoda_bridge_8fps_1_1969_12_31-19_36_06_region0_occ1.txt
2026-09-04T01:36:02-04:00   [airslam] copied yoda_bridge_8fps_2_1969_12_31-19_37_25_region0_occ0.txt
2026-09-04T01:36:02-04:00   [airslam] copied yoda_bridge_8fps_2_1969_12_31-19_37_25_region0_occ1.txt
2026-09-04T01:36:02-04:00   [airslam] copied yoda_bridge_8fps_3_1969_12_31-19_38_42_region0_occ0.txt
2026-09-04T01:36:02-04:00   [airslam] copied yoda_bridge_8fps_3_1969_12_31-19_38_42_region0_occ1.txt
2026-09-04T01:36:02-04:00   [airslam] copied yoda_bridge_8fps_4_1969_12_31-19_40_20_region0_occ0.txt
2026-09-04T01:36:02-04:00   [airslam] copied yoda_bridge_8fps_4_1969_12_31-19_40_20_region0_occ1.txt
2026-09-04T01:36:02-04:00   [airslam] copied yoda_bridge_8fps_5_1969_12_31-19_41_42_region0_occ0.txt
2026-09-04T01:36:02-04:00   [airslam] copied yoda_bridge_8fps_5_1969_12_31-19_41_42_region0_occ1.txt
2026-09-04T01:36:02-04:00   [airslam] copied yoda_bridge_8fps_ae_1_1969_12_31-19_27_44_region0_occ0.txt
2026-09-04T01:36:02-04:00   [airslam] copied yoda_bridge_8fps_ae_1_1969_12_31-19_27_44_region0_occ1.txt
2026-09-04T01:36:02-04:00   [airslam] copied yoda_bridge_8fps_ae_2_1969_12_31-19_29_42_region0_occ0.txt
2026-09-04T01:36:02-04:00   [airslam] copied yoda_bridge_8fps_ae_2_1969_12_31-19_29_42_region0_occ1.txt
2026-09-04T01:36:02-04:00   [airslam] copied yoda_bridge_8fps_ae_3_1969_12_31-19_30_57_region0_occ0.txt
2026-09-04T01:36:02-04:00   [airslam] WARNING: missing output for yoda_bridge_8fps_ae_3_1969_12_31-19_30_57_region0_occ1 (expected /home/alien/Documents/research/third_article/analyze_bracketing/results/AirSLAM/yoda_bridge_8fps_ae_3_1969_12_31-19_30_57_region0_occ1.txt)
2026-09-04T01:36:02-04:00   [airslam] copied yoda_bridge_8fps_ae_4_1969_12_31-19_32_11_region0_occ0.txt
2026-09-04T01:36:02-04:00   [airslam] copied yoda_bridge_8fps_ae_4_1969_12_31-19_32_11_region0_occ1.txt
2026-09-04T01:36:02-04:00   [airslam] copied yoda_bridge_8fps_ae_5_1969_12_31-19_33_43_region0_occ0.txt
2026-09-04T01:36:02-04:00   [airslam] copied yoda_bridge_8fps_ae_5_1969_12_31-19_33_43_region0_occ1.txt
2026-09-04T01:36:02-04:00   [airslam] copied yoda_fixedev_1_1969_12_31-19_52_57_region0_occ0.txt
2026-09-04T01:36:02-04:00   [airslam] copied yoda_fixedev_1_1969_12_31-19_52_57_region0_occ1.txt
2026-09-04T01:36:02-04:00   [airslam] copied yoda_fixedev_2_1969_12_31-19_56_09_region0_occ0.txt
2026-09-04T01:36:02-04:00   [airslam] copied yoda_fixedev_2_1969_12_31-19_56_09_region0_occ1.txt
2026-09-04T01:36:02-04:00   [airslam] copied yoda_fixedev_3_1969_12_31-19_57_32_region0_occ0.txt
2026-09-04T01:36:02-04:00   [airslam] WARNING: missing output for yoda_fixedev_3_1969_12_31-19_57_32_region0_occ1 (expected /home/alien/Documents/research/third_article/analyze_bracketing/results/AirSLAM/yoda_fixedev_3_1969_12_31-19_57_32_region0_occ1.txt)
2026-09-04T01:36:02-04:00   [airslam] copied yoda_fixedev_4_1969_12_31-19_58_51_region0_occ0.txt
2026-09-04T01:36:02-04:00   [airslam] copied yoda_fixedev_4_1969_12_31-19_58_51_region0_occ1.txt
2026-09-04T01:36:02-04:00   [airslam] copied yoda_fixedev_5_1969_12_31-20_00_15_region0_occ0.txt
2026-09-04T01:36:02-04:00   [airslam] copied yoda_fixedev_5_1969_12_31-20_00_15_region0_occ1.txt
2026-09-04T01:36:02-04:00 === SOTA method: cuvslam ===
2026-09-04T01:48:26-04:00   [cuvslam] benchmark script OK
2026-09-04T01:48:26-04:00   [cuvslam] copied yoda_bridge_16fps_1_1969_12_31-19_47_59_region0_occ0.txt
2026-09-04T01:48:26-04:00   [cuvslam] copied yoda_bridge_16fps_ae_1_1969_12_31-19_56_37_region0_occ0.txt
2026-09-04T01:48:26-04:00   [cuvslam] copied yoda_bridge_0fps_ae_1_1969_12_31-19_04_09_region0_occ0.txt
2026-09-04T01:48:27-04:00   [cuvslam] copied yoda_bridge_0fps_ae_1_1969_12_31-19_04_09_region0_occ1.txt
2026-09-04T01:48:27-04:00   [cuvslam] copied yoda_bridge_0fps_ae_2_1969_12_31-19_05_53_region0_occ0.txt
2026-09-04T01:48:27-04:00   [cuvslam] copied yoda_bridge_0fps_ae_2_1969_12_31-19_05_53_region0_occ1.txt
2026-09-04T01:48:27-04:00   [cuvslam] copied yoda_bridge_0fps_ae_3_1969_12_31-19_07_55_region0_occ0.txt
2026-09-04T01:48:27-04:00   [cuvslam] copied yoda_bridge_0fps_ae_3_1969_12_31-19_07_55_region0_occ1.txt
2026-09-04T01:48:27-04:00   [cuvslam] copied yoda_bridge_0fps_ae_4_1969_12_31-19_09_13_region0_occ0.txt
2026-09-04T01:48:27-04:00   [cuvslam] copied yoda_bridge_0fps_ae_4_1969_12_31-19_09_13_region0_occ1.txt
2026-09-04T01:48:27-04:00   [cuvslam] copied yoda_bridge_0fps_ae_5_1969_12_31-19_10_30_region0_occ0.txt
2026-09-04T01:48:27-04:00   [cuvslam] copied yoda_bridge_0fps_ae_5_1969_12_31-19_10_30_region0_occ1.txt
2026-09-04T01:48:27-04:00   [cuvslam] copied yoda_bridge_1_1969_12_31-20_04_19_region0_occ0.txt
2026-09-04T01:48:27-04:00   [cuvslam] copied yoda_bridge_1_1969_12_31-20_04_19_region0_occ1.txt
2026-09-04T01:48:27-04:00   [cuvslam] copied yoda_bridge_16fps_1_1969_12_31-19_47_59_region0_occ0.txt
2026-09-04T01:48:27-04:00   [cuvslam] copied yoda_bridge_16fps_1_1969_12_31-19_47_59_region0_occ1.txt
2026-09-04T01:48:27-04:00   [cuvslam] copied yoda_bridge_16fps_2_1969_12_31-19_49_44_region0_occ0.txt
2026-09-04T01:48:27-04:00   [cuvslam] copied yoda_bridge_16fps_2_1969_12_31-19_49_44_region0_occ1.txt
2026-09-04T01:48:27-04:00   [cuvslam] copied yoda_bridge_16fps_3_1969_12_31-19_51_17_region0_occ0.txt
2026-09-04T01:48:27-04:00   [cuvslam] copied yoda_bridge_16fps_3_1969_12_31-19_51_17_region0_occ1.txt
2026-09-04T01:48:27-04:00   [cuvslam] copied yoda_bridge_16fps_4_1969_12_31-19_52_42_region0_occ0.txt
2026-09-04T01:48:27-04:00   [cuvslam] copied yoda_bridge_16fps_4_1969_12_31-19_52_42_region0_occ1.txt
2026-09-04T01:48:27-04:00   [cuvslam] copied yoda_bridge_16fps_5_1969_12_31-19_53_59_region0_occ0.txt
2026-09-04T01:48:27-04:00   [cuvslam] copied yoda_bridge_16fps_5_1969_12_31-19_53_59_region0_occ1.txt
2026-09-04T01:48:27-04:00   [cuvslam] copied yoda_bridge_16fps_ae_1_1969_12_31-19_56_37_region0_occ0.txt
2026-09-04T01:48:27-04:00   [cuvslam] copied yoda_bridge_16fps_ae_1_1969_12_31-19_56_37_region0_occ1.txt
2026-09-04T01:48:27-04:00   [cuvslam] copied yoda_bridge_16fps_ae_2_1969_12_31-19_58_12_region0_occ0.txt
2026-09-04T01:48:27-04:00   [cuvslam] copied yoda_bridge_16fps_ae_3_1969_12_31-20_00_47_region0_occ0.txt
2026-09-04T01:48:27-04:00   [cuvslam] copied yoda_bridge_16fps_ae_3_1969_12_31-20_00_47_region0_occ1.txt
2026-09-04T01:48:27-04:00   [cuvslam] copied yoda_bridge_16fps_ae_4_1969_12_31-20_02_27_region0_occ0.txt
2026-09-04T01:48:27-04:00   [cuvslam] copied yoda_bridge_16fps_ae_4_1969_12_31-20_02_27_region0_occ1.txt
2026-09-04T01:48:27-04:00   [cuvslam] copied yoda_bridge_16fps_ae_5_1969_12_31-20_03_49_region0_occ0.txt
2026-09-04T01:48:27-04:00   [cuvslam] copied yoda_bridge_16fps_ae_5_1969_12_31-20_03_49_region0_occ1.txt
2026-09-04T01:48:27-04:00   [cuvslam] copied yoda_bridge_2_1969_12_31-20_06_13_region0_occ0.txt
2026-09-04T01:48:27-04:00   [cuvslam] copied yoda_bridge_2_1969_12_31-20_06_13_region0_occ1.txt
2026-09-04T01:48:27-04:00   [cuvslam] copied yoda_bridge_3_1969_12_31-20_07_34_region0_occ0.txt
2026-09-04T01:48:27-04:00   [cuvslam] copied yoda_bridge_3_1969_12_31-20_07_34_region0_occ1.txt
2026-09-04T01:48:27-04:00   [cuvslam] copied yoda_bridge_4_1969_12_31-20_09_17_region0_occ0.txt
2026-09-04T01:48:27-04:00   [cuvslam] copied yoda_bridge_4_1969_12_31-20_09_17_region0_occ1.txt
2026-09-04T01:48:27-04:00   [cuvslam] copied yoda_bridge_4fps_1_1969_12_31-19_08_37_region0_occ0.txt
2026-09-04T01:48:27-04:00   [cuvslam] copied yoda_bridge_4fps_1_1969_12_31-19_08_37_region0_occ1.txt
2026-09-04T01:48:27-04:00   [cuvslam] copied yoda_bridge_4fps_2_1969_12_31-19_09_57_region0_occ0.txt
2026-09-04T01:48:27-04:00   [cuvslam] copied yoda_bridge_4fps_2_1969_12_31-19_09_57_region0_occ1.txt
2026-09-04T01:48:27-04:00   [cuvslam] copied yoda_bridge_4fps_3_1969_12_31-19_11_14_region0_occ0.txt
2026-09-04T01:48:27-04:00   [cuvslam] copied yoda_bridge_4fps_3_1969_12_31-19_11_14_region0_occ1.txt
2026-09-04T01:48:27-04:00   [cuvslam] copied yoda_bridge_4fps_4_1969_12_31-19_12_32_region0_occ0.txt
2026-09-04T01:48:27-04:00   [cuvslam] copied yoda_bridge_4fps_4_1969_12_31-19_12_32_region0_occ1.txt
2026-09-04T01:48:27-04:00   [cuvslam] copied yoda_bridge_4fps_5_1969_12_31-19_13_59_region0_occ0.txt
2026-09-04T01:48:27-04:00   [cuvslam] copied yoda_bridge_4fps_5_1969_12_31-19_13_59_region0_occ1.txt
2026-09-04T01:48:27-04:00   [cuvslam] copied yoda_bridge_4fps_ae_1_1969_12_31-19_17_28_region0_occ0.txt
2026-09-04T01:48:27-04:00   [cuvslam] copied yoda_bridge_4fps_ae_1_1969_12_31-19_17_28_region0_occ1.txt
2026-09-04T01:48:27-04:00   [cuvslam] copied yoda_bridge_4fps_ae_2_1969_12_31-19_18_54_region0_occ0.txt
2026-09-04T01:48:27-04:00   [cuvslam] copied yoda_bridge_4fps_ae_2_1969_12_31-19_18_54_region0_occ1.txt
2026-09-04T01:48:27-04:00   [cuvslam] copied yoda_bridge_4fps_ae_3_1969_12_31-19_20_11_region0_occ0.txt
2026-09-04T01:48:27-04:00   [cuvslam] copied yoda_bridge_4fps_ae_3_1969_12_31-19_20_11_region0_occ1.txt
2026-09-04T01:48:27-04:00   [cuvslam] copied yoda_bridge_4fps_ae_4_1969_12_31-19_21_41_region0_occ0.txt
2026-09-04T01:48:27-04:00   [cuvslam] copied yoda_bridge_4fps_ae_4_1969_12_31-19_21_41_region0_occ1.txt
2026-09-04T01:48:27-04:00   [cuvslam] copied yoda_bridge_4fps_ae_5_1969_12_31-19_22_55_region0_occ0.txt
2026-09-04T01:48:27-04:00   [cuvslam] copied yoda_bridge_4fps_ae_5_1969_12_31-19_22_55_region0_occ1.txt
2026-09-04T01:48:27-04:00   [cuvslam] copied yoda_bridge_5_1969_12_31-20_10_31_region0_occ0.txt
2026-09-04T01:48:27-04:00   [cuvslam] copied yoda_bridge_5_1969_12_31-20_10_31_region0_occ1.txt
2026-09-04T01:48:27-04:00   [cuvslam] copied yoda_bridge_8fps_1_1969_12_31-19_36_06_region0_occ0.txt
2026-09-04T01:48:27-04:00   [cuvslam] copied yoda_bridge_8fps_1_1969_12_31-19_36_06_region0_occ1.txt
2026-09-04T01:48:27-04:00   [cuvslam] copied yoda_bridge_8fps_2_1969_12_31-19_37_25_region0_occ0.txt
2026-09-04T01:48:27-04:00   [cuvslam] copied yoda_bridge_8fps_2_1969_12_31-19_37_25_region0_occ1.txt
2026-09-04T01:48:27-04:00   [cuvslam] copied yoda_bridge_8fps_3_1969_12_31-19_38_42_region0_occ0.txt
2026-09-04T01:48:27-04:00   [cuvslam] copied yoda_bridge_8fps_3_1969_12_31-19_38_42_region0_occ1.txt
2026-09-04T01:48:27-04:00   [cuvslam] copied yoda_bridge_8fps_4_1969_12_31-19_40_20_region0_occ0.txt
2026-09-04T01:48:27-04:00   [cuvslam] copied yoda_bridge_8fps_4_1969_12_31-19_40_20_region0_occ1.txt
2026-09-04T01:48:27-04:00   [cuvslam] copied yoda_bridge_8fps_5_1969_12_31-19_41_42_region0_occ0.txt
2026-09-04T01:48:27-04:00   [cuvslam] copied yoda_bridge_8fps_5_1969_12_31-19_41_42_region0_occ1.txt
2026-09-04T01:48:27-04:00   [cuvslam] copied yoda_bridge_8fps_ae_1_1969_12_31-19_27_44_region0_occ0.txt
2026-09-04T01:48:27-04:00   [cuvslam] copied yoda_bridge_8fps_ae_1_1969_12_31-19_27_44_region0_occ1.txt
2026-09-04T01:48:27-04:00   [cuvslam] copied yoda_bridge_8fps_ae_2_1969_12_31-19_29_42_region0_occ0.txt
2026-09-04T01:48:27-04:00   [cuvslam] copied yoda_bridge_8fps_ae_2_1969_12_31-19_29_42_region0_occ1.txt
2026-09-04T01:48:27-04:00   [cuvslam] copied yoda_bridge_8fps_ae_3_1969_12_31-19_30_57_region0_occ0.txt
2026-09-04T01:48:27-04:00   [cuvslam] copied yoda_bridge_8fps_ae_3_1969_12_31-19_30_57_region0_occ1.txt
2026-09-04T01:48:27-04:00   [cuvslam] copied yoda_bridge_8fps_ae_4_1969_12_31-19_32_11_region0_occ0.txt
2026-09-04T01:48:27-04:00   [cuvslam] copied yoda_bridge_8fps_ae_4_1969_12_31-19_32_11_region0_occ1.txt
2026-09-04T01:48:27-04:00   [cuvslam] copied yoda_bridge_8fps_ae_5_1969_12_31-19_33_43_region0_occ0.txt
2026-09-04T01:48:27-04:00   [cuvslam] copied yoda_bridge_8fps_ae_5_1969_12_31-19_33_43_region0_occ1.txt
2026-09-04T01:48:27-04:00   [cuvslam] copied yoda_fixedev_1_1969_12_31-19_52_57_region0_occ0.txt
2026-09-04T01:48:27-04:00   [cuvslam] copied yoda_fixedev_1_1969_12_31-19_52_57_region0_occ1.txt
2026-09-04T01:48:27-04:00   [cuvslam] copied yoda_fixedev_2_1969_12_31-19_56_09_region0_occ0.txt
2026-09-04T01:48:27-04:00   [cuvslam] copied yoda_fixedev_2_1969_12_31-19_56_09_region0_occ1.txt
2026-09-04T01:48:27-04:00   [cuvslam] copied yoda_fixedev_3_1969_12_31-19_57_32_region0_occ0.txt
2026-09-04T01:48:27-04:00   [cuvslam] copied yoda_fixedev_3_1969_12_31-19_57_32_region0_occ1.txt
2026-09-04T01:48:27-04:00   [cuvslam] copied yoda_fixedev_4_1969_12_31-19_58_51_region0_occ0.txt
2026-09-04T01:48:27-04:00   [cuvslam] copied yoda_fixedev_4_1969_12_31-19_58_51_region0_occ1.txt
2026-09-04T01:48:27-04:00   [cuvslam] copied yoda_fixedev_5_1969_12_31-20_00_15_region0_occ0.txt
2026-09-04T01:48:27-04:00   [cuvslam] copied yoda_fixedev_5_1969_12_31-20_00_15_region0_occ1.txt
2026-09-04T01:48:27-04:00 === SOTA method: orbslam3 ===
2026-09-04T02:39:01-04:00   [orbslam3] benchmark script FAILED (exit 1) -- see /home/alien/Documents/research/third_article/pose_graph_bracketing_slam-stable/docs/results/aug_31_all/sota_orbslam3.log
2026-09-04T02:39:01-04:00   [orbslam3] copied yoda_bridge_16fps_1_1969_12_31-19_47_59_region0_occ0.txt
2026-09-04T02:39:01-04:00   [orbslam3] copied yoda_bridge_16fps_ae_1_1969_12_31-19_56_37_region0_occ0.txt
2026-09-04T02:39:01-04:00   [orbslam3] copied yoda_bridge_0fps_ae_1_1969_12_31-19_04_09_region0_occ0.txt
2026-09-04T02:39:01-04:00   [orbslam3] copied yoda_bridge_0fps_ae_1_1969_12_31-19_04_09_region0_occ1.txt
2026-09-04T02:39:01-04:00   [orbslam3] copied yoda_bridge_0fps_ae_2_1969_12_31-19_05_53_region0_occ0.txt
2026-09-04T02:39:01-04:00   [orbslam3] copied yoda_bridge_0fps_ae_2_1969_12_31-19_05_53_region0_occ1.txt
2026-09-04T02:39:01-04:00   [orbslam3] copied yoda_bridge_0fps_ae_3_1969_12_31-19_07_55_region0_occ0.txt
2026-09-04T02:39:01-04:00   [orbslam3] copied yoda_bridge_0fps_ae_3_1969_12_31-19_07_55_region0_occ1.txt
2026-09-04T02:39:01-04:00   [orbslam3] copied yoda_bridge_0fps_ae_4_1969_12_31-19_09_13_region0_occ0.txt
2026-09-04T02:39:01-04:00   [orbslam3] copied yoda_bridge_0fps_ae_4_1969_12_31-19_09_13_region0_occ1.txt
2026-09-04T02:39:01-04:00   [orbslam3] copied yoda_bridge_0fps_ae_5_1969_12_31-19_10_30_region0_occ0.txt
2026-09-04T02:39:01-04:00   [orbslam3] copied yoda_bridge_0fps_ae_5_1969_12_31-19_10_30_region0_occ1.txt
2026-09-04T02:39:01-04:00   [orbslam3] copied yoda_bridge_1_1969_12_31-20_04_19_region0_occ0.txt
2026-09-04T02:39:01-04:00   [orbslam3] copied yoda_bridge_1_1969_12_31-20_04_19_region0_occ1.txt
2026-09-04T02:39:01-04:00   [orbslam3] copied yoda_bridge_16fps_1_1969_12_31-19_47_59_region0_occ0.txt
2026-09-04T02:39:01-04:00   [orbslam3] copied yoda_bridge_16fps_1_1969_12_31-19_47_59_region0_occ1.txt
2026-09-04T02:39:01-04:00   [orbslam3] copied yoda_bridge_16fps_2_1969_12_31-19_49_44_region0_occ0.txt
2026-09-04T02:39:01-04:00   [orbslam3] copied yoda_bridge_16fps_2_1969_12_31-19_49_44_region0_occ1.txt
2026-09-04T02:39:01-04:00   [orbslam3] copied yoda_bridge_16fps_3_1969_12_31-19_51_17_region0_occ0.txt
2026-09-04T02:39:01-04:00   [orbslam3] copied yoda_bridge_16fps_3_1969_12_31-19_51_17_region0_occ1.txt
2026-09-04T02:39:01-04:00   [orbslam3] copied yoda_bridge_16fps_4_1969_12_31-19_52_42_region0_occ0.txt
2026-09-04T02:39:01-04:00   [orbslam3] copied yoda_bridge_16fps_4_1969_12_31-19_52_42_region0_occ1.txt
2026-09-04T02:39:01-04:00   [orbslam3] copied yoda_bridge_16fps_5_1969_12_31-19_53_59_region0_occ0.txt
2026-09-04T02:39:01-04:00   [orbslam3] copied yoda_bridge_16fps_5_1969_12_31-19_53_59_region0_occ1.txt
2026-09-04T02:39:01-04:00   [orbslam3] copied yoda_bridge_16fps_ae_1_1969_12_31-19_56_37_region0_occ0.txt
2026-09-04T02:39:01-04:00   [orbslam3] copied yoda_bridge_16fps_ae_1_1969_12_31-19_56_37_region0_occ1.txt
2026-09-04T02:39:01-04:00   [orbslam3] copied yoda_bridge_16fps_ae_2_1969_12_31-19_58_12_region0_occ0.txt
2026-09-04T02:39:01-04:00   [orbslam3] copied yoda_bridge_16fps_ae_3_1969_12_31-20_00_47_region0_occ0.txt
2026-09-04T02:39:01-04:00   [orbslam3] copied yoda_bridge_16fps_ae_3_1969_12_31-20_00_47_region0_occ1.txt
2026-09-04T02:39:01-04:00   [orbslam3] copied yoda_bridge_16fps_ae_4_1969_12_31-20_02_27_region0_occ0.txt
2026-09-04T02:39:01-04:00   [orbslam3] copied yoda_bridge_16fps_ae_4_1969_12_31-20_02_27_region0_occ1.txt
2026-09-04T02:39:01-04:00   [orbslam3] copied yoda_bridge_16fps_ae_5_1969_12_31-20_03_49_region0_occ0.txt
2026-09-04T02:39:01-04:00   [orbslam3] copied yoda_bridge_16fps_ae_5_1969_12_31-20_03_49_region0_occ1.txt
2026-09-04T02:39:01-04:00   [orbslam3] copied yoda_bridge_2_1969_12_31-20_06_13_region0_occ0.txt
2026-09-04T02:39:01-04:00   [orbslam3] copied yoda_bridge_2_1969_12_31-20_06_13_region0_occ1.txt
2026-09-04T02:39:01-04:00   [orbslam3] copied yoda_bridge_3_1969_12_31-20_07_34_region0_occ0.txt
2026-09-04T02:39:01-04:00   [orbslam3] copied yoda_bridge_3_1969_12_31-20_07_34_region0_occ1.txt
2026-09-04T02:39:01-04:00   [orbslam3] copied yoda_bridge_4_1969_12_31-20_09_17_region0_occ0.txt
2026-09-04T02:39:01-04:00   [orbslam3] copied yoda_bridge_4_1969_12_31-20_09_17_region0_occ1.txt
2026-09-04T02:39:01-04:00   [orbslam3] copied yoda_bridge_4fps_1_1969_12_31-19_08_37_region0_occ0.txt
2026-09-04T02:39:01-04:00   [orbslam3] copied yoda_bridge_4fps_1_1969_12_31-19_08_37_region0_occ1.txt
2026-09-04T02:39:01-04:00   [orbslam3] copied yoda_bridge_4fps_2_1969_12_31-19_09_57_region0_occ0.txt
2026-09-04T02:39:01-04:00   [orbslam3] copied yoda_bridge_4fps_2_1969_12_31-19_09_57_region0_occ1.txt
2026-09-04T02:39:01-04:00   [orbslam3] copied yoda_bridge_4fps_3_1969_12_31-19_11_14_region0_occ0.txt
2026-09-04T02:39:01-04:00   [orbslam3] copied yoda_bridge_4fps_3_1969_12_31-19_11_14_region0_occ1.txt
2026-09-04T02:39:01-04:00   [orbslam3] copied yoda_bridge_4fps_4_1969_12_31-19_12_32_region0_occ0.txt
2026-09-04T02:39:01-04:00   [orbslam3] copied yoda_bridge_4fps_4_1969_12_31-19_12_32_region0_occ1.txt
2026-09-04T02:39:01-04:00   [orbslam3] copied yoda_bridge_4fps_5_1969_12_31-19_13_59_region0_occ0.txt
2026-09-04T02:39:01-04:00   [orbslam3] copied yoda_bridge_4fps_5_1969_12_31-19_13_59_region0_occ1.txt
2026-09-04T02:39:01-04:00   [orbslam3] copied yoda_bridge_4fps_ae_1_1969_12_31-19_17_28_region0_occ0.txt
2026-09-04T02:39:01-04:00   [orbslam3] copied yoda_bridge_4fps_ae_1_1969_12_31-19_17_28_region0_occ1.txt
2026-09-04T02:39:01-04:00   [orbslam3] copied yoda_bridge_4fps_ae_2_1969_12_31-19_18_54_region0_occ0.txt
2026-09-04T02:39:01-04:00   [orbslam3] copied yoda_bridge_4fps_ae_2_1969_12_31-19_18_54_region0_occ1.txt
2026-09-04T02:39:01-04:00   [orbslam3] copied yoda_bridge_4fps_ae_3_1969_12_31-19_20_11_region0_occ0.txt
2026-09-04T02:39:01-04:00   [orbslam3] copied yoda_bridge_4fps_ae_3_1969_12_31-19_20_11_region0_occ1.txt
2026-09-04T02:39:01-04:00   [orbslam3] copied yoda_bridge_4fps_ae_4_1969_12_31-19_21_41_region0_occ0.txt
2026-09-04T02:39:01-04:00   [orbslam3] copied yoda_bridge_4fps_ae_4_1969_12_31-19_21_41_region0_occ1.txt
2026-09-04T02:39:01-04:00   [orbslam3] copied yoda_bridge_4fps_ae_5_1969_12_31-19_22_55_region0_occ0.txt
2026-09-04T02:39:02-04:00   [orbslam3] copied yoda_bridge_4fps_ae_5_1969_12_31-19_22_55_region0_occ1.txt
2026-09-04T02:39:02-04:00   [orbslam3] copied yoda_bridge_5_1969_12_31-20_10_31_region0_occ0.txt
2026-09-04T02:39:02-04:00   [orbslam3] copied yoda_bridge_5_1969_12_31-20_10_31_region0_occ1.txt
2026-09-04T02:39:02-04:00   [orbslam3] copied yoda_bridge_8fps_1_1969_12_31-19_36_06_region0_occ0.txt
2026-09-04T02:39:02-04:00   [orbslam3] copied yoda_bridge_8fps_1_1969_12_31-19_36_06_region0_occ1.txt
2026-09-04T02:39:02-04:00   [orbslam3] copied yoda_bridge_8fps_2_1969_12_31-19_37_25_region0_occ0.txt
2026-09-04T02:39:02-04:00   [orbslam3] copied yoda_bridge_8fps_2_1969_12_31-19_37_25_region0_occ1.txt
2026-09-04T02:39:02-04:00   [orbslam3] copied yoda_bridge_8fps_3_1969_12_31-19_38_42_region0_occ0.txt
2026-09-04T02:39:02-04:00   [orbslam3] copied yoda_bridge_8fps_3_1969_12_31-19_38_42_region0_occ1.txt
2026-09-04T02:39:02-04:00   [orbslam3] copied yoda_bridge_8fps_4_1969_12_31-19_40_20_region0_occ0.txt
2026-09-04T02:39:02-04:00   [orbslam3] copied yoda_bridge_8fps_4_1969_12_31-19_40_20_region0_occ1.txt
2026-09-04T02:39:02-04:00   [orbslam3] copied yoda_bridge_8fps_5_1969_12_31-19_41_42_region0_occ0.txt
2026-09-04T02:39:02-04:00   [orbslam3] copied yoda_bridge_8fps_5_1969_12_31-19_41_42_region0_occ1.txt
2026-09-04T02:39:02-04:00   [orbslam3] copied yoda_bridge_8fps_ae_1_1969_12_31-19_27_44_region0_occ0.txt
2026-09-04T02:39:02-04:00   [orbslam3] copied yoda_bridge_8fps_ae_1_1969_12_31-19_27_44_region0_occ1.txt
2026-09-04T02:39:02-04:00   [orbslam3] copied yoda_bridge_8fps_ae_2_1969_12_31-19_29_42_region0_occ0.txt
2026-09-04T02:39:02-04:00   [orbslam3] copied yoda_bridge_8fps_ae_2_1969_12_31-19_29_42_region0_occ1.txt
2026-09-04T02:39:02-04:00   [orbslam3] copied yoda_bridge_8fps_ae_3_1969_12_31-19_30_57_region0_occ0.txt
2026-09-04T02:39:02-04:00   [orbslam3] copied yoda_bridge_8fps_ae_3_1969_12_31-19_30_57_region0_occ1.txt
2026-09-04T02:39:02-04:00   [orbslam3] copied yoda_bridge_8fps_ae_4_1969_12_31-19_32_11_region0_occ0.txt
2026-09-04T02:39:02-04:00   [orbslam3] copied yoda_bridge_8fps_ae_4_1969_12_31-19_32_11_region0_occ1.txt
2026-09-04T02:39:02-04:00   [orbslam3] copied yoda_bridge_8fps_ae_5_1969_12_31-19_33_43_region0_occ0.txt
2026-09-04T02:39:02-04:00   [orbslam3] copied yoda_bridge_8fps_ae_5_1969_12_31-19_33_43_region0_occ1.txt
2026-09-04T02:39:02-04:00   [orbslam3] copied yoda_fixedev_1_1969_12_31-19_52_57_region0_occ0.txt
2026-09-04T02:39:02-04:00   [orbslam3] copied yoda_fixedev_1_1969_12_31-19_52_57_region0_occ1.txt
2026-09-04T02:39:02-04:00   [orbslam3] copied yoda_fixedev_2_1969_12_31-19_56_09_region0_occ0.txt
2026-09-04T02:39:02-04:00   [orbslam3] copied yoda_fixedev_2_1969_12_31-19_56_09_region0_occ1.txt
2026-09-04T02:39:02-04:00   [orbslam3] copied yoda_fixedev_3_1969_12_31-19_57_32_region0_occ0.txt
2026-09-04T02:39:02-04:00   [orbslam3] copied yoda_fixedev_3_1969_12_31-19_57_32_region0_occ1.txt
2026-09-04T02:39:02-04:00   [orbslam3] copied yoda_fixedev_4_1969_12_31-19_58_51_region0_occ0.txt
2026-09-04T02:39:02-04:00   [orbslam3] copied yoda_fixedev_4_1969_12_31-19_58_51_region0_occ1.txt
2026-09-04T02:39:02-04:00   [orbslam3] copied yoda_fixedev_5_1969_12_31-20_00_15_region0_occ0.txt
2026-09-04T02:39:02-04:00   [orbslam3] copied yoda_fixedev_5_1969_12_31-20_00_15_region0_occ1.txt
2026-09-04T02:39:02-04:00 aug_31 batch complete. Results under /home/alien/Documents/research/third_article/pose_graph_bracketing_slam-stable/docs/results/aug_31_all
