2026-09-04T15:24:12-04:00 Comparing 89 trajectories against ground truth (2 variants each: global_ba, incremental)
2026-09-04T15:24:13-04:00   yoda_bridge_0fps_ae_1_1969_12_31-19_04_09_region0_occ0 [global_ba] OK
2026-09-04T15:24:14-04:00   yoda_bridge_0fps_ae_1_1969_12_31-19_04_09_region0_occ0 [incremental] OK
2026-09-04T15:24:15-04:00   yoda_bridge_0fps_ae_1_1969_12_31-19_04_09_region0_occ1 [global_ba] OK
2026-09-04T15:24:16-04:00   yoda_bridge_0fps_ae_1_1969_12_31-19_04_09_region0_occ1 [incremental] OK
2026-09-04T15:24:17-04:00   yoda_bridge_0fps_ae_2_1969_12_31-19_05_53_region0_occ0 [global_ba] OK
2026-09-04T15:24:20-04:00   yoda_bridge_0fps_ae_2_1969_12_31-19_05_53_region0_occ0 [incremental] OK
2026-09-04T15:24:21-04:00   yoda_bridge_0fps_ae_2_1969_12_31-19_05_53_region0_occ1 [global_ba] OK
2026-09-04T15:24:22-04:00   yoda_bridge_0fps_ae_2_1969_12_31-19_05_53_region0_occ1 [incremental] OK
2026-09-04T15:24:23-04:00   yoda_bridge_0fps_ae_3_1969_12_31-19_07_55_region0_occ0 [global_ba] OK
2026-09-04T15:24:24-04:00   yoda_bridge_0fps_ae_3_1969_12_31-19_07_55_region0_occ0 [incremental] OK
2026-09-04T15:24:25-04:00   yoda_bridge_0fps_ae_3_1969_12_31-19_07_55_region0_occ1 [global_ba] OK
2026-09-04T15:24:26-04:00   yoda_bridge_0fps_ae_3_1969_12_31-19_07_55_region0_occ1 [incremental] OK
2026-09-04T15:24:27-04:00   yoda_bridge_0fps_ae_4_1969_12_31-19_09_13_region0_occ0 [global_ba] OK
2026-09-04T15:24:28-04:00   yoda_bridge_0fps_ae_4_1969_12_31-19_09_13_region0_occ0 [incremental] OK
2026-09-04T15:24:30-04:00   yoda_bridge_0fps_ae_4_1969_12_31-19_09_13_region0_occ1 [global_ba] OK
2026-09-04T15:24:31-04:00   yoda_bridge_0fps_ae_4_1969_12_31-19_09_13_region0_occ1 [incremental] OK
2026-09-04T15:24:32-04:00   yoda_bridge_0fps_ae_5_1969_12_31-19_10_30_region0_occ0 [global_ba] OK
2026-09-04T15:24:33-04:00   yoda_bridge_0fps_ae_5_1969_12_31-19_10_30_region0_occ0 [incremental] OK
2026-09-04T15:24:34-04:00   yoda_bridge_0fps_ae_5_1969_12_31-19_10_30_region0_occ1 [global_ba] OK
2026-09-04T15:24:35-04:00   yoda_bridge_0fps_ae_5_1969_12_31-19_10_30_region0_occ1 [incremental] OK
2026-09-04T15:24:36-04:00   yoda_bridge_1_1969_12_31-20_04_19_region0_occ0 [global_ba] OK
2026-09-04T15:24:38-04:00   yoda_bridge_1_1969_12_31-20_04_19_region0_occ0 [incremental] OK
2026-09-04T15:24:39-04:00   yoda_bridge_1_1969_12_31-20_04_19_region0_occ1 [global_ba] OK
2026-09-04T15:24:40-04:00   yoda_bridge_1_1969_12_31-20_04_19_region0_occ1 [incremental] OK
2026-09-04T15:24:41-04:00   yoda_bridge_16fps_1_1969_12_31-19_47_59_region0_occ0 [global_ba] OK
2026-09-04T15:24:42-04:00   yoda_bridge_16fps_1_1969_12_31-19_47_59_region0_occ0 [incremental] OK
2026-09-04T15:24:43-04:00   yoda_bridge_16fps_1_1969_12_31-19_47_59_region0_occ1 [global_ba] OK
2026-09-04T15:24:44-04:00   yoda_bridge_16fps_1_1969_12_31-19_47_59_region0_occ1 [incremental] OK
2026-09-04T15:24:45-04:00   yoda_bridge_16fps_2_1969_12_31-19_49_44_region0_occ0 [global_ba] OK
2026-09-04T15:24:46-04:00   yoda_bridge_16fps_2_1969_12_31-19_49_44_region0_occ0 [incremental] OK
2026-09-04T15:24:47-04:00   yoda_bridge_16fps_2_1969_12_31-19_49_44_region0_occ1 [global_ba] OK
2026-09-04T15:24:48-04:00   yoda_bridge_16fps_2_1969_12_31-19_49_44_region0_occ1 [incremental] OK
2026-09-04T15:24:49-04:00   yoda_bridge_16fps_3_1969_12_31-19_51_17_region0_occ0 [global_ba] OK
2026-09-04T15:24:50-04:00   yoda_bridge_16fps_3_1969_12_31-19_51_17_region0_occ0 [incremental] OK
2026-09-04T15:24:51-04:00   yoda_bridge_16fps_3_1969_12_31-19_51_17_region0_occ1 [global_ba] OK
2026-09-04T15:24:52-04:00   yoda_bridge_16fps_3_1969_12_31-19_51_17_region0_occ1 [incremental] OK
2026-09-04T15:24:53-04:00   yoda_bridge_16fps_4_1969_12_31-19_52_42_region0_occ0 [global_ba] OK
2026-09-04T15:24:54-04:00   yoda_bridge_16fps_4_1969_12_31-19_52_42_region0_occ0 [incremental] OK
2026-09-04T15:24:55-04:00   yoda_bridge_16fps_4_1969_12_31-19_52_42_region0_occ1 [global_ba] OK
2026-09-04T15:24:56-04:00   yoda_bridge_16fps_4_1969_12_31-19_52_42_region0_occ1 [incremental] OK
2026-09-04T15:24:57-04:00   yoda_bridge_16fps_5_1969_12_31-19_53_59_region0_occ0 [global_ba] OK
2026-09-04T15:24:58-04:00   yoda_bridge_16fps_5_1969_12_31-19_53_59_region0_occ0 [incremental] OK
2026-09-04T15:24:59-04:00   yoda_bridge_16fps_5_1969_12_31-19_53_59_region0_occ1 [global_ba] OK
2026-09-04T15:25:00-04:00   yoda_bridge_16fps_5_1969_12_31-19_53_59_region0_occ1 [incremental] OK
2026-09-04T15:25:01-04:00   yoda_bridge_16fps_ae_1_1969_12_31-19_56_37_region0_occ0 [global_ba] OK
2026-09-04T15:25:02-04:00   yoda_bridge_16fps_ae_1_1969_12_31-19_56_37_region0_occ0 [incremental] OK
2026-09-04T15:25:03-04:00   yoda_bridge_16fps_ae_1_1969_12_31-19_56_37_region0_occ1 [global_ba] OK
2026-09-04T15:25:04-04:00   yoda_bridge_16fps_ae_1_1969_12_31-19_56_37_region0_occ1 [incremental] OK
2026-09-04T15:25:05-04:00   yoda_bridge_16fps_ae_2_1969_12_31-19_58_12_region0_occ0 [global_ba] OK
2026-09-04T15:25:06-04:00   yoda_bridge_16fps_ae_2_1969_12_31-19_58_12_region0_occ0 [incremental] OK
2026-09-04T15:25:08-04:00   yoda_bridge_16fps_ae_3_1969_12_31-20_00_47_region0_occ0 [global_ba] OK
2026-09-04T15:25:09-04:00   yoda_bridge_16fps_ae_3_1969_12_31-20_00_47_region0_occ0 [incremental] OK
2026-09-04T15:25:10-04:00   yoda_bridge_16fps_ae_3_1969_12_31-20_00_47_region0_occ1 [global_ba] OK
2026-09-04T15:25:11-04:00   yoda_bridge_16fps_ae_3_1969_12_31-20_00_47_region0_occ1 [incremental] OK
2026-09-04T15:25:12-04:00   yoda_bridge_16fps_ae_4_1969_12_31-20_02_27_region0_occ0 [global_ba] OK
2026-09-04T15:25:13-04:00   yoda_bridge_16fps_ae_4_1969_12_31-20_02_27_region0_occ0 [incremental] OK
2026-09-04T15:25:14-04:00   yoda_bridge_16fps_ae_4_1969_12_31-20_02_27_region0_occ1 [global_ba] OK
2026-09-04T15:25:15-04:00   yoda_bridge_16fps_ae_4_1969_12_31-20_02_27_region0_occ1 [incremental] OK
2026-09-04T15:25:16-04:00   yoda_bridge_16fps_ae_5_1969_12_31-20_03_49_region0_occ0 [global_ba] OK
2026-09-04T15:25:17-04:00   yoda_bridge_16fps_ae_5_1969_12_31-20_03_49_region0_occ0 [incremental] OK
2026-09-04T15:25:18-04:00   yoda_bridge_16fps_ae_5_1969_12_31-20_03_49_region0_occ1 [global_ba] OK
2026-09-04T15:25:19-04:00   yoda_bridge_16fps_ae_5_1969_12_31-20_03_49_region0_occ1 [incremental] OK
2026-09-04T15:25:20-04:00   yoda_bridge_2_1969_12_31-20_06_13_region0_occ0 [global_ba] OK
2026-09-04T15:25:21-04:00   yoda_bridge_2_1969_12_31-20_06_13_region0_occ0 [incremental] OK
2026-09-04T15:25:22-04:00   yoda_bridge_2_1969_12_31-20_06_13_region0_occ1 [global_ba] OK
2026-09-04T15:25:23-04:00   yoda_bridge_2_1969_12_31-20_06_13_region0_occ1 [incremental] OK
2026-09-04T15:25:24-04:00   yoda_bridge_3_1969_12_31-20_07_34_region0_occ0 [global_ba] OK
2026-09-04T15:25:25-04:00   yoda_bridge_3_1969_12_31-20_07_34_region0_occ0 [incremental] OK
2026-09-04T15:25:26-04:00   yoda_bridge_3_1969_12_31-20_07_34_region0_occ1 [global_ba] OK
2026-09-04T15:25:27-04:00   yoda_bridge_3_1969_12_31-20_07_34_region0_occ1 [incremental] OK
2026-09-04T15:25:29-04:00   yoda_bridge_4_1969_12_31-20_09_17_region0_occ0 [global_ba] OK
2026-09-04T15:25:30-04:00   yoda_bridge_4_1969_12_31-20_09_17_region0_occ0 [incremental] OK
2026-09-04T15:25:31-04:00   yoda_bridge_4_1969_12_31-20_09_17_region0_occ1 [global_ba] OK
2026-09-04T15:25:32-04:00   yoda_bridge_4_1969_12_31-20_09_17_region0_occ1 [incremental] OK
2026-09-04T15:25:33-04:00   yoda_bridge_4fps_1_1969_12_31-19_08_37_region0_occ0 [global_ba] OK
2026-09-04T15:25:33-04:00   yoda_bridge_4fps_1_1969_12_31-19_08_37_region0_occ0 [incremental] OK
2026-09-04T15:25:34-04:00   yoda_bridge_4fps_1_1969_12_31-19_08_37_region0_occ1 [global_ba] OK
2026-09-04T15:25:35-04:00   yoda_bridge_4fps_1_1969_12_31-19_08_37_region0_occ1 [incremental] OK
2026-09-04T15:25:36-04:00   yoda_bridge_4fps_2_1969_12_31-19_09_57_region0_occ0 [global_ba] OK
2026-09-04T15:25:37-04:00   yoda_bridge_4fps_2_1969_12_31-19_09_57_region0_occ0 [incremental] OK
2026-09-04T15:25:38-04:00   yoda_bridge_4fps_2_1969_12_31-19_09_57_region0_occ1 [global_ba] OK
2026-09-04T15:25:39-04:00   yoda_bridge_4fps_2_1969_12_31-19_09_57_region0_occ1 [incremental] OK
2026-09-04T15:25:40-04:00   yoda_bridge_4fps_3_1969_12_31-19_11_14_region0_occ0 [global_ba] OK
2026-09-04T15:25:40-04:00   yoda_bridge_4fps_3_1969_12_31-19_11_14_region0_occ0 [incremental] OK
2026-09-04T15:25:41-04:00   yoda_bridge_4fps_3_1969_12_31-19_11_14_region0_occ1 [global_ba] OK
2026-09-04T15:25:42-04:00   yoda_bridge_4fps_3_1969_12_31-19_11_14_region0_occ1 [incremental] OK
2026-09-04T15:25:43-04:00   yoda_bridge_4fps_4_1969_12_31-19_12_32_region0_occ0 [global_ba] OK
2026-09-04T15:25:44-04:00   yoda_bridge_4fps_4_1969_12_31-19_12_32_region0_occ0 [incremental] OK
2026-09-04T15:25:45-04:00   yoda_bridge_4fps_4_1969_12_31-19_12_32_region0_occ1 [global_ba] OK
2026-09-04T15:25:46-04:00   yoda_bridge_4fps_4_1969_12_31-19_12_32_region0_occ1 [incremental] OK
2026-09-04T15:25:47-04:00   yoda_bridge_4fps_5_1969_12_31-19_13_59_region0_occ0 [global_ba] OK
2026-09-04T15:25:47-04:00   yoda_bridge_4fps_5_1969_12_31-19_13_59_region0_occ0 [incremental] OK
2026-09-04T15:25:48-04:00   yoda_bridge_4fps_5_1969_12_31-19_13_59_region0_occ1 [global_ba] OK
2026-09-04T15:25:49-04:00   yoda_bridge_4fps_5_1969_12_31-19_13_59_region0_occ1 [incremental] OK
2026-09-04T15:25:50-04:00   yoda_bridge_4fps_ae_1_1969_12_31-19_17_28_region0_occ0 [global_ba] OK
2026-09-04T15:25:51-04:00   yoda_bridge_4fps_ae_1_1969_12_31-19_17_28_region0_occ0 [incremental] OK
2026-09-04T15:25:52-04:00   yoda_bridge_4fps_ae_1_1969_12_31-19_17_28_region0_occ1 [global_ba] OK
2026-09-04T15:25:53-04:00   yoda_bridge_4fps_ae_1_1969_12_31-19_17_28_region0_occ1 [incremental] OK
2026-09-04T15:25:54-04:00   yoda_bridge_4fps_ae_2_1969_12_31-19_18_54_region0_occ0 [global_ba] OK
2026-09-04T15:25:55-04:00   yoda_bridge_4fps_ae_2_1969_12_31-19_18_54_region0_occ0 [incremental] OK
2026-09-04T15:25:55-04:00   yoda_bridge_4fps_ae_2_1969_12_31-19_18_54_region0_occ1 [global_ba] OK
2026-09-04T15:25:56-04:00   yoda_bridge_4fps_ae_2_1969_12_31-19_18_54_region0_occ1 [incremental] OK
2026-09-04T15:25:57-04:00   yoda_bridge_4fps_ae_3_1969_12_31-19_20_11_region0_occ0 [global_ba] OK
2026-09-04T15:25:58-04:00   yoda_bridge_4fps_ae_3_1969_12_31-19_20_11_region0_occ0 [incremental] OK
2026-09-04T15:25:59-04:00   yoda_bridge_4fps_ae_3_1969_12_31-19_20_11_region0_occ1 [global_ba] OK
2026-09-04T15:26:00-04:00   yoda_bridge_4fps_ae_3_1969_12_31-19_20_11_region0_occ1 [incremental] OK
2026-09-04T15:26:01-04:00   yoda_bridge_4fps_ae_4_1969_12_31-19_21_41_region0_occ0 [global_ba] OK
2026-09-04T15:26:01-04:00   yoda_bridge_4fps_ae_4_1969_12_31-19_21_41_region0_occ0 [incremental] OK
2026-09-04T15:26:02-04:00   yoda_bridge_4fps_ae_4_1969_12_31-19_21_41_region0_occ1 [global_ba] OK
2026-09-04T15:26:03-04:00   yoda_bridge_4fps_ae_4_1969_12_31-19_21_41_region0_occ1 [incremental] OK
2026-09-04T15:26:04-04:00   yoda_bridge_4fps_ae_5_1969_12_31-19_22_55_region0_occ0 [global_ba] OK
2026-09-04T15:26:05-04:00   yoda_bridge_4fps_ae_5_1969_12_31-19_22_55_region0_occ0 [incremental] OK
2026-09-04T15:26:06-04:00   yoda_bridge_4fps_ae_5_1969_12_31-19_22_55_region0_occ1 [global_ba] OK
2026-09-04T15:26:07-04:00   yoda_bridge_4fps_ae_5_1969_12_31-19_22_55_region0_occ1 [incremental] OK
2026-09-04T15:26:08-04:00   yoda_bridge_5_1969_12_31-20_10_31_region0_occ0 [global_ba] OK
2026-09-04T15:26:09-04:00   yoda_bridge_5_1969_12_31-20_10_31_region0_occ0 [incremental] OK
2026-09-04T15:26:10-04:00   yoda_bridge_5_1969_12_31-20_10_31_region0_occ1 [global_ba] OK
2026-09-04T15:26:11-04:00   yoda_bridge_5_1969_12_31-20_10_31_region0_occ1 [incremental] OK
2026-09-04T15:26:12-04:00   yoda_bridge_8fps_1_1969_12_31-19_36_06_region0_occ0 [global_ba] OK
2026-09-04T15:26:13-04:00   yoda_bridge_8fps_1_1969_12_31-19_36_06_region0_occ0 [incremental] OK
2026-09-04T15:26:14-04:00   yoda_bridge_8fps_1_1969_12_31-19_36_06_region0_occ1 [global_ba] OK
2026-09-04T15:26:15-04:00   yoda_bridge_8fps_1_1969_12_31-19_36_06_region0_occ1 [incremental] OK
2026-09-04T15:26:16-04:00   yoda_bridge_8fps_2_1969_12_31-19_37_25_region0_occ0 [global_ba] OK
2026-09-04T15:26:17-04:00   yoda_bridge_8fps_2_1969_12_31-19_37_25_region0_occ0 [incremental] OK
2026-09-04T15:26:18-04:00   yoda_bridge_8fps_2_1969_12_31-19_37_25_region0_occ1 [global_ba] OK
2026-09-04T15:26:19-04:00   yoda_bridge_8fps_2_1969_12_31-19_37_25_region0_occ1 [incremental] OK
2026-09-04T15:26:20-04:00   yoda_bridge_8fps_3_1969_12_31-19_38_42_region0_occ0 [global_ba] OK
2026-09-04T15:26:21-04:00   yoda_bridge_8fps_3_1969_12_31-19_38_42_region0_occ0 [incremental] OK
2026-09-04T15:26:22-04:00   yoda_bridge_8fps_3_1969_12_31-19_38_42_region0_occ1 [global_ba] OK
2026-09-04T15:26:23-04:00   yoda_bridge_8fps_3_1969_12_31-19_38_42_region0_occ1 [incremental] OK
2026-09-04T15:26:24-04:00   yoda_bridge_8fps_4_1969_12_31-19_40_20_region0_occ0 [global_ba] OK
2026-09-04T15:26:25-04:00   yoda_bridge_8fps_4_1969_12_31-19_40_20_region0_occ0 [incremental] OK
2026-09-04T15:26:26-04:00   yoda_bridge_8fps_4_1969_12_31-19_40_20_region0_occ1 [global_ba] OK
2026-09-04T15:26:27-04:00   yoda_bridge_8fps_4_1969_12_31-19_40_20_region0_occ1 [incremental] OK
2026-09-04T15:26:28-04:00   yoda_bridge_8fps_5_1969_12_31-19_41_42_region0_occ0 [global_ba] OK
2026-09-04T15:26:29-04:00   yoda_bridge_8fps_5_1969_12_31-19_41_42_region0_occ0 [incremental] OK
2026-09-04T15:26:30-04:00   yoda_bridge_8fps_5_1969_12_31-19_41_42_region0_occ1 [global_ba] OK
2026-09-04T15:26:31-04:00   yoda_bridge_8fps_5_1969_12_31-19_41_42_region0_occ1 [incremental] OK
2026-09-04T15:26:32-04:00   yoda_bridge_8fps_ae_1_1969_12_31-19_27_44_region0_occ0 [global_ba] OK
2026-09-04T15:26:33-04:00   yoda_bridge_8fps_ae_1_1969_12_31-19_27_44_region0_occ0 [incremental] OK
2026-09-04T15:26:34-04:00   yoda_bridge_8fps_ae_1_1969_12_31-19_27_44_region0_occ1 [global_ba] OK
2026-09-04T15:26:35-04:00   yoda_bridge_8fps_ae_1_1969_12_31-19_27_44_region0_occ1 [incremental] OK
2026-09-04T15:26:36-04:00   yoda_bridge_8fps_ae_2_1969_12_31-19_29_42_region0_occ0 [global_ba] OK
2026-09-04T15:26:37-04:00   yoda_bridge_8fps_ae_2_1969_12_31-19_29_42_region0_occ0 [incremental] OK
2026-09-04T15:26:38-04:00   yoda_bridge_8fps_ae_2_1969_12_31-19_29_42_region0_occ1 [global_ba] OK
2026-09-04T15:26:39-04:00   yoda_bridge_8fps_ae_2_1969_12_31-19_29_42_region0_occ1 [incremental] OK
2026-09-04T15:26:40-04:00   yoda_bridge_8fps_ae_3_1969_12_31-19_30_57_region0_occ0 [global_ba] OK
2026-09-04T15:26:41-04:00   yoda_bridge_8fps_ae_3_1969_12_31-19_30_57_region0_occ0 [incremental] OK
2026-09-04T15:26:42-04:00   yoda_bridge_8fps_ae_3_1969_12_31-19_30_57_region0_occ1 [global_ba] OK
2026-09-04T15:26:43-04:00   yoda_bridge_8fps_ae_3_1969_12_31-19_30_57_region0_occ1 [incremental] OK
2026-09-04T15:26:44-04:00   yoda_bridge_8fps_ae_4_1969_12_31-19_32_11_region0_occ0 [global_ba] OK
2026-09-04T15:26:45-04:00   yoda_bridge_8fps_ae_4_1969_12_31-19_32_11_region0_occ0 [incremental] OK
2026-09-04T15:26:46-04:00   yoda_bridge_8fps_ae_4_1969_12_31-19_32_11_region0_occ1 [global_ba] OK
2026-09-04T15:26:47-04:00   yoda_bridge_8fps_ae_4_1969_12_31-19_32_11_region0_occ1 [incremental] OK
2026-09-04T15:26:48-04:00   yoda_bridge_8fps_ae_5_1969_12_31-19_33_43_region0_occ0 [global_ba] OK
2026-09-04T15:26:49-04:00   yoda_bridge_8fps_ae_5_1969_12_31-19_33_43_region0_occ0 [incremental] OK
2026-09-04T15:26:50-04:00   yoda_bridge_8fps_ae_5_1969_12_31-19_33_43_region0_occ1 [global_ba] OK
2026-09-04T15:26:51-04:00   yoda_bridge_8fps_ae_5_1969_12_31-19_33_43_region0_occ1 [incremental] OK
2026-09-04T15:26:52-04:00   yoda_fixedev_1_1969_12_31-19_52_57_region0_occ0 [global_ba] OK
2026-09-04T15:26:53-04:00   yoda_fixedev_1_1969_12_31-19_52_57_region0_occ0 [incremental] OK
2026-09-04T15:26:54-04:00   yoda_fixedev_1_1969_12_31-19_52_57_region0_occ1 [global_ba] OK
2026-09-04T15:26:55-04:00   yoda_fixedev_1_1969_12_31-19_52_57_region0_occ1 [incremental] OK
2026-09-04T15:26:56-04:00   yoda_fixedev_2_1969_12_31-19_56_09_region0_occ0 [global_ba] OK
2026-09-04T15:26:57-04:00   yoda_fixedev_2_1969_12_31-19_56_09_region0_occ0 [incremental] OK
2026-09-04T15:26:58-04:00   yoda_fixedev_2_1969_12_31-19_56_09_region0_occ1 [global_ba] OK
2026-09-04T15:26:59-04:00   yoda_fixedev_2_1969_12_31-19_56_09_region0_occ1 [incremental] OK
2026-09-04T15:27:00-04:00   yoda_fixedev_3_1969_12_31-19_57_32_region0_occ0 [global_ba] OK
2026-09-04T15:27:01-04:00   yoda_fixedev_3_1969_12_31-19_57_32_region0_occ0 [incremental] OK
2026-09-04T15:27:02-04:00   yoda_fixedev_3_1969_12_31-19_57_32_region0_occ1 [global_ba] OK
2026-09-04T15:27:03-04:00   yoda_fixedev_3_1969_12_31-19_57_32_region0_occ1 [incremental] OK
2026-09-04T15:27:04-04:00   yoda_fixedev_4_1969_12_31-19_58_51_region0_occ0 [global_ba] OK
2026-09-04T15:27:05-04:00   yoda_fixedev_4_1969_12_31-19_58_51_region0_occ0 [incremental] OK
2026-09-04T15:27:06-04:00   yoda_fixedev_4_1969_12_31-19_58_51_region0_occ1 [global_ba] OK
2026-09-04T15:27:07-04:00   yoda_fixedev_4_1969_12_31-19_58_51_region0_occ1 [incremental] OK
2026-09-04T15:27:08-04:00   yoda_fixedev_5_1969_12_31-20_00_15_region0_occ0 [global_ba] OK
2026-09-04T15:27:10-04:00   yoda_fixedev_5_1969_12_31-20_00_15_region0_occ0 [incremental] OK
2026-09-04T15:27:11-04:00   yoda_fixedev_5_1969_12_31-20_00_15_region0_occ1 [global_ba] OK
2026-09-04T15:27:12-04:00   yoda_fixedev_5_1969_12_31-20_00_15_region0_occ1 [incremental] OK
2026-09-04T15:27:12-04:00 Multi-method ground-truth comparison complete.
