Running cuvslam on 91 trajectories -> /home/alien/Documents/research/third_article/analyze_bracketing/results/cuVSLAM
[1/91] yoda_bridge_16fps_1_1969_12_31-19_47_59_region0_occ0 ...
  done in 9.6s -> /home/alien/Documents/research/third_article/analyze_bracketing/results/cuVSLAM/yoda_bridge_16fps_1_1969_12_31-19_47_59_region0_occ0.txt
[2/91] yoda_bridge_16fps_ae_1_1969_12_31-19_56_37_region0_occ0 ...
  done in 8.3s -> /home/alien/Documents/research/third_article/analyze_bracketing/results/cuVSLAM/yoda_bridge_16fps_ae_1_1969_12_31-19_56_37_region0_occ0.txt
[3/91] yoda_bridge_0fps_ae_1_1969_12_31-19_04_09_region0_occ0 ...
  done in 13.8s -> /home/alien/Documents/research/third_article/analyze_bracketing/results/cuVSLAM/yoda_bridge_0fps_ae_1_1969_12_31-19_04_09_region0_occ0.txt
[4/91] yoda_bridge_0fps_ae_1_1969_12_31-19_04_09_region0_occ1 ...
  done in 12.8s -> /home/alien/Documents/research/third_article/analyze_bracketing/results/cuVSLAM/yoda_bridge_0fps_ae_1_1969_12_31-19_04_09_region0_occ1.txt
[5/91] yoda_bridge_0fps_ae_2_1969_12_31-19_05_53_region0_occ0 ...
  done in 13.8s -> /home/alien/Documents/research/third_article/analyze_bracketing/results/cuVSLAM/yoda_bridge_0fps_ae_2_1969_12_31-19_05_53_region0_occ0.txt
[6/91] yoda_bridge_0fps_ae_2_1969_12_31-19_05_53_region0_occ1 ...
  done in 13.3s -> /home/alien/Documents/research/third_article/analyze_bracketing/results/cuVSLAM/yoda_bridge_0fps_ae_2_1969_12_31-19_05_53_region0_occ1.txt
[7/91] yoda_bridge_0fps_ae_3_1969_12_31-19_07_55_region0_occ0 ...
  done in 14.7s -> /home/alien/Documents/research/third_article/analyze_bracketing/results/cuVSLAM/yoda_bridge_0fps_ae_3_1969_12_31-19_07_55_region0_occ0.txt
[8/91] yoda_bridge_0fps_ae_3_1969_12_31-19_07_55_region0_occ1 ...
  done in 13.5s -> /home/alien/Documents/research/third_article/analyze_bracketing/results/cuVSLAM/yoda_bridge_0fps_ae_3_1969_12_31-19_07_55_region0_occ1.txt
[9/91] yoda_bridge_0fps_ae_4_1969_12_31-19_09_13_region0_occ0 ...
  done in 14.3s -> /home/alien/Documents/research/third_article/analyze_bracketing/results/cuVSLAM/yoda_bridge_0fps_ae_4_1969_12_31-19_09_13_region0_occ0.txt
[10/91] yoda_bridge_0fps_ae_4_1969_12_31-19_09_13_region0_occ1 ...
  done in 13.9s -> /home/alien/Documents/research/third_article/analyze_bracketing/results/cuVSLAM/yoda_bridge_0fps_ae_4_1969_12_31-19_09_13_region0_occ1.txt
[11/91] yoda_bridge_0fps_ae_5_1969_12_31-19_10_30_region0_occ0 ...
  done in 14.4s -> /home/alien/Documents/research/third_article/analyze_bracketing/results/cuVSLAM/yoda_bridge_0fps_ae_5_1969_12_31-19_10_30_region0_occ0.txt
[12/91] yoda_bridge_0fps_ae_5_1969_12_31-19_10_30_region0_occ1 ...
  done in 14.4s -> /home/alien/Documents/research/third_article/analyze_bracketing/results/cuVSLAM/yoda_bridge_0fps_ae_5_1969_12_31-19_10_30_region0_occ1.txt
[13/91] yoda_bridge_1_1969_12_31-20_04_19_region0_occ0 ...
  done in 14.1s -> /home/alien/Documents/research/third_article/analyze_bracketing/results/cuVSLAM/yoda_bridge_1_1969_12_31-20_04_19_region0_occ0.txt
[14/91] yoda_bridge_1_1969_12_31-20_04_19_region0_occ1 ...
  done in 9.3s -> /home/alien/Documents/research/third_article/analyze_bracketing/results/cuVSLAM/yoda_bridge_1_1969_12_31-20_04_19_region0_occ1.txt
[15/91] yoda_bridge_16fps_1_1969_12_31-19_47_59_region0_occ0 ...
  done in 8.7s -> /home/alien/Documents/research/third_article/analyze_bracketing/results/cuVSLAM/yoda_bridge_16fps_1_1969_12_31-19_47_59_region0_occ0.txt
[16/91] yoda_bridge_16fps_1_1969_12_31-19_47_59_region0_occ1 ...
  done in 8.1s -> /home/alien/Documents/research/third_article/analyze_bracketing/results/cuVSLAM/yoda_bridge_16fps_1_1969_12_31-19_47_59_region0_occ1.txt
[17/91] yoda_bridge_16fps_2_1969_12_31-19_49_44_region0_occ0 ...
  done in 9.2s -> /home/alien/Documents/research/third_article/analyze_bracketing/results/cuVSLAM/yoda_bridge_16fps_2_1969_12_31-19_49_44_region0_occ0.txt
[18/91] yoda_bridge_16fps_2_1969_12_31-19_49_44_region0_occ1 ...
  done in 8.9s -> /home/alien/Documents/research/third_article/analyze_bracketing/results/cuVSLAM/yoda_bridge_16fps_2_1969_12_31-19_49_44_region0_occ1.txt
[19/91] yoda_bridge_16fps_3_1969_12_31-19_51_17_region0_occ0 ...
  done in 8.5s -> /home/alien/Documents/research/third_article/analyze_bracketing/results/cuVSLAM/yoda_bridge_16fps_3_1969_12_31-19_51_17_region0_occ0.txt
[20/91] yoda_bridge_16fps_3_1969_12_31-19_51_17_region0_occ1 ...
  done in 8.7s -> /home/alien/Documents/research/third_article/analyze_bracketing/results/cuVSLAM/yoda_bridge_16fps_3_1969_12_31-19_51_17_region0_occ1.txt
[21/91] yoda_bridge_16fps_4_1969_12_31-19_52_42_region0_occ0 ...
  done in 8.5s -> /home/alien/Documents/research/third_article/analyze_bracketing/results/cuVSLAM/yoda_bridge_16fps_4_1969_12_31-19_52_42_region0_occ0.txt
[22/91] yoda_bridge_16fps_4_1969_12_31-19_52_42_region0_occ1 ...
  done in 8.5s -> /home/alien/Documents/research/third_article/analyze_bracketing/results/cuVSLAM/yoda_bridge_16fps_4_1969_12_31-19_52_42_region0_occ1.txt
[23/91] yoda_bridge_16fps_5_1969_12_31-19_53_59_region0_occ0 ...
  done in 8.2s -> /home/alien/Documents/research/third_article/analyze_bracketing/results/cuVSLAM/yoda_bridge_16fps_5_1969_12_31-19_53_59_region0_occ0.txt
[24/91] yoda_bridge_16fps_5_1969_12_31-19_53_59_region0_occ1 ...
  done in 8.2s -> /home/alien/Documents/research/third_article/analyze_bracketing/results/cuVSLAM/yoda_bridge_16fps_5_1969_12_31-19_53_59_region0_occ1.txt
[25/91] yoda_bridge_16fps_ae_1_1969_12_31-19_56_37_region0_occ0 ...
  done in 7.9s -> /home/alien/Documents/research/third_article/analyze_bracketing/results/cuVSLAM/yoda_bridge_16fps_ae_1_1969_12_31-19_56_37_region0_occ0.txt
[26/91] yoda_bridge_16fps_ae_1_1969_12_31-19_56_37_region0_occ1 ...
  done in 8.4s -> /home/alien/Documents/research/third_article/analyze_bracketing/results/cuVSLAM/yoda_bridge_16fps_ae_1_1969_12_31-19_56_37_region0_occ1.txt
[27/91] yoda_bridge_16fps_ae_2_1969_12_31-19_58_12_region0_occ0 ...
  done in 8.4s -> /home/alien/Documents/research/third_article/analyze_bracketing/results/cuVSLAM/yoda_bridge_16fps_ae_2_1969_12_31-19_58_12_region0_occ0.txt
[28/91] yoda_bridge_16fps_ae_3_1969_12_31-20_00_47_region0_occ0 ...
  done in 8.2s -> /home/alien/Documents/research/third_article/analyze_bracketing/results/cuVSLAM/yoda_bridge_16fps_ae_3_1969_12_31-20_00_47_region0_occ0.txt
[29/91] yoda_bridge_16fps_ae_3_1969_12_31-20_00_47_region0_occ1 ...
  done in 7.9s -> /home/alien/Documents/research/third_article/analyze_bracketing/results/cuVSLAM/yoda_bridge_16fps_ae_3_1969_12_31-20_00_47_region0_occ1.txt
[30/91] yoda_bridge_16fps_ae_4_1969_12_31-20_02_27_region0_occ0 ...
  done in 8.7s -> /home/alien/Documents/research/third_article/analyze_bracketing/results/cuVSLAM/yoda_bridge_16fps_ae_4_1969_12_31-20_02_27_region0_occ0.txt
[31/91] yoda_bridge_16fps_ae_4_1969_12_31-20_02_27_region0_occ1 ...
  done in 8.6s -> /home/alien/Documents/research/third_article/analyze_bracketing/results/cuVSLAM/yoda_bridge_16fps_ae_4_1969_12_31-20_02_27_region0_occ1.txt
[32/91] yoda_bridge_16fps_ae_5_1969_12_31-20_03_49_region0_occ0 ...
  done in 8.6s -> /home/alien/Documents/research/third_article/analyze_bracketing/results/cuVSLAM/yoda_bridge_16fps_ae_5_1969_12_31-20_03_49_region0_occ0.txt
[33/91] yoda_bridge_16fps_ae_5_1969_12_31-20_03_49_region0_occ1 ...
  done in 8.3s -> /home/alien/Documents/research/third_article/analyze_bracketing/results/cuVSLAM/yoda_bridge_16fps_ae_5_1969_12_31-20_03_49_region0_occ1.txt
[34/91] yoda_bridge_2_1969_12_31-20_06_13_region0_occ0 ...
  done in 13.5s -> /home/alien/Documents/research/third_article/analyze_bracketing/results/cuVSLAM/yoda_bridge_2_1969_12_31-20_06_13_region0_occ0.txt
[35/91] yoda_bridge_2_1969_12_31-20_06_13_region0_occ1 ...
  done in 12.2s -> /home/alien/Documents/research/third_article/analyze_bracketing/results/cuVSLAM/yoda_bridge_2_1969_12_31-20_06_13_region0_occ1.txt
[36/91] yoda_bridge_3_1969_12_31-20_07_34_region0_occ0 ...
  done in 13.7s -> /home/alien/Documents/research/third_article/analyze_bracketing/results/cuVSLAM/yoda_bridge_3_1969_12_31-20_07_34_region0_occ0.txt
[37/91] yoda_bridge_3_1969_12_31-20_07_34_region0_occ1 ...
  done in 12.4s -> /home/alien/Documents/research/third_article/analyze_bracketing/results/cuVSLAM/yoda_bridge_3_1969_12_31-20_07_34_region0_occ1.txt
[38/91] yoda_bridge_4_1969_12_31-20_09_17_region0_occ0 ...
  done in 13.1s -> /home/alien/Documents/research/third_article/analyze_bracketing/results/cuVSLAM/yoda_bridge_4_1969_12_31-20_09_17_region0_occ0.txt
[39/91] yoda_bridge_4_1969_12_31-20_09_17_region0_occ1 ...
  done in 13.3s -> /home/alien/Documents/research/third_article/analyze_bracketing/results/cuVSLAM/yoda_bridge_4_1969_12_31-20_09_17_region0_occ1.txt
[40/91] yoda_bridge_4fps_1_1969_12_31-19_08_37_region0_occ0 ...
  done in 3.0s -> /home/alien/Documents/research/third_article/analyze_bracketing/results/cuVSLAM/yoda_bridge_4fps_1_1969_12_31-19_08_37_region0_occ0.txt
[41/91] yoda_bridge_4fps_1_1969_12_31-19_08_37_region0_occ1 ...
  done in 2.8s -> /home/alien/Documents/research/third_article/analyze_bracketing/results/cuVSLAM/yoda_bridge_4fps_1_1969_12_31-19_08_37_region0_occ1.txt
[42/91] yoda_bridge_4fps_2_1969_12_31-19_09_57_region0_occ0 ...
  done in 2.8s -> /home/alien/Documents/research/third_article/analyze_bracketing/results/cuVSLAM/yoda_bridge_4fps_2_1969_12_31-19_09_57_region0_occ0.txt
[43/91] yoda_bridge_4fps_2_1969_12_31-19_09_57_region0_occ1 ...
  done in 2.8s -> /home/alien/Documents/research/third_article/analyze_bracketing/results/cuVSLAM/yoda_bridge_4fps_2_1969_12_31-19_09_57_region0_occ1.txt
[44/91] yoda_bridge_4fps_3_1969_12_31-19_11_14_region0_occ0 ...
  done in 2.9s -> /home/alien/Documents/research/third_article/analyze_bracketing/results/cuVSLAM/yoda_bridge_4fps_3_1969_12_31-19_11_14_region0_occ0.txt
[45/91] yoda_bridge_4fps_3_1969_12_31-19_11_14_region0_occ1 ...
  done in 2.8s -> /home/alien/Documents/research/third_article/analyze_bracketing/results/cuVSLAM/yoda_bridge_4fps_3_1969_12_31-19_11_14_region0_occ1.txt
[46/91] yoda_bridge_4fps_4_1969_12_31-19_12_32_region0_occ0 ...
  done in 2.6s -> /home/alien/Documents/research/third_article/analyze_bracketing/results/cuVSLAM/yoda_bridge_4fps_4_1969_12_31-19_12_32_region0_occ0.txt
[47/91] yoda_bridge_4fps_4_1969_12_31-19_12_32_region0_occ1 ...
  done in 2.8s -> /home/alien/Documents/research/third_article/analyze_bracketing/results/cuVSLAM/yoda_bridge_4fps_4_1969_12_31-19_12_32_region0_occ1.txt
[48/91] yoda_bridge_4fps_5_1969_12_31-19_13_59_region0_occ0 ...
  done in 2.5s -> /home/alien/Documents/research/third_article/analyze_bracketing/results/cuVSLAM/yoda_bridge_4fps_5_1969_12_31-19_13_59_region0_occ0.txt
[49/91] yoda_bridge_4fps_5_1969_12_31-19_13_59_region0_occ1 ...
  done in 3.1s -> /home/alien/Documents/research/third_article/analyze_bracketing/results/cuVSLAM/yoda_bridge_4fps_5_1969_12_31-19_13_59_region0_occ1.txt
[50/91] yoda_bridge_4fps_ae_1_1969_12_31-19_17_28_region0_occ0 ...
  done in 2.7s -> /home/alien/Documents/research/third_article/analyze_bracketing/results/cuVSLAM/yoda_bridge_4fps_ae_1_1969_12_31-19_17_28_region0_occ0.txt
[51/91] yoda_bridge_4fps_ae_1_1969_12_31-19_17_28_region0_occ1 ...
  done in 2.7s -> /home/alien/Documents/research/third_article/analyze_bracketing/results/cuVSLAM/yoda_bridge_4fps_ae_1_1969_12_31-19_17_28_region0_occ1.txt
[52/91] yoda_bridge_4fps_ae_2_1969_12_31-19_18_54_region0_occ0 ...
  done in 2.7s -> /home/alien/Documents/research/third_article/analyze_bracketing/results/cuVSLAM/yoda_bridge_4fps_ae_2_1969_12_31-19_18_54_region0_occ0.txt
[53/91] yoda_bridge_4fps_ae_2_1969_12_31-19_18_54_region0_occ1 ...
  done in 2.9s -> /home/alien/Documents/research/third_article/analyze_bracketing/results/cuVSLAM/yoda_bridge_4fps_ae_2_1969_12_31-19_18_54_region0_occ1.txt
[54/91] yoda_bridge_4fps_ae_3_1969_12_31-19_20_11_region0_occ0 ...
  done in 2.5s -> /home/alien/Documents/research/third_article/analyze_bracketing/results/cuVSLAM/yoda_bridge_4fps_ae_3_1969_12_31-19_20_11_region0_occ0.txt
[55/91] yoda_bridge_4fps_ae_3_1969_12_31-19_20_11_region0_occ1 ...
  done in 2.9s -> /home/alien/Documents/research/third_article/analyze_bracketing/results/cuVSLAM/yoda_bridge_4fps_ae_3_1969_12_31-19_20_11_region0_occ1.txt
[56/91] yoda_bridge_4fps_ae_4_1969_12_31-19_21_41_region0_occ0 ...
  done in 2.7s -> /home/alien/Documents/research/third_article/analyze_bracketing/results/cuVSLAM/yoda_bridge_4fps_ae_4_1969_12_31-19_21_41_region0_occ0.txt
[57/91] yoda_bridge_4fps_ae_4_1969_12_31-19_21_41_region0_occ1 ...
  done in 2.8s -> /home/alien/Documents/research/third_article/analyze_bracketing/results/cuVSLAM/yoda_bridge_4fps_ae_4_1969_12_31-19_21_41_region0_occ1.txt
[58/91] yoda_bridge_4fps_ae_5_1969_12_31-19_22_55_region0_occ0 ...
  done in 2.9s -> /home/alien/Documents/research/third_article/analyze_bracketing/results/cuVSLAM/yoda_bridge_4fps_ae_5_1969_12_31-19_22_55_region0_occ0.txt
[59/91] yoda_bridge_4fps_ae_5_1969_12_31-19_22_55_region0_occ1 ...
  done in 2.7s -> /home/alien/Documents/research/third_article/analyze_bracketing/results/cuVSLAM/yoda_bridge_4fps_ae_5_1969_12_31-19_22_55_region0_occ1.txt
[60/91] yoda_bridge_5_1969_12_31-20_10_31_region0_occ0 ...
  done in 12.8s -> /home/alien/Documents/research/third_article/analyze_bracketing/results/cuVSLAM/yoda_bridge_5_1969_12_31-20_10_31_region0_occ0.txt
[61/91] yoda_bridge_5_1969_12_31-20_10_31_region0_occ1 ...
  done in 13.9s -> /home/alien/Documents/research/third_article/analyze_bracketing/results/cuVSLAM/yoda_bridge_5_1969_12_31-20_10_31_region0_occ1.txt
[62/91] yoda_bridge_8fps_1_1969_12_31-19_36_06_region0_occ0 ...
  done in 5.0s -> /home/alien/Documents/research/third_article/analyze_bracketing/results/cuVSLAM/yoda_bridge_8fps_1_1969_12_31-19_36_06_region0_occ0.txt
[63/91] yoda_bridge_8fps_1_1969_12_31-19_36_06_region0_occ1 ...
  done in 4.9s -> /home/alien/Documents/research/third_article/analyze_bracketing/results/cuVSLAM/yoda_bridge_8fps_1_1969_12_31-19_36_06_region0_occ1.txt
[64/91] yoda_bridge_8fps_2_1969_12_31-19_37_25_region0_occ0 ...
  done in 5.2s -> /home/alien/Documents/research/third_article/analyze_bracketing/results/cuVSLAM/yoda_bridge_8fps_2_1969_12_31-19_37_25_region0_occ0.txt
[65/91] yoda_bridge_8fps_2_1969_12_31-19_37_25_region0_occ1 ...
  done in 5.2s -> /home/alien/Documents/research/third_article/analyze_bracketing/results/cuVSLAM/yoda_bridge_8fps_2_1969_12_31-19_37_25_region0_occ1.txt
[66/91] yoda_bridge_8fps_3_1969_12_31-19_38_42_region0_occ0 ...
  done in 4.9s -> /home/alien/Documents/research/third_article/analyze_bracketing/results/cuVSLAM/yoda_bridge_8fps_3_1969_12_31-19_38_42_region0_occ0.txt
[67/91] yoda_bridge_8fps_3_1969_12_31-19_38_42_region0_occ1 ...
  done in 5.1s -> /home/alien/Documents/research/third_article/analyze_bracketing/results/cuVSLAM/yoda_bridge_8fps_3_1969_12_31-19_38_42_region0_occ1.txt
[68/91] yoda_bridge_8fps_4_1969_12_31-19_40_20_region0_occ0 ...
  done in 5.0s -> /home/alien/Documents/research/third_article/analyze_bracketing/results/cuVSLAM/yoda_bridge_8fps_4_1969_12_31-19_40_20_region0_occ0.txt
[69/91] yoda_bridge_8fps_4_1969_12_31-19_40_20_region0_occ1 ...
  done in 5.0s -> /home/alien/Documents/research/third_article/analyze_bracketing/results/cuVSLAM/yoda_bridge_8fps_4_1969_12_31-19_40_20_region0_occ1.txt
[70/91] yoda_bridge_8fps_5_1969_12_31-19_41_42_region0_occ0 ...
  done in 5.0s -> /home/alien/Documents/research/third_article/analyze_bracketing/results/cuVSLAM/yoda_bridge_8fps_5_1969_12_31-19_41_42_region0_occ0.txt
[71/91] yoda_bridge_8fps_5_1969_12_31-19_41_42_region0_occ1 ...
  done in 4.8s -> /home/alien/Documents/research/third_article/analyze_bracketing/results/cuVSLAM/yoda_bridge_8fps_5_1969_12_31-19_41_42_region0_occ1.txt
[72/91] yoda_bridge_8fps_ae_1_1969_12_31-19_27_44_region0_occ0 ...
  done in 4.6s -> /home/alien/Documents/research/third_article/analyze_bracketing/results/cuVSLAM/yoda_bridge_8fps_ae_1_1969_12_31-19_27_44_region0_occ0.txt
[73/91] yoda_bridge_8fps_ae_1_1969_12_31-19_27_44_region0_occ1 ...
  done in 4.3s -> /home/alien/Documents/research/third_article/analyze_bracketing/results/cuVSLAM/yoda_bridge_8fps_ae_1_1969_12_31-19_27_44_region0_occ1.txt
[74/91] yoda_bridge_8fps_ae_2_1969_12_31-19_29_42_region0_occ0 ...
  done in 4.7s -> /home/alien/Documents/research/third_article/analyze_bracketing/results/cuVSLAM/yoda_bridge_8fps_ae_2_1969_12_31-19_29_42_region0_occ0.txt
[75/91] yoda_bridge_8fps_ae_2_1969_12_31-19_29_42_region0_occ1 ...
  done in 4.9s -> /home/alien/Documents/research/third_article/analyze_bracketing/results/cuVSLAM/yoda_bridge_8fps_ae_2_1969_12_31-19_29_42_region0_occ1.txt
[76/91] yoda_bridge_8fps_ae_3_1969_12_31-19_30_57_region0_occ0 ...
  done in 4.8s -> /home/alien/Documents/research/third_article/analyze_bracketing/results/cuVSLAM/yoda_bridge_8fps_ae_3_1969_12_31-19_30_57_region0_occ0.txt
[77/91] yoda_bridge_8fps_ae_3_1969_12_31-19_30_57_region0_occ1 ...
  done in 5.0s -> /home/alien/Documents/research/third_article/analyze_bracketing/results/cuVSLAM/yoda_bridge_8fps_ae_3_1969_12_31-19_30_57_region0_occ1.txt
[78/91] yoda_bridge_8fps_ae_4_1969_12_31-19_32_11_region0_occ0 ...
  done in 4.7s -> /home/alien/Documents/research/third_article/analyze_bracketing/results/cuVSLAM/yoda_bridge_8fps_ae_4_1969_12_31-19_32_11_region0_occ0.txt
[79/91] yoda_bridge_8fps_ae_4_1969_12_31-19_32_11_region0_occ1 ...
  done in 4.7s -> /home/alien/Documents/research/third_article/analyze_bracketing/results/cuVSLAM/yoda_bridge_8fps_ae_4_1969_12_31-19_32_11_region0_occ1.txt
[80/91] yoda_bridge_8fps_ae_5_1969_12_31-19_33_43_region0_occ0 ...
  done in 5.1s -> /home/alien/Documents/research/third_article/analyze_bracketing/results/cuVSLAM/yoda_bridge_8fps_ae_5_1969_12_31-19_33_43_region0_occ0.txt
[81/91] yoda_bridge_8fps_ae_5_1969_12_31-19_33_43_region0_occ1 ...
  done in 4.9s -> /home/alien/Documents/research/third_article/analyze_bracketing/results/cuVSLAM/yoda_bridge_8fps_ae_5_1969_12_31-19_33_43_region0_occ1.txt
[82/91] yoda_fixedev_1_1969_12_31-19_52_57_region0_occ0 ...
  done in 14.1s -> /home/alien/Documents/research/third_article/analyze_bracketing/results/cuVSLAM/yoda_fixedev_1_1969_12_31-19_52_57_region0_occ0.txt
[83/91] yoda_fixedev_1_1969_12_31-19_52_57_region0_occ1 ...
  done in 15.9s -> /home/alien/Documents/research/third_article/analyze_bracketing/results/cuVSLAM/yoda_fixedev_1_1969_12_31-19_52_57_region0_occ1.txt
[84/91] yoda_fixedev_2_1969_12_31-19_56_09_region0_occ0 ...
  done in 13.2s -> /home/alien/Documents/research/third_article/analyze_bracketing/results/cuVSLAM/yoda_fixedev_2_1969_12_31-19_56_09_region0_occ0.txt
[85/91] yoda_fixedev_2_1969_12_31-19_56_09_region0_occ1 ...
  done in 15.3s -> /home/alien/Documents/research/third_article/analyze_bracketing/results/cuVSLAM/yoda_fixedev_2_1969_12_31-19_56_09_region0_occ1.txt
[86/91] yoda_fixedev_3_1969_12_31-19_57_32_region0_occ0 ...
  done in 13.4s -> /home/alien/Documents/research/third_article/analyze_bracketing/results/cuVSLAM/yoda_fixedev_3_1969_12_31-19_57_32_region0_occ0.txt
[87/91] yoda_fixedev_3_1969_12_31-19_57_32_region0_occ1 ...
  done in 14.4s -> /home/alien/Documents/research/third_article/analyze_bracketing/results/cuVSLAM/yoda_fixedev_3_1969_12_31-19_57_32_region0_occ1.txt
[88/91] yoda_fixedev_4_1969_12_31-19_58_51_region0_occ0 ...
  done in 13.4s -> /home/alien/Documents/research/third_article/analyze_bracketing/results/cuVSLAM/yoda_fixedev_4_1969_12_31-19_58_51_region0_occ0.txt
[89/91] yoda_fixedev_4_1969_12_31-19_58_51_region0_occ1 ...
  done in 14.7s -> /home/alien/Documents/research/third_article/analyze_bracketing/results/cuVSLAM/yoda_fixedev_4_1969_12_31-19_58_51_region0_occ1.txt
[90/91] yoda_fixedev_5_1969_12_31-20_00_15_region0_occ0 ...
  done in 15.4s -> /home/alien/Documents/research/third_article/analyze_bracketing/results/cuVSLAM/yoda_fixedev_5_1969_12_31-20_00_15_region0_occ0.txt
[91/91] yoda_fixedev_5_1969_12_31-20_00_15_region0_occ1 ...
  done in 15.6s -> /home/alien/Documents/research/third_article/analyze_bracketing/results/cuVSLAM/yoda_fixedev_5_1969_12_31-20_00_15_region0_occ1.txt

91/91 succeeded
