Running airslam on 91 trajectories -> /home/alien/Documents/research/third_article/analyze_bracketing/results/AirSLAM
[1/91] yoda_bridge_16fps_1_1969_12_31-19_47_59_region0_occ0 ...
  done in 29.2s -> /home/alien/Documents/research/third_article/analyze_bracketing/results/AirSLAM/yoda_bridge_16fps_1_1969_12_31-19_47_59_region0_occ0.txt
[2/91] yoda_bridge_16fps_ae_1_1969_12_31-19_56_37_region0_occ0 ...
  done in 28.9s -> /home/alien/Documents/research/third_article/analyze_bracketing/results/AirSLAM/yoda_bridge_16fps_ae_1_1969_12_31-19_56_37_region0_occ0.txt
[3/91] yoda_bridge_0fps_ae_1_1969_12_31-19_04_09_region0_occ0 ...
  done in 49.6s -> /home/alien/Documents/research/third_article/analyze_bracketing/results/AirSLAM/yoda_bridge_0fps_ae_1_1969_12_31-19_04_09_region0_occ0.txt
[4/91] yoda_bridge_0fps_ae_1_1969_12_31-19_04_09_region0_occ1 ...
  done in 47.3s -> /home/alien/Documents/research/third_article/analyze_bracketing/results/AirSLAM/yoda_bridge_0fps_ae_1_1969_12_31-19_04_09_region0_occ1.txt
[5/91] yoda_bridge_0fps_ae_2_1969_12_31-19_05_53_region0_occ0 ...
  done in 48.7s -> /home/alien/Documents/research/third_article/analyze_bracketing/results/AirSLAM/yoda_bridge_0fps_ae_2_1969_12_31-19_05_53_region0_occ0.txt
[6/91] yoda_bridge_0fps_ae_2_1969_12_31-19_05_53_region0_occ1 ...
  done in 58.2s -> /home/alien/Documents/research/third_article/analyze_bracketing/results/AirSLAM/yoda_bridge_0fps_ae_2_1969_12_31-19_05_53_region0_occ1.txt
[7/91] yoda_bridge_0fps_ae_3_1969_12_31-19_07_55_region0_occ0 ...
  done in 49.6s -> /home/alien/Documents/research/third_article/analyze_bracketing/results/AirSLAM/yoda_bridge_0fps_ae_3_1969_12_31-19_07_55_region0_occ0.txt
[8/91] yoda_bridge_0fps_ae_3_1969_12_31-19_07_55_region0_occ1 ...
  done in 42.7s -> /home/alien/Documents/research/third_article/analyze_bracketing/results/AirSLAM/yoda_bridge_0fps_ae_3_1969_12_31-19_07_55_region0_occ1.txt
[9/91] yoda_bridge_0fps_ae_4_1969_12_31-19_09_13_region0_occ0 ...
  done in 47.4s -> /home/alien/Documents/research/third_article/analyze_bracketing/results/AirSLAM/yoda_bridge_0fps_ae_4_1969_12_31-19_09_13_region0_occ0.txt
[10/91] yoda_bridge_0fps_ae_4_1969_12_31-19_09_13_region0_occ1 ...
  done in 39.9s -> /home/alien/Documents/research/third_article/analyze_bracketing/results/AirSLAM/yoda_bridge_0fps_ae_4_1969_12_31-19_09_13_region0_occ1.txt
[11/91] yoda_bridge_0fps_ae_5_1969_12_31-19_10_30_region0_occ0 ...
  done in 57.2s -> /home/alien/Documents/research/third_article/analyze_bracketing/results/AirSLAM/yoda_bridge_0fps_ae_5_1969_12_31-19_10_30_region0_occ0.txt
[12/91] yoda_bridge_0fps_ae_5_1969_12_31-19_10_30_region0_occ1 ...
  done in 41.0s -> /home/alien/Documents/research/third_article/analyze_bracketing/results/AirSLAM/yoda_bridge_0fps_ae_5_1969_12_31-19_10_30_region0_occ1.txt
[13/91] yoda_bridge_1_1969_12_31-20_04_19_region0_occ0 ...
  done in 45.4s -> /home/alien/Documents/research/third_article/analyze_bracketing/results/AirSLAM/yoda_bridge_1_1969_12_31-20_04_19_region0_occ0.txt
[14/91] yoda_bridge_1_1969_12_31-20_04_19_region0_occ1 ...
  done in 28.5s -> /home/alien/Documents/research/third_article/analyze_bracketing/results/AirSLAM/yoda_bridge_1_1969_12_31-20_04_19_region0_occ1.txt
[15/91] yoda_bridge_16fps_1_1969_12_31-19_47_59_region0_occ0 ...
  done in 28.8s -> /home/alien/Documents/research/third_article/analyze_bracketing/results/AirSLAM/yoda_bridge_16fps_1_1969_12_31-19_47_59_region0_occ0.txt
[16/91] yoda_bridge_16fps_1_1969_12_31-19_47_59_region0_occ1 ...
  done in 28.8s -> /home/alien/Documents/research/third_article/analyze_bracketing/results/AirSLAM/yoda_bridge_16fps_1_1969_12_31-19_47_59_region0_occ1.txt
[17/91] yoda_bridge_16fps_2_1969_12_31-19_49_44_region0_occ0 ...
  done in 32.7s -> /home/alien/Documents/research/third_article/analyze_bracketing/results/AirSLAM/yoda_bridge_16fps_2_1969_12_31-19_49_44_region0_occ0.txt
[18/91] yoda_bridge_16fps_2_1969_12_31-19_49_44_region0_occ1 ...
  done in 26.3s -> /home/alien/Documents/research/third_article/analyze_bracketing/results/AirSLAM/yoda_bridge_16fps_2_1969_12_31-19_49_44_region0_occ1.txt
[19/91] yoda_bridge_16fps_3_1969_12_31-19_51_17_region0_occ0 ...
  done in 28.9s -> /home/alien/Documents/research/third_article/analyze_bracketing/results/AirSLAM/yoda_bridge_16fps_3_1969_12_31-19_51_17_region0_occ0.txt
[20/91] yoda_bridge_16fps_3_1969_12_31-19_51_17_region0_occ1 ...
  done in 27.3s -> /home/alien/Documents/research/third_article/analyze_bracketing/results/AirSLAM/yoda_bridge_16fps_3_1969_12_31-19_51_17_region0_occ1.txt
[21/91] yoda_bridge_16fps_4_1969_12_31-19_52_42_region0_occ0 ...
  done in 30.1s -> /home/alien/Documents/research/third_article/analyze_bracketing/results/AirSLAM/yoda_bridge_16fps_4_1969_12_31-19_52_42_region0_occ0.txt
[22/91] yoda_bridge_16fps_4_1969_12_31-19_52_42_region0_occ1 ...
  done in 28.9s -> /home/alien/Documents/research/third_article/analyze_bracketing/results/AirSLAM/yoda_bridge_16fps_4_1969_12_31-19_52_42_region0_occ1.txt
[23/91] yoda_bridge_16fps_5_1969_12_31-19_53_59_region0_occ0 ...
  done in 34.3s -> /home/alien/Documents/research/third_article/analyze_bracketing/results/AirSLAM/yoda_bridge_16fps_5_1969_12_31-19_53_59_region0_occ0.txt
[24/91] yoda_bridge_16fps_5_1969_12_31-19_53_59_region0_occ1 ...
  done in 28.5s -> /home/alien/Documents/research/third_article/analyze_bracketing/results/AirSLAM/yoda_bridge_16fps_5_1969_12_31-19_53_59_region0_occ1.txt
[25/91] yoda_bridge_16fps_ae_1_1969_12_31-19_56_37_region0_occ0 ...
  done in 26.6s -> /home/alien/Documents/research/third_article/analyze_bracketing/results/AirSLAM/yoda_bridge_16fps_ae_1_1969_12_31-19_56_37_region0_occ0.txt
[26/91] yoda_bridge_16fps_ae_1_1969_12_31-19_56_37_region0_occ1 ...
  done in 28.1s -> /home/alien/Documents/research/third_article/analyze_bracketing/results/AirSLAM/yoda_bridge_16fps_ae_1_1969_12_31-19_56_37_region0_occ1.txt
[27/91] yoda_bridge_16fps_ae_2_1969_12_31-19_58_12_region0_occ0 ...
  done in 31.6s -> /home/alien/Documents/research/third_article/analyze_bracketing/results/AirSLAM/yoda_bridge_16fps_ae_2_1969_12_31-19_58_12_region0_occ0.txt
[28/91] yoda_bridge_16fps_ae_3_1969_12_31-20_00_47_region0_occ0 ...
  done in 29.7s -> /home/alien/Documents/research/third_article/analyze_bracketing/results/AirSLAM/yoda_bridge_16fps_ae_3_1969_12_31-20_00_47_region0_occ0.txt
[29/91] yoda_bridge_16fps_ae_3_1969_12_31-20_00_47_region0_occ1 ...
  done in 26.8s -> /home/alien/Documents/research/third_article/analyze_bracketing/results/AirSLAM/yoda_bridge_16fps_ae_3_1969_12_31-20_00_47_region0_occ1.txt
[30/91] yoda_bridge_16fps_ae_4_1969_12_31-20_02_27_region0_occ0 ...
  done in 36.3s -> /home/alien/Documents/research/third_article/analyze_bracketing/results/AirSLAM/yoda_bridge_16fps_ae_4_1969_12_31-20_02_27_region0_occ0.txt
[31/91] yoda_bridge_16fps_ae_4_1969_12_31-20_02_27_region0_occ1 ...
  done in 27.4s -> /home/alien/Documents/research/third_article/analyze_bracketing/results/AirSLAM/yoda_bridge_16fps_ae_4_1969_12_31-20_02_27_region0_occ1.txt
[32/91] yoda_bridge_16fps_ae_5_1969_12_31-20_03_49_region0_occ0 ...
  done in 29.8s -> /home/alien/Documents/research/third_article/analyze_bracketing/results/AirSLAM/yoda_bridge_16fps_ae_5_1969_12_31-20_03_49_region0_occ0.txt
[33/91] yoda_bridge_16fps_ae_5_1969_12_31-20_03_49_region0_occ1 ...
  done in 26.0s -> /home/alien/Documents/research/third_article/analyze_bracketing/results/AirSLAM/yoda_bridge_16fps_ae_5_1969_12_31-20_03_49_region0_occ1.txt
[34/91] yoda_bridge_2_1969_12_31-20_06_13_region0_occ0 ...
  done in 43.1s -> /home/alien/Documents/research/third_article/analyze_bracketing/results/AirSLAM/yoda_bridge_2_1969_12_31-20_06_13_region0_occ0.txt
[35/91] yoda_bridge_2_1969_12_31-20_06_13_region0_occ1 ...
  done in 36.7s -> /home/alien/Documents/research/third_article/analyze_bracketing/results/AirSLAM/yoda_bridge_2_1969_12_31-20_06_13_region0_occ1.txt
[36/91] yoda_bridge_3_1969_12_31-20_07_34_region0_occ0 ...
  done in 40.6s -> /home/alien/Documents/research/third_article/analyze_bracketing/results/AirSLAM/yoda_bridge_3_1969_12_31-20_07_34_region0_occ0.txt
[37/91] yoda_bridge_3_1969_12_31-20_07_34_region0_occ1 ...
  done in 42.1s -> /home/alien/Documents/research/third_article/analyze_bracketing/results/AirSLAM/yoda_bridge_3_1969_12_31-20_07_34_region0_occ1.txt
[38/91] yoda_bridge_4_1969_12_31-20_09_17_region0_occ0 ...
  done in 52.1s -> /home/alien/Documents/research/third_article/analyze_bracketing/results/AirSLAM/yoda_bridge_4_1969_12_31-20_09_17_region0_occ0.txt
[39/91] yoda_bridge_4_1969_12_31-20_09_17_region0_occ1 ...
  done in 42.0s -> /home/alien/Documents/research/third_article/analyze_bracketing/results/AirSLAM/yoda_bridge_4_1969_12_31-20_09_17_region0_occ1.txt
[40/91] yoda_bridge_4fps_1_1969_12_31-19_08_37_region0_occ0 ...
  done in 9.8s -> /home/alien/Documents/research/third_article/analyze_bracketing/results/AirSLAM/yoda_bridge_4fps_1_1969_12_31-19_08_37_region0_occ0.txt
[41/91] yoda_bridge_4fps_1_1969_12_31-19_08_37_region0_occ1 ...
  done in 10.7s -> /home/alien/Documents/research/third_article/analyze_bracketing/results/AirSLAM/yoda_bridge_4fps_1_1969_12_31-19_08_37_region0_occ1.txt
[42/91] yoda_bridge_4fps_2_1969_12_31-19_09_57_region0_occ0 ...
  done in 12.4s -> /home/alien/Documents/research/third_article/analyze_bracketing/results/AirSLAM/yoda_bridge_4fps_2_1969_12_31-19_09_57_region0_occ0.txt
[43/91] yoda_bridge_4fps_2_1969_12_31-19_09_57_region0_occ1 ...
  done in 9.5s -> /home/alien/Documents/research/third_article/analyze_bracketing/results/AirSLAM/yoda_bridge_4fps_2_1969_12_31-19_09_57_region0_occ1.txt
[44/91] yoda_bridge_4fps_3_1969_12_31-19_11_14_region0_occ0 ...
  done in 9.5s -> /home/alien/Documents/research/third_article/analyze_bracketing/results/AirSLAM/yoda_bridge_4fps_3_1969_12_31-19_11_14_region0_occ0.txt
[45/91] yoda_bridge_4fps_3_1969_12_31-19_11_14_region0_occ1 ...
  done in 11.0s -> /home/alien/Documents/research/third_article/analyze_bracketing/results/AirSLAM/yoda_bridge_4fps_3_1969_12_31-19_11_14_region0_occ1.txt
[46/91] yoda_bridge_4fps_4_1969_12_31-19_12_32_region0_occ0 ...
  done in 10.8s -> /home/alien/Documents/research/third_article/analyze_bracketing/results/AirSLAM/yoda_bridge_4fps_4_1969_12_31-19_12_32_region0_occ0.txt
[47/91] yoda_bridge_4fps_4_1969_12_31-19_12_32_region0_occ1 ...
  done in 9.0s -> /home/alien/Documents/research/third_article/analyze_bracketing/results/AirSLAM/yoda_bridge_4fps_4_1969_12_31-19_12_32_region0_occ1.txt
[48/91] yoda_bridge_4fps_5_1969_12_31-19_13_59_region0_occ0 ...
  done in 8.9s -> /home/alien/Documents/research/third_article/analyze_bracketing/results/AirSLAM/yoda_bridge_4fps_5_1969_12_31-19_13_59_region0_occ0.txt
[49/91] yoda_bridge_4fps_5_1969_12_31-19_13_59_region0_occ1 ...
  done in 11.5s -> /home/alien/Documents/research/third_article/analyze_bracketing/results/AirSLAM/yoda_bridge_4fps_5_1969_12_31-19_13_59_region0_occ1.txt
[50/91] yoda_bridge_4fps_ae_1_1969_12_31-19_17_28_region0_occ0 ...
  done in 9.6s -> /home/alien/Documents/research/third_article/analyze_bracketing/results/AirSLAM/yoda_bridge_4fps_ae_1_1969_12_31-19_17_28_region0_occ0.txt
[51/91] yoda_bridge_4fps_ae_1_1969_12_31-19_17_28_region0_occ1 ...
  done in 10.4s -> /home/alien/Documents/research/third_article/analyze_bracketing/results/AirSLAM/yoda_bridge_4fps_ae_1_1969_12_31-19_17_28_region0_occ1.txt
[52/91] yoda_bridge_4fps_ae_2_1969_12_31-19_18_54_region0_occ0 ...
  done in 11.0s -> /home/alien/Documents/research/third_article/analyze_bracketing/results/AirSLAM/yoda_bridge_4fps_ae_2_1969_12_31-19_18_54_region0_occ0.txt
[53/91] yoda_bridge_4fps_ae_2_1969_12_31-19_18_54_region0_occ1 ...
  done in 10.7s -> /home/alien/Documents/research/third_article/analyze_bracketing/results/AirSLAM/yoda_bridge_4fps_ae_2_1969_12_31-19_18_54_region0_occ1.txt
[54/91] yoda_bridge_4fps_ae_3_1969_12_31-19_20_11_region0_occ0 ...
  done in 10.7s -> /home/alien/Documents/research/third_article/analyze_bracketing/results/AirSLAM/yoda_bridge_4fps_ae_3_1969_12_31-19_20_11_region0_occ0.txt
[55/91] yoda_bridge_4fps_ae_3_1969_12_31-19_20_11_region0_occ1 ...
  done in 10.7s -> /home/alien/Documents/research/third_article/analyze_bracketing/results/AirSLAM/yoda_bridge_4fps_ae_3_1969_12_31-19_20_11_region0_occ1.txt
[56/91] yoda_bridge_4fps_ae_4_1969_12_31-19_21_41_region0_occ0 ...
  done in 11.7s -> /home/alien/Documents/research/third_article/analyze_bracketing/results/AirSLAM/yoda_bridge_4fps_ae_4_1969_12_31-19_21_41_region0_occ0.txt
[57/91] yoda_bridge_4fps_ae_4_1969_12_31-19_21_41_region0_occ1 ...
  done in 11.3s -> /home/alien/Documents/research/third_article/analyze_bracketing/results/AirSLAM/yoda_bridge_4fps_ae_4_1969_12_31-19_21_41_region0_occ1.txt
[58/91] yoda_bridge_4fps_ae_5_1969_12_31-19_22_55_region0_occ0 ...
  done in 11.1s -> /home/alien/Documents/research/third_article/analyze_bracketing/results/AirSLAM/yoda_bridge_4fps_ae_5_1969_12_31-19_22_55_region0_occ0.txt
[59/91] yoda_bridge_4fps_ae_5_1969_12_31-19_22_55_region0_occ1 ...
  done in 11.0s -> /home/alien/Documents/research/third_article/analyze_bracketing/results/AirSLAM/yoda_bridge_4fps_ae_5_1969_12_31-19_22_55_region0_occ1.txt
[60/91] yoda_bridge_5_1969_12_31-20_10_31_region0_occ0 ...
  done in 44.5s -> /home/alien/Documents/research/third_article/analyze_bracketing/results/AirSLAM/yoda_bridge_5_1969_12_31-20_10_31_region0_occ0.txt
[61/91] yoda_bridge_5_1969_12_31-20_10_31_region0_occ1 ...
  done in 41.0s -> /home/alien/Documents/research/third_article/analyze_bracketing/results/AirSLAM/yoda_bridge_5_1969_12_31-20_10_31_region0_occ1.txt
[62/91] yoda_bridge_8fps_1_1969_12_31-19_36_06_region0_occ0 ...
  done in 16.8s -> /home/alien/Documents/research/third_article/analyze_bracketing/results/AirSLAM/yoda_bridge_8fps_1_1969_12_31-19_36_06_region0_occ0.txt
[63/91] yoda_bridge_8fps_1_1969_12_31-19_36_06_region0_occ1 ...
  done in 15.0s -> /home/alien/Documents/research/third_article/analyze_bracketing/results/AirSLAM/yoda_bridge_8fps_1_1969_12_31-19_36_06_region0_occ1.txt
[64/91] yoda_bridge_8fps_2_1969_12_31-19_37_25_region0_occ0 ...
  done in 17.3s -> /home/alien/Documents/research/third_article/analyze_bracketing/results/AirSLAM/yoda_bridge_8fps_2_1969_12_31-19_37_25_region0_occ0.txt
[65/91] yoda_bridge_8fps_2_1969_12_31-19_37_25_region0_occ1 ...
  done in 17.6s -> /home/alien/Documents/research/third_article/analyze_bracketing/results/AirSLAM/yoda_bridge_8fps_2_1969_12_31-19_37_25_region0_occ1.txt
[66/91] yoda_bridge_8fps_3_1969_12_31-19_38_42_region0_occ0 ...
  done in 17.5s -> /home/alien/Documents/research/third_article/analyze_bracketing/results/AirSLAM/yoda_bridge_8fps_3_1969_12_31-19_38_42_region0_occ0.txt
[67/91] yoda_bridge_8fps_3_1969_12_31-19_38_42_region0_occ1 ...
  done in 17.3s -> /home/alien/Documents/research/third_article/analyze_bracketing/results/AirSLAM/yoda_bridge_8fps_3_1969_12_31-19_38_42_region0_occ1.txt
[68/91] yoda_bridge_8fps_4_1969_12_31-19_40_20_region0_occ0 ...
  done in 16.6s -> /home/alien/Documents/research/third_article/analyze_bracketing/results/AirSLAM/yoda_bridge_8fps_4_1969_12_31-19_40_20_region0_occ0.txt
[69/91] yoda_bridge_8fps_4_1969_12_31-19_40_20_region0_occ1 ...
  done in 15.5s -> /home/alien/Documents/research/third_article/analyze_bracketing/results/AirSLAM/yoda_bridge_8fps_4_1969_12_31-19_40_20_region0_occ1.txt
[70/91] yoda_bridge_8fps_5_1969_12_31-19_41_42_region0_occ0 ...
  done in 17.2s -> /home/alien/Documents/research/third_article/analyze_bracketing/results/AirSLAM/yoda_bridge_8fps_5_1969_12_31-19_41_42_region0_occ0.txt
[71/91] yoda_bridge_8fps_5_1969_12_31-19_41_42_region0_occ1 ...
  done in 16.4s -> /home/alien/Documents/research/third_article/analyze_bracketing/results/AirSLAM/yoda_bridge_8fps_5_1969_12_31-19_41_42_region0_occ1.txt
[72/91] yoda_bridge_8fps_ae_1_1969_12_31-19_27_44_region0_occ0 ...
  done in 17.6s -> /home/alien/Documents/research/third_article/analyze_bracketing/results/AirSLAM/yoda_bridge_8fps_ae_1_1969_12_31-19_27_44_region0_occ0.txt
[73/91] yoda_bridge_8fps_ae_1_1969_12_31-19_27_44_region0_occ1 ...
  done in 15.8s -> /home/alien/Documents/research/third_article/analyze_bracketing/results/AirSLAM/yoda_bridge_8fps_ae_1_1969_12_31-19_27_44_region0_occ1.txt
[74/91] yoda_bridge_8fps_ae_2_1969_12_31-19_29_42_region0_occ0 ...
  done in 16.3s -> /home/alien/Documents/research/third_article/analyze_bracketing/results/AirSLAM/yoda_bridge_8fps_ae_2_1969_12_31-19_29_42_region0_occ0.txt
[75/91] yoda_bridge_8fps_ae_2_1969_12_31-19_29_42_region0_occ1 ...
  done in 14.9s -> /home/alien/Documents/research/third_article/analyze_bracketing/results/AirSLAM/yoda_bridge_8fps_ae_2_1969_12_31-19_29_42_region0_occ1.txt
[76/91] yoda_bridge_8fps_ae_3_1969_12_31-19_30_57_region0_occ0 ...
  done in 16.8s -> /home/alien/Documents/research/third_article/analyze_bracketing/results/AirSLAM/yoda_bridge_8fps_ae_3_1969_12_31-19_30_57_region0_occ0.txt
[77/91] yoda_bridge_8fps_ae_3_1969_12_31-19_30_57_region0_occ1 ...
  FAILED after 3610.2s: Command '['docker', 'exec', 'airslam-cpp', 'bash', '-c', 'source /opt/ros/noetic/setup.bash && source /home/user/catkin_ws/devel/setup.bash && roslaunch air_slam mr_yoda.launch map_root:=/home/alien/data/yoda/aug_31/yoda_bridge_8fps_ae_3_1969_12_31-19_30_57/yoda_bridge_8fps_ae_3_1969_12_31-19_30_57_region0_occ1/data/.airslam/debug visualization:=false config_path:=/home/alien/data/yoda/aug_31/yoda_bridge_8fps_ae_3_1969_12_31-19_30_57/yoda_bridge_8fps_ae_3_1969_12_31-19_30_57_region0_occ1/data/.airslam/mr_yoda.yaml model_dir:=/home/user/catkin_ws/src/AirSLAM/output/ voc_path:=/home/user/catkin_ws/src/AirSLAM/voc/point_voc_L4.bin']' timed out after 3600 seconds
[78/91] yoda_bridge_8fps_ae_4_1969_12_31-19_32_11_region0_occ0 ...
  done in 14.8s -> /home/alien/Documents/research/third_article/analyze_bracketing/results/AirSLAM/yoda_bridge_8fps_ae_4_1969_12_31-19_32_11_region0_occ0.txt
[79/91] yoda_bridge_8fps_ae_4_1969_12_31-19_32_11_region0_occ1 ...
  done in 14.5s -> /home/alien/Documents/research/third_article/analyze_bracketing/results/AirSLAM/yoda_bridge_8fps_ae_4_1969_12_31-19_32_11_region0_occ1.txt
[80/91] yoda_bridge_8fps_ae_5_1969_12_31-19_33_43_region0_occ0 ...
  done in 17.1s -> /home/alien/Documents/research/third_article/analyze_bracketing/results/AirSLAM/yoda_bridge_8fps_ae_5_1969_12_31-19_33_43_region0_occ0.txt
[81/91] yoda_bridge_8fps_ae_5_1969_12_31-19_33_43_region0_occ1 ...
  done in 15.3s -> /home/alien/Documents/research/third_article/analyze_bracketing/results/AirSLAM/yoda_bridge_8fps_ae_5_1969_12_31-19_33_43_region0_occ1.txt
[82/91] yoda_fixedev_1_1969_12_31-19_52_57_region0_occ0 ...
  done in 81.2s -> /home/alien/Documents/research/third_article/analyze_bracketing/results/AirSLAM/yoda_fixedev_1_1969_12_31-19_52_57_region0_occ0.txt
[83/91] yoda_fixedev_1_1969_12_31-19_52_57_region0_occ1 ...
  done in 95.0s -> /home/alien/Documents/research/third_article/analyze_bracketing/results/AirSLAM/yoda_fixedev_1_1969_12_31-19_52_57_region0_occ1.txt
[84/91] yoda_fixedev_2_1969_12_31-19_56_09_region0_occ0 ...
  done in 68.4s -> /home/alien/Documents/research/third_article/analyze_bracketing/results/AirSLAM/yoda_fixedev_2_1969_12_31-19_56_09_region0_occ0.txt
[85/91] yoda_fixedev_2_1969_12_31-19_56_09_region0_occ1 ...
  done in 97.1s -> /home/alien/Documents/research/third_article/analyze_bracketing/results/AirSLAM/yoda_fixedev_2_1969_12_31-19_56_09_region0_occ1.txt
[86/91] yoda_fixedev_3_1969_12_31-19_57_32_region0_occ0 ...
  done in 81.2s -> /home/alien/Documents/research/third_article/analyze_bracketing/results/AirSLAM/yoda_fixedev_3_1969_12_31-19_57_32_region0_occ0.txt
[87/91] yoda_fixedev_3_1969_12_31-19_57_32_region0_occ1 ...
  FAILED after 96.1s: AirSLAM map_refinement did not produce /home/alien/data/yoda/aug_31/yoda_fixedev_3_1969_12_31-19_57_32/yoda_fixedev_3_1969_12_31-19_57_32_region0_occ1/data/.airslam/debug/trajectory_v1.txt for yoda_fixedev_3_1969_12_31-19_57_32_region0_occ1:
--- stdout ---
config_file = /home/alien/data/yoda/aug_31/yoda_fixedev_3_1969_12_31-19_57_32/yoda_fixedev_3_1969_12_31-19_57_32_region0_occ1/data/.airslam/mr_yoda.yaml
Loading map and vocabulary...
map_v0_path = /home/alien/data/yoda/aug_31/yoda_fixedev_3_1969_12_31-19_57_32/yoda_fixedev_3_1969_12_31-19_57_32_region0_occ1/data/.airslam/debug/AirSLAM_mapv0.bin
check map
_mappoints = 56318
_keyframes = 274
Done.
Building covisibility graph...
Done.
Loop detection...
Done, 85 loop pairs are found.
Optimizing pose graph...
Done.
Merging mappoints...
Before merging, mappoint size: 56318
After merging, mappoint size: 45661
sum_num = 14441, keep_num = 3784
Remove 10657 mappoints.
mappoint_outliers = 15249
mapline_outliers = 0
Before merging, _maplines size: 898
After merging, _maplines size: 888
sum_num = 17, keep_num = 7
Remove 10 maplines.
Done.
Optimizing global map...
mappoint_outliers = 13
mapline_outliers = 0
Done.
Build junction database...
... logging to /home/user/.ros/log/0f0ec892-a5fd-11f1-a884-30d042e6174a/roslaunch-alien-computer-25299.log
Checking log directory for disk usage. This may take a while.
Press Ctrl-C to interrupt
Done checking log file disk usage. Usage is <1GB.
]2;/home/user/catkin_ws/src/AirSLAM/launch/map_refinement/mr_yoda.launch
[1mstarted roslaunch server http://alien-computer:43201/[0m

SUMMARY
========

PARAMETERS
 * /map_refinement/breakpoint: 0
 * /map_refinement/config_path: /home/alien/data/...
 * /map_refinement/map_root: /home/alien/data/...
 * /map_refinement/model_dir: /home/user/catkin...
 * /map_refinement/voc_path: /home/user/catkin...
 * /rosdistro: noetic
 * /rosversion: 1.16.0

NODES
  /
    map_refinement (air_slam/map_refinement)

[1mROS_MASTER_URI=http://localhost:11311[0m
]2;/home/user/catkin_ws/src/AirSLAM/launch/map_refinement/mr_yoda.launch http://localhost:11311
[1mprocess[map_refinement-1]: started with pid [25369][0m
all processes on machine have died, roslaunch will exit
shutting down processing monitor...
... shutting down processing monitor complete
[1mdone[0m

--- stderr ---
holesky failure, writing debug.txt (Hessian loadable by Octave)
Cholesky failure, writing debug.txt (Hessian loadable by Octave)
Cholesky failure, writing debug.txt (Hessian loadable by Octave)
Cholesky failure, writing debug.txt (Hessian loadable by Octave)
Cholesky failure, writing debug.txt (Hessian loadable by Octave)
Cholesky failure, writing debug.txt (Hessian loadable by Octave)
Cholesky failure, writing debug.txt (Hessian loadable by Octave)
Cholesky failure, writing debug.txt (Hessian loadable by Octave)
Cholesky failure, writing debug.txt (Hessian loadable by Octave)
Cholesky failure, writing debug.txt (Hessian loadable by Octave)
Cholesky failure, writing debug.txt (Hessian loadable by Octave)
Cholesky failure, writing debug.txt (Hessian loadable by Octave)
Cholesky failure, writing debug.txt (Hessian loadable by Octave)
Cholesky failure, writing debug.txt (Hessian loadable by Octave)
Cholesky failure, writing debug.txt (Hessian loadable by Octave)
Cholesky failure, writing debug.txt (Hessian loadable by Octave)
Cholesky failure, writing debug.txt (Hessian loadable by Octave)
Cholesky failure, writing debug.txt (Hessian loadable by Octave)
Cholesky failure, writing debug.txt (Hessian loadable by Octave)
Cholesky failure, writing debug.txt (Hessian loadable by Octave)
Cholesky failure, writing debug.txt (Hessian loadable by Octave)
Cholesky failure, writing debug.txt (Hessian loadable by Octave)
Cholesky failure, writing debug.txt (Hessian loadable by Octave)
Cholesky failure, writing debug.txt (Hessian loadable by Octave)
Cholesky failure, writing debug.txt (Hessian loadable by Octave)
Cholesky failure, writing debug.txt (Hessian loadable by Octave)
Cholesky failure, writing debug.txt (Hessian loadable by Octave)
Cholesky failure, writing debug.txt (Hessian loadable by Octave)
Cholesky failure, writing debug.txt (Hessian loadable by Octave)
Cholesky failure, writing debug.txt (Hessian loadable by Octave)
Cholesky failure, writing debug.txt (Hessian loadable by Octave)
Cholesky failure, writing debug.txt (Hessian loadable by Octave)
Cholesky failure, writing debug.txt (Hessian loadable by Octave)
Cholesky failure, writing debug.txt (Hessian loadable by Octave)
Cholesky failure, writing debug.txt (Hessian loadable by Octave)
Cholesky failure, writing debug.txt (Hessian loadable by Octave)
Cholesky failure, writing debug.txt (Hessian loadable by Octave)
Cholesky failure, writing debug.txt (Hessian loadable by Octave)
Cholesky failure, writing debug.txt (Hessian loadable by Octave)
Cholesky failure, writing debug.txt (Hessian loadable by Octave)
Cholesky failure, writing debug.txt (Hessian loadable by Octave)
Cholesky failure, writing debug.txt (Hessian loadable by Octave)
Cholesky failure, writing debug.txt (Hessian loadable by Octave)
Cholesky failure, writing debug.txt (Hessian loadable by Octave)
Cholesky failure, writing debug.txt (Hessian loadable by Octave)
Cholesky failure, writing debug.txt (Hessian loadable by Octave)
Cholesky failure, writing debug.txt (Hessian loadable by Octave)
Cholesky failure, writing debug.txt (Hessian loadable by Octave)
Cholesky failure, writing debug.txt (Hessian loadable by Octave)
Cholesky failure, writing debug.txt (Hessian loadable by Octave)
Cholesky failure, writing debug.txt (Hessian loadable by Octave)
Cholesky failure, writing debug.txt (Hessian loadable by Octave)
Cholesky failure, writing debug.txt (Hessian loadable by Octave)
Cholesky failure, writing debug.txt (Hessian loadable by Octave)
Cholesky failure, writing debug.txt (Hessian loadable by Octave)
Cholesky failure, writing debug.txt (Hessian loadable by Octave)
munmap_chunk(): invalid pointer
[31m[map_refinement-1] process has died [pid 25369, exit code -6, cmd /home/user/catkin_ws/devel/lib/air_slam/map_refinement __name:=map_refinement __log:=/home/user/.ros/log/0f0ec892-a5fd-11f1-a884-30d042e6174a/map_refinement-1.log].
log file: /home/user/.ros/log/0f0ec892-a5fd-11f1-a884-30d042e6174a/map_refinement-1*.log[0m

[88/91] yoda_fixedev_4_1969_12_31-19_58_51_region0_occ0 ...
  done in 58.7s -> /home/alien/Documents/research/third_article/analyze_bracketing/results/AirSLAM/yoda_fixedev_4_1969_12_31-19_58_51_region0_occ0.txt
[89/91] yoda_fixedev_4_1969_12_31-19_58_51_region0_occ1 ...
  done in 124.9s -> /home/alien/Documents/research/third_article/analyze_bracketing/results/AirSLAM/yoda_fixedev_4_1969_12_31-19_58_51_region0_occ1.txt
[90/91] yoda_fixedev_5_1969_12_31-20_00_15_region0_occ0 ...
  done in 89.8s -> /home/alien/Documents/research/third_article/analyze_bracketing/results/AirSLAM/yoda_fixedev_5_1969_12_31-20_00_15_region0_occ0.txt
[91/91] yoda_fixedev_5_1969_12_31-20_00_15_region0_occ1 ...
  done in 68.3s -> /home/alien/Documents/research/third_article/analyze_bracketing/results/AirSLAM/yoda_fixedev_5_1969_12_31-20_00_15_region0_occ1.txt

89/91 succeeded
Failed trajectories: ['yoda_bridge_8fps_ae_3_1969_12_31-19_30_57_region0_occ1', 'yoda_fixedev_3_1969_12_31-19_57_32_region0_occ1']
