2026-09-03 22:34:25,814 INFO Loaded 247 stereo frames from /home/alien/data/yoda/aug_31/yoda_bridge_1_1969_12_31-20_04_19/yoda_bridge_1_1969_12_31-20_04_19_region0_occ1/data
2026-09-03 22:34:29,378 INFO Dropped 0/247 low-information frames (brightness outside [1, 245])
2026-09-03 22:34:29,385 INFO Stereo rig loaded: baseline=0.1196 m, K_left principal point 979.9,590.7
2026-09-03 22:34:31,340 INFO frame 0/246 ts=3892538847136 slot=MAE landmark_obs=0
2026-09-03 22:34:37,445 INFO frame 50/246 ts=3894828842304 slot=MAE landmark_obs=226
2026-09-03 22:34:45,178 INFO frame 100/246 ts=3896818879424 slot=MAE landmark_obs=337
2026-09-03 22:34:54,654 INFO frame 150/246 ts=3898726675296 slot=MAE landmark_obs=254
2026-09-03 22:35:06,068 INFO frame 200/246 ts=3900805774080 slot=MAE landmark_obs=158
2026-09-03 22:35:17,265 INFO frame 246/246 ts=3902888405248 slot=MAE landmark_obs=116
2026-09-03 22:35:17,265 INFO Processed 247 frames in 46.3s (5.34 fps)
2026-09-03 22:35:17,266 INFO Total landmark observations added: 47741 (avg 193.28 per frame)
2026-09-03 22:35:17,266 INFO Frames with zero landmark observations: 1/247 -> [119]
2026-09-03 22:35:17,266 INFO Wrote zero-observation frame indices to /home/alien/Documents/research/third_article/pose_graph_bracketing_slam-stable/docs/results/aug_31_all/pipeline_clahe/yoda_bridge_1_1969_12_31-20_04_19_region0_occ1/traj_zero_obs.txt
2026-09-03 22:35:17,267 INFO Wrote trajectory to /home/alien/Documents/research/third_article/pose_graph_bracketing_slam-stable/docs/results/aug_31_all/pipeline_clahe/yoda_bridge_1_1969_12_31-20_04_19_region0_occ1/traj.tum
2026-09-03 22:35:36,075 INFO Global bundle adjustment: 18.8s
2026-09-03 22:35:36,077 INFO Wrote global-BA trajectory to /home/alien/Documents/research/third_article/pose_graph_bracketing_slam-stable/docs/results/aug_31_all/pipeline_clahe/yoda_bridge_1_1969_12_31-20_04_19_region0_occ1/traj_global_ba.tum
2026-09-03 22:35:36,077 INFO Wrote per-frame robustness log to /home/alien/Documents/research/third_article/pose_graph_bracketing_slam-stable/docs/results/aug_31_all/pipeline_clahe/yoda_bridge_1_1969_12_31-20_04_19_region0_occ1/traj_frames.csv
2026-09-03 22:35:36,093 INFO Wrote landmark provenance log to /home/alien/Documents/research/third_article/pose_graph_bracketing_slam-stable/docs/results/aug_31_all/pipeline_clahe/yoda_bridge_1_1969_12_31-20_04_19_region0_occ1/traj_landmark_provenance.csv (10990 landmarks)
2026-09-03 22:35:36,093 INFO Backend resets this run: 0
2026-09-03 22:35:36,094 INFO Wrote run summary to /home/alien/Documents/research/third_article/pose_graph_bracketing_slam-stable/docs/results/aug_31_all/pipeline_clahe/yoda_bridge_1_1969_12_31-20_04_19_region0_occ1/traj_summary.json
Loaded LightGlue model
