2026-09-07 19:32:09,584 INFO Loaded 393 stereo frames from /home/alien/data/yoda/aug_31/yoda_bridge_0fps_ae_2_1969_12_31-19_05_53/yoda_bridge_0fps_ae_2_1969_12_31-19_05_53_region0_occ1/data
2026-09-07 19:32:15,654 INFO Dropped 0/393 low-information frames (brightness outside [1, 245])
2026-09-07 19:32:15,661 INFO Stereo rig loaded: baseline=0.1196 m, K_left principal point 979.9,590.7
2026-09-07 19:32:17,076 INFO frame 0/392 ts=407215664192 slot=LAE landmark_obs=0
2026-09-07 19:32:23,683 INFO frame 50/392 ts=409114889216 slot=LAE landmark_obs=171
2026-09-07 19:32:33,608 INFO frame 100/392 ts=410755593696 slot=LAE landmark_obs=408
2026-09-07 19:32:45,829 INFO frame 150/392 ts=412317281632 slot=LAE landmark_obs=338
2026-09-07 19:32:58,465 INFO frame 200/392 ts=413912640800 slot=LAE landmark_obs=235
2026-09-07 19:33:14,695 INFO frame 250/392 ts=415546949344 slot=LAE landmark_obs=120
2026-09-07 19:33:29,974 INFO frame 300/392 ts=417202266656 slot=LAE landmark_obs=186
2026-09-07 19:33:42,732 INFO frame 350/392 ts=418801682048 slot=LAE landmark_obs=230
2026-09-07 19:33:51,222 INFO frame 392/392 ts=420148106560 slot=LAE landmark_obs=271
2026-09-07 19:33:51,222 INFO Processed 393 frames in 94.5s (4.16 fps)
2026-09-07 19:33:51,222 INFO Total landmark observations added: 92716 (avg 235.92 per frame)
2026-09-07 19:33:51,224 INFO Wrote trajectory to /home/alien/Documents/research/third_article/pose_graph_bracketing_slam-stable/docs/results/aug_31_all/pipeline_default/yoda_bridge_0fps_ae_2_1969_12_31-19_05_53_region0_occ1/traj.tum
2026-09-07 19:34:00,480 INFO Global bundle adjustment: 9.3s
2026-09-07 19:34:00,483 INFO Wrote global-BA trajectory to /home/alien/Documents/research/third_article/pose_graph_bracketing_slam-stable/docs/results/aug_31_all/pipeline_default/yoda_bridge_0fps_ae_2_1969_12_31-19_05_53_region0_occ1/traj_global_ba.tum
2026-09-07 19:34:00,484 INFO Wrote per-frame robustness log to /home/alien/Documents/research/third_article/pose_graph_bracketing_slam-stable/docs/results/aug_31_all/pipeline_default/yoda_bridge_0fps_ae_2_1969_12_31-19_05_53_region0_occ1/traj_frames.csv
2026-09-07 19:34:00,511 INFO Wrote landmark provenance log to /home/alien/Documents/research/third_article/pose_graph_bracketing_slam-stable/docs/results/aug_31_all/pipeline_default/yoda_bridge_0fps_ae_2_1969_12_31-19_05_53_region0_occ1/traj_landmark_provenance.csv (19304 landmarks)
2026-09-07 19:34:00,511 INFO Backend resets this run: 0
2026-09-07 19:34:00,511 INFO Wrote run summary to /home/alien/Documents/research/third_article/pose_graph_bracketing_slam-stable/docs/results/aug_31_all/pipeline_default/yoda_bridge_0fps_ae_2_1969_12_31-19_05_53_region0_occ1/traj_summary.json
Loaded LightGlue model
