2026-09-07 22:04:21,505 INFO Loaded 472 stereo frames from /home/alien/data/yoda/aug_31/yoda_fixedev_3_1969_12_31-19_57_32/yoda_fixedev_3_1969_12_31-19_57_32_region0_occ0/data
2026-09-07 22:04:27,371 INFO Dropped 161/472 low-information frames (brightness outside [1, 245])
2026-09-07 22:04:27,377 INFO Stereo rig loaded: baseline=0.1196 m, K_left principal point 979.9,590.7
2026-09-07 22:04:28,896 INFO frame 0/310 ts=3454573446784 slot=LAE landmark_obs=0
2026-09-07 22:04:35,535 INFO frame 50/310 ts=3456733374112 slot=MAE landmark_obs=55
2026-09-07 22:04:42,834 INFO frame 100/310 ts=3458856923360 slot=MAE landmark_obs=143
2026-09-07 22:04:51,210 INFO frame 150/310 ts=3460628065728 slot=LAE landmark_obs=25
2026-09-07 22:05:00,496 INFO frame 200/310 ts=3462259101184 slot=SAE landmark_obs=249
2026-09-07 22:05:10,716 INFO frame 250/310 ts=3463899619008 slot=LAE landmark_obs=47
2026-09-07 22:05:24,774 INFO frame 300/310 ts=3468518116768 slot=LAE landmark_obs=17
2026-09-07 22:05:26,563 INFO frame 310/310 ts=3469808409952 slot=LAE landmark_obs=51
2026-09-07 22:05:26,564 INFO Processed 311 frames in 58.1s (5.36 fps)
2026-09-07 22:05:26,564 INFO Cross-bracket matches: kept 59144/59144 (0.0% dropped, requested drop 0.000)
2026-09-07 22:05:26,564 INFO Total landmark observations added: 50061 (avg 160.97 per frame)
2026-09-07 22:05:26,564 INFO Frames with zero landmark observations: 1/311 -> [116]
2026-09-07 22:05:26,564 INFO Wrote zero-observation frame indices to /home/alien/Documents/research/third_article/pose_graph_bracketing_slam-stable/docs/results/aug_31_all/pipeline_clahe/yoda_fixedev_3_1969_12_31-19_57_32_region0_occ0/traj_zero_obs.txt
2026-09-07 22:05:26,566 INFO Wrote trajectory to /home/alien/Documents/research/third_article/pose_graph_bracketing_slam-stable/docs/results/aug_31_all/pipeline_clahe/yoda_fixedev_3_1969_12_31-19_57_32_region0_occ0/traj.tum
2026-09-07 22:05:33,154 INFO Global bundle adjustment: 6.6s
2026-09-07 22:05:33,156 INFO Wrote global-BA trajectory to /home/alien/Documents/research/third_article/pose_graph_bracketing_slam-stable/docs/results/aug_31_all/pipeline_clahe/yoda_fixedev_3_1969_12_31-19_57_32_region0_occ0/traj_global_ba.tum
2026-09-07 22:05:33,157 INFO Wrote per-frame robustness log to /home/alien/Documents/research/third_article/pose_graph_bracketing_slam-stable/docs/results/aug_31_all/pipeline_clahe/yoda_fixedev_3_1969_12_31-19_57_32_region0_occ0/traj_frames.csv
2026-09-07 22:05:33,174 INFO Wrote landmark provenance log to /home/alien/Documents/research/third_article/pose_graph_bracketing_slam-stable/docs/results/aug_31_all/pipeline_clahe/yoda_fixedev_3_1969_12_31-19_57_32_region0_occ0/traj_landmark_provenance.csv (11245 landmarks)
2026-09-07 22:05:33,174 INFO Backend resets this run: 0
2026-09-07 22:05:33,174 INFO Wrote run summary to /home/alien/Documents/research/third_article/pose_graph_bracketing_slam-stable/docs/results/aug_31_all/pipeline_clahe/yoda_fixedev_3_1969_12_31-19_57_32_region0_occ0/traj_summary.json
Loaded LightGlue model
