[default] ATE RMSE=1.7537 m (mean=1.3881, median=0.9817, max=3.6886), n_poses=59
       1.0 m (n=  55): trans RMSE=0.9807 m (98.07%), rot RMSE=3.455 deg
       5.0 m (n=  49): trans RMSE=1.4200 m (28.40%), rot RMSE=4.627 deg
      10.0 m (n=  44): trans RMSE=1.6484 m (16.48%), rot RMSE=5.268 deg
      20.0 m (n=  34): trans RMSE=2.3633 m (11.82%), rot RMSE=5.334 deg
      40.0 m (n=  15): trans RMSE=2.3701 m (5.93%), rot RMSE=2.128 deg
[clahe] ATE RMSE=21.0344 m (mean=15.2095, median=8.7942, max=41.6591), n_poses=59
       1.0 m (n=  55): trans RMSE=3.2804 m (328.04%), rot RMSE=25.109 deg
       5.0 m (n=  49): trans RMSE=7.1751 m (143.50%), rot RMSE=58.243 deg
      10.0 m (n=  44): trans RMSE=11.8321 m (118.32%), rot RMSE=80.648 deg
      20.0 m (n=  34): trans RMSE=20.7838 m (103.92%), rot RMSE=106.211 deg
      40.0 m (n=  15): trans RMSE=34.4234 m (86.06%), rot RMSE=69.614 deg
[AirSLAM] WARNING: only 28 associated poses, fewer than --n-align=30
[AirSLAM] ATE RMSE=13.4059 m (mean=12.0102, median=12.7357, max=20.3860), n_poses=28
       1.0 m (n=  26): trans RMSE=1.7678 m (176.78%), rot RMSE=6.544 deg
       5.0 m (n=  23): trans RMSE=5.4330 m (108.66%), rot RMSE=13.924 deg
      10.0 m (n=  21): trans RMSE=9.7749 m (97.75%), rot RMSE=17.496 deg
      20.0 m (n=  14): trans RMSE=19.1552 m (95.78%), rot RMSE=22.360 deg
      40.0 m (n=   5): trans RMSE=35.3119 m (88.28%), rot RMSE=28.005 deg
[cuVSLAM] ATE RMSE=127.7022 m (mean=116.7228, median=131.4318, max=201.0046), n_poses=60
       1.0 m (n=  56): trans RMSE=34.4121 m (3441.21%), rot RMSE=14.380 deg
       5.0 m (n=  50): trans RMSE=79.4958 m (1589.92%), rot RMSE=31.125 deg
      10.0 m (n=  45): trans RMSE=123.2981 m (1232.98%), rot RMSE=52.370 deg
      20.0 m (n=  34): trans RMSE=195.1328 m (975.66%), rot RMSE=56.659 deg
      40.0 m (n=  15): trans RMSE=190.0629 m (475.16%), rot RMSE=77.783 deg
[ORBSLAM3] FAILED to align/associate: Degenerate covariance rank, Umeyama alignment is not possible
Wrote /home/alien/Documents/research/third_article/pose_graph_bracketing_slam-stable/docs/results/sept_7_all/multi_method/yoda_bridge_4fps_3_1969_12_31-19_34_56_region0_occ0/metrics_incremental.txt
Wrote /home/alien/Documents/research/third_article/pose_graph_bracketing_slam-stable/docs/results/sept_7_all/multi_method/yoda_bridge_4fps_3_1969_12_31-19_34_56_region0_occ0/metrics_incremental.json
Saved /home/alien/Documents/research/third_article/pose_graph_bracketing_slam-stable/docs/results/sept_7_all/multi_method/yoda_bridge_4fps_3_1969_12_31-19_34_56_region0_occ0/trajectories_overlay_incremental.png
