[default] ATE RMSE=6.1605 m (mean=3.3689, median=0.3108, max=12.1672), n_poses=49
       1.0 m (n=  44): trans RMSE=2.6893 m (268.93%), rot RMSE=4.995 deg
       5.0 m (n=  40): trans RMSE=4.5234 m (90.47%), rot RMSE=8.124 deg
      10.0 m (n=  36): trans RMSE=6.6317 m (66.32%), rot RMSE=12.045 deg
      20.0 m (n=  36): trans RMSE=8.9921 m (44.96%), rot RMSE=15.543 deg
      40.0 m (n=  18): trans RMSE=11.9141 m (29.79%), rot RMSE=20.824 deg
[clahe] ATE RMSE=7.1155 m (mean=3.9131, median=0.3569, max=14.2546), n_poses=49
       1.0 m (n=  44): trans RMSE=3.0671 m (306.71%), rot RMSE=6.214 deg
       5.0 m (n=  40): trans RMSE=5.1580 m (103.16%), rot RMSE=9.467 deg
      10.0 m (n=  36): trans RMSE=7.5186 m (75.19%), rot RMSE=14.512 deg
      20.0 m (n=  36): trans RMSE=10.3359 m (51.68%), rot RMSE=19.498 deg
      40.0 m (n=  18): trans RMSE=13.6850 m (34.21%), rot RMSE=25.880 deg
[AirSLAM] WARNING: only 21 associated poses, fewer than --n-align=30
[AirSLAM] ATE RMSE=14.1139 m (mean=12.7118, median=14.1587, max=19.9461), n_poses=21
       1.0 m (n=  19): trans RMSE=2.7188 m (271.88%), rot RMSE=7.243 deg
       5.0 m (n=  16): trans RMSE=6.9960 m (139.92%), rot RMSE=12.144 deg
      10.0 m (n=  14): trans RMSE=11.3800 m (113.80%), rot RMSE=17.214 deg
      20.0 m (n=  12): trans RMSE=21.8310 m (109.16%), rot RMSE=28.424 deg
      40.0 m (n=   3): trans RMSE=37.6942 m (94.24%), rot RMSE=38.163 deg
[cuVSLAM] ATE RMSE=19.1624 m (mean=14.3354, median=9.1760, max=36.2874), n_poses=60
       1.0 m (n=  55): trans RMSE=1.8210 m (182.10%), rot RMSE=9.067 deg
       5.0 m (n=  51): trans RMSE=5.2469 m (104.94%), rot RMSE=18.040 deg
      10.0 m (n=  45): trans RMSE=9.3976 m (93.98%), rot RMSE=27.252 deg
      20.0 m (n=  36): trans RMSE=16.6197 m (83.10%), rot RMSE=40.613 deg
      40.0 m (n=  18): trans RMSE=31.7646 m (79.41%), rot RMSE=28.778 deg
[ORBSLAM3] WARNING: only 3 associated poses, fewer than --n-align=30
[ORBSLAM3] ATE RMSE=0.0278 m (mean=0.0239, median=0.0332, max=0.0348), n_poses=3
       1.0 m: not enough associated span for this window.
       5.0 m: not enough associated span for this window.
      10.0 m: not enough associated span for this window.
      20.0 m: not enough associated span for this window.
      40.0 m: not enough associated span for this window.
Wrote /home/alien/Documents/research/third_article/pose_graph_bracketing_slam-stable/docs/results/sept_7_all/multi_method/yoda_ae_4fps_1_1969_12_31-19_50_31_region0_occ0/metrics_global_ba.txt
Wrote /home/alien/Documents/research/third_article/pose_graph_bracketing_slam-stable/docs/results/sept_7_all/multi_method/yoda_ae_4fps_1_1969_12_31-19_50_31_region0_occ0/metrics_global_ba.json
Saved /home/alien/Documents/research/third_article/pose_graph_bracketing_slam-stable/docs/results/sept_7_all/multi_method/yoda_ae_4fps_1_1969_12_31-19_50_31_region0_occ0/trajectories_overlay_global_ba.png
