[default] ATE RMSE=7.6092 m (mean=4.0047, median=0.3601, max=15.8825), n_poses=46
       1.0 m (n=  41): trans RMSE=2.3274 m (232.74%), rot RMSE=6.870 deg
       5.0 m (n=  37): trans RMSE=5.7892 m (115.78%), rot RMSE=9.121 deg
      10.0 m (n=  35): trans RMSE=8.0819 m (80.82%), rot RMSE=9.422 deg
      20.0 m (n=  35): trans RMSE=11.4054 m (57.03%), rot RMSE=9.984 deg
      40.0 m (n=  17): trans RMSE=15.4330 m (38.58%), rot RMSE=1.602 deg
[clahe] ATE RMSE=6.3674 m (mean=3.5092, median=0.5856, max=14.2296), n_poses=46
       1.0 m (n=  41): trans RMSE=2.3417 m (234.17%), rot RMSE=5.293 deg
       5.0 m (n=  37): trans RMSE=5.5750 m (111.50%), rot RMSE=12.076 deg
      10.0 m (n=  35): trans RMSE=7.6500 m (76.50%), rot RMSE=15.942 deg
      20.0 m (n=  35): trans RMSE=10.4135 m (52.07%), rot RMSE=21.294 deg
      40.0 m (n=  17): trans RMSE=13.4754 m (33.69%), rot RMSE=27.584 deg
[AirSLAM] WARNING: only 19 associated poses, fewer than --n-align=30
[AirSLAM] ATE RMSE=13.8224 m (mean=12.2116, median=13.4864, max=21.0503), n_poses=19
       1.0 m (n=  17): trans RMSE=3.0073 m (300.73%), rot RMSE=8.056 deg
       5.0 m (n=  15): trans RMSE=7.4764 m (149.53%), rot RMSE=14.089 deg
      10.0 m (n=  13): trans RMSE=11.9773 m (119.77%), rot RMSE=18.598 deg
      20.0 m (n=  11): trans RMSE=22.2851 m (111.43%), rot RMSE=28.931 deg
      40.0 m (n=   2): trans RMSE=38.3368 m (95.84%), rot RMSE=39.496 deg
[cuVSLAM] ATE RMSE=19.9678 m (mean=14.5820, median=7.8436, max=42.1076), n_poses=58
       1.0 m (n=  53): trans RMSE=3.0824 m (308.24%), rot RMSE=7.965 deg
       5.0 m (n=  49): trans RMSE=7.2262 m (144.52%), rot RMSE=23.408 deg
      10.0 m (n=  43): trans RMSE=11.9829 m (119.83%), rot RMSE=30.323 deg
      20.0 m (n=  35): trans RMSE=17.6961 m (88.48%), rot RMSE=44.131 deg
      40.0 m (n=  18): trans RMSE=31.7964 m (79.49%), rot RMSE=31.398 deg
[ORBSLAM3] WARNING: only 3 associated poses, fewer than --n-align=30
[ORBSLAM3] ATE RMSE=0.0075 m (mean=0.0067, median=0.0082, max=0.0099), n_poses=3
       1.0 m: not enough associated span for this window.
       5.0 m: not enough associated span for this window.
      10.0 m: not enough associated span for this window.
      20.0 m: not enough associated span for this window.
      40.0 m: not enough associated span for this window.
Wrote /home/alien/Documents/research/third_article/pose_graph_bracketing_slam-stable/docs/results/sept_7_all/multi_method/yoda_ae_4fps_2_1969_12_31-19_52_15_region0_occ0/metrics_incremental.txt
Wrote /home/alien/Documents/research/third_article/pose_graph_bracketing_slam-stable/docs/results/sept_7_all/multi_method/yoda_ae_4fps_2_1969_12_31-19_52_15_region0_occ0/metrics_incremental.json
Saved /home/alien/Documents/research/third_article/pose_graph_bracketing_slam-stable/docs/results/sept_7_all/multi_method/yoda_ae_4fps_2_1969_12_31-19_52_15_region0_occ0/trajectories_overlay_incremental.png
