[default] ATE RMSE=6.7418 m (mean=5.2036, median=1.4065, max=10.0560), n_poses=51
       1.0 m (n=  40): trans RMSE=1.7296 m (172.96%), rot RMSE=2.826 deg
       5.0 m (n=  36): trans RMSE=4.0563 m (81.13%), rot RMSE=2.532 deg
      10.0 m (n=  30): trans RMSE=6.0155 m (60.15%), rot RMSE=2.806 deg
      20.0 m (n=  27): trans RMSE=9.1895 m (45.95%), rot RMSE=4.829 deg
      40.0 m (n=  12): trans RMSE=10.9137 m (27.28%), rot RMSE=5.016 deg
[clahe] ATE RMSE=7.1275 m (mean=5.5146, median=1.6289, max=10.6718), n_poses=51
       1.0 m (n=  40): trans RMSE=1.3962 m (139.62%), rot RMSE=3.943 deg
       5.0 m (n=  36): trans RMSE=3.0431 m (60.86%), rot RMSE=7.562 deg
      10.0 m (n=  30): trans RMSE=4.8658 m (48.66%), rot RMSE=9.972 deg
      20.0 m (n=  27): trans RMSE=8.3568 m (41.78%), rot RMSE=13.539 deg
      40.0 m (n=  12): trans RMSE=11.5307 m (28.83%), rot RMSE=11.208 deg
[AirSLAM] WARNING: only 23 associated poses, fewer than --n-align=30
[AirSLAM] ATE RMSE=16.0876 m (mean=14.4533, median=15.7654, max=24.2359), n_poses=23
       1.0 m (n=  21): trans RMSE=2.6045 m (260.45%), rot RMSE=3.846 deg
       5.0 m (n=  19): trans RMSE=7.0351 m (140.70%), rot RMSE=5.586 deg
      10.0 m (n=  16): trans RMSE=12.0462 m (120.46%), rot RMSE=5.266 deg
      20.0 m (n=  14): trans RMSE=21.6824 m (108.41%), rot RMSE=6.626 deg
      40.0 m (n=   6): trans RMSE=40.6215 m (101.55%), rot RMSE=10.862 deg
[cuVSLAM] ATE RMSE=33.5718 m (mean=24.9401, median=10.7383, max=61.3851), n_poses=59
       1.0 m (n=  48): trans RMSE=3.5195 m (351.95%), rot RMSE=11.351 deg
       5.0 m (n=  44): trans RMSE=10.6683 m (213.37%), rot RMSE=36.001 deg
      10.0 m (n=  38): trans RMSE=16.8327 m (168.33%), rot RMSE=53.798 deg
      20.0 m (n=  29): trans RMSE=27.1394 m (135.70%), rot RMSE=57.413 deg
      40.0 m (n=  12): trans RMSE=56.4714 m (141.18%), rot RMSE=90.783 deg
[ORBSLAM3] WARNING: only 10 associated poses, fewer than --n-align=30
[ORBSLAM3] ATE RMSE=0.0471 m (mean=0.0362, median=0.0314, max=0.1102), n_poses=10
       1.0 m: not enough associated span for this window.
       5.0 m: not enough associated span for this window.
      10.0 m: not enough associated span for this window.
      20.0 m: not enough associated span for this window.
      40.0 m: not enough associated span for this window.
Wrote /home/alien/Documents/research/third_article/pose_graph_bracketing_slam-stable/docs/results/sept_7_all/multi_method/yoda_ae_4fps_1_1969_12_31-19_50_31_region0_occ1/metrics_global_ba.txt
Wrote /home/alien/Documents/research/third_article/pose_graph_bracketing_slam-stable/docs/results/sept_7_all/multi_method/yoda_ae_4fps_1_1969_12_31-19_50_31_region0_occ1/metrics_global_ba.json
Saved /home/alien/Documents/research/third_article/pose_graph_bracketing_slam-stable/docs/results/sept_7_all/multi_method/yoda_ae_4fps_1_1969_12_31-19_50_31_region0_occ1/trajectories_overlay_global_ba.png
