[default] ATE RMSE=0.7991 m (mean=0.6816, median=0.6426, max=1.8306), n_poses=45
       1.0 m (n=  37): trans RMSE=0.4906 m (49.06%), rot RMSE=1.546 deg
       5.0 m (n=  34): trans RMSE=0.7283 m (14.57%), rot RMSE=3.548 deg
      10.0 m (n=  30): trans RMSE=0.7286 m (7.29%), rot RMSE=2.524 deg
      20.0 m (n=  23): trans RMSE=0.9548 m (4.77%), rot RMSE=3.067 deg
      40.0 m (n=   7): trans RMSE=1.4480 m (3.62%), rot RMSE=5.023 deg
[clahe] ATE RMSE=4.4180 m (mean=4.3180, median=4.2952, max=6.8021), n_poses=45
       1.0 m (n=  37): trans RMSE=2.9473 m (294.73%), rot RMSE=17.377 deg
       5.0 m (n=  34): trans RMSE=2.9819 m (59.64%), rot RMSE=15.052 deg
      10.0 m (n=  30): trans RMSE=4.5081 m (45.08%), rot RMSE=17.141 deg
      20.0 m (n=  23): trans RMSE=6.5519 m (32.76%), rot RMSE=14.403 deg
      40.0 m (n=   7): trans RMSE=9.0611 m (22.65%), rot RMSE=2.816 deg
[AirSLAM] ATE RMSE=15.6061 m (mean=13.9373, median=15.2845, max=26.0039), n_poses=30
       1.0 m (n=  25): trans RMSE=2.1053 m (210.53%), rot RMSE=3.231 deg
       5.0 m (n=  23): trans RMSE=6.2571 m (125.14%), rot RMSE=4.940 deg
      10.0 m (n=  20): trans RMSE=11.4026 m (114.03%), rot RMSE=5.591 deg
      20.0 m (n=  15): trans RMSE=21.3437 m (106.72%), rot RMSE=5.010 deg
      40.0 m (n=   5): trans RMSE=41.1813 m (102.95%), rot RMSE=8.837 deg
[cuVSLAM] ATE RMSE=41.9469 m (mean=29.0078, median=10.5835, max=77.6341), n_poses=55
       1.0 m (n=  44): trans RMSE=10.8046 m (1080.46%), rot RMSE=16.553 deg
       5.0 m (n=  40): trans RMSE=21.8888 m (437.78%), rot RMSE=26.173 deg
      10.0 m (n=  34): trans RMSE=28.2763 m (282.76%), rot RMSE=29.910 deg
      20.0 m (n=  26): trans RMSE=37.0465 m (185.23%), rot RMSE=40.326 deg
      40.0 m (n=   8): trans RMSE=56.8100 m (142.03%), rot RMSE=78.544 deg
[ORBSLAM3] FAILED to align/associate: Degenerate covariance rank, Umeyama alignment is not possible
Wrote /home/alien/Documents/research/third_article/pose_graph_bracketing_slam-stable/docs/results/sept_7_all/multi_method/yoda_fix_4fps_4_1969_12_31-19_25_41_region0_occ1/metrics_global_ba.txt
Wrote /home/alien/Documents/research/third_article/pose_graph_bracketing_slam-stable/docs/results/sept_7_all/multi_method/yoda_fix_4fps_4_1969_12_31-19_25_41_region0_occ1/metrics_global_ba.json
Saved /home/alien/Documents/research/third_article/pose_graph_bracketing_slam-stable/docs/results/sept_7_all/multi_method/yoda_fix_4fps_4_1969_12_31-19_25_41_region0_occ1/trajectories_overlay_global_ba.png
