[default] ATE RMSE=1.7325 m (mean=1.4026, median=1.0243, max=4.3148), n_poses=60
       1.0 m (n=  53): trans RMSE=0.5125 m (51.25%), rot RMSE=1.736 deg
       5.0 m (n=  48): trans RMSE=0.9296 m (18.59%), rot RMSE=2.216 deg
      10.0 m (n=  42): trans RMSE=1.3370 m (13.37%), rot RMSE=2.758 deg
      20.0 m (n=  34): trans RMSE=1.7896 m (8.95%), rot RMSE=4.014 deg
      40.0 m (n=  15): trans RMSE=3.3054 m (8.26%), rot RMSE=6.060 deg
[clahe] ATE RMSE=5.7204 m (mean=3.9557, median=1.6616, max=11.3227), n_poses=60
       1.0 m (n=  53): trans RMSE=0.9745 m (97.45%), rot RMSE=3.266 deg
       5.0 m (n=  48): trans RMSE=2.2397 m (44.79%), rot RMSE=7.510 deg
      10.0 m (n=  42): trans RMSE=3.2773 m (32.77%), rot RMSE=11.085 deg
      20.0 m (n=  34): trans RMSE=5.1253 m (25.63%), rot RMSE=15.071 deg
      40.0 m (n=  15): trans RMSE=8.4694 m (21.17%), rot RMSE=1.652 deg
[AirSLAM] WARNING: only 26 associated poses, fewer than --n-align=30
[AirSLAM] ATE RMSE=13.1606 m (mean=11.7627, median=12.6647, max=19.6828), n_poses=26
       1.0 m (n=  24): trans RMSE=1.9155 m (191.55%), rot RMSE=6.326 deg
       5.0 m (n=  21): trans RMSE=5.4571 m (109.14%), rot RMSE=13.102 deg
      10.0 m (n=  19): trans RMSE=10.1063 m (101.06%), rot RMSE=18.200 deg
      20.0 m (n=  13): trans RMSE=19.4825 m (97.41%), rot RMSE=23.715 deg
      40.0 m (n=   4): trans RMSE=35.5982 m (89.00%), rot RMSE=32.467 deg
[cuVSLAM] ATE RMSE=55.1142 m (mean=40.1154, median=17.5927, max=98.6850), n_poses=61
       1.0 m (n=  54): trans RMSE=13.0166 m (1301.66%), rot RMSE=13.024 deg
       5.0 m (n=  49): trans RMSE=26.9921 m (539.84%), rot RMSE=23.021 deg
      10.0 m (n=  43): trans RMSE=39.8048 m (398.05%), rot RMSE=28.752 deg
      20.0 m (n=  34): trans RMSE=50.4524 m (252.26%), rot RMSE=36.455 deg
      40.0 m (n=  15): trans RMSE=92.6480 m (231.62%), rot RMSE=36.611 deg
[ORBSLAM3] WARNING: only 5 associated poses, fewer than --n-align=30
[ORBSLAM3] ATE RMSE=0.0321 m (mean=0.0315, median=0.0319, max=0.0378), n_poses=5
       1.0 m: not enough associated span for this window.
       5.0 m: not enough associated span for this window.
      10.0 m: not enough associated span for this window.
      20.0 m: not enough associated span for this window.
      40.0 m: not enough associated span for this window.
Wrote /home/alien/Documents/research/third_article/pose_graph_bracketing_slam-stable/docs/results/sept_7_all/multi_method/yoda_bridge_4fps_4_1969_12_31-19_36_34_region0_occ0/metrics_incremental.txt
Wrote /home/alien/Documents/research/third_article/pose_graph_bracketing_slam-stable/docs/results/sept_7_all/multi_method/yoda_bridge_4fps_4_1969_12_31-19_36_34_region0_occ0/metrics_incremental.json
Saved /home/alien/Documents/research/third_article/pose_graph_bracketing_slam-stable/docs/results/sept_7_all/multi_method/yoda_bridge_4fps_4_1969_12_31-19_36_34_region0_occ0/trajectories_overlay_incremental.png
