[default] ATE RMSE=3.3466 m (mean=2.7315, median=3.0586, max=5.5488), n_poses=343
       1.0 m (n= 330): trans RMSE=0.1850 m (18.50%), rot RMSE=0.783 deg
       5.0 m (n= 318): trans RMSE=0.6744 m (13.49%), rot RMSE=1.009 deg
      10.0 m (n= 306): trans RMSE=1.2196 m (12.20%), rot RMSE=1.380 deg
      20.0 m (n= 281): trans RMSE=2.0903 m (10.45%), rot RMSE=2.090 deg
      40.0 m (n= 233): trans RMSE=3.4924 m (8.73%), rot RMSE=3.379 deg
[clahe] ATE RMSE=2.8428 m (mean=2.3228, median=2.3984, max=5.5937), n_poses=343
       1.0 m (n= 330): trans RMSE=0.1625 m (16.25%), rot RMSE=0.778 deg
       5.0 m (n= 318): trans RMSE=0.5686 m (11.37%), rot RMSE=1.018 deg
      10.0 m (n= 306): trans RMSE=1.0493 m (10.49%), rot RMSE=1.418 deg
      20.0 m (n= 281): trans RMSE=1.8902 m (9.45%), rot RMSE=2.157 deg
      40.0 m (n= 233): trans RMSE=3.2435 m (8.11%), rot RMSE=3.741 deg
[AirSLAM] ATE RMSE=9.3683 m (mean=8.2411, median=7.9882, max=16.9809), n_poses=302
       1.0 m (n= 298): trans RMSE=0.5907 m (59.07%), rot RMSE=1.520 deg
       5.0 m (n= 287): trans RMSE=2.1623 m (43.25%), rot RMSE=2.252 deg
      10.0 m (n= 275): trans RMSE=4.0113 m (40.11%), rot RMSE=3.988 deg
      20.0 m (n= 251): trans RMSE=7.3565 m (36.78%), rot RMSE=6.191 deg
      40.0 m (n= 206): trans RMSE=11.9233 m (29.81%), rot RMSE=8.387 deg
[cuVSLAM] ATE RMSE=846.2023 m (mean=737.2997, median=967.6178, max=1057.4184), n_poses=343
       1.0 m (n= 330): trans RMSE=51.2678 m (5126.78%), rot RMSE=19.179 deg
       5.0 m (n= 318): trans RMSE=154.5465 m (3090.93%), rot RMSE=46.470 deg
      10.0 m (n= 306): trans RMSE=240.8495 m (2408.50%), rot RMSE=53.037 deg
      20.0 m (n= 281): trans RMSE=377.6863 m (1888.43%), rot RMSE=47.964 deg
      40.0 m (n= 233): trans RMSE=633.3112 m (1583.28%), rot RMSE=53.134 deg
[ORBSLAM3] ATE RMSE=0.8797 m (mean=0.8116, median=1.0002, max=1.0002), n_poses=163
       1.0 m (n=  38): trans RMSE=0.1876 m (18.76%), rot RMSE=0.982 deg
       5.0 m (n=   7): trans RMSE=0.9847 m (19.69%), rot RMSE=6.884 deg
      10.0 m: not enough associated span for this window.
      20.0 m: not enough associated span for this window.
      40.0 m: not enough associated span for this window.
Wrote /home/alien/Documents/research/third_article/pose_graph_bracketing_slam-stable/docs/results/sept_7_all/multi_method/yoda_bridge_0fps_loop_1969_12_31-19_02_42_region0_occ0/metrics_global_ba.txt
Wrote /home/alien/Documents/research/third_article/pose_graph_bracketing_slam-stable/docs/results/sept_7_all/multi_method/yoda_bridge_0fps_loop_1969_12_31-19_02_42_region0_occ0/metrics_global_ba.json
Saved /home/alien/Documents/research/third_article/pose_graph_bracketing_slam-stable/docs/results/sept_7_all/multi_method/yoda_bridge_0fps_loop_1969_12_31-19_02_42_region0_occ0/trajectories_overlay_global_ba.png
