[default] ATE RMSE=1.9571 m (mean=1.4057, median=0.5299, max=5.1015), n_poses=60
       1.0 m (n=  53): trans RMSE=0.9184 m (91.84%), rot RMSE=0.866 deg
       5.0 m (n=  48): trans RMSE=1.3861 m (27.72%), rot RMSE=1.317 deg
      10.0 m (n=  42): trans RMSE=1.8528 m (18.53%), rot RMSE=1.790 deg
      20.0 m (n=  34): trans RMSE=2.2118 m (11.06%), rot RMSE=3.301 deg
      40.0 m (n=  15): trans RMSE=3.1187 m (7.80%), rot RMSE=5.516 deg
[clahe] ATE RMSE=5.9174 m (mean=4.2708, median=2.1179, max=10.7037), n_poses=60
       1.0 m (n=  53): trans RMSE=1.3589 m (135.89%), rot RMSE=11.873 deg
       5.0 m (n=  48): trans RMSE=2.8643 m (57.29%), rot RMSE=18.918 deg
      10.0 m (n=  42): trans RMSE=4.0551 m (40.55%), rot RMSE=20.582 deg
      20.0 m (n=  34): trans RMSE=6.1598 m (30.80%), rot RMSE=21.094 deg
      40.0 m (n=  15): trans RMSE=9.1513 m (22.88%), rot RMSE=3.205 deg
[AirSLAM] WARNING: only 26 associated poses, fewer than --n-align=30
[AirSLAM] ATE RMSE=13.1606 m (mean=11.7627, median=12.6647, max=19.6828), n_poses=26
       1.0 m (n=  24): trans RMSE=1.9155 m (191.55%), rot RMSE=6.326 deg
       5.0 m (n=  21): trans RMSE=5.4571 m (109.14%), rot RMSE=13.102 deg
      10.0 m (n=  19): trans RMSE=10.1063 m (101.06%), rot RMSE=18.200 deg
      20.0 m (n=  13): trans RMSE=19.4825 m (97.41%), rot RMSE=23.715 deg
      40.0 m (n=   4): trans RMSE=35.5982 m (89.00%), rot RMSE=32.467 deg
[cuVSLAM] ATE RMSE=55.1142 m (mean=40.1154, median=17.5927, max=98.6850), n_poses=61
       1.0 m (n=  54): trans RMSE=13.0166 m (1301.66%), rot RMSE=13.024 deg
       5.0 m (n=  49): trans RMSE=26.9921 m (539.84%), rot RMSE=23.021 deg
      10.0 m (n=  43): trans RMSE=39.8048 m (398.05%), rot RMSE=28.752 deg
      20.0 m (n=  34): trans RMSE=50.4524 m (252.26%), rot RMSE=36.455 deg
      40.0 m (n=  15): trans RMSE=92.6480 m (231.62%), rot RMSE=36.611 deg
[ORBSLAM3] WARNING: only 5 associated poses, fewer than --n-align=30
[ORBSLAM3] ATE RMSE=0.0321 m (mean=0.0315, median=0.0319, max=0.0378), n_poses=5
       1.0 m: not enough associated span for this window.
       5.0 m: not enough associated span for this window.
      10.0 m: not enough associated span for this window.
      20.0 m: not enough associated span for this window.
      40.0 m: not enough associated span for this window.
Wrote /home/alien/Documents/research/third_article/pose_graph_bracketing_slam-stable/docs/results/sept_7_all/multi_method/yoda_bridge_4fps_4_1969_12_31-19_36_34_region0_occ0/metrics_global_ba.txt
Wrote /home/alien/Documents/research/third_article/pose_graph_bracketing_slam-stable/docs/results/sept_7_all/multi_method/yoda_bridge_4fps_4_1969_12_31-19_36_34_region0_occ0/metrics_global_ba.json
Saved /home/alien/Documents/research/third_article/pose_graph_bracketing_slam-stable/docs/results/sept_7_all/multi_method/yoda_bridge_4fps_4_1969_12_31-19_36_34_region0_occ0/trajectories_overlay_global_ba.png
