[default] ATE RMSE=6.1463 m (mean=3.4768, median=0.4340, max=12.3577), n_poses=49
       1.0 m (n=  43): trans RMSE=2.7656 m (276.56%), rot RMSE=6.365 deg
       5.0 m (n=  38): trans RMSE=4.7164 m (94.33%), rot RMSE=10.112 deg
      10.0 m (n=  36): trans RMSE=6.6736 m (66.74%), rot RMSE=13.693 deg
      20.0 m (n=  34): trans RMSE=8.7486 m (43.74%), rot RMSE=15.724 deg
      40.0 m (n=  16): trans RMSE=11.6407 m (29.10%), rot RMSE=20.406 deg
[clahe] ATE RMSE=6.7041 m (mean=3.8413, median=0.6148, max=14.2183), n_poses=49
       1.0 m (n=  43): trans RMSE=2.7702 m (277.02%), rot RMSE=6.436 deg
       5.0 m (n=  38): trans RMSE=5.0120 m (100.24%), rot RMSE=9.615 deg
      10.0 m (n=  36): trans RMSE=7.2887 m (72.89%), rot RMSE=13.066 deg
      20.0 m (n=  34): trans RMSE=9.7963 m (48.98%), rot RMSE=16.242 deg
      40.0 m (n=  16): trans RMSE=12.7119 m (31.78%), rot RMSE=22.979 deg
[AirSLAM] WARNING: only 21 associated poses, fewer than --n-align=30
[AirSLAM] ATE RMSE=13.3808 m (mean=11.9612, median=13.6937, max=20.7479), n_poses=21
       1.0 m (n=  19): trans RMSE=2.6257 m (262.57%), rot RMSE=7.957 deg
       5.0 m (n=  17): trans RMSE=6.5026 m (130.05%), rot RMSE=14.283 deg
      10.0 m (n=  14): trans RMSE=10.8321 m (108.32%), rot RMSE=19.668 deg
      20.0 m (n=  12): trans RMSE=20.8146 m (104.07%), rot RMSE=27.077 deg
      40.0 m (n=   3): trans RMSE=35.5300 m (88.83%), rot RMSE=30.807 deg
[cuVSLAM] ATE RMSE=16.8507 m (mean=12.3681, median=6.4489, max=36.6702), n_poses=60
       1.0 m (n=  54): trans RMSE=1.7870 m (178.70%), rot RMSE=10.410 deg
       5.0 m (n=  49): trans RMSE=5.5535 m (111.07%), rot RMSE=22.588 deg
      10.0 m (n=  44): trans RMSE=9.2850 m (92.85%), rot RMSE=28.636 deg
      20.0 m (n=  35): trans RMSE=14.7355 m (73.68%), rot RMSE=33.707 deg
      40.0 m (n=  16): trans RMSE=26.8609 m (67.15%), rot RMSE=42.354 deg
[ORBSLAM3] WARNING: only 3 associated poses, fewer than --n-align=30
[ORBSLAM3] ATE RMSE=0.0079 m (mean=0.0074, median=0.0075, max=0.0107), n_poses=3
       1.0 m: not enough associated span for this window.
       5.0 m: not enough associated span for this window.
      10.0 m: not enough associated span for this window.
      20.0 m: not enough associated span for this window.
      40.0 m: not enough associated span for this window.
Wrote /home/alien/Documents/research/third_article/pose_graph_bracketing_slam-stable/docs/results/sept_7_all/multi_method/yoda_ae_4fps_4_1969_12_31-19_55_12_region0_occ0/metrics_incremental.txt
Wrote /home/alien/Documents/research/third_article/pose_graph_bracketing_slam-stable/docs/results/sept_7_all/multi_method/yoda_ae_4fps_4_1969_12_31-19_55_12_region0_occ0/metrics_incremental.json
Saved /home/alien/Documents/research/third_article/pose_graph_bracketing_slam-stable/docs/results/sept_7_all/multi_method/yoda_ae_4fps_4_1969_12_31-19_55_12_region0_occ0/trajectories_overlay_incremental.png
