[default] ATE RMSE=2.7381 m (mean=2.1152, median=1.4666, max=5.9140), n_poses=366
       1.0 m (n= 352): trans RMSE=0.1570 m (15.70%), rot RMSE=0.843 deg
       5.0 m (n= 340): trans RMSE=0.5983 m (11.97%), rot RMSE=1.534 deg
      10.0 m (n= 327): trans RMSE=1.1154 m (11.15%), rot RMSE=2.347 deg
      20.0 m (n= 302): trans RMSE=2.0266 m (10.13%), rot RMSE=3.437 deg
      40.0 m (n= 251): trans RMSE=3.4092 m (8.52%), rot RMSE=4.885 deg
[clahe] ATE RMSE=3.2665 m (mean=2.6094, median=1.8408, max=6.7269), n_poses=366
       1.0 m (n= 352): trans RMSE=0.1877 m (18.77%), rot RMSE=0.844 deg
       5.0 m (n= 340): trans RMSE=0.7166 m (14.33%), rot RMSE=1.629 deg
      10.0 m (n= 327): trans RMSE=1.3223 m (13.22%), rot RMSE=2.530 deg
      20.0 m (n= 302): trans RMSE=2.3948 m (11.97%), rot RMSE=3.711 deg
      40.0 m (n= 251): trans RMSE=4.0182 m (10.05%), rot RMSE=5.216 deg
[AirSLAM] ATE RMSE=7.9456 m (mean=7.0610, median=7.9338, max=14.5805), n_poses=328
       1.0 m (n= 324): trans RMSE=0.5083 m (50.83%), rot RMSE=1.223 deg
       5.0 m (n= 312): trans RMSE=2.0468 m (40.94%), rot RMSE=2.031 deg
      10.0 m (n= 299): trans RMSE=3.9074 m (39.07%), rot RMSE=3.131 deg
      20.0 m (n= 273): trans RMSE=7.3764 m (36.88%), rot RMSE=5.043 deg
      40.0 m (n= 223): trans RMSE=12.1762 m (30.44%), rot RMSE=8.655 deg
[cuVSLAM] ATE RMSE=33.9265 m (mean=29.6459, median=27.2101, max=53.4479), n_poses=366
       1.0 m (n= 352): trans RMSE=1.5282 m (152.82%), rot RMSE=1.591 deg
       5.0 m (n= 340): trans RMSE=6.6076 m (132.15%), rot RMSE=5.135 deg
      10.0 m (n= 327): trans RMSE=12.7782 m (127.78%), rot RMSE=8.698 deg
      20.0 m (n= 302): trans RMSE=23.9430 m (119.71%), rot RMSE=12.907 deg
      40.0 m (n= 251): trans RMSE=41.0243 m (102.56%), rot RMSE=19.213 deg
[ORBSLAM3] ATE RMSE=5.7305 m (mean=5.1749, median=6.9578, max=7.3526), n_poses=296
       1.0 m (n= 134): trans RMSE=0.5146 m (51.46%), rot RMSE=1.096 deg
       5.0 m (n= 107): trans RMSE=2.4802 m (49.60%), rot RMSE=5.365 deg
      10.0 m (n=  66): trans RMSE=4.9122 m (49.12%), rot RMSE=11.417 deg
      20.0 m: not enough associated span for this window.
      40.0 m: not enough associated span for this window.
Wrote /home/alien/Documents/research/third_article/pose_graph_bracketing_slam-stable/docs/results/sept_7_all/multi_method/yoda_ae_0fps_loop_1969_12_31-19_04_33_region0_occ0/metrics_global_ba.txt
Wrote /home/alien/Documents/research/third_article/pose_graph_bracketing_slam-stable/docs/results/sept_7_all/multi_method/yoda_ae_0fps_loop_1969_12_31-19_04_33_region0_occ0/metrics_global_ba.json
Saved /home/alien/Documents/research/third_article/pose_graph_bracketing_slam-stable/docs/results/sept_7_all/multi_method/yoda_ae_0fps_loop_1969_12_31-19_04_33_region0_occ0/trajectories_overlay_global_ba.png
