[default] ATE RMSE=2.4959 m (mean=1.9832, median=2.5569, max=3.5362), n_poses=62
       1.0 m (n=  51): trans RMSE=0.4705 m (47.05%), rot RMSE=1.392 deg
       5.0 m (n=  47): trans RMSE=1.1160 m (22.32%), rot RMSE=2.714 deg
      10.0 m (n=  41): trans RMSE=1.7039 m (17.04%), rot RMSE=3.820 deg
      20.0 m (n=  31): trans RMSE=2.8128 m (14.06%), rot RMSE=4.182 deg
      40.0 m (n=  13): trans RMSE=3.3573 m (8.39%), rot RMSE=1.648 deg
[clahe] ATE RMSE=1.4379 m (mean=1.1264, median=1.6107, max=4.5977), n_poses=62
       1.0 m (n=  51): trans RMSE=0.6539 m (65.39%), rot RMSE=1.440 deg
       5.0 m (n=  47): trans RMSE=1.1396 m (22.79%), rot RMSE=1.487 deg
      10.0 m (n=  41): trans RMSE=1.4014 m (14.01%), rot RMSE=1.616 deg
      20.0 m (n=  31): trans RMSE=1.9511 m (9.76%), rot RMSE=1.959 deg
      40.0 m (n=  13): trans RMSE=1.8730 m (4.68%), rot RMSE=2.178 deg
[AirSLAM] WARNING: only 28 associated poses, fewer than --n-align=30
[AirSLAM] ATE RMSE=14.4114 m (mean=12.7295, median=13.8632, max=25.3399), n_poses=28
       1.0 m (n=  25): trans RMSE=2.1279 m (212.79%), rot RMSE=4.281 deg
       5.0 m (n=  23): trans RMSE=5.9023 m (118.05%), rot RMSE=5.151 deg
      10.0 m (n=  20): trans RMSE=10.8291 m (108.29%), rot RMSE=5.333 deg
      20.0 m (n=  14): trans RMSE=20.5820 m (102.91%), rot RMSE=6.361 deg
      40.0 m (n=   4): trans RMSE=40.2397 m (100.60%), rot RMSE=10.836 deg
[cuVSLAM] ATE RMSE=39.0208 m (mean=22.2521, median=4.8331, max=92.3569), n_poses=63
       1.0 m (n=  52): trans RMSE=8.1027 m (810.27%), rot RMSE=13.412 deg
       5.0 m (n=  48): trans RMSE=20.5065 m (410.13%), rot RMSE=41.271 deg
      10.0 m (n=  42): trans RMSE=24.4689 m (244.69%), rot RMSE=47.307 deg
      20.0 m (n=  31): trans RMSE=20.2472 m (101.24%), rot RMSE=42.108 deg
      40.0 m (n=  13): trans RMSE=48.4870 m (121.22%), rot RMSE=63.319 deg
[ORBSLAM3] WARNING: only 9 associated poses, fewer than --n-align=30
[ORBSLAM3] ATE RMSE=0.0343 m (mean=0.0259, median=0.0210, max=0.0857), n_poses=9
       1.0 m: not enough associated span for this window.
       5.0 m: not enough associated span for this window.
      10.0 m: not enough associated span for this window.
      20.0 m: not enough associated span for this window.
      40.0 m: not enough associated span for this window.
Wrote /home/alien/Documents/research/third_article/pose_graph_bracketing_slam-stable/docs/results/sept_7_all/multi_method/yoda_bridge_4fps_1_1969_12_31-19_29_47_region0_occ1/metrics_global_ba.txt
Wrote /home/alien/Documents/research/third_article/pose_graph_bracketing_slam-stable/docs/results/sept_7_all/multi_method/yoda_bridge_4fps_1_1969_12_31-19_29_47_region0_occ1/metrics_global_ba.json
Saved /home/alien/Documents/research/third_article/pose_graph_bracketing_slam-stable/docs/results/sept_7_all/multi_method/yoda_bridge_4fps_1_1969_12_31-19_29_47_region0_occ1/trajectories_overlay_global_ba.png
