[default] ATE RMSE=6.1347 m (mean=3.2474, median=0.3221, max=12.5757), n_poses=45
       1.0 m (n=  39): trans RMSE=2.9564 m (295.64%), rot RMSE=2.169 deg
       5.0 m (n=  35): trans RMSE=4.9065 m (98.13%), rot RMSE=2.710 deg
      10.0 m (n=  34): trans RMSE=6.6095 m (66.09%), rot RMSE=3.268 deg
      20.0 m (n=  34): trans RMSE=9.2319 m (46.16%), rot RMSE=3.635 deg
      40.0 m (n=  16): trans RMSE=12.1975 m (30.49%), rot RMSE=4.341 deg
[clahe] ATE RMSE=8.2478 m (mean=4.3338, median=0.4333, max=16.8717), n_poses=45
       1.0 m (n=  39): trans RMSE=3.5144 m (351.44%), rot RMSE=6.909 deg
       5.0 m (n=  35): trans RMSE=5.9907 m (119.81%), rot RMSE=11.330 deg
      10.0 m (n=  34): trans RMSE=8.1444 m (81.44%), rot RMSE=15.334 deg
      20.0 m (n=  34): trans RMSE=11.7370 m (58.69%), rot RMSE=20.779 deg
      40.0 m (n=  16): trans RMSE=15.5363 m (38.84%), rot RMSE=28.181 deg
[AirSLAM] WARNING: only 18 associated poses, fewer than --n-align=30
[AirSLAM] ATE RMSE=14.2898 m (mean=12.7768, median=14.8448, max=20.9307), n_poses=18
       1.0 m (n=  16): trans RMSE=3.3847 m (338.47%), rot RMSE=8.270 deg
       5.0 m (n=  14): trans RMSE=8.3893 m (167.79%), rot RMSE=14.324 deg
      10.0 m (n=  12): trans RMSE=13.2951 m (132.95%), rot RMSE=19.973 deg
      20.0 m (n=  11): trans RMSE=22.4754 m (112.38%), rot RMSE=27.644 deg
      40.0 m (n=   2): trans RMSE=36.5111 m (91.28%), rot RMSE=33.218 deg
[cuVSLAM] ATE RMSE=16.3789 m (mean=14.8720, median=13.1278, max=32.6577), n_poses=57
       1.0 m (n=  51): trans RMSE=6.6461 m (664.61%), rot RMSE=15.117 deg
       5.0 m (n=  47): trans RMSE=16.8530 m (337.06%), rot RMSE=30.454 deg
      10.0 m (n=  42): trans RMSE=24.4629 m (244.63%), rot RMSE=44.049 deg
      20.0 m (n=  34): trans RMSE=29.4233 m (147.12%), rot RMSE=60.714 deg
      40.0 m (n=  17): trans RMSE=21.1196 m (52.80%), rot RMSE=50.319 deg
[ORBSLAM3] WARNING: only 5 associated poses, fewer than --n-align=30
[ORBSLAM3] ATE RMSE=0.0177 m (mean=0.0162, median=0.0138, max=0.0291), n_poses=5
       1.0 m: not enough associated span for this window.
       5.0 m: not enough associated span for this window.
      10.0 m: not enough associated span for this window.
      20.0 m: not enough associated span for this window.
      40.0 m: not enough associated span for this window.
Wrote /home/alien/Documents/research/third_article/pose_graph_bracketing_slam-stable/docs/results/sept_7_all/multi_method/yoda_ae_4fps_3_1969_12_31-19_53_40_region0_occ0/metrics_global_ba.txt
Wrote /home/alien/Documents/research/third_article/pose_graph_bracketing_slam-stable/docs/results/sept_7_all/multi_method/yoda_ae_4fps_3_1969_12_31-19_53_40_region0_occ0/metrics_global_ba.json
Saved /home/alien/Documents/research/third_article/pose_graph_bracketing_slam-stable/docs/results/sept_7_all/multi_method/yoda_ae_4fps_3_1969_12_31-19_53_40_region0_occ0/trajectories_overlay_global_ba.png
