[default] ATE RMSE=1.9180 m (mean=1.7338, median=1.5530, max=3.0866), n_poses=37
       1.0 m (n=  35): trans RMSE=1.4072 m (140.72%), rot RMSE=9.614 deg
       5.0 m (n=  32): trans RMSE=2.3816 m (47.63%), rot RMSE=11.714 deg
      10.0 m (n=  28): trans RMSE=2.6864 m (26.86%), rot RMSE=11.053 deg
      20.0 m (n=  21): trans RMSE=3.0485 m (15.24%), rot RMSE=7.850 deg
      40.0 m (n=   6): trans RMSE=2.2879 m (5.72%), rot RMSE=3.833 deg
[clahe] SKIPPED (missing: /home/alien/Documents/research/third_article/pose_graph_bracketing_slam-stable/docs/results/sept_7_all/pipeline_clahe/yoda_fix_4fps_3_1969_12_31-19_24_25_region0_occ1/traj.tum)
[AirSLAM] WARNING: only 25 associated poses, fewer than --n-align=30
[AirSLAM] ATE RMSE=14.7356 m (mean=12.9039, median=13.7961, max=23.8841), n_poses=25
       1.0 m (n=  23): trans RMSE=2.0700 m (207.00%), rot RMSE=3.746 deg
       5.0 m (n=  22): trans RMSE=6.0992 m (121.98%), rot RMSE=5.747 deg
      10.0 m (n=  19): trans RMSE=10.8852 m (108.85%), rot RMSE=5.681 deg
      20.0 m (n=  15): trans RMSE=21.1473 m (105.74%), rot RMSE=6.888 deg
      40.0 m (n=   5): trans RMSE=40.9589 m (102.40%), rot RMSE=12.878 deg
[cuVSLAM] ATE RMSE=173.3120 m (mean=160.3683, median=174.2734, max=265.3663), n_poses=44
       1.0 m (n=  41): trans RMSE=43.7643 m (4376.43%), rot RMSE=22.233 deg
       5.0 m (n=  37): trans RMSE=97.0986 m (1941.97%), rot RMSE=44.594 deg
      10.0 m (n=  32): trans RMSE=151.3653 m (1513.65%), rot RMSE=67.828 deg
      20.0 m (n=  24): trans RMSE=255.3150 m (1276.58%), rot RMSE=75.481 deg
      40.0 m (n=   7): trans RMSE=380.0218 m (950.05%), rot RMSE=97.471 deg
[ORBSLAM3] FAILED to align/associate: Degenerate covariance rank, Umeyama alignment is not possible
Wrote /home/alien/Documents/research/third_article/pose_graph_bracketing_slam-stable/docs/results/sept_7_all/multi_method/yoda_fix_4fps_3_1969_12_31-19_24_25_region0_occ1/metrics_incremental.txt
Wrote /home/alien/Documents/research/third_article/pose_graph_bracketing_slam-stable/docs/results/sept_7_all/multi_method/yoda_fix_4fps_3_1969_12_31-19_24_25_region0_occ1/metrics_incremental.json
Saved /home/alien/Documents/research/third_article/pose_graph_bracketing_slam-stable/docs/results/sept_7_all/multi_method/yoda_fix_4fps_3_1969_12_31-19_24_25_region0_occ1/trajectories_overlay_incremental.png
