2026-09-07 22:44:09,737 INFO Loaded 151 stereo frames from /home/alien/data/yoda/sept_7/yoda_bridge_4fps_loop_1969_12_31-19_15_48/yoda_bridge_4fps_loop_1969_12_31-19_15_48_region0_occ0/data
2026-09-07 22:44:11,943 INFO Dropped 3/151 low-information frames (brightness outside [1, 245])
2026-09-07 22:44:11,949 INFO Stereo rig loaded: baseline=0.1198 m, K_left principal point 978.9,592.5
2026-09-07 22:44:13,337 INFO frame 0/147 ts=950796142656 slot=SAE landmark_obs=0
2026-09-07 22:44:19,431 INFO frame 50/147 ts=963544740320 slot=MAE landmark_obs=132
2026-09-07 22:44:25,507 INFO frame 100/147 ts=976045513760 slot=MAE landmark_obs=83
2026-09-07 22:44:30,828 INFO frame 147/147 ts=988292485472 slot=LAE landmark_obs=151
2026-09-07 22:44:30,828 INFO Processed 148 frames in 17.9s (8.27 fps)
2026-09-07 22:44:30,828 INFO Cross-bracket matches: kept 17421/17421 (0.0% dropped, requested drop 0.000)
2026-09-07 22:44:30,828 INFO Total landmark observations added: 10229 (avg 69.11 per frame)
2026-09-07 22:44:30,829 INFO Frames with zero landmark observations: 8/148 -> [36, 41, 83, 88, 89, 90, 101, 110]
2026-09-07 22:44:30,829 INFO Wrote zero-observation frame indices to /home/alien/Documents/research/third_article/pose_graph_bracketing_slam-stable/docs/results/sept_7_all/pipeline_clahe/yoda_bridge_4fps_loop_1969_12_31-19_15_48_region0_occ0/traj_zero_obs.txt
2026-09-07 22:44:30,830 INFO Wrote trajectory to /home/alien/Documents/research/third_article/pose_graph_bracketing_slam-stable/docs/results/sept_7_all/pipeline_clahe/yoda_bridge_4fps_loop_1969_12_31-19_15_48_region0_occ0/traj.tum
2026-09-07 22:44:32,535 INFO Global bundle adjustment: 1.7s
2026-09-07 22:44:32,536 INFO Wrote global-BA trajectory to /home/alien/Documents/research/third_article/pose_graph_bracketing_slam-stable/docs/results/sept_7_all/pipeline_clahe/yoda_bridge_4fps_loop_1969_12_31-19_15_48_region0_occ0/traj_global_ba.tum
2026-09-07 22:44:32,537 INFO Wrote per-frame robustness log to /home/alien/Documents/research/third_article/pose_graph_bracketing_slam-stable/docs/results/sept_7_all/pipeline_clahe/yoda_bridge_4fps_loop_1969_12_31-19_15_48_region0_occ0/traj_frames.csv
2026-09-07 22:44:32,542 INFO Wrote landmark provenance log to /home/alien/Documents/research/third_article/pose_graph_bracketing_slam-stable/docs/results/sept_7_all/pipeline_clahe/yoda_bridge_4fps_loop_1969_12_31-19_15_48_region0_occ0/traj_landmark_provenance.csv (3639 landmarks)
2026-09-07 22:44:32,542 INFO Backend resets this run: 0
2026-09-07 22:44:32,542 INFO Wrote run summary to /home/alien/Documents/research/third_article/pose_graph_bracketing_slam-stable/docs/results/sept_7_all/pipeline_clahe/yoda_bridge_4fps_loop_1969_12_31-19_15_48_region0_occ0/traj_summary.json
Loaded LightGlue model
