2026-09-07 19:52:53,275 INFO Loaded 230 stereo frames from /home/alien/data/yoda/aug_31/yoda_bridge_16fps_2_1969_12_31-19_49_44/yoda_bridge_16fps_2_1969_12_31-19_49_44_region0_occ1/data
2026-09-07 19:52:57,015 INFO Dropped 0/230 low-information frames (brightness outside [1, 245])
2026-09-07 19:52:57,022 INFO Stereo rig loaded: baseline=0.1196 m, K_left principal point 979.9,590.7
2026-09-07 19:52:58,576 INFO frame 0/229 ts=3023929553920 slot=MAE landmark_obs=0
2026-09-07 19:53:05,161 INFO frame 50/229 ts=3027061104608 slot=MAE landmark_obs=455
2026-09-07 19:53:14,105 INFO frame 100/229 ts=3030182507136 slot=MAE landmark_obs=394
2026-09-07 19:53:27,043 INFO frame 150/229 ts=3033313492448 slot=MAE landmark_obs=185
2026-09-07 19:53:40,912 INFO frame 200/229 ts=3036461914048 slot=MAE landmark_obs=210
2026-09-07 19:53:45,383 INFO frame 229/229 ts=3038282071680 slot=LAE landmark_obs=274
2026-09-07 19:53:45,383 INFO Processed 230 frames in 47.2s (4.87 fps)
2026-09-07 19:53:45,383 INFO Cross-bracket matches: kept 94111/94111 (0.0% dropped, requested drop 0.000)
2026-09-07 19:53:45,383 INFO Total landmark observations added: 49598 (avg 215.64 per frame)
2026-09-07 19:53:45,384 INFO Wrote trajectory to /home/alien/Documents/research/third_article/pose_graph_bracketing_slam-stable/docs/results/aug_31_all/pipeline_default/yoda_bridge_16fps_2_1969_12_31-19_49_44_region0_occ1/traj.tum
2026-09-07 19:53:55,240 INFO Global bundle adjustment: 9.9s
2026-09-07 19:53:55,242 INFO Wrote global-BA trajectory to /home/alien/Documents/research/third_article/pose_graph_bracketing_slam-stable/docs/results/aug_31_all/pipeline_default/yoda_bridge_16fps_2_1969_12_31-19_49_44_region0_occ1/traj_global_ba.tum
2026-09-07 19:53:55,242 INFO Wrote per-frame robustness log to /home/alien/Documents/research/third_article/pose_graph_bracketing_slam-stable/docs/results/aug_31_all/pipeline_default/yoda_bridge_16fps_2_1969_12_31-19_49_44_region0_occ1/traj_frames.csv
2026-09-07 19:53:55,308 INFO Wrote landmark provenance log to /home/alien/Documents/research/third_article/pose_graph_bracketing_slam-stable/docs/results/aug_31_all/pipeline_default/yoda_bridge_16fps_2_1969_12_31-19_49_44_region0_occ1/traj_landmark_provenance.csv (12111 landmarks)
2026-09-07 19:53:55,308 INFO Backend resets this run: 0
2026-09-07 19:53:55,308 INFO Wrote run summary to /home/alien/Documents/research/third_article/pose_graph_bracketing_slam-stable/docs/results/aug_31_all/pipeline_default/yoda_bridge_16fps_2_1969_12_31-19_49_44_region0_occ1/traj_summary.json
Loaded LightGlue model
