2026-09-07 22:24:04,431 INFO Loaded 58 stereo frames from /home/alien/data/yoda/sept_7/yoda_bridge_4fps_1_1969_12_31-19_29_47/yoda_bridge_4fps_1_1969_12_31-19_29_47_region0_occ0/data
2026-09-07 22:24:05,220 INFO Dropped 2/58 low-information frames (brightness outside [1, 245])
2026-09-07 22:24:05,226 INFO Stereo rig loaded: baseline=0.1198 m, K_left principal point 978.9,592.5
2026-09-07 22:24:06,709 INFO frame 0/55 ts=1790398132960 slot=MAE landmark_obs=0
2026-09-07 22:24:13,249 INFO frame 50/55 ts=1803398117056 slot=MAE landmark_obs=78
2026-09-07 22:24:13,681 WARNING Smoother update failed at frame 55 (IndexError: Requested variable 'x35' is not in this VectorValues.) -- resetting backend and retrying without landmarks
2026-09-07 22:24:13,683 INFO frame 55/55 ts=1804646375680 slot=MAE landmark_obs=0
2026-09-07 22:24:13,683 INFO Backend resets: 1 (see warnings above for the triggering frames)
2026-09-07 22:24:13,683 INFO Processed 56 frames in 7.4s (7.60 fps)
2026-09-07 22:24:13,683 INFO Cross-bracket matches: kept 10438/10438 (0.0% dropped, requested drop 0.000)
2026-09-07 22:24:13,683 INFO Total landmark observations added: 6511 (avg 116.27 per frame)
2026-09-07 22:24:13,683 INFO Frames with zero landmark observations: 2/56 -> [35, 55]
2026-09-07 22:24:13,683 INFO Wrote zero-observation frame indices to /home/alien/Documents/research/third_article/pose_graph_bracketing_slam-stable/docs/results/sept_7_all/pipeline_default/yoda_bridge_4fps_1_1969_12_31-19_29_47_region0_occ0/traj_zero_obs.txt
2026-09-07 22:24:13,683 INFO Wrote trajectory to /home/alien/Documents/research/third_article/pose_graph_bracketing_slam-stable/docs/results/sept_7_all/pipeline_default/yoda_bridge_4fps_1_1969_12_31-19_29_47_region0_occ0/traj.tum
2026-09-07 22:24:14,259 INFO Global bundle adjustment: 0.6s
2026-09-07 22:24:14,260 INFO Wrote global-BA trajectory to /home/alien/Documents/research/third_article/pose_graph_bracketing_slam-stable/docs/results/sept_7_all/pipeline_default/yoda_bridge_4fps_1_1969_12_31-19_29_47_region0_occ0/traj_global_ba.tum
2026-09-07 22:24:14,260 INFO Wrote per-frame robustness log to /home/alien/Documents/research/third_article/pose_graph_bracketing_slam-stable/docs/results/sept_7_all/pipeline_default/yoda_bridge_4fps_1_1969_12_31-19_29_47_region0_occ0/traj_frames.csv
2026-09-07 22:24:14,264 INFO Wrote landmark provenance log to /home/alien/Documents/research/third_article/pose_graph_bracketing_slam-stable/docs/results/sept_7_all/pipeline_default/yoda_bridge_4fps_1_1969_12_31-19_29_47_region0_occ0/traj_landmark_provenance.csv (2365 landmarks)
2026-09-07 22:24:14,264 INFO Backend resets this run: 1
2026-09-07 22:24:14,264 INFO Wrote run summary to /home/alien/Documents/research/third_article/pose_graph_bracketing_slam-stable/docs/results/sept_7_all/pipeline_default/yoda_bridge_4fps_1_1969_12_31-19_29_47_region0_occ0/traj_summary.json
Loaded LightGlue model
