2026-09-07 21:10:52,894 INFO Loaded 410 stereo frames from /home/alien/data/yoda/aug_31/yoda_bridge_0fps_ae_4_1969_12_31-19_09_13/yoda_bridge_0fps_ae_4_1969_12_31-19_09_13_region0_occ1/data
2026-09-07 21:10:59,368 INFO Dropped 0/410 low-information frames (brightness outside [1, 245])
2026-09-07 21:10:59,374 INFO Stereo rig loaded: baseline=0.1196 m, K_left principal point 979.9,590.7
2026-09-07 21:11:00,924 INFO frame 0/409 ts=591655419968 slot=LAE landmark_obs=0
2026-09-07 21:11:07,964 INFO frame 50/409 ts=593468058976 slot=LAE landmark_obs=185
2026-09-07 21:11:18,117 INFO frame 100/409 ts=595125649056 slot=LAE landmark_obs=377
2026-09-07 21:11:30,934 INFO frame 150/409 ts=596741171840 slot=LAE landmark_obs=313
2026-09-07 21:11:44,748 INFO frame 200/409 ts=598298682464 slot=LAE landmark_obs=76
2026-09-07 21:12:00,868 INFO frame 250/409 ts=599920049536 slot=LAE landmark_obs=94
2026-09-07 21:12:15,313 INFO frame 300/409 ts=601543981216 slot=LAE landmark_obs=86
2026-09-07 21:12:25,584 INFO frame 350/409 ts=603172482240 slot=LAE landmark_obs=105
2026-09-07 21:12:34,207 INFO frame 400/409 ts=604809268160 slot=LAE landmark_obs=174
2026-09-07 21:12:35,868 INFO frame 409/409 ts=605107598688 slot=LAE landmark_obs=191
2026-09-07 21:12:35,868 INFO Processed 410 frames in 95.3s (4.30 fps)
2026-09-07 21:12:35,868 INFO Total landmark observations added: 86035 (avg 209.84 per frame)
2026-09-07 21:12:35,870 INFO Wrote trajectory to /home/alien/Documents/research/third_article/pose_graph_bracketing_slam-stable/docs/results/aug_31_all/pipeline_clahe/yoda_bridge_0fps_ae_4_1969_12_31-19_09_13_region0_occ1/traj.tum
2026-09-07 21:12:42,683 INFO Global bundle adjustment: 6.8s
2026-09-07 21:12:42,686 INFO Wrote global-BA trajectory to /home/alien/Documents/research/third_article/pose_graph_bracketing_slam-stable/docs/results/aug_31_all/pipeline_clahe/yoda_bridge_0fps_ae_4_1969_12_31-19_09_13_region0_occ1/traj_global_ba.tum
2026-09-07 21:12:42,686 INFO Wrote per-frame robustness log to /home/alien/Documents/research/third_article/pose_graph_bracketing_slam-stable/docs/results/aug_31_all/pipeline_clahe/yoda_bridge_0fps_ae_4_1969_12_31-19_09_13_region0_occ1/traj_frames.csv
2026-09-07 21:12:42,736 INFO Wrote landmark provenance log to /home/alien/Documents/research/third_article/pose_graph_bracketing_slam-stable/docs/results/aug_31_all/pipeline_clahe/yoda_bridge_0fps_ae_4_1969_12_31-19_09_13_region0_occ1/traj_landmark_provenance.csv (18030 landmarks)
2026-09-07 21:12:42,737 INFO Backend resets this run: 0
2026-09-07 21:12:42,737 INFO Wrote run summary to /home/alien/Documents/research/third_article/pose_graph_bracketing_slam-stable/docs/results/aug_31_all/pipeline_clahe/yoda_bridge_0fps_ae_4_1969_12_31-19_09_13_region0_occ1/traj_summary.json
Loaded LightGlue model
