2026-08-26 10:57:04,908 INFO Loaded 1134 stereo frames from /home/alien/data/yoda/aug_9/yoda_aug_9_ae_0fps_02ema_1969_12_31-19_28_58/data
2026-08-26 10:57:20,112 INFO Dropped 10/1134 low-information frames (brightness outside [10, 245])
2026-08-26 10:57:20,118 INFO Stereo rig loaded: baseline=0.1203 m, K_left principal point 979.2,594.2
2026-08-26 10:57:20,953 INFO frame 0/1123 ts=1739492138176 slot=MAE landmark_obs=0
2026-08-26 10:57:33,243 INFO frame 50/1123 ts=1740916056864 slot=MAE landmark_obs=193
2026-08-26 10:57:46,203 INFO frame 100/1123 ts=1742364971648 slot=MAE landmark_obs=180
2026-08-26 10:57:59,870 INFO frame 150/1123 ts=1743807781984 slot=MAE landmark_obs=161
2026-08-26 10:58:13,747 INFO frame 200/1123 ts=1745284269536 slot=MAE landmark_obs=167
2026-08-26 10:58:27,163 INFO frame 250/1123 ts=1746742604256 slot=MAE landmark_obs=207
2026-08-26 10:58:39,676 INFO frame 300/1123 ts=1748242130848 slot=MAE landmark_obs=2
2026-08-26 10:58:52,291 INFO frame 350/1123 ts=1749817449184 slot=MAE landmark_obs=0
2026-08-26 10:59:05,014 INFO frame 400/1123 ts=1751269731936 slot=MAE landmark_obs=282
2026-08-26 10:59:20,874 INFO frame 450/1123 ts=1752722710560 slot=MAE landmark_obs=226
2026-08-26 10:59:36,710 INFO frame 500/1123 ts=1754183198016 slot=MAE landmark_obs=278
2026-08-26 10:59:51,373 INFO frame 550/1123 ts=1755651379840 slot=MAE landmark_obs=193
2026-08-26 11:00:05,214 INFO frame 600/1123 ts=1757143798272 slot=MAE landmark_obs=194
2026-08-26 11:00:19,251 INFO frame 650/1123 ts=1758789734304 slot=MAE landmark_obs=186
2026-08-26 11:00:32,994 INFO frame 700/1123 ts=1760246355968 slot=MAE landmark_obs=17
2026-08-26 11:00:45,799 INFO frame 750/1123 ts=1761672293216 slot=MAE landmark_obs=3
2026-08-26 11:00:58,282 INFO frame 800/1123 ts=1763236247936 slot=MAE landmark_obs=81
2026-08-26 11:01:10,843 INFO frame 850/1123 ts=1764692680288 slot=MAE landmark_obs=262
2026-08-26 11:01:24,227 INFO frame 900/1123 ts=1766132879648 slot=MAE landmark_obs=257
2026-08-26 11:01:39,857 INFO frame 950/1123 ts=1767556563168 slot=MAE landmark_obs=244
2026-08-26 11:01:57,044 INFO frame 1000/1123 ts=1769042239072 slot=MAE landmark_obs=258
2026-08-26 11:02:11,937 INFO frame 1050/1123 ts=1770508027520 slot=MAE landmark_obs=244
2026-08-26 11:02:27,025 INFO frame 1100/1123 ts=1772004368640 slot=MAE landmark_obs=234
2026-08-26 11:02:33,850 INFO frame 1123/1123 ts=1772684597344 slot=MAE landmark_obs=256
2026-08-26 11:02:33,850 INFO Processed 1124 frames in 313.4s (3.59 fps)
2026-08-26 11:02:33,851 INFO Total landmark observations added: 202715 (avg 180.35 per frame)
2026-08-26 11:02:33,851 INFO Frames with zero landmark observations: 31/1124 -> [286, 289, 293, 294, 295, 296, 297, 298, 299, 301, 302, 303, 304, 305, 310, 311, 312, 315, 350, 718, 719, 720, 721, 723, 725, 726, 728, 729, 730, 731, 780]
2026-08-26 11:02:33,851 INFO Wrote zero-observation frame indices to /home/alien/Documents/research/third_article/pose_graph_bracketing_slam-stable/docs/results/2026_08_26_full_batch_depth_scaled_noise_quad/ae_0fps/traj_zero_obs.txt
2026-08-26 11:02:33,856 INFO Wrote trajectory to /home/alien/Documents/research/third_article/pose_graph_bracketing_slam-stable/docs/results/2026_08_26_full_batch_depth_scaled_noise_quad/ae_0fps/traj.tum
2026-08-26 11:16:08,507 INFO Global bundle adjustment: 814.7s
2026-08-26 11:16:08,513 INFO Wrote global-BA trajectory to /home/alien/Documents/research/third_article/pose_graph_bracketing_slam-stable/docs/results/2026_08_26_full_batch_depth_scaled_noise_quad/ae_0fps/traj_global_ba.tum
2026-08-26 11:16:08,515 INFO Wrote per-frame robustness log to /home/alien/Documents/research/third_article/pose_graph_bracketing_slam-stable/docs/results/2026_08_26_full_batch_depth_scaled_noise_quad/ae_0fps/traj_frames.csv
2026-08-26 11:16:08,607 INFO Wrote landmark provenance log to /home/alien/Documents/research/third_article/pose_graph_bracketing_slam-stable/docs/results/2026_08_26_full_batch_depth_scaled_noise_quad/ae_0fps/traj_landmark_provenance.csv (35724 landmarks)
2026-08-26 11:16:08,607 INFO Backend resets this run: 0
2026-08-26 11:16:08,607 INFO Wrote run summary to /home/alien/Documents/research/third_article/pose_graph_bracketing_slam-stable/docs/results/2026_08_26_full_batch_depth_scaled_noise_quad/ae_0fps/traj_summary.json
Loaded LightGlue model
