2026-09-07 21:49:03,752 INFO Loaded 368 stereo frames from /home/alien/data/yoda/aug_31/yoda_bridge_5_1969_12_31-20_10_31/yoda_bridge_5_1969_12_31-20_10_31_region0_occ1/data
2026-09-07 21:49:09,768 INFO Dropped 0/368 low-information frames (brightness outside [1, 245])
2026-09-07 21:49:09,779 INFO Stereo rig loaded: baseline=0.1196 m, K_left principal point 979.9,590.7
2026-09-07 21:49:11,448 INFO frame 0/367 ts=4263595331648 slot=SAE landmark_obs=0
2026-09-07 21:49:17,775 INFO frame 50/367 ts=4265761877952 slot=LAE landmark_obs=82
2026-09-07 21:49:26,103 INFO frame 100/367 ts=4267661671232 slot=SAE landmark_obs=383
2026-09-07 21:49:36,129 INFO frame 150/367 ts=4269646885824 slot=MAE landmark_obs=310
2026-09-07 21:49:47,293 INFO frame 200/367 ts=4271614934176 slot=MAE landmark_obs=70
2026-09-07 21:50:00,985 INFO frame 250/367 ts=4273892242208 slot=MAE landmark_obs=102
2026-09-07 21:50:11,269 INFO frame 300/367 ts=4276061887520 slot=MAE landmark_obs=100
2026-09-07 21:50:18,972 INFO frame 350/367 ts=4278122786752 slot=MAE landmark_obs=261
2026-09-07 21:50:21,773 INFO frame 367/367 ts=4278970232512 slot=SAE landmark_obs=249
2026-09-07 21:50:21,773 INFO Processed 368 frames in 70.7s (5.20 fps)
2026-09-07 21:50:21,773 INFO Cross-bracket matches: kept 160707/160707 (0.0% dropped, requested drop 0.000)
2026-09-07 21:50:21,773 INFO Total landmark observations added: 69691 (avg 189.38 per frame)
2026-09-07 21:50:21,775 INFO Wrote trajectory to /home/alien/Documents/research/third_article/pose_graph_bracketing_slam-stable/docs/results/aug_31_all/pipeline_clahe/yoda_bridge_5_1969_12_31-20_10_31_region0_occ1/traj.tum
2026-09-07 21:50:33,308 INFO Global bundle adjustment: 11.5s
2026-09-07 21:50:33,311 INFO Wrote global-BA trajectory to /home/alien/Documents/research/third_article/pose_graph_bracketing_slam-stable/docs/results/aug_31_all/pipeline_clahe/yoda_bridge_5_1969_12_31-20_10_31_region0_occ1/traj_global_ba.tum
2026-09-07 21:50:33,311 INFO Wrote per-frame robustness log to /home/alien/Documents/research/third_article/pose_graph_bracketing_slam-stable/docs/results/aug_31_all/pipeline_clahe/yoda_bridge_5_1969_12_31-20_10_31_region0_occ1/traj_frames.csv
2026-09-07 21:50:33,382 INFO Wrote landmark provenance log to /home/alien/Documents/research/third_article/pose_graph_bracketing_slam-stable/docs/results/aug_31_all/pipeline_clahe/yoda_bridge_5_1969_12_31-20_10_31_region0_occ1/traj_landmark_provenance.csv (15530 landmarks)
2026-09-07 21:50:33,382 INFO Backend resets this run: 0
2026-09-07 21:50:33,382 INFO Wrote run summary to /home/alien/Documents/research/third_article/pose_graph_bracketing_slam-stable/docs/results/aug_31_all/pipeline_clahe/yoda_bridge_5_1969_12_31-20_10_31_region0_occ1/traj_summary.json
Loaded LightGlue model
