2026-09-07 19:51:41,378 INFO Loaded 247 stereo frames from /home/alien/data/yoda/aug_31/yoda_bridge_16fps_2_1969_12_31-19_49_44/yoda_bridge_16fps_2_1969_12_31-19_49_44_region0_occ0/data
2026-09-07 19:51:45,327 INFO Dropped 0/247 low-information frames (brightness outside [1, 245])
2026-09-07 19:51:45,333 INFO Stereo rig loaded: baseline=0.1196 m, K_left principal point 979.9,590.7
2026-09-07 19:51:46,831 INFO frame 0/246 ts=2988765466784 slot=SAE landmark_obs=0
2026-09-07 19:51:53,575 INFO frame 50/246 ts=2991894257824 slot=LAE landmark_obs=216
2026-09-07 19:52:02,845 INFO frame 100/246 ts=2995030970048 slot=SAE landmark_obs=351
2026-09-07 19:52:13,243 INFO frame 150/246 ts=2998175880384 slot=LAE landmark_obs=295
2026-09-07 19:52:26,224 INFO frame 200/246 ts=3001307967744 slot=SAE landmark_obs=133
2026-09-07 19:52:40,641 INFO frame 246/246 ts=3004184384128 slot=LAE landmark_obs=321
2026-09-07 19:52:40,641 INFO Processed 247 frames in 54.2s (4.56 fps)
2026-09-07 19:52:40,641 INFO Cross-bracket matches: kept 120674/120674 (0.0% dropped, requested drop 0.000)
2026-09-07 19:52:40,641 INFO Total landmark observations added: 62577 (avg 253.35 per frame)
2026-09-07 19:52:40,643 INFO Wrote trajectory to /home/alien/Documents/research/third_article/pose_graph_bracketing_slam-stable/docs/results/aug_31_all/pipeline_default/yoda_bridge_16fps_2_1969_12_31-19_49_44_region0_occ0/traj.tum
2026-09-07 19:52:51,339 INFO Global bundle adjustment: 10.7s
2026-09-07 19:52:51,342 INFO Wrote global-BA trajectory to /home/alien/Documents/research/third_article/pose_graph_bracketing_slam-stable/docs/results/aug_31_all/pipeline_default/yoda_bridge_16fps_2_1969_12_31-19_49_44_region0_occ0/traj_global_ba.tum
2026-09-07 19:52:51,342 INFO Wrote per-frame robustness log to /home/alien/Documents/research/third_article/pose_graph_bracketing_slam-stable/docs/results/aug_31_all/pipeline_default/yoda_bridge_16fps_2_1969_12_31-19_49_44_region0_occ0/traj_frames.csv
2026-09-07 19:52:51,365 INFO Wrote landmark provenance log to /home/alien/Documents/research/third_article/pose_graph_bracketing_slam-stable/docs/results/aug_31_all/pipeline_default/yoda_bridge_16fps_2_1969_12_31-19_49_44_region0_occ0/traj_landmark_provenance.csv (13759 landmarks)
2026-09-07 19:52:51,365 INFO Backend resets this run: 0
2026-09-07 19:52:51,366 INFO Wrote run summary to /home/alien/Documents/research/third_article/pose_graph_bracketing_slam-stable/docs/results/aug_31_all/pipeline_default/yoda_bridge_16fps_2_1969_12_31-19_49_44_region0_occ0/traj_summary.json
Loaded LightGlue model
