2026-09-07 19:36:15,885 INFO Loaded 401 stereo frames from /home/alien/data/yoda/aug_31/yoda_bridge_0fps_ae_3_1969_12_31-19_07_55/yoda_bridge_0fps_ae_3_1969_12_31-19_07_55_region0_occ1/data
2026-09-07 19:36:22,455 INFO Dropped 0/401 low-information frames (brightness outside [1, 245])
2026-09-07 19:36:22,471 INFO Stereo rig loaded: baseline=0.1196 m, K_left principal point 979.9,590.7
2026-09-07 19:36:24,067 INFO frame 0/400 ts=514950319744 slot=LAE landmark_obs=0
2026-09-07 19:36:31,307 INFO frame 50/400 ts=516848824704 slot=LAE landmark_obs=177
2026-09-07 19:36:41,775 INFO frame 100/400 ts=518515460448 slot=LAE landmark_obs=435
2026-09-07 19:36:54,181 INFO frame 150/400 ts=520089731840 slot=LAE landmark_obs=322
2026-09-07 19:37:07,168 INFO frame 200/400 ts=521714193280 slot=LAE landmark_obs=203
2026-09-07 19:37:24,728 INFO frame 250/400 ts=523351850528 slot=LAE landmark_obs=156
2026-09-07 19:37:41,255 INFO frame 300/400 ts=524972671648 slot=LAE landmark_obs=147
2026-09-07 19:37:55,023 INFO frame 350/400 ts=526583579488 slot=LAE landmark_obs=208
2026-09-07 19:38:06,457 INFO frame 400/400 ts=528213476864 slot=LAE landmark_obs=276
2026-09-07 19:38:06,458 INFO Processed 401 frames in 102.8s (3.90 fps)
2026-09-07 19:38:06,459 INFO Total landmark observations added: 94661 (avg 236.06 per frame)
2026-09-07 19:38:06,461 INFO Wrote trajectory to /home/alien/Documents/research/third_article/pose_graph_bracketing_slam-stable/docs/results/aug_31_all/pipeline_default/yoda_bridge_0fps_ae_3_1969_12_31-19_07_55_region0_occ1/traj.tum
2026-09-07 19:38:12,510 INFO Global bundle adjustment: 6.0s
2026-09-07 19:38:12,513 INFO Wrote global-BA trajectory to /home/alien/Documents/research/third_article/pose_graph_bracketing_slam-stable/docs/results/aug_31_all/pipeline_default/yoda_bridge_0fps_ae_3_1969_12_31-19_07_55_region0_occ1/traj_global_ba.tum
2026-09-07 19:38:12,513 INFO Wrote per-frame robustness log to /home/alien/Documents/research/third_article/pose_graph_bracketing_slam-stable/docs/results/aug_31_all/pipeline_default/yoda_bridge_0fps_ae_3_1969_12_31-19_07_55_region0_occ1/traj_frames.csv
2026-09-07 19:38:12,541 INFO Wrote landmark provenance log to /home/alien/Documents/research/third_article/pose_graph_bracketing_slam-stable/docs/results/aug_31_all/pipeline_default/yoda_bridge_0fps_ae_3_1969_12_31-19_07_55_region0_occ1/traj_landmark_provenance.csv (19531 landmarks)
2026-09-07 19:38:12,541 INFO Backend resets this run: 0
2026-09-07 19:38:12,541 INFO Wrote run summary to /home/alien/Documents/research/third_article/pose_graph_bracketing_slam-stable/docs/results/aug_31_all/pipeline_default/yoda_bridge_0fps_ae_3_1969_12_31-19_07_55_region0_occ1/traj_summary.json
Loaded LightGlue model
