2026-09-07 21:37:55,916 INFO Loaded 382 stereo frames from /home/alien/data/yoda/aug_31/yoda_bridge_3_1969_12_31-20_07_34/yoda_bridge_3_1969_12_31-20_07_34_region0_occ0/data
2026-09-07 21:38:01,814 INFO Dropped 0/382 low-information frames (brightness outside [1, 245])
2026-09-07 21:38:01,820 INFO Stereo rig loaded: baseline=0.1196 m, K_left principal point 979.9,590.7
2026-09-07 21:38:03,346 INFO frame 0/381 ts=4056968451296 slot=LAE landmark_obs=0
2026-09-07 21:38:10,139 INFO frame 50/381 ts=4059198628928 slot=MAE landmark_obs=124
2026-09-07 21:38:17,400 INFO frame 100/381 ts=4061387465728 slot=MAE landmark_obs=52
2026-09-07 21:38:28,023 INFO frame 150/381 ts=4063369815328 slot=MAE landmark_obs=388
2026-09-07 21:38:37,980 INFO frame 200/381 ts=4065225397760 slot=MAE landmark_obs=397
2026-09-07 21:38:47,678 INFO frame 250/381 ts=4067128628672 slot=MAE landmark_obs=110
2026-09-07 21:39:00,484 INFO frame 300/381 ts=4069275985024 slot=MAE landmark_obs=217
2026-09-07 21:39:12,176 INFO frame 350/381 ts=4071504282336 slot=MAE landmark_obs=130
2026-09-07 21:39:17,712 INFO frame 381/381 ts=4072905462432 slot=SAE landmark_obs=124
2026-09-07 21:39:17,712 INFO Processed 382 frames in 74.8s (5.11 fps)
2026-09-07 21:39:17,712 INFO Cross-bracket matches: kept 162003/162003 (0.0% dropped, requested drop 0.000)
2026-09-07 21:39:17,712 INFO Total landmark observations added: 69548 (avg 182.06 per frame)
2026-09-07 21:39:17,715 INFO Wrote trajectory to /home/alien/Documents/research/third_article/pose_graph_bracketing_slam-stable/docs/results/aug_31_all/pipeline_clahe/yoda_bridge_3_1969_12_31-20_07_34_region0_occ0/traj.tum
2026-09-07 21:39:27,729 INFO Global bundle adjustment: 10.0s
2026-09-07 21:39:27,733 INFO Wrote global-BA trajectory to /home/alien/Documents/research/third_article/pose_graph_bracketing_slam-stable/docs/results/aug_31_all/pipeline_clahe/yoda_bridge_3_1969_12_31-20_07_34_region0_occ0/traj_global_ba.tum
2026-09-07 21:39:27,733 INFO Wrote per-frame robustness log to /home/alien/Documents/research/third_article/pose_graph_bracketing_slam-stable/docs/results/aug_31_all/pipeline_clahe/yoda_bridge_3_1969_12_31-20_07_34_region0_occ0/traj_frames.csv
2026-09-07 21:39:27,759 INFO Wrote landmark provenance log to /home/alien/Documents/research/third_article/pose_graph_bracketing_slam-stable/docs/results/aug_31_all/pipeline_clahe/yoda_bridge_3_1969_12_31-20_07_34_region0_occ0/traj_landmark_provenance.csv (15469 landmarks)
2026-09-07 21:39:27,759 INFO Backend resets this run: 0
2026-09-07 21:39:27,759 INFO Wrote run summary to /home/alien/Documents/research/third_article/pose_graph_bracketing_slam-stable/docs/results/aug_31_all/pipeline_clahe/yoda_bridge_3_1969_12_31-20_07_34_region0_occ0/traj_summary.json
Loaded LightGlue model
