2026-09-07 20:52:20,063 INFO Loaded 546 stereo frames from /home/alien/data/yoda/aug_31/yoda_fixedev_5_1969_12_31-20_00_15/yoda_fixedev_5_1969_12_31-20_00_15_region0_occ0/data
2026-09-07 20:52:26,800 INFO Dropped 203/546 low-information frames (brightness outside [1, 245])
2026-09-07 20:52:26,808 INFO Stereo rig loaded: baseline=0.1196 m, K_left principal point 979.9,590.7
2026-09-07 20:52:28,407 INFO frame 0/342 ts=3617910087776 slot=MAE landmark_obs=0
2026-09-07 20:52:35,340 INFO frame 50/342 ts=3620115589376 slot=LAE landmark_obs=183
2026-09-07 20:52:43,521 INFO frame 100/342 ts=3622322038560 slot=MAE landmark_obs=295
2026-09-07 20:52:55,573 INFO frame 150/342 ts=3624224509920 slot=LAE landmark_obs=217
2026-09-07 20:53:08,255 INFO frame 200/342 ts=3625851512992 slot=SAE landmark_obs=352
2026-09-07 20:53:22,917 INFO frame 250/342 ts=3627523668320 slot=LAE landmark_obs=400
2026-09-07 20:53:43,207 INFO frame 300/342 ts=3630255884512 slot=LAE landmark_obs=120
2026-09-07 20:54:00,972 INFO frame 342/342 ts=3635713230624 slot=LAE landmark_obs=162
2026-09-07 20:54:00,972 INFO Processed 343 frames in 93.0s (3.69 fps)
2026-09-07 20:54:00,972 INFO Cross-bracket matches: kept 83877/83877 (0.0% dropped, requested drop 0.000)
2026-09-07 20:54:00,972 INFO Total landmark observations added: 88376 (avg 257.66 per frame)
2026-09-07 20:54:00,975 INFO Wrote trajectory to /home/alien/Documents/research/third_article/pose_graph_bracketing_slam-stable/docs/results/aug_31_all/pipeline_default/yoda_fixedev_5_1969_12_31-20_00_15_region0_occ0/traj.tum
2026-09-07 20:54:07,945 INFO Global bundle adjustment: 7.0s
2026-09-07 20:54:07,998 INFO Wrote global-BA trajectory to /home/alien/Documents/research/third_article/pose_graph_bracketing_slam-stable/docs/results/aug_31_all/pipeline_default/yoda_fixedev_5_1969_12_31-20_00_15_region0_occ0/traj_global_ba.tum
2026-09-07 20:54:07,999 INFO Wrote per-frame robustness log to /home/alien/Documents/research/third_article/pose_graph_bracketing_slam-stable/docs/results/aug_31_all/pipeline_default/yoda_fixedev_5_1969_12_31-20_00_15_region0_occ0/traj_frames.csv
2026-09-07 20:54:08,023 INFO Wrote landmark provenance log to /home/alien/Documents/research/third_article/pose_graph_bracketing_slam-stable/docs/results/aug_31_all/pipeline_default/yoda_fixedev_5_1969_12_31-20_00_15_region0_occ0/traj_landmark_provenance.csv (17085 landmarks)
2026-09-07 20:54:08,023 INFO Backend resets this run: 0
2026-09-07 20:54:08,024 INFO Wrote run summary to /home/alien/Documents/research/third_article/pose_graph_bracketing_slam-stable/docs/results/aug_31_all/pipeline_default/yoda_fixedev_5_1969_12_31-20_00_15_region0_occ0/traj_summary.json
Loaded LightGlue model
