2026-09-07 20:40:46,852 INFO Loaded 467 stereo frames from /home/alien/data/yoda/aug_31/yoda_fixedev_2_1969_12_31-19_56_09/yoda_fixedev_2_1969_12_31-19_56_09_region0_occ0/data
2026-09-07 20:40:52,744 INFO Dropped 163/467 low-information frames (brightness outside [1, 245])
2026-09-07 20:40:52,752 INFO Stereo rig loaded: baseline=0.1196 m, K_left principal point 979.9,590.7
2026-09-07 20:40:54,207 INFO frame 0/303 ts=3372302181664 slot=LAE landmark_obs=0
2026-09-07 20:41:01,242 INFO frame 50/303 ts=3374547823456 slot=MAE landmark_obs=145
2026-09-07 20:41:09,396 INFO frame 100/303 ts=3376718398144 slot=MAE landmark_obs=275
2026-09-07 20:41:21,181 INFO frame 150/303 ts=3378449361440 slot=SAE landmark_obs=358
2026-09-07 20:41:34,059 INFO frame 200/303 ts=3380096833344 slot=LAE landmark_obs=325
2026-09-07 20:41:48,640 INFO frame 250/303 ts=3381812485920 slot=LAE landmark_obs=308
2026-09-07 20:42:11,537 INFO frame 300/303 ts=3387126811008 slot=LAE landmark_obs=140
2026-09-07 20:42:11,875 INFO frame 303/303 ts=3387517530208 slot=LAE landmark_obs=133
2026-09-07 20:42:11,875 INFO Processed 304 frames in 78.1s (3.89 fps)
2026-09-07 20:42:11,875 INFO Cross-bracket matches: kept 71281/71281 (0.0% dropped, requested drop 0.000)
2026-09-07 20:42:11,875 INFO Total landmark observations added: 75979 (avg 249.93 per frame)
2026-09-07 20:42:11,877 INFO Wrote trajectory to /home/alien/Documents/research/third_article/pose_graph_bracketing_slam-stable/docs/results/aug_31_all/pipeline_default/yoda_fixedev_2_1969_12_31-19_56_09_region0_occ0/traj.tum
2026-09-07 20:42:21,578 INFO Global bundle adjustment: 9.7s
2026-09-07 20:42:21,582 INFO Wrote global-BA trajectory to /home/alien/Documents/research/third_article/pose_graph_bracketing_slam-stable/docs/results/aug_31_all/pipeline_default/yoda_fixedev_2_1969_12_31-19_56_09_region0_occ0/traj_global_ba.tum
2026-09-07 20:42:21,582 INFO Wrote per-frame robustness log to /home/alien/Documents/research/third_article/pose_graph_bracketing_slam-stable/docs/results/aug_31_all/pipeline_default/yoda_fixedev_2_1969_12_31-19_56_09_region0_occ0/traj_frames.csv
2026-09-07 20:42:21,610 INFO Wrote landmark provenance log to /home/alien/Documents/research/third_article/pose_graph_bracketing_slam-stable/docs/results/aug_31_all/pipeline_default/yoda_fixedev_2_1969_12_31-19_56_09_region0_occ0/traj_landmark_provenance.csv (15239 landmarks)
2026-09-07 20:42:21,610 INFO Backend resets this run: 0
2026-09-07 20:42:21,610 INFO Wrote run summary to /home/alien/Documents/research/third_article/pose_graph_bracketing_slam-stable/docs/results/aug_31_all/pipeline_default/yoda_fixedev_2_1969_12_31-19_56_09_region0_occ0/traj_summary.json
Loaded LightGlue model
