2026-08-26 11:38:35,284 INFO Loaded 192 stereo frames from /home/alien/data/yoda/aug_25/yoda_vachon_n3_5fps_1969_12_31-19_24_23/data
2026-08-26 11:38:37,748 INFO Dropped 24/192 low-information frames (brightness outside [10, 245])
2026-08-26 11:38:37,753 INFO Stereo rig loaded: baseline=0.1197 m, K_left principal point 977.0,593.7
2026-08-26 11:38:38,507 INFO frame 0/167 ts=1464370269248 slot=LAE landmark_obs=0
2026-08-26 11:38:53,797 INFO frame 50/167 ts=1476568615680 slot=MAE landmark_obs=256
2026-08-26 11:39:07,151 INFO frame 100/167 ts=1487963309408 slot=SAE landmark_obs=75
2026-08-26 11:39:19,067 INFO frame 150/167 ts=1499167841312 slot=SAE landmark_obs=130
2026-08-26 11:39:23,161 INFO frame 167/167 ts=1502568555488 slot=MAE landmark_obs=73
2026-08-26 11:39:23,161 INFO Processed 168 frames in 45.1s (3.72 fps)
2026-08-26 11:39:23,161 INFO Total landmark observations added: 25791 (avg 153.52 per frame)
2026-08-26 11:39:23,161 INFO Frames with zero landmark observations: 3/168 -> [105, 129, 164]
2026-08-26 11:39:23,161 INFO Wrote zero-observation frame indices to /home/alien/Documents/research/third_article/pose_graph_bracketing_slam-stable/docs/results/2026_08_26_full_batch_depth_scaled_noise_quad/vachon_n3_5fps/traj_zero_obs.txt
2026-08-26 11:39:23,162 INFO Wrote trajectory to /home/alien/Documents/research/third_article/pose_graph_bracketing_slam-stable/docs/results/2026_08_26_full_batch_depth_scaled_noise_quad/vachon_n3_5fps/traj.tum
2026-08-26 11:40:09,610 INFO Global bundle adjustment: 46.4s
2026-08-26 11:40:09,611 INFO Wrote global-BA trajectory to /home/alien/Documents/research/third_article/pose_graph_bracketing_slam-stable/docs/results/2026_08_26_full_batch_depth_scaled_noise_quad/vachon_n3_5fps/traj_global_ba.tum
2026-08-26 11:40:09,611 INFO Wrote per-frame robustness log to /home/alien/Documents/research/third_article/pose_graph_bracketing_slam-stable/docs/results/2026_08_26_full_batch_depth_scaled_noise_quad/vachon_n3_5fps/traj_frames.csv
2026-08-26 11:40:09,657 INFO Wrote landmark provenance log to /home/alien/Documents/research/third_article/pose_graph_bracketing_slam-stable/docs/results/2026_08_26_full_batch_depth_scaled_noise_quad/vachon_n3_5fps/traj_landmark_provenance.csv (6097 landmarks)
2026-08-26 11:40:09,657 INFO Backend resets this run: 0
2026-08-26 11:40:09,658 INFO Wrote run summary to /home/alien/Documents/research/third_article/pose_graph_bracketing_slam-stable/docs/results/2026_08_26_full_batch_depth_scaled_noise_quad/vachon_n3_5fps/traj_summary.json
Loaded LightGlue model
