2026-09-06 13:50:47,852 INFO Loaded 65 stereo frames from /home/alien/data/yoda/aug_31/yoda_bridge_4fps_ae_1_1969_12_31-19_17_28/yoda_bridge_4fps_ae_1_1969_12_31-19_17_28_region0_occ0/data
2026-09-06 13:50:48,647 INFO Dropped 11/65 low-information frames (brightness outside [1, 245])
2026-09-06 13:50:48,653 INFO Stereo rig loaded: baseline=0.1196 m, K_left principal point 979.9,590.7
2026-09-06 13:50:50,209 INFO frame 0/53 ts=1051112329248 slot=LAE landmark_obs=0
2026-09-06 13:50:56,864 WARNING Smoother update failed at frame 37 (RuntimeError: 
Indeterminant linear system detected while working near variable
8646911284551352357 (Symbol: x37).

Thrown when a linear system is ill-posed.  The most common cause for this
error is having underconstrained variables.  Mathematically, the system is
underdetermined.  See the GTSAM Doxygen documentation at
http://borg.cc.gatech.edu/ on gtsam::IndeterminantLinearSystemException for
more information.) -- resetting backend and retrying without landmarks
Loaded LightGlue model
Traceback (most recent call last):
  File "/home/alien/Documents/research/third_article/pose_graph_bracketing_slam-stable/scripts/run_trajectory.py", line 300, in <module>
    main()
  File "/home/alien/Documents/research/third_article/pose_graph_bracketing_slam-stable/scripts/run_trajectory.py", line 192, in main
    results = builder.run(frames)
              ^^^^^^^^^^^^^^^^^^^
  File "/home/alien/Documents/research/third_article/pose_graph_bracketing_slam-stable/src/pose_graph_bracketing/graph_builder.py", line 728, in run
    result = self.process_frame(idx, frames)
             ^^^^^^^^^^^^^^^^^^^^^^^^^^^^^^^
  File "/home/alien/Documents/research/third_article/pose_graph_bracketing_slam-stable/src/pose_graph_bracketing/graph_builder.py", line 539, in process_frame
    self._full_initial.insert(initial)
RuntimeError: Attempting to add a key-value pair with key "l0", key already exists.
