2026-09-07 21:54:14,760 INFO Loaded 118 stereo frames from /home/alien/data/yoda/aug_31/yoda_bridge_8fps_5_1969_12_31-19_41_42/yoda_bridge_8fps_5_1969_12_31-19_41_42_region0_occ1/data
2026-09-07 21:54:16,668 INFO Dropped 0/118 low-information frames (brightness outside [1, 245])
2026-09-07 21:54:16,674 INFO Stereo rig loaded: baseline=0.1196 m, K_left principal point 979.9,590.7
2026-09-07 21:54:18,207 INFO frame 0/117 ts=2541634298816 slot=SAE landmark_obs=0
2026-09-07 21:54:25,064 INFO frame 50/117 ts=2547886554176 slot=LAE landmark_obs=30
2026-09-07 21:54:32,117 INFO frame 100/117 ts=2554136354272 slot=SAE landmark_obs=90
2026-09-07 21:54:34,215 INFO frame 117/117 ts=2556260607904 slot=SAE landmark_obs=297
2026-09-07 21:54:34,215 INFO Processed 118 frames in 16.4s (7.20 fps)
2026-09-07 21:54:34,215 INFO Cross-bracket matches: kept 25741/25741 (0.0% dropped, requested drop 0.000)
2026-09-07 21:54:34,215 INFO Total landmark observations added: 14499 (avg 122.87 per frame)
2026-09-07 21:54:34,215 INFO Frames with zero landmark observations: 1/118 -> [56]
2026-09-07 21:54:34,216 INFO Wrote zero-observation frame indices to /home/alien/Documents/research/third_article/pose_graph_bracketing_slam-stable/docs/results/aug_31_all/pipeline_clahe/yoda_bridge_8fps_5_1969_12_31-19_41_42_region0_occ1/traj_zero_obs.txt
2026-09-07 21:54:34,216 INFO Wrote trajectory to /home/alien/Documents/research/third_article/pose_graph_bracketing_slam-stable/docs/results/aug_31_all/pipeline_clahe/yoda_bridge_8fps_5_1969_12_31-19_41_42_region0_occ1/traj.tum
2026-09-07 21:54:37,128 INFO Global bundle adjustment: 2.9s
2026-09-07 21:54:37,129 INFO Wrote global-BA trajectory to /home/alien/Documents/research/third_article/pose_graph_bracketing_slam-stable/docs/results/aug_31_all/pipeline_clahe/yoda_bridge_8fps_5_1969_12_31-19_41_42_region0_occ1/traj_global_ba.tum
2026-09-07 21:54:37,130 INFO Wrote per-frame robustness log to /home/alien/Documents/research/third_article/pose_graph_bracketing_slam-stable/docs/results/aug_31_all/pipeline_clahe/yoda_bridge_8fps_5_1969_12_31-19_41_42_region0_occ1/traj_frames.csv
2026-09-07 21:54:37,137 INFO Wrote landmark provenance log to /home/alien/Documents/research/third_article/pose_graph_bracketing_slam-stable/docs/results/aug_31_all/pipeline_clahe/yoda_bridge_8fps_5_1969_12_31-19_41_42_region0_occ1/traj_landmark_provenance.csv (4555 landmarks)
2026-09-07 21:54:37,137 INFO Backend resets this run: 0
2026-09-07 21:54:37,137 INFO Wrote run summary to /home/alien/Documents/research/third_article/pose_graph_bracketing_slam-stable/docs/results/aug_31_all/pipeline_clahe/yoda_bridge_8fps_5_1969_12_31-19_41_42_region0_occ1/traj_summary.json
Loaded LightGlue model
