2026-09-03 20:39:56,752 INFO Loaded 386 stereo frames from /home/alien/data/yoda/aug_31/yoda_bridge_1_1969_12_31-20_04_19/yoda_bridge_1_1969_12_31-20_04_19_region0_occ0/data
2026-09-03 20:40:01,881 INFO Dropped 0/386 low-information frames (brightness outside [1, 245])
2026-09-03 20:40:01,887 INFO Stereo rig loaded: baseline=0.1196 m, K_left principal point 979.9,590.7
2026-09-03 20:40:03,255 INFO frame 0/385 ts=3862096574752 slot=MAE landmark_obs=0
2026-09-03 20:40:10,176 INFO frame 50/385 ts=3864490262080 slot=SAE landmark_obs=162
2026-09-03 20:40:17,076 INFO frame 100/385 ts=3866734683360 slot=LAE landmark_obs=25
2026-09-03 20:40:28,354 INFO frame 150/385 ts=3868797686784 slot=SAE landmark_obs=365
2026-09-03 20:40:42,540 INFO frame 200/385 ts=3870745471584 slot=LAE landmark_obs=386
2026-09-03 20:40:54,367 INFO frame 250/385 ts=3872755384224 slot=SAE landmark_obs=170
2026-09-03 20:41:13,279 INFO frame 300/385 ts=3875016494208 slot=LAE landmark_obs=259
2026-09-03 20:41:36,036 INFO frame 350/385 ts=3877341777920 slot=SAE landmark_obs=104
2026-09-03 20:41:42,580 INFO frame 385/385 ts=3878986831904 slot=MAE landmark_obs=214
2026-09-03 20:41:42,580 INFO Processed 386 frames in 99.7s (3.87 fps)
2026-09-03 20:41:42,580 INFO Total landmark observations added: 99190 (avg 256.97 per frame)
2026-09-03 20:41:42,582 INFO Wrote trajectory to /home/alien/Documents/research/third_article/pose_graph_bracketing_slam-stable/docs/results/aug_31_all/pipeline_default/yoda_bridge_1_1969_12_31-20_04_19_region0_occ0/traj.tum
2026-09-03 20:42:24,432 INFO Global bundle adjustment: 41.8s
2026-09-03 20:42:24,490 INFO Wrote global-BA trajectory to /home/alien/Documents/research/third_article/pose_graph_bracketing_slam-stable/docs/results/aug_31_all/pipeline_default/yoda_bridge_1_1969_12_31-20_04_19_region0_occ0/traj_global_ba.tum
2026-09-03 20:42:24,493 INFO Wrote per-frame robustness log to /home/alien/Documents/research/third_article/pose_graph_bracketing_slam-stable/docs/results/aug_31_all/pipeline_default/yoda_bridge_1_1969_12_31-20_04_19_region0_occ0/traj_frames.csv
2026-09-03 20:42:24,524 INFO Wrote landmark provenance log to /home/alien/Documents/research/third_article/pose_graph_bracketing_slam-stable/docs/results/aug_31_all/pipeline_default/yoda_bridge_1_1969_12_31-20_04_19_region0_occ0/traj_landmark_provenance.csv (19450 landmarks)
2026-09-03 20:42:24,524 INFO Backend resets this run: 0
2026-09-03 20:42:24,524 INFO Wrote run summary to /home/alien/Documents/research/third_article/pose_graph_bracketing_slam-stable/docs/results/aug_31_all/pipeline_default/yoda_bridge_1_1969_12_31-20_04_19_region0_occ0/traj_summary.json
Loaded LightGlue model
