2026-09-07 21:03:35,621 INFO Loaded 393 stereo frames from /home/alien/data/yoda/aug_31/yoda_bridge_0fps_ae_2_1969_12_31-19_05_53/yoda_bridge_0fps_ae_2_1969_12_31-19_05_53_region0_occ1/data
2026-09-07 21:03:41,555 INFO Dropped 0/393 low-information frames (brightness outside [1, 245])
2026-09-07 21:03:41,562 INFO Stereo rig loaded: baseline=0.1196 m, K_left principal point 979.9,590.7
2026-09-07 21:03:43,248 INFO frame 0/392 ts=407215664192 slot=LAE landmark_obs=0
2026-09-07 21:03:50,099 INFO frame 50/392 ts=409114889216 slot=LAE landmark_obs=231
2026-09-07 21:03:59,910 INFO frame 100/392 ts=410755593696 slot=LAE landmark_obs=395
2026-09-07 21:04:12,698 INFO frame 150/392 ts=412317281632 slot=LAE landmark_obs=306
2026-09-07 21:04:25,618 INFO frame 200/392 ts=413912640800 slot=LAE landmark_obs=74
2026-09-07 21:04:41,503 INFO frame 250/392 ts=415546949344 slot=LAE landmark_obs=87
2026-09-07 21:04:55,611 INFO frame 300/392 ts=417202266656 slot=LAE landmark_obs=133
2026-09-07 21:05:05,253 INFO frame 350/392 ts=418801682048 slot=LAE landmark_obs=205
2026-09-07 21:05:12,845 INFO frame 392/392 ts=420148106560 slot=LAE landmark_obs=192
2026-09-07 21:05:12,845 INFO Processed 393 frames in 90.0s (4.37 fps)
2026-09-07 21:05:12,845 INFO Total landmark observations added: 81008 (avg 206.13 per frame)
2026-09-07 21:05:12,848 INFO Wrote trajectory to /home/alien/Documents/research/third_article/pose_graph_bracketing_slam-stable/docs/results/aug_31_all/pipeline_clahe/yoda_bridge_0fps_ae_2_1969_12_31-19_05_53_region0_occ1/traj.tum
2026-09-07 21:05:25,244 INFO Global bundle adjustment: 12.4s
2026-09-07 21:05:25,247 INFO Wrote global-BA trajectory to /home/alien/Documents/research/third_article/pose_graph_bracketing_slam-stable/docs/results/aug_31_all/pipeline_clahe/yoda_bridge_0fps_ae_2_1969_12_31-19_05_53_region0_occ1/traj_global_ba.tum
2026-09-07 21:05:25,248 INFO Wrote per-frame robustness log to /home/alien/Documents/research/third_article/pose_graph_bracketing_slam-stable/docs/results/aug_31_all/pipeline_clahe/yoda_bridge_0fps_ae_2_1969_12_31-19_05_53_region0_occ1/traj_frames.csv
2026-09-07 21:05:25,295 INFO Wrote landmark provenance log to /home/alien/Documents/research/third_article/pose_graph_bracketing_slam-stable/docs/results/aug_31_all/pipeline_clahe/yoda_bridge_0fps_ae_2_1969_12_31-19_05_53_region0_occ1/traj_landmark_provenance.csv (17468 landmarks)
2026-09-07 21:05:25,295 INFO Backend resets this run: 0
2026-09-07 21:05:25,295 INFO Wrote run summary to /home/alien/Documents/research/third_article/pose_graph_bracketing_slam-stable/docs/results/aug_31_all/pipeline_clahe/yoda_bridge_0fps_ae_2_1969_12_31-19_05_53_region0_occ1/traj_summary.json
Loaded LightGlue model
