2026-09-07 22:02:52,637 INFO Loaded 478 stereo frames from /home/alien/data/yoda/aug_31/yoda_fixedev_2_1969_12_31-19_56_09/yoda_fixedev_2_1969_12_31-19_56_09_region0_occ1/data
2026-09-07 22:02:59,383 INFO Dropped 92/478 low-information frames (brightness outside [1, 245])
2026-09-07 22:02:59,389 INFO Stereo rig loaded: baseline=0.1196 m, K_left principal point 979.9,590.7
2026-09-07 22:03:00,933 INFO frame 0/385 ts=3401482734048 slot=LAE landmark_obs=0
2026-09-07 22:03:07,686 INFO frame 50/385 ts=3403850766272 slot=LAE landmark_obs=153
2026-09-07 22:03:15,205 INFO frame 100/385 ts=3405645459712 slot=MAE landmark_obs=415
2026-09-07 22:03:24,136 INFO frame 150/385 ts=3407297188096 slot=MAE landmark_obs=200
2026-09-07 22:03:33,737 INFO frame 200/385 ts=3409021390912 slot=MAE landmark_obs=69
2026-09-07 22:03:46,844 INFO frame 250/385 ts=3411216293952 slot=LAE landmark_obs=108
2026-09-07 22:03:57,924 INFO frame 300/385 ts=3413407778304 slot=MAE landmark_obs=61
2026-09-07 22:04:05,733 INFO frame 350/385 ts=3415556913952 slot=MAE landmark_obs=185
2026-09-07 22:04:11,519 INFO frame 385/385 ts=3417119960384 slot=LAE landmark_obs=229
2026-09-07 22:04:11,519 INFO Processed 386 frames in 71.0s (5.43 fps)
2026-09-07 22:04:11,519 INFO Cross-bracket matches: kept 91675/91675 (0.0% dropped, requested drop 0.000)
2026-09-07 22:04:11,519 INFO Total landmark observations added: 57488 (avg 148.93 per frame)
2026-09-07 22:04:11,519 INFO Frames with zero landmark observations: 1/386 -> [3]
2026-09-07 22:04:11,519 INFO Wrote zero-observation frame indices to /home/alien/Documents/research/third_article/pose_graph_bracketing_slam-stable/docs/results/aug_31_all/pipeline_clahe/yoda_fixedev_2_1969_12_31-19_56_09_region0_occ1/traj_zero_obs.txt
2026-09-07 22:04:11,521 INFO Wrote trajectory to /home/alien/Documents/research/third_article/pose_graph_bracketing_slam-stable/docs/results/aug_31_all/pipeline_clahe/yoda_fixedev_2_1969_12_31-19_56_09_region0_occ1/traj.tum
2026-09-07 22:04:19,612 INFO Global bundle adjustment: 8.1s
2026-09-07 22:04:19,615 INFO Wrote global-BA trajectory to /home/alien/Documents/research/third_article/pose_graph_bracketing_slam-stable/docs/results/aug_31_all/pipeline_clahe/yoda_fixedev_2_1969_12_31-19_56_09_region0_occ1/traj_global_ba.tum
2026-09-07 22:04:19,616 INFO Wrote per-frame robustness log to /home/alien/Documents/research/third_article/pose_graph_bracketing_slam-stable/docs/results/aug_31_all/pipeline_clahe/yoda_fixedev_2_1969_12_31-19_56_09_region0_occ1/traj_frames.csv
2026-09-07 22:04:19,637 INFO Wrote landmark provenance log to /home/alien/Documents/research/third_article/pose_graph_bracketing_slam-stable/docs/results/aug_31_all/pipeline_clahe/yoda_fixedev_2_1969_12_31-19_56_09_region0_occ1/traj_landmark_provenance.csv (14213 landmarks)
2026-09-07 22:04:19,637 INFO Backend resets this run: 0
2026-09-07 22:04:19,637 INFO Wrote run summary to /home/alien/Documents/research/third_article/pose_graph_bracketing_slam-stable/docs/results/aug_31_all/pipeline_clahe/yoda_fixedev_2_1969_12_31-19_56_09_region0_occ1/traj_summary.json
Loaded LightGlue model
