2026-09-07 22:31:55,634 INFO Loaded 1113 stereo frames from /home/alien/data/yoda/sept_7/yoda_ae_0fps_loop_1969_12_31-19_04_33/yoda_ae_0fps_loop_1969_12_31-19_04_33_region0_occ0/data
2026-09-07 22:32:11,990 INFO Dropped 0/1113 low-information frames (brightness outside [1, 245])
2026-09-07 22:32:11,997 INFO Stereo rig loaded: baseline=0.1198 m, K_left principal point 978.9,592.5
2026-09-07 22:32:13,392 INFO frame 0/1112 ts=277621498400 slot=LAE landmark_obs=0
2026-09-07 22:32:19,805 INFO frame 50/1112 ts=279267522464 slot=LAE landmark_obs=170
2026-09-07 22:32:27,371 INFO frame 100/1112 ts=280899290752 slot=LAE landmark_obs=210
2026-09-07 22:32:36,708 INFO frame 150/1112 ts=282545238400 slot=LAE landmark_obs=176
2026-09-07 22:32:48,747 INFO frame 200/1112 ts=284198469856 slot=LAE landmark_obs=256
2026-09-07 22:33:01,140 INFO frame 250/1112 ts=285743399648 slot=LAE landmark_obs=205
2026-09-07 22:33:13,582 INFO frame 300/1112 ts=287396724064 slot=LAE landmark_obs=179
2026-09-07 22:33:28,252 INFO frame 350/1112 ts=289163700480 slot=LAE landmark_obs=241
2026-09-07 22:33:39,370 INFO frame 400/1112 ts=291030477952 slot=LAE landmark_obs=124
2026-09-07 22:33:50,423 INFO frame 450/1112 ts=292908910496 slot=LAE landmark_obs=283
2026-09-07 22:34:04,071 INFO frame 500/1112 ts=294785765664 slot=LAE landmark_obs=206
2026-09-07 22:34:17,676 INFO frame 550/1112 ts=296418912800 slot=LAE landmark_obs=191
2026-09-07 22:34:33,023 INFO frame 600/1112 ts=298057897280 slot=LAE landmark_obs=71
2026-09-07 22:34:44,873 INFO frame 650/1112 ts=299670774496 slot=LAE landmark_obs=319
2026-09-07 22:34:56,969 INFO frame 700/1112 ts=301246566240 slot=LAE landmark_obs=259
2026-09-07 22:35:09,156 INFO frame 750/1112 ts=302699338624 slot=LAE landmark_obs=325
2026-09-07 22:35:22,054 INFO frame 800/1112 ts=304244972096 slot=LAE landmark_obs=136
2026-09-07 22:35:36,829 INFO frame 850/1112 ts=305846496960 slot=LAE landmark_obs=92
2026-09-07 22:35:49,252 INFO frame 900/1112 ts=307478003008 slot=LAE landmark_obs=108
2026-09-07 22:36:01,185 INFO frame 950/1112 ts=309078824992 slot=LAE landmark_obs=159
2026-09-07 22:36:10,996 INFO frame 1000/1112 ts=310743781856 slot=LAE landmark_obs=82
2026-09-07 22:36:20,603 INFO frame 1050/1112 ts=312379007296 slot=LAE landmark_obs=176
2026-09-07 22:36:29,901 INFO frame 1100/1112 ts=313984015168 slot=LAE landmark_obs=245
2026-09-07 22:36:32,099 INFO frame 1112/1112 ts=314360937856 slot=LAE landmark_obs=209
2026-09-07 22:36:32,099 INFO Processed 1113 frames in 259.1s (4.30 fps)
2026-09-07 22:36:32,099 INFO Total landmark observations added: 221363 (avg 198.89 per frame)
2026-09-07 22:36:32,105 INFO Wrote trajectory to /home/alien/Documents/research/third_article/pose_graph_bracketing_slam-stable/docs/results/sept_7_all/pipeline_clahe/yoda_ae_0fps_loop_1969_12_31-19_04_33_region0_occ0/traj.tum
2026-09-07 22:36:44,820 INFO Global bundle adjustment: 12.7s
2026-09-07 22:36:44,827 INFO Wrote global-BA trajectory to /home/alien/Documents/research/third_article/pose_graph_bracketing_slam-stable/docs/results/sept_7_all/pipeline_clahe/yoda_ae_0fps_loop_1969_12_31-19_04_33_region0_occ0/traj_global_ba.tum
2026-09-07 22:36:44,829 INFO Wrote per-frame robustness log to /home/alien/Documents/research/third_article/pose_graph_bracketing_slam-stable/docs/results/sept_7_all/pipeline_clahe/yoda_ae_0fps_loop_1969_12_31-19_04_33_region0_occ0/traj_frames.csv
2026-09-07 22:36:44,909 INFO Wrote landmark provenance log to /home/alien/Documents/research/third_article/pose_graph_bracketing_slam-stable/docs/results/sept_7_all/pipeline_clahe/yoda_ae_0fps_loop_1969_12_31-19_04_33_region0_occ0/traj_landmark_provenance.csv (49431 landmarks)
2026-09-07 22:36:44,909 INFO Backend resets this run: 0
2026-09-07 22:36:44,909 INFO Wrote run summary to /home/alien/Documents/research/third_article/pose_graph_bracketing_slam-stable/docs/results/sept_7_all/pipeline_clahe/yoda_ae_0fps_loop_1969_12_31-19_04_33_region0_occ0/traj_summary.json
Loaded LightGlue model
