2026-09-07 21:40:47,311 INFO Loaded 364 stereo frames from /home/alien/data/yoda/aug_31/yoda_bridge_4_1969_12_31-20_09_17/yoda_bridge_4_1969_12_31-20_09_17_region0_occ0/data
2026-09-07 21:40:53,125 INFO Dropped 0/364 low-information frames (brightness outside [1, 245])
2026-09-07 21:40:53,132 INFO Stereo rig loaded: baseline=0.1196 m, K_left principal point 979.9,590.7
2026-09-07 21:40:54,621 INFO frame 0/363 ts=4159620976992 slot=LAE landmark_obs=0
2026-09-07 21:41:01,712 INFO frame 50/363 ts=4161815786784 slot=SAE landmark_obs=141
2026-09-07 21:41:09,170 INFO frame 100/363 ts=4164029228608 slot=LAE landmark_obs=38
2026-09-07 21:41:20,485 INFO frame 150/363 ts=4166006334400 slot=SAE landmark_obs=402
2026-09-07 21:41:32,151 INFO frame 200/363 ts=4167925907968 slot=LAE landmark_obs=35
2026-09-07 21:41:43,713 INFO frame 250/363 ts=4169844456896 slot=SAE landmark_obs=80
2026-09-07 21:41:59,212 INFO frame 300/363 ts=4172061590624 slot=LAE landmark_obs=165
2026-09-07 21:42:11,396 INFO frame 350/363 ts=4174307741216 slot=SAE landmark_obs=155
2026-09-07 21:42:13,789 INFO frame 363/363 ts=4174907544896 slot=MAE landmark_obs=185
2026-09-07 21:42:13,789 INFO Processed 364 frames in 79.5s (4.58 fps)
2026-09-07 21:42:13,789 INFO Cross-bracket matches: kept 154704/154704 (0.0% dropped, requested drop 0.000)
2026-09-07 21:42:13,789 INFO Total landmark observations added: 70409 (avg 193.43 per frame)
2026-09-07 21:42:13,792 INFO Wrote trajectory to /home/alien/Documents/research/third_article/pose_graph_bracketing_slam-stable/docs/results/aug_31_all/pipeline_clahe/yoda_bridge_4_1969_12_31-20_09_17_region0_occ0/traj.tum
2026-09-07 21:42:22,691 INFO Global bundle adjustment: 8.9s
2026-09-07 21:42:22,694 INFO Wrote global-BA trajectory to /home/alien/Documents/research/third_article/pose_graph_bracketing_slam-stable/docs/results/aug_31_all/pipeline_clahe/yoda_bridge_4_1969_12_31-20_09_17_region0_occ0/traj_global_ba.tum
2026-09-07 21:42:22,694 INFO Wrote per-frame robustness log to /home/alien/Documents/research/third_article/pose_graph_bracketing_slam-stable/docs/results/aug_31_all/pipeline_clahe/yoda_bridge_4_1969_12_31-20_09_17_region0_occ0/traj_frames.csv
2026-09-07 21:42:22,724 INFO Wrote landmark provenance log to /home/alien/Documents/research/third_article/pose_graph_bracketing_slam-stable/docs/results/aug_31_all/pipeline_clahe/yoda_bridge_4_1969_12_31-20_09_17_region0_occ0/traj_landmark_provenance.csv (15458 landmarks)
2026-09-07 21:42:22,724 INFO Backend resets this run: 0
2026-09-07 21:42:22,724 INFO Wrote run summary to /home/alien/Documents/research/third_article/pose_graph_bracketing_slam-stable/docs/results/aug_31_all/pipeline_clahe/yoda_bridge_4_1969_12_31-20_09_17_region0_occ0/traj_summary.json
Loaded LightGlue model
