2026-09-07 20:42:23,446 INFO Loaded 478 stereo frames from /home/alien/data/yoda/aug_31/yoda_fixedev_2_1969_12_31-19_56_09/yoda_fixedev_2_1969_12_31-19_56_09_region0_occ1/data
2026-09-07 20:42:29,890 INFO Dropped 92/478 low-information frames (brightness outside [1, 245])
2026-09-07 20:42:29,896 INFO Stereo rig loaded: baseline=0.1196 m, K_left principal point 979.9,590.7
2026-09-07 20:42:31,383 INFO frame 0/385 ts=3401482734048 slot=LAE landmark_obs=0
2026-09-07 20:42:39,537 INFO frame 50/385 ts=3403850766272 slot=LAE landmark_obs=240
2026-09-07 20:42:49,259 INFO frame 100/385 ts=3405645459712 slot=MAE landmark_obs=367
2026-09-07 20:43:03,635 INFO frame 150/385 ts=3407297188096 slot=MAE landmark_obs=392
2026-09-07 20:43:22,778 INFO frame 200/385 ts=3409021390912 slot=MAE landmark_obs=163
2026-09-07 20:43:44,093 INFO frame 250/385 ts=3411216293952 slot=LAE landmark_obs=64
2026-09-07 20:44:10,418 INFO frame 300/385 ts=3413407778304 slot=MAE landmark_obs=107
2026-09-07 20:44:20,692 INFO frame 350/385 ts=3415556913952 slot=MAE landmark_obs=218
2026-09-07 20:44:26,484 INFO frame 385/385 ts=3417119960384 slot=LAE landmark_obs=202
2026-09-07 20:44:26,484 INFO Processed 386 frames in 115.5s (3.34 fps)
2026-09-07 20:44:26,485 INFO Cross-bracket matches: kept 88718/88718 (0.0% dropped, requested drop 0.000)
2026-09-07 20:44:26,485 INFO Total landmark observations added: 89762 (avg 232.54 per frame)
2026-09-07 20:44:26,487 INFO Wrote trajectory to /home/alien/Documents/research/third_article/pose_graph_bracketing_slam-stable/docs/results/aug_31_all/pipeline_default/yoda_fixedev_2_1969_12_31-19_56_09_region0_occ1/traj.tum
2026-09-07 20:44:39,852 INFO Global bundle adjustment: 13.4s
2026-09-07 20:44:39,855 INFO Wrote global-BA trajectory to /home/alien/Documents/research/third_article/pose_graph_bracketing_slam-stable/docs/results/aug_31_all/pipeline_default/yoda_fixedev_2_1969_12_31-19_56_09_region0_occ1/traj_global_ba.tum
2026-09-07 20:44:39,856 INFO Wrote per-frame robustness log to /home/alien/Documents/research/third_article/pose_graph_bracketing_slam-stable/docs/results/aug_31_all/pipeline_default/yoda_fixedev_2_1969_12_31-19_56_09_region0_occ1/traj_frames.csv
2026-09-07 20:44:39,884 INFO Wrote landmark provenance log to /home/alien/Documents/research/third_article/pose_graph_bracketing_slam-stable/docs/results/aug_31_all/pipeline_default/yoda_fixedev_2_1969_12_31-19_56_09_region0_occ1/traj_landmark_provenance.csv (18642 landmarks)
2026-09-07 20:44:39,884 INFO Backend resets this run: 0
2026-09-07 20:44:39,884 INFO Wrote run summary to /home/alien/Documents/research/third_article/pose_graph_bracketing_slam-stable/docs/results/aug_31_all/pipeline_default/yoda_fixedev_2_1969_12_31-19_56_09_region0_occ1/traj_summary.json
Loaded LightGlue model
