2026-09-03 23:33:28,919 INFO Loaded 467 stereo frames from /home/alien/data/yoda/aug_31/yoda_fixedev_2_1969_12_31-19_56_09/yoda_fixedev_2_1969_12_31-19_56_09_region0_occ0/data
2026-09-03 23:33:35,892 INFO Dropped 163/467 low-information frames (brightness outside [1, 245])
2026-09-03 23:33:35,901 INFO Stereo rig loaded: baseline=0.1196 m, K_left principal point 979.9,590.7
2026-09-03 23:33:37,391 INFO frame 0/303 ts=3372302181664 slot=LAE landmark_obs=0
2026-09-03 23:33:44,772 INFO frame 50/303 ts=3374547823456 slot=MAE landmark_obs=54
2026-09-03 23:33:51,850 INFO frame 100/303 ts=3376718398144 slot=MAE landmark_obs=86
2026-09-03 23:33:59,576 INFO frame 150/303 ts=3378449361440 slot=SAE landmark_obs=420
2026-09-03 23:34:08,562 INFO frame 200/303 ts=3380096833344 slot=LAE landmark_obs=116
2026-09-03 23:34:18,406 INFO frame 250/303 ts=3381812485920 slot=LAE landmark_obs=104
2026-09-03 23:34:34,191 INFO frame 300/303 ts=3387126811008 slot=LAE landmark_obs=47
2026-09-03 23:34:34,514 INFO frame 303/303 ts=3387517530208 slot=LAE landmark_obs=59
2026-09-03 23:34:34,514 INFO Processed 304 frames in 57.5s (5.29 fps)
2026-09-03 23:34:34,514 INFO Total landmark observations added: 46279 (avg 152.23 per frame)
2026-09-03 23:34:34,516 INFO Wrote trajectory to /home/alien/Documents/research/third_article/pose_graph_bracketing_slam-stable/docs/results/aug_31_all/pipeline_clahe/yoda_fixedev_2_1969_12_31-19_56_09_region0_occ0/traj.tum
2026-09-03 23:35:05,772 INFO Global bundle adjustment: 31.3s
2026-09-03 23:35:05,775 INFO Wrote global-BA trajectory to /home/alien/Documents/research/third_article/pose_graph_bracketing_slam-stable/docs/results/aug_31_all/pipeline_clahe/yoda_fixedev_2_1969_12_31-19_56_09_region0_occ0/traj_global_ba.tum
2026-09-03 23:35:05,776 INFO Wrote per-frame robustness log to /home/alien/Documents/research/third_article/pose_graph_bracketing_slam-stable/docs/results/aug_31_all/pipeline_clahe/yoda_fixedev_2_1969_12_31-19_56_09_region0_occ0/traj_frames.csv
2026-09-03 23:35:05,791 INFO Wrote landmark provenance log to /home/alien/Documents/research/third_article/pose_graph_bracketing_slam-stable/docs/results/aug_31_all/pipeline_clahe/yoda_fixedev_2_1969_12_31-19_56_09_region0_occ0/traj_landmark_provenance.csv (10404 landmarks)
2026-09-03 23:35:05,791 INFO Backend resets this run: 0
2026-09-03 23:35:05,792 INFO Wrote run summary to /home/alien/Documents/research/third_article/pose_graph_bracketing_slam-stable/docs/results/aug_31_all/pipeline_clahe/yoda_fixedev_2_1969_12_31-19_56_09_region0_occ0/traj_summary.json
Loaded LightGlue model
