2026-08-26 11:27:19,972 INFO Loaded 703 stereo frames from /home/alien/data/yoda/aug_25/yoda_vachon_n3_0fps_1969_12_31-19_20_55/data
2026-08-26 11:27:29,285 INFO Dropped 54/703 low-information frames (brightness outside [10, 245])
2026-08-26 11:27:29,291 INFO Stereo rig loaded: baseline=0.1197 m, K_left principal point 977.0,593.7
2026-08-26 11:27:30,130 INFO frame 0/648 ts=1257243692864 slot=SAE landmark_obs=0
2026-08-26 11:27:48,237 INFO frame 50/648 ts=1260034911328 slot=MAE landmark_obs=267
2026-08-26 11:28:05,634 INFO frame 100/648 ts=1263309656128 slot=SAE landmark_obs=277
2026-08-26 11:28:21,053 INFO frame 150/648 ts=1267240912864 slot=MAE landmark_obs=234
2026-08-26 11:28:38,332 INFO frame 200/648 ts=1270343824480 slot=MAE landmark_obs=315
2026-08-26 11:28:54,554 INFO frame 250/648 ts=1273817383360 slot=MAE landmark_obs=266
2026-08-26 11:29:09,263 INFO frame 300/648 ts=1276878184064 slot=SAE landmark_obs=172
2026-08-26 11:29:22,151 INFO frame 350/648 ts=1279730380928 slot=MAE landmark_obs=151
2026-08-26 11:29:35,590 INFO frame 400/648 ts=1283012988288 slot=MAE landmark_obs=190
2026-08-26 11:29:49,355 INFO frame 450/648 ts=1285693294016 slot=MAE landmark_obs=149
2026-08-26 11:30:01,982 INFO frame 500/648 ts=1288512092928 slot=MAE landmark_obs=145
2026-08-26 11:30:14,924 INFO frame 550/648 ts=1291277084064 slot=MAE landmark_obs=154
2026-08-26 11:30:28,087 INFO frame 600/648 ts=1294275967712 slot=MAE landmark_obs=155
2026-08-26 11:30:40,554 INFO frame 648/648 ts=1297292532224 slot=MAE landmark_obs=134
2026-08-26 11:30:40,554 INFO Processed 649 frames in 190.9s (3.40 fps)
2026-08-26 11:30:40,554 INFO Total landmark observations added: 117123 (avg 180.47 per frame)
2026-08-26 11:30:40,554 INFO Frames with zero landmark observations: 3/649 -> [294, 318, 322]
2026-08-26 11:30:40,554 INFO Wrote zero-observation frame indices to /home/alien/Documents/research/third_article/pose_graph_bracketing_slam-stable/docs/results/2026_08_26_full_batch_depth_scaled_noise_quad/vachon_n3_0fps/traj_zero_obs.txt
2026-08-26 11:30:40,557 INFO Wrote trajectory to /home/alien/Documents/research/third_article/pose_graph_bracketing_slam-stable/docs/results/2026_08_26_full_batch_depth_scaled_noise_quad/vachon_n3_0fps/traj.tum
2026-08-26 11:34:05,386 INFO Global bundle adjustment: 204.8s
2026-08-26 11:34:05,390 INFO Wrote global-BA trajectory to /home/alien/Documents/research/third_article/pose_graph_bracketing_slam-stable/docs/results/2026_08_26_full_batch_depth_scaled_noise_quad/vachon_n3_0fps/traj_global_ba.tum
2026-08-26 11:34:05,391 INFO Wrote per-frame robustness log to /home/alien/Documents/research/third_article/pose_graph_bracketing_slam-stable/docs/results/2026_08_26_full_batch_depth_scaled_noise_quad/vachon_n3_0fps/traj_frames.csv
2026-08-26 11:34:05,420 INFO Wrote landmark provenance log to /home/alien/Documents/research/third_article/pose_graph_bracketing_slam-stable/docs/results/2026_08_26_full_batch_depth_scaled_noise_quad/vachon_n3_0fps/traj_landmark_provenance.csv (22108 landmarks)
2026-08-26 11:34:05,420 INFO Backend resets this run: 0
2026-08-26 11:34:05,420 INFO Wrote run summary to /home/alien/Documents/research/third_article/pose_graph_bracketing_slam-stable/docs/results/2026_08_26_full_batch_depth_scaled_noise_quad/vachon_n3_0fps/traj_summary.json
Loaded LightGlue model
