2026-08-31 23:05:51,942 INFO Loaded 601 stereo frames from /home/alien/data/yoda/aug_31/data_1st_runs/yoda_fixedev_1_1969_12_31-19_52_57_region0_occ0/data
2026-08-31 23:05:58,060 INFO Dropped 260/601 low-information frames (brightness outside [1, 245])
2026-08-31 23:05:58,066 INFO Stereo rig loaded: baseline=0.1196 m, K_left principal point 979.9,590.7
2026-08-31 23:05:59,496 INFO frame 0/340 ts=3180129103392 slot=LAE landmark_obs=0
2026-08-31 23:06:05,899 INFO frame 50/340 ts=3182276009920 slot=MAE landmark_obs=54
2026-08-31 23:06:12,843 INFO frame 100/340 ts=3184385284672 slot=MAE landmark_obs=86
2026-08-31 23:06:20,580 INFO frame 150/340 ts=3186118383584 slot=MAE landmark_obs=413
2026-08-31 23:06:29,704 INFO frame 200/340 ts=3187727347296 slot=MAE landmark_obs=264
2026-08-31 23:06:39,688 INFO frame 250/340 ts=3189337353824 slot=MAE landmark_obs=274
2026-08-31 23:06:52,939 INFO frame 300/340 ts=3194239527168 slot=LAE landmark_obs=17
2026-08-31 23:06:58,107 INFO frame 340/340 ts=3199428805728 slot=LAE landmark_obs=93
2026-08-31 23:06:58,107 INFO Processed 341 frames in 59.0s (5.78 fps)
2026-08-31 23:06:58,109 INFO Total landmark observations added: 50671 (avg 148.60 per frame)
2026-08-31 23:06:58,110 INFO Wrote trajectory to /home/alien/Documents/research/third_article/pose_graph_bracketing_slam-stable/docs/results/aug_31/pipeline_clahe/yoda_fixedev_1_1969_12_31-19_52_57_region0_occ0/traj.tum
2026-08-31 23:07:13,183 INFO Global bundle adjustment: 15.1s
2026-08-31 23:07:13,186 INFO Wrote global-BA trajectory to /home/alien/Documents/research/third_article/pose_graph_bracketing_slam-stable/docs/results/aug_31/pipeline_clahe/yoda_fixedev_1_1969_12_31-19_52_57_region0_occ0/traj_global_ba.tum
2026-08-31 23:07:13,187 INFO Wrote per-frame robustness log to /home/alien/Documents/research/third_article/pose_graph_bracketing_slam-stable/docs/results/aug_31/pipeline_clahe/yoda_fixedev_1_1969_12_31-19_52_57_region0_occ0/traj_frames.csv
2026-08-31 23:07:13,253 INFO Wrote landmark provenance log to /home/alien/Documents/research/third_article/pose_graph_bracketing_slam-stable/docs/results/aug_31/pipeline_clahe/yoda_fixedev_1_1969_12_31-19_52_57_region0_occ0/traj_landmark_provenance.csv (11308 landmarks)
2026-08-31 23:07:13,253 INFO Backend resets this run: 0
2026-08-31 23:07:13,254 INFO Wrote run summary to /home/alien/Documents/research/third_article/pose_graph_bracketing_slam-stable/docs/results/aug_31/pipeline_clahe/yoda_fixedev_1_1969_12_31-19_52_57_region0_occ0/traj_summary.json
Loaded LightGlue model
