2026-09-07 20:50:05,470 INFO Loaded 465 stereo frames from /home/alien/data/yoda/aug_31/yoda_fixedev_4_1969_12_31-19_58_51/yoda_fixedev_4_1969_12_31-19_58_51_region0_occ1/data
2026-09-07 20:50:11,702 INFO Dropped 90/465 low-information frames (brightness outside [1, 245])
2026-09-07 20:50:11,708 INFO Stereo rig loaded: baseline=0.1196 m, K_left principal point 979.9,590.7
2026-09-07 20:50:13,197 INFO frame 0/374 ts=3561167529024 slot=LAE landmark_obs=0
2026-09-07 20:50:21,140 INFO frame 50/374 ts=3563494915296 slot=LAE landmark_obs=242
2026-09-07 20:50:30,548 INFO frame 100/374 ts=3565289241824 slot=LAE landmark_obs=204
2026-09-07 20:50:43,773 INFO frame 150/374 ts=3566946859808 slot=SAE landmark_obs=306
2026-09-07 20:51:04,322 INFO frame 200/374 ts=3568624918080 slot=MAE landmark_obs=186
2026-09-07 20:51:25,794 INFO frame 250/374 ts=3570811083360 slot=MAE landmark_obs=147
2026-09-07 20:51:55,197 INFO frame 300/374 ts=3572948009728 slot=LAE landmark_obs=87
2026-09-07 20:52:07,066 INFO frame 350/374 ts=3575096000672 slot=MAE landmark_obs=224
2026-09-07 20:52:11,071 INFO frame 374/374 ts=3576120708128 slot=MAE landmark_obs=258
2026-09-07 20:52:11,071 INFO Processed 375 frames in 118.3s (3.17 fps)
2026-09-07 20:52:11,071 INFO Cross-bracket matches: kept 86808/86808 (0.0% dropped, requested drop 0.000)
2026-09-07 20:52:11,071 INFO Total landmark observations added: 89425 (avg 238.47 per frame)
2026-09-07 20:52:11,074 INFO Wrote trajectory to /home/alien/Documents/research/third_article/pose_graph_bracketing_slam-stable/docs/results/aug_31_all/pipeline_default/yoda_fixedev_4_1969_12_31-19_58_51_region0_occ1/traj.tum
2026-09-07 20:52:18,162 INFO Global bundle adjustment: 7.1s
2026-09-07 20:52:18,165 INFO Wrote global-BA trajectory to /home/alien/Documents/research/third_article/pose_graph_bracketing_slam-stable/docs/results/aug_31_all/pipeline_default/yoda_fixedev_4_1969_12_31-19_58_51_region0_occ1/traj_global_ba.tum
2026-09-07 20:52:18,165 INFO Wrote per-frame robustness log to /home/alien/Documents/research/third_article/pose_graph_bracketing_slam-stable/docs/results/aug_31_all/pipeline_default/yoda_fixedev_4_1969_12_31-19_58_51_region0_occ1/traj_frames.csv
2026-09-07 20:52:18,241 INFO Wrote landmark provenance log to /home/alien/Documents/research/third_article/pose_graph_bracketing_slam-stable/docs/results/aug_31_all/pipeline_default/yoda_fixedev_4_1969_12_31-19_58_51_region0_occ1/traj_landmark_provenance.csv (18640 landmarks)
2026-09-07 20:52:18,241 INFO Backend resets this run: 0
2026-09-07 20:52:18,241 INFO Wrote run summary to /home/alien/Documents/research/third_article/pose_graph_bracketing_slam-stable/docs/results/aug_31_all/pipeline_default/yoda_fixedev_4_1969_12_31-19_58_51_region0_occ1/traj_summary.json
Loaded LightGlue model
