2026-09-03 20:18:04,095 INFO Loaded 375 stereo frames from /home/alien/data/yoda/aug_31/yoda_bridge_0fps_ae_1_1969_12_31-19_04_09/yoda_bridge_0fps_ae_1_1969_12_31-19_04_09_region0_occ1/data
2026-09-03 20:18:09,115 INFO Dropped 0/375 low-information frames (brightness outside [1, 245])
2026-09-03 20:18:09,121 INFO Stereo rig loaded: baseline=0.1196 m, K_left principal point 979.9,590.7
2026-09-03 20:18:10,710 INFO frame 0/374 ts=286612858240 slot=LAE landmark_obs=0
2026-09-03 20:18:16,953 INFO frame 50/374 ts=288523511776 slot=LAE landmark_obs=220
2026-09-03 20:18:26,978 INFO frame 100/374 ts=290184751392 slot=LAE landmark_obs=418
2026-09-03 20:18:37,020 INFO frame 150/374 ts=291749750880 slot=LAE landmark_obs=326
2026-09-03 20:18:49,323 INFO frame 200/374 ts=293356662048 slot=LAE landmark_obs=168
2026-09-03 20:19:05,989 INFO frame 250/374 ts=295024642624 slot=LAE landmark_obs=124
2026-09-03 20:19:22,629 INFO frame 300/374 ts=296657057024 slot=LAE landmark_obs=159
2026-09-03 20:19:36,643 INFO frame 350/374 ts=298283216736 slot=LAE landmark_obs=260
2026-09-03 20:19:41,020 INFO frame 374/374 ts=299056788896 slot=LAE landmark_obs=272
2026-09-03 20:19:41,020 INFO Processed 375 frames in 90.7s (4.13 fps)
2026-09-03 20:19:41,020 INFO Total landmark observations added: 88811 (avg 236.83 per frame)
2026-09-03 20:19:41,022 INFO Wrote trajectory to /home/alien/Documents/research/third_article/pose_graph_bracketing_slam-stable/docs/results/aug_31_all/pipeline_default/yoda_bridge_0fps_ae_1_1969_12_31-19_04_09_region0_occ1/traj.tum
2026-09-03 20:20:11,364 INFO Global bundle adjustment: 30.3s
2026-09-03 20:20:11,367 INFO Wrote global-BA trajectory to /home/alien/Documents/research/third_article/pose_graph_bracketing_slam-stable/docs/results/aug_31_all/pipeline_default/yoda_bridge_0fps_ae_1_1969_12_31-19_04_09_region0_occ1/traj_global_ba.tum
2026-09-03 20:20:11,368 INFO Wrote per-frame robustness log to /home/alien/Documents/research/third_article/pose_graph_bracketing_slam-stable/docs/results/aug_31_all/pipeline_default/yoda_bridge_0fps_ae_1_1969_12_31-19_04_09_region0_occ1/traj_frames.csv
2026-09-03 20:20:11,398 INFO Wrote landmark provenance log to /home/alien/Documents/research/third_article/pose_graph_bracketing_slam-stable/docs/results/aug_31_all/pipeline_default/yoda_bridge_0fps_ae_1_1969_12_31-19_04_09_region0_occ1/traj_landmark_provenance.csv (18684 landmarks)
2026-09-03 20:20:11,398 INFO Backend resets this run: 0
2026-09-03 20:20:11,398 INFO Wrote run summary to /home/alien/Documents/research/third_article/pose_graph_bracketing_slam-stable/docs/results/aug_31_all/pipeline_default/yoda_bridge_0fps_ae_1_1969_12_31-19_04_09_region0_occ1/traj_summary.json
Loaded LightGlue model
