2026-08-26 08:49:28,300 INFO Loaded 340 stereo frames from /home/alien/data/yoda/aug_9/yoda_aug_9_b_10fps_02ema_1969_12_31-19_27_24/data
2026-08-26 08:49:28,305 INFO Stereo rig loaded: baseline=0.1203 m, K_left principal point 979.2,594.2
2026-08-26 08:49:29,012 INFO frame 0/339 ts=1645437941408 slot=MAE landmark_obs=0
2026-08-26 08:49:41,644 INFO frame 50/339 ts=1650438168928 slot=MAE landmark_obs=66
2026-08-26 08:49:54,403 INFO frame 100/339 ts=1655438540416 slot=MAE landmark_obs=161
2026-08-26 08:50:07,083 INFO frame 150/339 ts=1660438362432 slot=MAE landmark_obs=173
2026-08-26 08:50:18,937 INFO frame 200/339 ts=1665537913184 slot=SAE landmark_obs=233
2026-08-26 08:50:30,552 INFO frame 250/339 ts=1670538289376 slot=LAE landmark_obs=84
2026-08-26 08:50:45,117 INFO frame 300/339 ts=1675536404480 slot=SAE landmark_obs=301
2026-08-26 08:50:59,570 INFO frame 339/339 ts=1679437800608 slot=MAE landmark_obs=170
2026-08-26 08:50:59,570 INFO Processed 340 frames in 91.0s (3.73 fps)
2026-08-26 08:50:59,570 INFO Total landmark observations added: 42023 (avg 123.60 per frame)
2026-08-26 08:50:59,620 INFO Frames with zero landmark observations: 20/340 -> [67, 75, 79, 83, 87, 91, 95, 99, 103, 107, 184, 194, 198, 202, 206, 210, 214, 218, 222, 226]
2026-08-26 08:50:59,620 INFO Wrote zero-observation frame indices to /home/alien/Documents/research/third_article/pose_graph_bracketing_slam-stable/docs/results/2026_08_26_full_batch_no_drop_low_info/b_10fps/traj_zero_obs.txt
2026-08-26 08:50:59,628 INFO Wrote trajectory to /home/alien/Documents/research/third_article/pose_graph_bracketing_slam-stable/docs/results/2026_08_26_full_batch_no_drop_low_info/b_10fps/traj.tum
2026-08-26 08:51:37,198 INFO Global bundle adjustment: 37.6s
2026-08-26 08:51:37,200 INFO Wrote global-BA trajectory to /home/alien/Documents/research/third_article/pose_graph_bracketing_slam-stable/docs/results/2026_08_26_full_batch_no_drop_low_info/b_10fps/traj_global_ba.tum
2026-08-26 08:51:37,201 INFO Wrote per-frame robustness log to /home/alien/Documents/research/third_article/pose_graph_bracketing_slam-stable/docs/results/2026_08_26_full_batch_no_drop_low_info/b_10fps/traj_frames.csv
2026-08-26 08:51:37,214 INFO Wrote landmark provenance log to /home/alien/Documents/research/third_article/pose_graph_bracketing_slam-stable/docs/results/2026_08_26_full_batch_no_drop_low_info/b_10fps/traj_landmark_provenance.csv (10125 landmarks)
2026-08-26 08:51:37,214 INFO Backend resets this run: 0
2026-08-26 08:51:37,214 INFO Wrote run summary to /home/alien/Documents/research/third_article/pose_graph_bracketing_slam-stable/docs/results/2026_08_26_full_batch_no_drop_low_info/b_10fps/traj_summary.json
Loaded LightGlue model
