2026-08-26 11:34:07,022 INFO Loaded 561 stereo frames from /home/alien/data/yoda/aug_25/yoda_vachon_n3_0fps_equal_1969_12_31-19_22_33/data
2026-08-26 11:34:14,260 INFO Dropped 1/561 low-information frames (brightness outside [10, 245])
2026-08-26 11:34:14,267 INFO Stereo rig loaded: baseline=0.1197 m, K_left principal point 977.0,593.7
2026-08-26 11:34:15,086 INFO frame 0/559 ts=1354691841472 slot=LAE landmark_obs=0
2026-08-26 11:34:29,955 INFO frame 50/559 ts=1358675851200 slot=MAE landmark_obs=229
2026-08-26 11:34:44,434 INFO frame 100/559 ts=1362635628064 slot=SAE landmark_obs=224
2026-08-26 11:34:59,528 INFO frame 150/559 ts=1366829736352 slot=SAE landmark_obs=172
2026-08-26 11:35:15,592 INFO frame 200/559 ts=1371115629664 slot=MAE landmark_obs=249
2026-08-26 11:35:30,615 INFO frame 250/559 ts=1375266372448 slot=LAE landmark_obs=174
2026-08-26 11:35:44,534 INFO frame 300/559 ts=1379208607968 slot=SAE landmark_obs=133
2026-08-26 11:35:57,944 INFO frame 350/559 ts=1382758648800 slot=LAE landmark_obs=175
2026-08-26 11:36:11,938 INFO frame 400/559 ts=1386194228096 slot=SAE landmark_obs=78
2026-08-26 11:36:24,354 INFO frame 450/559 ts=1389867572032 slot=LAE landmark_obs=78
2026-08-26 11:36:37,666 INFO frame 500/559 ts=1393383233664 slot=SAE landmark_obs=171
2026-08-26 11:36:51,591 INFO frame 550/559 ts=1397307840800 slot=SAE landmark_obs=178
2026-08-26 11:36:53,821 INFO frame 559/559 ts=1398200526944 slot=MAE landmark_obs=166
2026-08-26 11:36:53,821 INFO Processed 560 frames in 159.2s (3.52 fps)
2026-08-26 11:36:53,821 INFO Total landmark observations added: 106974 (avg 191.03 per frame)
2026-08-26 11:36:53,824 INFO Wrote trajectory to /home/alien/Documents/research/third_article/pose_graph_bracketing_slam-stable/docs/results/2026_08_26_full_batch_depth_scaled_noise_quad/vachon_n3_0fps_equal/traj.tum
2026-08-26 11:38:33,673 INFO Global bundle adjustment: 99.8s
2026-08-26 11:38:33,677 INFO Wrote global-BA trajectory to /home/alien/Documents/research/third_article/pose_graph_bracketing_slam-stable/docs/results/2026_08_26_full_batch_depth_scaled_noise_quad/vachon_n3_0fps_equal/traj_global_ba.tum
2026-08-26 11:38:33,678 INFO Wrote per-frame robustness log to /home/alien/Documents/research/third_article/pose_graph_bracketing_slam-stable/docs/results/2026_08_26_full_batch_depth_scaled_noise_quad/vachon_n3_0fps_equal/traj_frames.csv
2026-08-26 11:38:33,704 INFO Wrote landmark provenance log to /home/alien/Documents/research/third_article/pose_graph_bracketing_slam-stable/docs/results/2026_08_26_full_batch_depth_scaled_noise_quad/vachon_n3_0fps_equal/traj_landmark_provenance.csv (19616 landmarks)
2026-08-26 11:38:33,705 INFO Backend resets this run: 0
2026-08-26 11:38:33,705 INFO Wrote run summary to /home/alien/Documents/research/third_article/pose_graph_bracketing_slam-stable/docs/results/2026_08_26_full_batch_depth_scaled_noise_quad/vachon_n3_0fps_equal/traj_summary.json
Loaded LightGlue model
