2026-09-07 22:26:12,051 INFO Loaded 151 stereo frames from /home/alien/data/yoda/sept_7/yoda_bridge_4fps_loop_1969_12_31-19_15_48/yoda_bridge_4fps_loop_1969_12_31-19_15_48_region0_occ0/data
2026-09-07 22:26:14,364 INFO Dropped 3/151 low-information frames (brightness outside [1, 245])
2026-09-07 22:26:14,371 INFO Stereo rig loaded: baseline=0.1198 m, K_left principal point 978.9,592.5
2026-09-07 22:26:15,764 INFO frame 0/147 ts=950796142656 slot=SAE landmark_obs=0
2026-09-07 22:26:22,246 INFO frame 50/147 ts=963544740320 slot=MAE landmark_obs=172
2026-09-07 22:26:29,219 INFO frame 100/147 ts=976045513760 slot=MAE landmark_obs=146
2026-09-07 22:26:34,786 INFO frame 147/147 ts=988292485472 slot=LAE landmark_obs=195
2026-09-07 22:26:34,786 INFO Processed 148 frames in 19.4s (7.63 fps)
2026-09-07 22:26:34,786 INFO Cross-bracket matches: kept 27586/27586 (0.0% dropped, requested drop 0.000)
2026-09-07 22:26:34,786 INFO Total landmark observations added: 17118 (avg 115.66 per frame)
2026-09-07 22:26:34,786 INFO Frames with zero landmark observations: 1/148 -> [133]
2026-09-07 22:26:34,786 INFO Wrote zero-observation frame indices to /home/alien/Documents/research/third_article/pose_graph_bracketing_slam-stable/docs/results/sept_7_all/pipeline_default/yoda_bridge_4fps_loop_1969_12_31-19_15_48_region0_occ0/traj_zero_obs.txt
2026-09-07 22:26:34,787 INFO Wrote trajectory to /home/alien/Documents/research/third_article/pose_graph_bracketing_slam-stable/docs/results/sept_7_all/pipeline_default/yoda_bridge_4fps_loop_1969_12_31-19_15_48_region0_occ0/traj.tum
2026-09-07 22:26:37,735 INFO Global bundle adjustment: 2.9s
2026-09-07 22:26:37,737 INFO Wrote global-BA trajectory to /home/alien/Documents/research/third_article/pose_graph_bracketing_slam-stable/docs/results/sept_7_all/pipeline_default/yoda_bridge_4fps_loop_1969_12_31-19_15_48_region0_occ0/traj_global_ba.tum
2026-09-07 22:26:37,738 INFO Wrote per-frame robustness log to /home/alien/Documents/research/third_article/pose_graph_bracketing_slam-stable/docs/results/sept_7_all/pipeline_default/yoda_bridge_4fps_loop_1969_12_31-19_15_48_region0_occ0/traj_frames.csv
2026-09-07 22:26:37,746 INFO Wrote landmark provenance log to /home/alien/Documents/research/third_article/pose_graph_bracketing_slam-stable/docs/results/sept_7_all/pipeline_default/yoda_bridge_4fps_loop_1969_12_31-19_15_48_region0_occ0/traj_landmark_provenance.csv (5992 landmarks)
2026-09-07 22:26:37,746 INFO Backend resets this run: 0
2026-09-07 22:26:37,747 INFO Wrote run summary to /home/alien/Documents/research/third_article/pose_graph_bracketing_slam-stable/docs/results/sept_7_all/pipeline_default/yoda_bridge_4fps_loop_1969_12_31-19_15_48_region0_occ0/traj_summary.json
Loaded LightGlue model
