2026-09-07 20:04:20,018 INFO Loaded 253 stereo frames from /home/alien/data/yoda/aug_31/yoda_bridge_16fps_ae_4_1969_12_31-20_02_27/yoda_bridge_16fps_ae_4_1969_12_31-20_02_27_region0_occ0/data
2026-09-07 20:04:23,717 INFO Dropped 0/253 low-information frames (brightness outside [1, 245])
2026-09-07 20:04:23,724 INFO Stereo rig loaded: baseline=0.1196 m, K_left principal point 979.9,590.7
2026-09-07 20:04:25,267 INFO frame 0/252 ts=3753011399680 slot=LAE landmark_obs=0
2026-09-07 20:04:32,223 INFO frame 50/252 ts=3756136507936 slot=LAE landmark_obs=146
2026-09-07 20:04:40,861 INFO frame 100/252 ts=3759262282368 slot=LAE landmark_obs=360
2026-09-07 20:04:50,592 INFO frame 150/252 ts=3762386694368 slot=LAE landmark_obs=141
2026-09-07 20:05:02,013 INFO frame 200/252 ts=3765509566784 slot=LAE landmark_obs=152
2026-09-07 20:05:10,476 INFO frame 250/252 ts=3768638478464 slot=LAE landmark_obs=150
2026-09-07 20:05:10,826 INFO frame 252/252 ts=3768762994528 slot=LAE landmark_obs=163
2026-09-07 20:05:10,826 INFO Processed 253 frames in 46.0s (5.50 fps)
2026-09-07 20:05:10,826 INFO Total landmark observations added: 52826 (avg 208.80 per frame)
2026-09-07 20:05:10,828 INFO Wrote trajectory to /home/alien/Documents/research/third_article/pose_graph_bracketing_slam-stable/docs/results/aug_31_all/pipeline_default/yoda_bridge_16fps_ae_4_1969_12_31-20_02_27_region0_occ0/traj.tum
2026-09-07 20:05:15,106 INFO Global bundle adjustment: 4.3s
2026-09-07 20:05:15,157 INFO Wrote global-BA trajectory to /home/alien/Documents/research/third_article/pose_graph_bracketing_slam-stable/docs/results/aug_31_all/pipeline_default/yoda_bridge_16fps_ae_4_1969_12_31-20_02_27_region0_occ0/traj_global_ba.tum
2026-09-07 20:05:15,158 INFO Wrote per-frame robustness log to /home/alien/Documents/research/third_article/pose_graph_bracketing_slam-stable/docs/results/aug_31_all/pipeline_default/yoda_bridge_16fps_ae_4_1969_12_31-20_02_27_region0_occ0/traj_frames.csv
2026-09-07 20:05:15,176 INFO Wrote landmark provenance log to /home/alien/Documents/research/third_article/pose_graph_bracketing_slam-stable/docs/results/aug_31_all/pipeline_default/yoda_bridge_16fps_ae_4_1969_12_31-20_02_27_region0_occ0/traj_landmark_provenance.csv (12636 landmarks)
2026-09-07 20:05:15,176 INFO Backend resets this run: 0
2026-09-07 20:05:15,176 INFO Wrote run summary to /home/alien/Documents/research/third_article/pose_graph_bracketing_slam-stable/docs/results/aug_31_all/pipeline_default/yoda_bridge_16fps_ae_4_1969_12_31-20_02_27_region0_occ0/traj_summary.json
Loaded LightGlue model
