2026-09-07 20:30:25,648 INFO Loaded 127 stereo frames from /home/alien/data/yoda/aug_31/yoda_bridge_8fps_4_1969_12_31-19_40_20/yoda_bridge_8fps_4_1969_12_31-19_40_20_region0_occ0/data
2026-09-07 20:30:27,601 INFO Dropped 0/127 low-information frames (brightness outside [1, 245])
2026-09-07 20:30:27,608 INFO Stereo rig loaded: baseline=0.1196 m, K_left principal point 979.9,590.7
2026-09-07 20:30:29,080 INFO frame 0/126 ts=2423636947168 slot=SAE landmark_obs=0
2026-09-07 20:30:35,997 INFO frame 50/126 ts=2429886558976 slot=LAE landmark_obs=306
2026-09-07 20:30:44,183 INFO frame 100/126 ts=2436133961024 slot=SAE landmark_obs=152
2026-09-07 20:30:48,403 INFO frame 126/126 ts=2439382863808 slot=LAE landmark_obs=292
2026-09-07 20:30:48,403 INFO Processed 127 frames in 19.7s (6.45 fps)
2026-09-07 20:30:48,404 INFO Cross-bracket matches: kept 41466/41466 (0.0% dropped, requested drop 0.000)
2026-09-07 20:30:48,404 INFO Total landmark observations added: 24704 (avg 194.52 per frame)
2026-09-07 20:30:48,404 INFO Frames with zero landmark observations: 1/127 -> [2]
2026-09-07 20:30:48,404 INFO Wrote zero-observation frame indices to /home/alien/Documents/research/third_article/pose_graph_bracketing_slam-stable/docs/results/aug_31_all/pipeline_default/yoda_bridge_8fps_4_1969_12_31-19_40_20_region0_occ0/traj_zero_obs.txt
2026-09-07 20:30:48,405 INFO Wrote trajectory to /home/alien/Documents/research/third_article/pose_graph_bracketing_slam-stable/docs/results/aug_31_all/pipeline_default/yoda_bridge_8fps_4_1969_12_31-19_40_20_region0_occ0/traj.tum
2026-09-07 20:30:52,876 INFO Global bundle adjustment: 4.5s
2026-09-07 20:30:52,877 INFO Wrote global-BA trajectory to /home/alien/Documents/research/third_article/pose_graph_bracketing_slam-stable/docs/results/aug_31_all/pipeline_default/yoda_bridge_8fps_4_1969_12_31-19_40_20_region0_occ0/traj_global_ba.tum
2026-09-07 20:30:52,878 INFO Wrote per-frame robustness log to /home/alien/Documents/research/third_article/pose_graph_bracketing_slam-stable/docs/results/aug_31_all/pipeline_default/yoda_bridge_8fps_4_1969_12_31-19_40_20_region0_occ0/traj_frames.csv
2026-09-07 20:30:52,888 INFO Wrote landmark provenance log to /home/alien/Documents/research/third_article/pose_graph_bracketing_slam-stable/docs/results/aug_31_all/pipeline_default/yoda_bridge_8fps_4_1969_12_31-19_40_20_region0_occ0/traj_landmark_provenance.csv (6785 landmarks)
2026-09-07 20:30:52,888 INFO Backend resets this run: 0
2026-09-07 20:30:52,888 INFO Wrote run summary to /home/alien/Documents/research/third_article/pose_graph_bracketing_slam-stable/docs/results/aug_31_all/pipeline_default/yoda_bridge_8fps_4_1969_12_31-19_40_20_region0_occ0/traj_summary.json
Loaded LightGlue model
