2026-09-07 21:23:49,308 INFO Loaded 234 stereo frames from /home/alien/data/yoda/aug_31/yoda_bridge_16fps_4_1969_12_31-19_52_42/yoda_bridge_16fps_4_1969_12_31-19_52_42_region0_occ0/data
2026-09-07 21:23:52,937 INFO Dropped 0/234 low-information frames (brightness outside [1, 245])
2026-09-07 21:23:52,943 INFO Stereo rig loaded: baseline=0.1196 m, K_left principal point 979.9,590.7
2026-09-07 21:23:54,397 INFO frame 0/233 ts=3165005373696 slot=SAE landmark_obs=0
2026-09-07 21:24:00,757 INFO frame 50/233 ts=3168130231776 slot=LAE landmark_obs=85
2026-09-07 21:24:08,603 INFO frame 100/233 ts=3171267177344 slot=SAE landmark_obs=320
2026-09-07 21:24:16,808 INFO frame 150/233 ts=3174390644352 slot=LAE landmark_obs=114
2026-09-07 21:24:26,625 INFO frame 200/233 ts=3177528713888 slot=SAE landmark_obs=174
2026-09-07 21:24:32,249 INFO frame 233/233 ts=3179589168832 slot=MAE landmark_obs=172
2026-09-07 21:24:32,249 INFO Processed 234 frames in 38.2s (6.12 fps)
2026-09-07 21:24:32,249 INFO Cross-bracket matches: kept 80594/80594 (0.0% dropped, requested drop 0.000)
2026-09-07 21:24:32,249 INFO Total landmark observations added: 39782 (avg 170.01 per frame)
2026-09-07 21:24:32,249 INFO Frames with zero landmark observations: 1/234 -> [148]
2026-09-07 21:24:32,249 INFO Wrote zero-observation frame indices to /home/alien/Documents/research/third_article/pose_graph_bracketing_slam-stable/docs/results/aug_31_all/pipeline_clahe/yoda_bridge_16fps_4_1969_12_31-19_52_42_region0_occ0/traj_zero_obs.txt
2026-09-07 21:24:32,250 INFO Wrote trajectory to /home/alien/Documents/research/third_article/pose_graph_bracketing_slam-stable/docs/results/aug_31_all/pipeline_clahe/yoda_bridge_16fps_4_1969_12_31-19_52_42_region0_occ0/traj.tum
2026-09-07 21:24:38,985 INFO Global bundle adjustment: 6.7s
2026-09-07 21:24:38,987 INFO Wrote global-BA trajectory to /home/alien/Documents/research/third_article/pose_graph_bracketing_slam-stable/docs/results/aug_31_all/pipeline_clahe/yoda_bridge_16fps_4_1969_12_31-19_52_42_region0_occ0/traj_global_ba.tum
2026-09-07 21:24:38,988 INFO Wrote per-frame robustness log to /home/alien/Documents/research/third_article/pose_graph_bracketing_slam-stable/docs/results/aug_31_all/pipeline_clahe/yoda_bridge_16fps_4_1969_12_31-19_52_42_region0_occ0/traj_frames.csv
2026-09-07 21:24:39,002 INFO Wrote landmark provenance log to /home/alien/Documents/research/third_article/pose_graph_bracketing_slam-stable/docs/results/aug_31_all/pipeline_clahe/yoda_bridge_16fps_4_1969_12_31-19_52_42_region0_occ0/traj_landmark_provenance.csv (10011 landmarks)
2026-09-07 21:24:39,002 INFO Backend resets this run: 0
2026-09-07 21:24:39,003 INFO Wrote run summary to /home/alien/Documents/research/third_article/pose_graph_bracketing_slam-stable/docs/results/aug_31_all/pipeline_clahe/yoda_bridge_16fps_4_1969_12_31-19_52_42_region0_occ0/traj_summary.json
Loaded LightGlue model
