2026-08-26 09:03:35,969 INFO Loaded 703 stereo frames from /home/alien/data/yoda/aug_25/yoda_vachon_n3_0fps_1969_12_31-19_20_55/data
2026-08-26 09:03:35,974 INFO Stereo rig loaded: baseline=0.1197 m, K_left principal point 977.0,593.7
2026-08-26 09:03:36,675 INFO frame 0/702 ts=1257243692864 slot=SAE landmark_obs=0
2026-08-26 09:03:55,251 INFO frame 50/702 ts=1260034911328 slot=MAE landmark_obs=267
2026-08-26 09:04:12,256 INFO frame 100/702 ts=1262712217664 slot=MAE landmark_obs=228
2026-08-26 09:04:27,343 INFO frame 150/702 ts=1265580353280 slot=MAE landmark_obs=212
2026-08-26 09:04:43,534 INFO frame 200/702 ts=1268443982464 slot=MAE landmark_obs=365
2026-08-26 09:05:02,257 INFO frame 250/702 ts=1271369487232 slot=MAE landmark_obs=224
2026-08-26 09:05:18,893 INFO frame 300/702 ts=1274287694144 slot=MAE landmark_obs=242
2026-08-26 09:05:33,332 INFO frame 350/702 ts=1277046684480 slot=MAE landmark_obs=90
2026-08-26 09:05:46,335 INFO frame 400/702 ts=1279865418048 slot=MAE landmark_obs=136
2026-08-26 09:05:59,541 INFO frame 450/702 ts=1282783427008 slot=MAE landmark_obs=171
2026-08-26 09:06:13,207 INFO frame 500/702 ts=1285483468896 slot=MAE landmark_obs=174
2026-08-26 09:06:25,979 INFO frame 550/702 ts=1288263310624 slot=MAE landmark_obs=141
2026-08-26 09:06:38,958 INFO frame 600/702 ts=1291001055616 slot=MAE landmark_obs=135
2026-08-26 09:06:52,253 INFO frame 650/702 ts=1294046514528 slot=MAE landmark_obs=145
2026-08-26 09:07:05,742 INFO frame 700/702 ts=1297152567424 slot=MAE landmark_obs=143
2026-08-26 09:07:06,072 INFO frame 702/702 ts=1297292532224 slot=MAE landmark_obs=134
2026-08-26 09:07:06,072 INFO Processed 703 frames in 209.9s (3.35 fps)
2026-08-26 09:07:06,072 INFO Total landmark observations added: 119794 (avg 170.40 per frame)
2026-08-26 09:07:06,072 INFO Frames with zero landmark observations: 7/703 -> [77, 89, 93, 145, 149, 365, 369]
2026-08-26 09:07:06,072 INFO Wrote zero-observation frame indices to /home/alien/Documents/research/third_article/pose_graph_bracketing_slam-stable/docs/results/2026_08_26_full_batch_no_drop_low_info/vachon_n3_0fps/traj_zero_obs.txt
2026-08-26 09:07:06,076 INFO Wrote trajectory to /home/alien/Documents/research/third_article/pose_graph_bracketing_slam-stable/docs/results/2026_08_26_full_batch_no_drop_low_info/vachon_n3_0fps/traj.tum
2026-08-26 09:07:50,687 INFO Global bundle adjustment: 44.6s
2026-08-26 09:07:50,691 INFO Wrote global-BA trajectory to /home/alien/Documents/research/third_article/pose_graph_bracketing_slam-stable/docs/results/2026_08_26_full_batch_no_drop_low_info/vachon_n3_0fps/traj_global_ba.tum
2026-08-26 09:07:50,692 INFO Wrote per-frame robustness log to /home/alien/Documents/research/third_article/pose_graph_bracketing_slam-stable/docs/results/2026_08_26_full_batch_no_drop_low_info/vachon_n3_0fps/traj_frames.csv
2026-08-26 09:07:50,722 INFO Wrote landmark provenance log to /home/alien/Documents/research/third_article/pose_graph_bracketing_slam-stable/docs/results/2026_08_26_full_batch_no_drop_low_info/vachon_n3_0fps/traj_landmark_provenance.csv (22935 landmarks)
2026-08-26 09:07:50,722 INFO Backend resets this run: 0
2026-08-26 09:07:50,722 INFO Wrote run summary to /home/alien/Documents/research/third_article/pose_graph_bracketing_slam-stable/docs/results/2026_08_26_full_batch_no_drop_low_info/vachon_n3_0fps/traj_summary.json
Loaded LightGlue model
