2026-09-07 19:49:47,810 INFO Loaded 231 stereo frames from /home/alien/data/yoda/aug_31/yoda_bridge_16fps_1_1969_12_31-19_47_59/yoda_bridge_16fps_1_1969_12_31-19_47_59_region0_occ0/data
2026-09-07 19:49:51,438 INFO Dropped 0/231 low-information frames (brightness outside [1, 245])
2026-09-07 19:49:51,445 INFO Stereo rig loaded: baseline=0.1196 m, K_left principal point 979.9,590.7
2026-09-07 19:49:52,919 INFO frame 0/230 ts=2881805389120 slot=MAE landmark_obs=0
2026-09-07 19:49:59,701 INFO frame 50/230 ts=2884941992416 slot=MAE landmark_obs=158
2026-09-07 19:50:08,705 INFO frame 100/230 ts=2888067404896 slot=MAE landmark_obs=418
2026-09-07 19:50:18,545 INFO frame 150/230 ts=2891192857696 slot=MAE landmark_obs=250
2026-09-07 19:50:31,294 INFO frame 200/230 ts=2894325256256 slot=MAE landmark_obs=277
2026-09-07 19:50:40,978 INFO frame 230/230 ts=2896200397888 slot=MAE landmark_obs=357
2026-09-07 19:50:40,978 INFO Processed 231 frames in 48.4s (4.77 fps)
2026-09-07 19:50:40,978 INFO Cross-bracket matches: kept 107980/107980 (0.0% dropped, requested drop 0.000)
2026-09-07 19:50:40,978 INFO Total landmark observations added: 58054 (avg 251.32 per frame)
2026-09-07 19:50:40,980 INFO Wrote trajectory to /home/alien/Documents/research/third_article/pose_graph_bracketing_slam-stable/docs/results/aug_31_all/pipeline_default/yoda_bridge_16fps_1_1969_12_31-19_47_59_region0_occ0/traj.tum
2026-09-07 19:50:47,180 INFO Global bundle adjustment: 6.2s
2026-09-07 19:50:47,183 INFO Wrote global-BA trajectory to /home/alien/Documents/research/third_article/pose_graph_bracketing_slam-stable/docs/results/aug_31_all/pipeline_default/yoda_bridge_16fps_1_1969_12_31-19_47_59_region0_occ0/traj_global_ba.tum
2026-09-07 19:50:47,184 INFO Wrote per-frame robustness log to /home/alien/Documents/research/third_article/pose_graph_bracketing_slam-stable/docs/results/aug_31_all/pipeline_default/yoda_bridge_16fps_1_1969_12_31-19_47_59_region0_occ0/traj_frames.csv
2026-09-07 19:50:47,204 INFO Wrote landmark provenance log to /home/alien/Documents/research/third_article/pose_graph_bracketing_slam-stable/docs/results/aug_31_all/pipeline_default/yoda_bridge_16fps_1_1969_12_31-19_47_59_region0_occ0/traj_landmark_provenance.csv (13336 landmarks)
2026-09-07 19:50:47,204 INFO Backend resets this run: 0
2026-09-07 19:50:47,204 INFO Wrote run summary to /home/alien/Documents/research/third_article/pose_graph_bracketing_slam-stable/docs/results/aug_31_all/pipeline_default/yoda_bridge_16fps_1_1969_12_31-19_47_59_region0_occ0/traj_summary.json
Loaded LightGlue model
