2026-09-07 21:20:30,436 INFO Loaded 247 stereo frames from /home/alien/data/yoda/aug_31/yoda_bridge_16fps_2_1969_12_31-19_49_44/yoda_bridge_16fps_2_1969_12_31-19_49_44_region0_occ0/data
2026-09-07 21:20:34,423 INFO Dropped 0/247 low-information frames (brightness outside [1, 245])
2026-09-07 21:20:34,430 INFO Stereo rig loaded: baseline=0.1196 m, K_left principal point 979.9,590.7
2026-09-07 21:20:35,884 INFO frame 0/246 ts=2988765466784 slot=SAE landmark_obs=0
2026-09-07 21:20:42,574 INFO frame 50/246 ts=2991894257824 slot=LAE landmark_obs=93
2026-09-07 21:20:50,852 INFO frame 100/246 ts=2995030970048 slot=SAE landmark_obs=348
2026-09-07 21:20:59,495 INFO frame 150/246 ts=2998175880384 slot=LAE landmark_obs=85
2026-09-07 21:21:09,727 INFO frame 200/246 ts=3001307967744 slot=SAE landmark_obs=98
2026-09-07 21:21:17,845 INFO frame 246/246 ts=3004184384128 slot=LAE landmark_obs=250
2026-09-07 21:21:17,845 INFO Processed 247 frames in 42.4s (5.83 fps)
2026-09-07 21:21:17,845 INFO Cross-bracket matches: kept 91673/91673 (0.0% dropped, requested drop 0.000)
2026-09-07 21:21:17,845 INFO Total landmark observations added: 43594 (avg 176.49 per frame)
2026-09-07 21:21:17,847 INFO Wrote trajectory to /home/alien/Documents/research/third_article/pose_graph_bracketing_slam-stable/docs/results/aug_31_all/pipeline_clahe/yoda_bridge_16fps_2_1969_12_31-19_49_44_region0_occ0/traj.tum
2026-09-07 21:21:24,113 INFO Global bundle adjustment: 6.3s
2026-09-07 21:21:24,166 INFO Wrote global-BA trajectory to /home/alien/Documents/research/third_article/pose_graph_bracketing_slam-stable/docs/results/aug_31_all/pipeline_clahe/yoda_bridge_16fps_2_1969_12_31-19_49_44_region0_occ0/traj_global_ba.tum
2026-09-07 21:21:24,167 INFO Wrote per-frame robustness log to /home/alien/Documents/research/third_article/pose_graph_bracketing_slam-stable/docs/results/aug_31_all/pipeline_clahe/yoda_bridge_16fps_2_1969_12_31-19_49_44_region0_occ0/traj_frames.csv
2026-09-07 21:21:24,195 INFO Wrote landmark provenance log to /home/alien/Documents/research/third_article/pose_graph_bracketing_slam-stable/docs/results/aug_31_all/pipeline_clahe/yoda_bridge_16fps_2_1969_12_31-19_49_44_region0_occ0/traj_landmark_provenance.csv (10663 landmarks)
2026-09-07 21:21:24,195 INFO Backend resets this run: 0
2026-09-07 21:21:24,196 INFO Wrote run summary to /home/alien/Documents/research/third_article/pose_graph_bracketing_slam-stable/docs/results/aug_31_all/pipeline_clahe/yoda_bridge_16fps_2_1969_12_31-19_49_44_region0_occ0/traj_summary.json
Loaded LightGlue model
