2026-09-03 22:22:19,773 INFO Loaded 425 stereo frames from /home/alien/data/yoda/aug_31/yoda_bridge_0fps_ae_4_1969_12_31-19_09_13/yoda_bridge_0fps_ae_4_1969_12_31-19_09_13_region0_occ0/data
2026-09-03 22:22:25,625 INFO Dropped 0/425 low-information frames (brightness outside [1, 245])
2026-09-03 22:22:25,631 INFO Stereo rig loaded: baseline=0.1196 m, K_left principal point 979.9,590.7
2026-09-03 22:22:27,107 INFO frame 0/424 ts=556579067616 slot=LAE landmark_obs=0
2026-09-03 22:22:34,415 INFO frame 50/424 ts=558175234688 slot=LAE landmark_obs=230
2026-09-03 22:22:42,149 INFO frame 100/424 ts=559791698304 slot=LAE landmark_obs=129
2026-09-03 22:22:51,157 INFO frame 150/424 ts=561402935776 slot=LAE landmark_obs=276
2026-09-03 22:23:03,178 INFO frame 200/424 ts=563003616192 slot=LAE landmark_obs=359
2026-09-03 22:23:16,209 INFO frame 250/424 ts=564503668768 slot=LAE landmark_obs=207
2026-09-03 22:23:27,903 INFO frame 300/424 ts=566100588320 slot=LAE landmark_obs=176
2026-09-03 22:23:43,501 INFO frame 350/424 ts=567853199392 slot=LAE landmark_obs=130
2026-09-03 22:23:55,358 INFO frame 400/424 ts=569672161856 slot=LAE landmark_obs=138
2026-09-03 22:23:59,558 INFO frame 424/424 ts=570439832992 slot=LAE landmark_obs=140
2026-09-03 22:23:59,558 INFO Processed 425 frames in 92.8s (4.58 fps)
2026-09-03 22:23:59,559 INFO Total landmark observations added: 82821 (avg 194.87 per frame)
2026-09-03 22:23:59,561 INFO Wrote trajectory to /home/alien/Documents/research/third_article/pose_graph_bracketing_slam-stable/docs/results/aug_31_all/pipeline_clahe/yoda_bridge_0fps_ae_4_1969_12_31-19_09_13_region0_occ0/traj.tum
2026-09-03 22:24:36,094 INFO Global bundle adjustment: 36.5s
2026-09-03 22:24:36,112 INFO Wrote global-BA trajectory to /home/alien/Documents/research/third_article/pose_graph_bracketing_slam-stable/docs/results/aug_31_all/pipeline_clahe/yoda_bridge_0fps_ae_4_1969_12_31-19_09_13_region0_occ0/traj_global_ba.tum
2026-09-03 22:24:36,116 INFO Wrote per-frame robustness log to /home/alien/Documents/research/third_article/pose_graph_bracketing_slam-stable/docs/results/aug_31_all/pipeline_clahe/yoda_bridge_0fps_ae_4_1969_12_31-19_09_13_region0_occ0/traj_frames.csv
2026-09-03 22:24:36,263 INFO Wrote landmark provenance log to /home/alien/Documents/research/third_article/pose_graph_bracketing_slam-stable/docs/results/aug_31_all/pipeline_clahe/yoda_bridge_0fps_ae_4_1969_12_31-19_09_13_region0_occ0/traj_landmark_provenance.csv (18768 landmarks)
2026-09-03 22:24:36,263 INFO Backend resets this run: 0
2026-09-03 22:24:36,264 INFO Wrote run summary to /home/alien/Documents/research/third_article/pose_graph_bracketing_slam-stable/docs/results/aug_31_all/pipeline_clahe/yoda_bridge_0fps_ae_4_1969_12_31-19_09_13_region0_occ0/traj_summary.json
Loaded LightGlue model
