[default] ATE RMSE=1.6710 m (mean=1.1813, median=0.4230, max=3.3065), n_poses=53
       1.0 m (n=  49): trans RMSE=0.8437 m (84.37%), rot RMSE=4.646 deg
       5.0 m (n=  45): trans RMSE=1.1269 m (22.54%), rot RMSE=4.524 deg
      10.0 m (n=  39): trans RMSE=1.3902 m (13.90%), rot RMSE=5.669 deg
      20.0 m (n=  32): trans RMSE=2.0256 m (10.13%), rot RMSE=5.514 deg
      40.0 m (n=  14): trans RMSE=2.6607 m (6.65%), rot RMSE=3.750 deg
[clahe] ATE RMSE=2.3531 m (mean=1.9636, median=1.9232, max=4.8028), n_poses=53
       1.0 m (n=  49): trans RMSE=0.9474 m (94.74%), rot RMSE=3.549 deg
       5.0 m (n=  45): trans RMSE=2.0647 m (41.29%), rot RMSE=4.563 deg
      10.0 m (n=  39): trans RMSE=2.5752 m (25.75%), rot RMSE=6.301 deg
      20.0 m (n=  32): trans RMSE=3.2916 m (16.46%), rot RMSE=8.789 deg
      40.0 m (n=  14): trans RMSE=3.4972 m (8.74%), rot RMSE=16.590 deg
[AirSLAM] WARNING: only 28 associated poses, fewer than --n-align=30
[AirSLAM] ATE RMSE=10.1920 m (mean=9.3797, median=10.8891, max=15.0462), n_poses=28
       1.0 m (n=  26): trans RMSE=1.3659 m (136.59%), rot RMSE=3.030 deg
       5.0 m (n=  24): trans RMSE=3.9896 m (79.79%), rot RMSE=5.095 deg
      10.0 m (n=  21): trans RMSE=6.9747 m (69.75%), rot RMSE=7.051 deg
      20.0 m (n=  16): trans RMSE=13.4113 m (67.06%), rot RMSE=7.730 deg
      40.0 m (n=   7): trans RMSE=24.5687 m (61.42%), rot RMSE=8.882 deg
[cuVSLAM] ATE RMSE=27.7570 m (mean=17.2854, median=3.1318, max=56.5014), n_poses=54
       1.0 m (n=  50): trans RMSE=4.2754 m (427.54%), rot RMSE=8.612 deg
       5.0 m (n=  46): trans RMSE=12.6004 m (252.01%), rot RMSE=25.474 deg
      10.0 m (n=  40): trans RMSE=21.9778 m (219.78%), rot RMSE=40.180 deg
      20.0 m (n=  32): trans RMSE=29.7107 m (148.55%), rot RMSE=61.028 deg
      40.0 m (n=  14): trans RMSE=49.0216 m (122.55%), rot RMSE=103.883 deg
[ORBSLAM3] WARNING: only 13 associated poses, fewer than --n-align=30
[ORBSLAM3] ATE RMSE=0.7667 m (mean=0.6679, median=0.7665, max=1.2796), n_poses=13
       1.0 m (n=   9): trans RMSE=0.4599 m (45.99%), rot RMSE=1.221 deg
       5.0 m (n=   5): trans RMSE=1.2712 m (25.42%), rot RMSE=1.245 deg
      10.0 m: not enough associated span for this window.
      20.0 m: not enough associated span for this window.
      40.0 m: not enough associated span for this window.
Wrote /home/alien/Documents/research/third_article/pose_graph_bracketing_slam-stable/docs/results/aug_31_all/multi_method/yoda_bridge_4fps_2_1969_12_31-19_09_57_region0_occ0/metrics_incremental.txt
Wrote /home/alien/Documents/research/third_article/pose_graph_bracketing_slam-stable/docs/results/aug_31_all/multi_method/yoda_bridge_4fps_2_1969_12_31-19_09_57_region0_occ0/metrics_incremental.json
Saved /home/alien/Documents/research/third_article/pose_graph_bracketing_slam-stable/docs/results/aug_31_all/multi_method/yoda_bridge_4fps_2_1969_12_31-19_09_57_region0_occ0/trajectories_overlay_incremental.png
