[default] ATE RMSE=0.8824 m (mean=0.6671, median=0.4952, max=1.6062), n_poses=168
       1.0 m (n= 149): trans RMSE=0.0930 m (9.30%), rot RMSE=0.792 deg
       5.0 m (n= 136): trans RMSE=0.2200 m (4.40%), rot RMSE=0.804 deg
      10.0 m (n= 121): trans RMSE=0.3978 m (3.98%), rot RMSE=0.985 deg
      20.0 m (n=  95): trans RMSE=0.7426 m (3.71%), rot RMSE=1.542 deg
      40.0 m (n=  46): trans RMSE=1.2946 m (3.24%), rot RMSE=0.613 deg
[clahe] ATE RMSE=0.3467 m (mean=0.2278, median=0.1157, max=0.8731), n_poses=168
       1.0 m (n= 149): trans RMSE=0.0973 m (9.73%), rot RMSE=0.805 deg
       5.0 m (n= 136): trans RMSE=0.2039 m (4.08%), rot RMSE=0.833 deg
      10.0 m (n= 121): trans RMSE=0.3044 m (3.04%), rot RMSE=1.037 deg
      20.0 m (n=  95): trans RMSE=0.2908 m (1.45%), rot RMSE=1.364 deg
      40.0 m (n=  46): trans RMSE=0.4344 m (1.09%), rot RMSE=1.091 deg
[AirSLAM] ATE RMSE=2.3312 m (mean=1.7162, median=1.3721, max=4.1487), n_poses=166
       1.0 m (n= 158): trans RMSE=0.5642 m (56.42%), rot RMSE=1.448 deg
       5.0 m (n= 146): trans RMSE=0.9634 m (19.27%), rot RMSE=2.417 deg
      10.0 m (n= 131): trans RMSE=1.3700 m (13.70%), rot RMSE=2.237 deg
      20.0 m (n= 103): trans RMSE=2.3933 m (11.97%), rot RMSE=2.056 deg
      40.0 m (n=  44): trans RMSE=3.6751 m (9.19%), rot RMSE=0.807 deg
[cuVSLAM] ATE RMSE=6.4932 m (mean=4.5311, median=2.8938, max=13.1960), n_poses=168
       1.0 m (n= 149): trans RMSE=0.7200 m (72.00%), rot RMSE=4.511 deg
       5.0 m (n= 136): trans RMSE=2.3343 m (46.69%), rot RMSE=10.185 deg
      10.0 m (n= 121): trans RMSE=3.8855 m (38.85%), rot RMSE=15.223 deg
      20.0 m (n=  95): trans RMSE=5.8611 m (29.31%), rot RMSE=25.726 deg
      40.0 m (n=  46): trans RMSE=9.1699 m (22.92%), rot RMSE=35.611 deg
[ORBSLAM3] WARNING: only 29 associated poses, fewer than --n-align=30
[ORBSLAM3] ATE RMSE=0.2519 m (mean=0.2205, median=0.1995, max=0.5924), n_poses=29
       1.0 m (n=  26): trans RMSE=0.1970 m (19.70%), rot RMSE=1.647 deg
       5.0 m (n=  13): trans RMSE=0.5433 m (10.87%), rot RMSE=0.588 deg
      10.0 m: not enough associated span for this window.
      20.0 m: not enough associated span for this window.
      40.0 m: not enough associated span for this window.
Wrote /home/alien/Documents/research/third_article/pose_graph_bracketing_slam-stable/docs/results/aug_31_all/multi_method/yoda_bridge_1_1969_12_31-20_04_19_region0_occ0/metrics_incremental.txt
Wrote /home/alien/Documents/research/third_article/pose_graph_bracketing_slam-stable/docs/results/aug_31_all/multi_method/yoda_bridge_1_1969_12_31-20_04_19_region0_occ0/metrics_incremental.json
Saved /home/alien/Documents/research/third_article/pose_graph_bracketing_slam-stable/docs/results/aug_31_all/multi_method/yoda_bridge_1_1969_12_31-20_04_19_region0_occ0/trajectories_overlay_incremental.png
