[default] ATE RMSE=0.9816 m (mean=0.7601, median=0.7223, max=1.6995), n_poses=117
       1.0 m (n= 102): trans RMSE=0.2381 m (23.81%), rot RMSE=1.060 deg
       5.0 m (n=  94): trans RMSE=0.3330 m (6.66%), rot RMSE=1.060 deg
      10.0 m (n=  83): trans RMSE=0.5339 m (5.34%), rot RMSE=1.172 deg
      20.0 m (n=  62): trans RMSE=0.8755 m (4.38%), rot RMSE=1.688 deg
      40.0 m (n=  28): trans RMSE=1.4730 m (3.68%), rot RMSE=0.796 deg
[clahe] ATE RMSE=1.0152 m (mean=0.7912, median=0.8663, max=1.6823), n_poses=117
       1.0 m (n= 102): trans RMSE=0.2441 m (24.41%), rot RMSE=1.172 deg
       5.0 m (n=  94): trans RMSE=0.3607 m (7.21%), rot RMSE=1.182 deg
      10.0 m (n=  83): trans RMSE=0.5721 m (5.72%), rot RMSE=1.478 deg
      20.0 m (n=  62): trans RMSE=0.9262 m (4.63%), rot RMSE=2.249 deg
      40.0 m (n=  28): trans RMSE=1.5004 m (3.75%), rot RMSE=1.553 deg
[AirSLAM] ATE RMSE=5.3437 m (mean=4.6155, median=6.2461, max=7.5741), n_poses=56
       1.0 m (n=  50): trans RMSE=0.7426 m (74.26%), rot RMSE=0.989 deg
       5.0 m (n=  46): trans RMSE=1.8386 m (36.77%), rot RMSE=1.208 deg
      10.0 m (n=  41): trans RMSE=3.2263 m (32.26%), rot RMSE=1.086 deg
      20.0 m (n=  30): trans RMSE=6.3340 m (31.67%), rot RMSE=2.161 deg
      40.0 m (n=  13): trans RMSE=9.1998 m (23.00%), rot RMSE=3.755 deg
[cuVSLAM] ATE RMSE=3.2371 m (mean=2.5685, median=3.1822, max=5.5956), n_poses=117
       1.0 m (n= 102): trans RMSE=0.5798 m (57.98%), rot RMSE=3.001 deg
       5.0 m (n=  94): trans RMSE=1.3847 m (27.69%), rot RMSE=5.338 deg
      10.0 m (n=  83): trans RMSE=2.4477 m (24.48%), rot RMSE=7.757 deg
      20.0 m (n=  62): trans RMSE=3.8458 m (19.23%), rot RMSE=12.147 deg
      40.0 m (n=  28): trans RMSE=4.4878 m (11.22%), rot RMSE=5.076 deg
[ORBSLAM3] ATE RMSE=3.7153 m (mean=1.1793, median=0.3902, max=18.7124), n_poses=52
       1.0 m (n=  45): trans RMSE=3.7265 m (372.65%), rot RMSE=2.152 deg
       5.0 m (n=  28): trans RMSE=3.5987 m (71.97%), rot RMSE=1.551 deg
      10.0 m (n=  18): trans RMSE=0.9340 m (9.34%), rot RMSE=1.633 deg
      20.0 m: not enough associated span for this window.
      40.0 m: not enough associated span for this window.
Wrote /home/alien/Documents/research/third_article/pose_graph_bracketing_slam-stable/docs/results/aug_31_all/multi_method/yoda_bridge_8fps_5_1969_12_31-19_41_42_region0_occ1/metrics_global_ba.txt
Wrote /home/alien/Documents/research/third_article/pose_graph_bracketing_slam-stable/docs/results/aug_31_all/multi_method/yoda_bridge_8fps_5_1969_12_31-19_41_42_region0_occ1/metrics_global_ba.json
Saved /home/alien/Documents/research/third_article/pose_graph_bracketing_slam-stable/docs/results/aug_31_all/multi_method/yoda_bridge_8fps_5_1969_12_31-19_41_42_region0_occ1/trajectories_overlay_global_ba.png
