[default] ATE RMSE=1.2786 m (mean=0.9381, median=0.6859, max=2.4280), n_poses=132
       1.0 m (n= 117): trans RMSE=0.1046 m (10.46%), rot RMSE=0.644 deg
       5.0 m (n= 107): trans RMSE=0.3096 m (6.19%), rot RMSE=0.877 deg
      10.0 m (n=  94): trans RMSE=0.5672 m (5.67%), rot RMSE=1.276 deg
      20.0 m (n=  71): trans RMSE=1.0522 m (5.26%), rot RMSE=1.766 deg
      40.0 m (n=  30): trans RMSE=1.9891 m (4.97%), rot RMSE=1.600 deg
[clahe] ATE RMSE=1.3499 m (mean=0.9893, median=0.7140, max=2.5439), n_poses=132
       1.0 m (n= 117): trans RMSE=0.1108 m (11.08%), rot RMSE=0.645 deg
       5.0 m (n= 107): trans RMSE=0.3355 m (6.71%), rot RMSE=0.845 deg
      10.0 m (n=  94): trans RMSE=0.6185 m (6.18%), rot RMSE=1.310 deg
      20.0 m (n=  71): trans RMSE=1.1321 m (5.66%), rot RMSE=1.947 deg
      40.0 m (n=  30): trans RMSE=2.1046 m (5.26%), rot RMSE=1.811 deg
[AirSLAM] ATE RMSE=0.9830 m (mean=0.7844, median=0.6721, max=1.8030), n_poses=118
       1.0 m (n= 113): trans RMSE=0.1555 m (15.55%), rot RMSE=0.736 deg
       5.0 m (n= 103): trans RMSE=0.2809 m (5.62%), rot RMSE=0.876 deg
      10.0 m (n=  90): trans RMSE=0.4775 m (4.78%), rot RMSE=1.078 deg
      20.0 m (n=  67): trans RMSE=0.8853 m (4.43%), rot RMSE=1.209 deg
      40.0 m (n=  26): trans RMSE=1.5901 m (3.98%), rot RMSE=1.181 deg
[cuVSLAM] ATE RMSE=1.3501 m (mean=0.9846, median=0.7122, max=2.5649), n_poses=132
       1.0 m (n= 117): trans RMSE=0.1063 m (10.63%), rot RMSE=0.636 deg
       5.0 m (n= 107): trans RMSE=0.3204 m (6.41%), rot RMSE=0.824 deg
      10.0 m (n=  94): trans RMSE=0.5965 m (5.96%), rot RMSE=1.267 deg
      20.0 m (n=  71): trans RMSE=1.1137 m (5.57%), rot RMSE=1.878 deg
      40.0 m (n=  30): trans RMSE=2.1096 m (5.27%), rot RMSE=1.341 deg
[ORBSLAM3] WARNING: only 13 associated poses, fewer than --n-align=30
[ORBSLAM3] ATE RMSE=0.0823 m (mean=0.0682, median=0.0492, max=0.1742), n_poses=13
       1.0 m (n=  10): trans RMSE=0.0976 m (9.76%), rot RMSE=2.763 deg
       5.0 m: not enough associated span for this window.
      10.0 m: not enough associated span for this window.
      20.0 m: not enough associated span for this window.
      40.0 m: not enough associated span for this window.
Wrote /home/alien/Documents/research/third_article/pose_graph_bracketing_slam-stable/docs/results/aug_31_all/multi_method/yoda_bridge_0fps_ae_3_1969_12_31-19_07_55_region0_occ1/metrics_global_ba.txt
Wrote /home/alien/Documents/research/third_article/pose_graph_bracketing_slam-stable/docs/results/aug_31_all/multi_method/yoda_bridge_0fps_ae_3_1969_12_31-19_07_55_region0_occ1/metrics_global_ba.json
Saved /home/alien/Documents/research/third_article/pose_graph_bracketing_slam-stable/docs/results/aug_31_all/multi_method/yoda_bridge_0fps_ae_3_1969_12_31-19_07_55_region0_occ1/trajectories_overlay_global_ba.png
