[default] ATE RMSE=1.2218 m (mean=0.8539, median=0.3815, max=2.4647), n_poses=154
       1.0 m (n= 140): trans RMSE=0.1365 m (13.65%), rot RMSE=0.736 deg
       5.0 m (n= 128): trans RMSE=0.3485 m (6.97%), rot RMSE=0.856 deg
      10.0 m (n= 114): trans RMSE=0.6349 m (6.35%), rot RMSE=0.932 deg
      20.0 m (n=  89): trans RMSE=1.0921 m (5.46%), rot RMSE=1.777 deg
      40.0 m (n=  43): trans RMSE=1.8583 m (4.65%), rot RMSE=0.929 deg
[clahe] ATE RMSE=0.8829 m (mean=0.6526, median=0.3546, max=1.5676), n_poses=154
       1.0 m (n= 140): trans RMSE=0.1336 m (13.36%), rot RMSE=0.765 deg
       5.0 m (n= 128): trans RMSE=0.2564 m (5.13%), rot RMSE=0.885 deg
      10.0 m (n= 114): trans RMSE=0.4396 m (4.40%), rot RMSE=1.048 deg
      20.0 m (n=  89): trans RMSE=0.7968 m (3.98%), rot RMSE=1.837 deg
      40.0 m (n=  43): trans RMSE=1.3789 m (3.45%), rot RMSE=0.719 deg
[AirSLAM] ATE RMSE=1.3987 m (mean=1.0480, median=0.6933, max=2.5625), n_poses=113
       1.0 m (n= 108): trans RMSE=0.2425 m (24.25%), rot RMSE=1.142 deg
       5.0 m (n=  99): trans RMSE=0.4197 m (8.39%), rot RMSE=1.259 deg
      10.0 m (n=  88): trans RMSE=0.6894 m (6.89%), rot RMSE=1.308 deg
      20.0 m (n=  68): trans RMSE=1.2928 m (6.46%), rot RMSE=2.011 deg
      40.0 m (n=  31): trans RMSE=2.2164 m (5.54%), rot RMSE=2.428 deg
[cuVSLAM] ATE RMSE=5.5346 m (mean=4.0312, median=4.1963, max=11.1955), n_poses=154
       1.0 m (n= 140): trans RMSE=0.6020 m (60.20%), rot RMSE=6.315 deg
       5.0 m (n= 128): trans RMSE=1.7851 m (35.70%), rot RMSE=12.775 deg
      10.0 m (n= 114): trans RMSE=2.8729 m (28.73%), rot RMSE=16.899 deg
      20.0 m (n=  89): trans RMSE=4.4271 m (22.14%), rot RMSE=23.513 deg
      40.0 m (n=  43): trans RMSE=7.7895 m (19.47%), rot RMSE=34.037 deg
[ORBSLAM3] ATE RMSE=0.1226 m (mean=0.0987, median=0.0725, max=0.5115), n_poses=115
       1.0 m (n=  39): trans RMSE=0.2408 m (24.08%), rot RMSE=0.740 deg
       5.0 m (n=  17): trans RMSE=0.3204 m (6.41%), rot RMSE=0.671 deg
      10.0 m: not enough associated span for this window.
      20.0 m: not enough associated span for this window.
      40.0 m: not enough associated span for this window.
Wrote /home/alien/Documents/research/third_article/pose_graph_bracketing_slam-stable/docs/results/aug_31_all/multi_method/yoda_bridge_16fps_2_1969_12_31-19_49_44_region0_occ0/metrics_incremental.txt
Wrote /home/alien/Documents/research/third_article/pose_graph_bracketing_slam-stable/docs/results/aug_31_all/multi_method/yoda_bridge_16fps_2_1969_12_31-19_49_44_region0_occ0/metrics_incremental.json
Saved /home/alien/Documents/research/third_article/pose_graph_bracketing_slam-stable/docs/results/aug_31_all/multi_method/yoda_bridge_16fps_2_1969_12_31-19_49_44_region0_occ0/trajectories_overlay_incremental.png
