[default] ATE RMSE=5.7346 m (mean=3.5602, median=0.4061, max=10.7347), n_poses=113
       1.0 m (n=  98): trans RMSE=1.1764 m (117.64%), rot RMSE=2.753 deg
       5.0 m (n=  89): trans RMSE=2.3758 m (47.52%), rot RMSE=3.212 deg
      10.0 m (n=  78): trans RMSE=3.7300 m (37.30%), rot RMSE=4.310 deg
      20.0 m (n=  69): trans RMSE=5.8290 m (29.15%), rot RMSE=4.558 deg
      40.0 m (n=  34): trans RMSE=8.6614 m (21.65%), rot RMSE=3.889 deg
[clahe] ATE RMSE=7.4180 m (mean=4.6851, median=0.5697, max=14.0076), n_poses=113
       1.0 m (n=  98): trans RMSE=1.2440 m (124.40%), rot RMSE=4.989 deg
       5.0 m (n=  89): trans RMSE=3.0454 m (60.91%), rot RMSE=5.904 deg
      10.0 m (n=  78): trans RMSE=4.4397 m (44.40%), rot RMSE=7.525 deg
      20.0 m (n=  69): trans RMSE=7.2017 m (36.01%), rot RMSE=7.682 deg
      40.0 m (n=  34): trans RMSE=10.9895 m (27.47%), rot RMSE=9.235 deg
[AirSLAM] ATE RMSE=5.8949 m (mean=4.0040, median=1.5509, max=11.5498), n_poses=55
       1.0 m (n=  51): trans RMSE=0.7303 m (73.03%), rot RMSE=3.148 deg
       5.0 m (n=  47): trans RMSE=1.8799 m (37.60%), rot RMSE=5.250 deg
      10.0 m (n=  42): trans RMSE=3.3858 m (33.86%), rot RMSE=6.077 deg
      20.0 m (n=  33): trans RMSE=6.0272 m (30.14%), rot RMSE=6.696 deg
      40.0 m (n=  15): trans RMSE=10.3559 m (25.89%), rot RMSE=7.953 deg
[cuVSLAM] ATE RMSE=10.5494 m (mean=7.2014, median=2.7996, max=21.1916), n_poses=123
       1.0 m (n= 108): trans RMSE=4.1391 m (413.91%), rot RMSE=9.186 deg
       5.0 m (n=  99): trans RMSE=7.5794 m (151.59%), rot RMSE=19.767 deg
      10.0 m (n=  88): trans RMSE=10.3322 m (103.32%), rot RMSE=26.122 deg
      20.0 m (n=  69): trans RMSE=12.2609 m (61.30%), rot RMSE=37.528 deg
      40.0 m (n=  34): trans RMSE=17.2728 m (43.18%), rot RMSE=52.026 deg
[ORBSLAM3] ATE RMSE=0.2558 m (mean=0.2449, median=0.2752, max=0.3748), n_poses=51
       1.0 m (n=  17): trans RMSE=0.2493 m (24.93%), rot RMSE=4.065 deg
       5.0 m (n=   9): trans RMSE=0.2731 m (5.46%), rot RMSE=4.773 deg
      10.0 m: not enough associated span for this window.
      20.0 m: not enough associated span for this window.
      40.0 m: not enough associated span for this window.
Wrote /home/alien/Documents/research/third_article/pose_graph_bracketing_slam-stable/docs/results/aug_31_all/multi_method/yoda_bridge_8fps_ae_1_1969_12_31-19_27_44_region0_occ0/metrics_incremental.txt
Wrote /home/alien/Documents/research/third_article/pose_graph_bracketing_slam-stable/docs/results/aug_31_all/multi_method/yoda_bridge_8fps_ae_1_1969_12_31-19_27_44_region0_occ0/metrics_incremental.json
Saved /home/alien/Documents/research/third_article/pose_graph_bracketing_slam-stable/docs/results/aug_31_all/multi_method/yoda_bridge_8fps_ae_1_1969_12_31-19_27_44_region0_occ0/trajectories_overlay_incremental.png
