[default] ATE RMSE=8.2751 m (mean=6.1958, median=0.9948, max=12.1285), n_poses=55
       1.0 m (n=  44): trans RMSE=2.5518 m (255.18%), rot RMSE=2.153 deg
       5.0 m (n=  40): trans RMSE=4.2712 m (85.42%), rot RMSE=3.686 deg
      10.0 m (n=  34): trans RMSE=6.2089 m (62.09%), rot RMSE=5.508 deg
      20.0 m (n=  28): trans RMSE=10.2116 m (51.06%), rot RMSE=9.863 deg
      40.0 m (n=  15): trans RMSE=12.5892 m (31.47%), rot RMSE=11.472 deg
[clahe] ATE RMSE=8.7842 m (mean=6.5708, median=1.0972, max=13.3705), n_poses=55
       1.0 m (n=  44): trans RMSE=2.2555 m (225.55%), rot RMSE=1.645 deg
       5.0 m (n=  40): trans RMSE=4.0281 m (80.56%), rot RMSE=3.300 deg
      10.0 m (n=  34): trans RMSE=5.8809 m (58.81%), rot RMSE=4.990 deg
      20.0 m (n=  28): trans RMSE=9.8266 m (49.13%), rot RMSE=7.912 deg
      40.0 m (n=  15): trans RMSE=13.2888 m (33.22%), rot RMSE=7.849 deg
[AirSLAM] WARNING: only 29 associated poses, fewer than --n-align=30
[AirSLAM] ATE RMSE=10.2766 m (mean=9.3873, median=11.0487, max=13.8520), n_poses=29
       1.0 m (n=  26): trans RMSE=1.4737 m (147.37%), rot RMSE=2.020 deg
       5.0 m (n=  24): trans RMSE=4.2503 m (85.01%), rot RMSE=2.437 deg
      10.0 m (n=  21): trans RMSE=7.4750 m (74.75%), rot RMSE=2.738 deg
      20.0 m (n=  16): trans RMSE=15.0650 m (75.33%), rot RMSE=2.640 deg
      40.0 m (n=   6): trans RMSE=25.4527 m (63.63%), rot RMSE=1.597 deg
[cuVSLAM] ATE RMSE=50.1136 m (mean=35.2896, median=12.6416, max=92.8778), n_poses=63
       1.0 m (n=  52): trans RMSE=3.8525 m (385.25%), rot RMSE=2.103 deg
       5.0 m (n=  48): trans RMSE=13.3398 m (266.80%), rot RMSE=6.040 deg
      10.0 m (n=  42): trans RMSE=23.9051 m (239.05%), rot RMSE=9.834 deg
      20.0 m (n=  32): trans RMSE=40.0292 m (200.15%), rot RMSE=13.143 deg
      40.0 m (n=  15): trans RMSE=75.9225 m (189.81%), rot RMSE=8.517 deg
[ORBSLAM3] WARNING: only 15 associated poses, fewer than --n-align=30
[ORBSLAM3] ATE RMSE=0.2081 m (mean=0.1352, median=0.0562, max=0.5334), n_poses=15
       1.0 m (n=   4): trans RMSE=0.5595 m (55.95%), rot RMSE=0.391 deg
       5.0 m: not enough associated span for this window.
      10.0 m: not enough associated span for this window.
      20.0 m: not enough associated span for this window.
      40.0 m: not enough associated span for this window.
Wrote /home/alien/Documents/research/third_article/pose_graph_bracketing_slam-stable/docs/results/aug_31_all/multi_method/yoda_bridge_4fps_ae_4_1969_12_31-19_21_41_region0_occ1/metrics_global_ba.txt
Wrote /home/alien/Documents/research/third_article/pose_graph_bracketing_slam-stable/docs/results/aug_31_all/multi_method/yoda_bridge_4fps_ae_4_1969_12_31-19_21_41_region0_occ1/metrics_global_ba.json
Saved /home/alien/Documents/research/third_article/pose_graph_bracketing_slam-stable/docs/results/aug_31_all/multi_method/yoda_bridge_4fps_ae_4_1969_12_31-19_21_41_region0_occ1/trajectories_overlay_global_ba.png
