[default] ATE RMSE=0.9412 m (mean=0.6979, median=0.4926, max=1.7516), n_poses=128
       1.0 m (n= 115): trans RMSE=0.0923 m (9.23%), rot RMSE=0.684 deg
       5.0 m (n= 105): trans RMSE=0.2440 m (4.88%), rot RMSE=0.769 deg
      10.0 m (n=  93): trans RMSE=0.4402 m (4.40%), rot RMSE=1.204 deg
      20.0 m (n=  70): trans RMSE=0.8138 m (4.07%), rot RMSE=1.523 deg
      40.0 m (n=  30): trans RMSE=1.4891 m (3.72%), rot RMSE=1.564 deg
[clahe] ATE RMSE=1.0552 m (mean=0.7753, median=0.4930, max=1.9205), n_poses=128
       1.0 m (n= 115): trans RMSE=0.0996 m (9.96%), rot RMSE=0.690 deg
       5.0 m (n= 105): trans RMSE=0.2696 m (5.39%), rot RMSE=0.779 deg
      10.0 m (n=  93): trans RMSE=0.4963 m (4.96%), rot RMSE=1.174 deg
      20.0 m (n=  70): trans RMSE=0.9293 m (4.65%), rot RMSE=1.534 deg
      40.0 m (n=  30): trans RMSE=1.6790 m (4.20%), rot RMSE=1.397 deg
[AirSLAM] ATE RMSE=1.0092 m (mean=0.8043, median=0.7230, max=1.9003), n_poses=117
       1.0 m (n= 112): trans RMSE=0.1337 m (13.37%), rot RMSE=0.952 deg
       5.0 m (n= 103): trans RMSE=0.2974 m (5.95%), rot RMSE=1.129 deg
      10.0 m (n=  90): trans RMSE=0.5140 m (5.14%), rot RMSE=1.358 deg
      20.0 m (n=  68): trans RMSE=0.9329 m (4.66%), rot RMSE=1.379 deg
      40.0 m (n=  28): trans RMSE=1.6742 m (4.19%), rot RMSE=1.863 deg
[cuVSLAM] ATE RMSE=1.1364 m (mean=0.8231, median=0.5045, max=2.2303), n_poses=128
       1.0 m (n= 115): trans RMSE=0.0966 m (9.66%), rot RMSE=0.818 deg
       5.0 m (n= 105): trans RMSE=0.2851 m (5.70%), rot RMSE=1.207 deg
      10.0 m (n=  93): trans RMSE=0.5276 m (5.28%), rot RMSE=1.214 deg
      20.0 m (n=  70): trans RMSE=0.9589 m (4.79%), rot RMSE=1.658 deg
      40.0 m (n=  30): trans RMSE=1.8175 m (4.54%), rot RMSE=2.484 deg
[ORBSLAM3] WARNING: only 23 associated poses, fewer than --n-align=30
[ORBSLAM3] ATE RMSE=0.5216 m (mean=0.4597, median=0.3628, max=1.4621), n_poses=23
       1.0 m (n=  20): trans RMSE=0.5058 m (50.58%), rot RMSE=1.272 deg
       5.0 m (n=  11): trans RMSE=0.8804 m (17.61%), rot RMSE=2.104 deg
      10.0 m: not enough associated span for this window.
      20.0 m: not enough associated span for this window.
      40.0 m: not enough associated span for this window.
Wrote /home/alien/Documents/research/third_article/pose_graph_bracketing_slam-stable/docs/results/aug_31_all/multi_method/yoda_bridge_0fps_ae_2_1969_12_31-19_05_53_region0_occ1/metrics_incremental.txt
Wrote /home/alien/Documents/research/third_article/pose_graph_bracketing_slam-stable/docs/results/aug_31_all/multi_method/yoda_bridge_0fps_ae_2_1969_12_31-19_05_53_region0_occ1/metrics_incremental.json
Saved /home/alien/Documents/research/third_article/pose_graph_bracketing_slam-stable/docs/results/aug_31_all/multi_method/yoda_bridge_0fps_ae_2_1969_12_31-19_05_53_region0_occ1/trajectories_overlay_incremental.png
