[default] ATE RMSE=6.0737 m (mean=4.8669, median=7.1067, max=9.1832), n_poses=54
       1.0 m (n=  41): trans RMSE=1.3238 m (132.38%), rot RMSE=1.072 deg
       5.0 m (n=  37): trans RMSE=2.9579 m (59.16%), rot RMSE=1.685 deg
      10.0 m (n=  31): trans RMSE=4.7014 m (47.01%), rot RMSE=3.122 deg
      20.0 m (n=  26): trans RMSE=6.8894 m (34.45%), rot RMSE=5.203 deg
      40.0 m (n=  13): trans RMSE=9.0416 m (22.60%), rot RMSE=5.543 deg
[clahe] ATE RMSE=9.2892 m (mean=7.4324, median=10.5827, max=13.8735), n_poses=54
       1.0 m (n=  41): trans RMSE=1.6691 m (166.91%), rot RMSE=1.353 deg
       5.0 m (n=  37): trans RMSE=4.0337 m (80.67%), rot RMSE=3.351 deg
      10.0 m (n=  31): trans RMSE=6.5837 m (65.84%), rot RMSE=5.476 deg
      20.0 m (n=  26): trans RMSE=10.3466 m (51.73%), rot RMSE=8.197 deg
      40.0 m (n=  13): trans RMSE=14.1531 m (35.38%), rot RMSE=8.770 deg
[AirSLAM] WARNING: only 26 associated poses, fewer than --n-align=30
[AirSLAM] ATE RMSE=10.3008 m (mean=9.5466, median=10.9450, max=14.3539), n_poses=26
       1.0 m (n=  24): trans RMSE=1.4617 m (146.17%), rot RMSE=1.754 deg
       5.0 m (n=  22): trans RMSE=4.2517 m (85.03%), rot RMSE=2.243 deg
      10.0 m (n=  19): trans RMSE=7.6953 m (76.95%), rot RMSE=2.989 deg
      20.0 m (n=  14): trans RMSE=15.4441 m (77.22%), rot RMSE=3.321 deg
      40.0 m (n=   6): trans RMSE=25.1727 m (62.93%), rot RMSE=4.613 deg
[cuVSLAM] ATE RMSE=22.7135 m (mean=19.1382, median=18.8060, max=34.8447), n_poses=62
       1.0 m (n=  49): trans RMSE=1.7258 m (172.58%), rot RMSE=4.312 deg
       5.0 m (n=  45): trans RMSE=5.5506 m (111.01%), rot RMSE=7.386 deg
      10.0 m (n=  39): trans RMSE=10.4878 m (104.88%), rot RMSE=9.788 deg
      20.0 m (n=  30): trans RMSE=20.1406 m (100.70%), rot RMSE=13.004 deg
      40.0 m (n=  13): trans RMSE=39.2983 m (98.25%), rot RMSE=7.775 deg
[ORBSLAM3] WARNING: only 27 associated poses, fewer than --n-align=30
[ORBSLAM3] ATE RMSE=0.1161 m (mean=0.0894, median=0.0535, max=0.2877), n_poses=27
       1.0 m (n=  14): trans RMSE=0.1639 m (16.39%), rot RMSE=0.941 deg
       5.0 m (n=  10): trans RMSE=0.2527 m (5.05%), rot RMSE=0.496 deg
      10.0 m (n=   4): trans RMSE=0.2382 m (2.38%), rot RMSE=0.531 deg
      20.0 m: not enough associated span for this window.
      40.0 m: not enough associated span for this window.
Wrote /home/alien/Documents/research/third_article/pose_graph_bracketing_slam-stable/docs/results/aug_31_all/multi_method/yoda_bridge_4fps_ae_3_1969_12_31-19_20_11_region0_occ1/metrics_global_ba.txt
Wrote /home/alien/Documents/research/third_article/pose_graph_bracketing_slam-stable/docs/results/aug_31_all/multi_method/yoda_bridge_4fps_ae_3_1969_12_31-19_20_11_region0_occ1/metrics_global_ba.json
Saved /home/alien/Documents/research/third_article/pose_graph_bracketing_slam-stable/docs/results/aug_31_all/multi_method/yoda_bridge_4fps_ae_3_1969_12_31-19_20_11_region0_occ1/trajectories_overlay_global_ba.png
