[default] ATE RMSE=0.9324 m (mean=0.7192, median=0.6048, max=1.5873), n_poses=144
       1.0 m (n= 124): trans RMSE=0.1230 m (12.30%), rot RMSE=0.808 deg
       5.0 m (n= 113): trans RMSE=0.2572 m (5.14%), rot RMSE=1.043 deg
      10.0 m (n= 100): trans RMSE=0.4320 m (4.32%), rot RMSE=1.307 deg
      20.0 m (n=  75): trans RMSE=0.7897 m (3.95%), rot RMSE=2.180 deg
      40.0 m (n=  33): trans RMSE=1.3668 m (3.42%), rot RMSE=0.745 deg
[clahe] ATE RMSE=1.2505 m (mean=0.9666, median=1.5709, max=2.0336), n_poses=144
       1.0 m (n= 124): trans RMSE=0.2655 m (26.55%), rot RMSE=0.863 deg
       5.0 m (n= 113): trans RMSE=0.4996 m (9.99%), rot RMSE=1.149 deg
      10.0 m (n= 100): trans RMSE=0.7868 m (7.87%), rot RMSE=1.648 deg
      20.0 m (n=  75): trans RMSE=1.3050 m (6.52%), rot RMSE=3.068 deg
      40.0 m (n=  33): trans RMSE=1.7213 m (4.30%), rot RMSE=2.414 deg
[AirSLAM] ATE RMSE=1.5232 m (mean=1.2340, median=1.2210, max=2.3573), n_poses=100
       1.0 m (n=  96): trans RMSE=0.2601 m (26.01%), rot RMSE=1.104 deg
       5.0 m (n=  87): trans RMSE=0.4795 m (9.59%), rot RMSE=1.213 deg
      10.0 m (n=  77): trans RMSE=0.7640 m (7.64%), rot RMSE=1.410 deg
      20.0 m (n=  58): trans RMSE=1.4396 m (7.20%), rot RMSE=1.765 deg
      40.0 m (n=  24): trans RMSE=2.2225 m (5.56%), rot RMSE=1.597 deg
[cuVSLAM] ATE RMSE=1.0683 m (mean=0.8437, median=0.6117, max=1.6846), n_poses=144
       1.0 m (n= 124): trans RMSE=0.1601 m (16.01%), rot RMSE=1.167 deg
       5.0 m (n= 113): trans RMSE=0.3247 m (6.49%), rot RMSE=1.244 deg
      10.0 m (n= 100): trans RMSE=0.5316 m (5.32%), rot RMSE=1.634 deg
      20.0 m (n=  75): trans RMSE=1.0009 m (5.00%), rot RMSE=2.331 deg
      40.0 m (n=  33): trans RMSE=1.5710 m (3.93%), rot RMSE=0.996 deg
[ORBSLAM3] ATE RMSE=0.0905 m (mean=0.0798, median=0.0697, max=0.2056), n_poses=56
       1.0 m (n=  24): trans RMSE=0.1378 m (13.78%), rot RMSE=1.145 deg
       5.0 m (n=   7): trans RMSE=0.1283 m (2.57%), rot RMSE=0.552 deg
      10.0 m: not enough associated span for this window.
      20.0 m: not enough associated span for this window.
      40.0 m: not enough associated span for this window.
Wrote /home/alien/Documents/research/third_article/pose_graph_bracketing_slam-stable/docs/results/aug_31_all/multi_method/yoda_bridge_16fps_ae_1_1969_12_31-19_56_37_region0_occ1/metrics_global_ba.txt
Wrote /home/alien/Documents/research/third_article/pose_graph_bracketing_slam-stable/docs/results/aug_31_all/multi_method/yoda_bridge_16fps_ae_1_1969_12_31-19_56_37_region0_occ1/metrics_global_ba.json
Saved /home/alien/Documents/research/third_article/pose_graph_bracketing_slam-stable/docs/results/aug_31_all/multi_method/yoda_bridge_16fps_ae_1_1969_12_31-19_56_37_region0_occ1/trajectories_overlay_global_ba.png
