[default] ATE RMSE=0.9173 m (mean=0.7068, median=0.4739, max=1.8465), n_poses=165
       1.0 m (n= 153): trans RMSE=0.1146 m (11.46%), rot RMSE=0.940 deg
       5.0 m (n= 140): trans RMSE=0.3240 m (6.48%), rot RMSE=0.899 deg
      10.0 m (n= 126): trans RMSE=0.5389 m (5.39%), rot RMSE=0.813 deg
      20.0 m (n=  99): trans RMSE=0.8574 m (4.29%), rot RMSE=1.234 deg
      40.0 m (n=  47): trans RMSE=1.3849 m (3.46%), rot RMSE=1.264 deg
[clahe] ATE RMSE=0.8337 m (mean=0.5948, median=0.2770, max=1.7641), n_poses=165
       1.0 m (n= 153): trans RMSE=0.1036 m (10.36%), rot RMSE=0.950 deg
       5.0 m (n= 140): trans RMSE=0.2687 m (5.37%), rot RMSE=0.913 deg
      10.0 m (n= 126): trans RMSE=0.4752 m (4.75%), rot RMSE=0.937 deg
      20.0 m (n=  99): trans RMSE=0.7842 m (3.92%), rot RMSE=1.366 deg
      40.0 m (n=  47): trans RMSE=1.3008 m (3.25%), rot RMSE=0.796 deg
[AirSLAM] ATE RMSE=5.1545 m (mean=4.1538, median=3.4279, max=10.1936), n_poses=177
       1.0 m (n= 162): trans RMSE=0.7514 m (75.14%), rot RMSE=2.073 deg
       5.0 m (n= 146): trans RMSE=1.9615 m (39.23%), rot RMSE=4.527 deg
      10.0 m (n= 129): trans RMSE=2.9749 m (29.75%), rot RMSE=5.984 deg
      20.0 m (n=  99): trans RMSE=4.2029 m (21.01%), rot RMSE=8.240 deg
      40.0 m (n=  47): trans RMSE=7.3357 m (18.34%), rot RMSE=10.890 deg
[cuVSLAM] ATE RMSE=42.1994 m (mean=36.9744, median=38.7240, max=66.9122), n_poses=177
       1.0 m (n= 162): trans RMSE=14.4116 m (1441.16%), rot RMSE=36.339 deg
       5.0 m (n= 146): trans RMSE=20.1189 m (402.38%), rot RMSE=48.774 deg
      10.0 m (n= 129): trans RMSE=24.5038 m (245.04%), rot RMSE=60.474 deg
      20.0 m (n=  99): trans RMSE=36.5623 m (182.81%), rot RMSE=97.880 deg
      40.0 m (n=  47): trans RMSE=63.0986 m (157.75%), rot RMSE=112.179 deg
[ORBSLAM3] ATE RMSE=0.1450 m (mean=0.0979, median=0.0551, max=0.4706), n_poses=31
       1.0 m (n=  30): trans RMSE=0.2092 m (20.92%), rot RMSE=1.105 deg
       5.0 m (n=  22): trans RMSE=0.2241 m (4.48%), rot RMSE=1.039 deg
      10.0 m (n=   9): trans RMSE=0.2121 m (2.12%), rot RMSE=1.185 deg
      20.0 m: not enough associated span for this window.
      40.0 m: not enough associated span for this window.
Wrote /home/alien/Documents/research/third_article/pose_graph_bracketing_slam-stable/docs/results/aug_31_all/multi_method/yoda_fixedev_5_1969_12_31-20_00_15_region0_occ0/metrics_global_ba.txt
Wrote /home/alien/Documents/research/third_article/pose_graph_bracketing_slam-stable/docs/results/aug_31_all/multi_method/yoda_fixedev_5_1969_12_31-20_00_15_region0_occ0/metrics_global_ba.json
Saved /home/alien/Documents/research/third_article/pose_graph_bracketing_slam-stable/docs/results/aug_31_all/multi_method/yoda_fixedev_5_1969_12_31-20_00_15_region0_occ0/trajectories_overlay_global_ba.png
