[default] ATE RMSE=0.9797 m (mean=0.7583, median=0.5661, max=1.6237), n_poses=150
       1.0 m (n= 126): trans RMSE=0.1413 m (14.13%), rot RMSE=0.799 deg
       5.0 m (n= 115): trans RMSE=0.3012 m (6.02%), rot RMSE=1.061 deg
      10.0 m (n= 101): trans RMSE=0.4811 m (4.81%), rot RMSE=1.377 deg
      20.0 m (n=  77): trans RMSE=0.8653 m (4.33%), rot RMSE=1.603 deg
      40.0 m (n=  30): trans RMSE=1.4756 m (3.69%), rot RMSE=1.728 deg
[clahe] ATE RMSE=1.0405 m (mean=0.8127, median=0.6002, max=1.8271), n_poses=150
       1.0 m (n= 126): trans RMSE=0.1323 m (13.23%), rot RMSE=0.861 deg
       5.0 m (n= 115): trans RMSE=0.2917 m (5.83%), rot RMSE=1.094 deg
      10.0 m (n= 101): trans RMSE=0.4762 m (4.76%), rot RMSE=1.378 deg
      20.0 m (n=  77): trans RMSE=0.8541 m (4.27%), rot RMSE=1.689 deg
      40.0 m (n=  30): trans RMSE=1.5283 m (3.82%), rot RMSE=2.442 deg
[AirSLAM] SKIPPED (missing: /home/alien/Documents/research/third_article/pose_graph_bracketing_slam-stable/docs/results/aug_31_all/sota/AirSLAM/yoda_fixedev_3_1969_12_31-19_57_32_region0_occ1.txt)
[cuVSLAM] ATE RMSE=31.0694 m (mean=26.9554, median=31.2333, max=46.4799), n_poses=150
       1.0 m (n= 126): trans RMSE=11.5136 m (1151.36%), rot RMSE=58.161 deg
       5.0 m (n= 115): trans RMSE=18.4464 m (368.93%), rot RMSE=91.322 deg
      10.0 m (n= 101): trans RMSE=20.9266 m (209.27%), rot RMSE=93.708 deg
      20.0 m (n=  77): trans RMSE=27.2012 m (136.01%), rot RMSE=103.739 deg
      40.0 m (n=  30): trans RMSE=41.2288 m (103.07%), rot RMSE=116.685 deg
[ORBSLAM3] ATE RMSE=0.1345 m (mean=0.1319, median=0.1355, max=0.2179), n_poses=150
       1.0 m (n=  13): trans RMSE=0.1937 m (19.37%), rot RMSE=0.738 deg
       5.0 m: not enough associated span for this window.
      10.0 m: not enough associated span for this window.
      20.0 m: not enough associated span for this window.
      40.0 m: not enough associated span for this window.
Wrote /home/alien/Documents/research/third_article/pose_graph_bracketing_slam-stable/docs/results/aug_31_all/multi_method/yoda_fixedev_3_1969_12_31-19_57_32_region0_occ1/metrics_incremental.txt
Wrote /home/alien/Documents/research/third_article/pose_graph_bracketing_slam-stable/docs/results/aug_31_all/multi_method/yoda_fixedev_3_1969_12_31-19_57_32_region0_occ1/metrics_incremental.json
Saved /home/alien/Documents/research/third_article/pose_graph_bracketing_slam-stable/docs/results/aug_31_all/multi_method/yoda_fixedev_3_1969_12_31-19_57_32_region0_occ1/trajectories_overlay_incremental.png
