[default] ATE RMSE=6.5789 m (mean=4.0742, median=0.3274, max=11.7563), n_poses=113
       1.0 m (n=  98): trans RMSE=2.0840 m (208.40%), rot RMSE=5.267 deg
       5.0 m (n=  89): trans RMSE=3.6845 m (73.69%), rot RMSE=7.058 deg
      10.0 m (n=  78): trans RMSE=5.5477 m (55.48%), rot RMSE=7.350 deg
      20.0 m (n=  69): trans RMSE=7.6993 m (38.50%), rot RMSE=8.030 deg
      40.0 m (n=  34): trans RMSE=11.3331 m (28.33%), rot RMSE=6.833 deg
[clahe] ATE RMSE=8.3007 m (mean=5.2488, median=0.4330, max=14.1063), n_poses=113
       1.0 m (n=  98): trans RMSE=2.3962 m (239.62%), rot RMSE=12.598 deg
       5.0 m (n=  89): trans RMSE=4.3428 m (86.86%), rot RMSE=15.338 deg
      10.0 m (n=  78): trans RMSE=6.5811 m (65.81%), rot RMSE=12.649 deg
      20.0 m (n=  69): trans RMSE=9.3515 m (46.76%), rot RMSE=12.771 deg
      40.0 m (n=  34): trans RMSE=13.8370 m (34.59%), rot RMSE=2.068 deg
[AirSLAM] ATE RMSE=5.8949 m (mean=4.0040, median=1.5509, max=11.5498), n_poses=55
       1.0 m (n=  51): trans RMSE=0.7303 m (73.03%), rot RMSE=3.148 deg
       5.0 m (n=  47): trans RMSE=1.8799 m (37.60%), rot RMSE=5.250 deg
      10.0 m (n=  42): trans RMSE=3.3858 m (33.86%), rot RMSE=6.077 deg
      20.0 m (n=  33): trans RMSE=6.0272 m (30.14%), rot RMSE=6.696 deg
      40.0 m (n=  15): trans RMSE=10.3559 m (25.89%), rot RMSE=7.953 deg
[cuVSLAM] ATE RMSE=10.5494 m (mean=7.2014, median=2.7996, max=21.1916), n_poses=123
       1.0 m (n= 108): trans RMSE=4.1391 m (413.91%), rot RMSE=9.186 deg
       5.0 m (n=  99): trans RMSE=7.5794 m (151.59%), rot RMSE=19.767 deg
      10.0 m (n=  88): trans RMSE=10.3322 m (103.32%), rot RMSE=26.122 deg
      20.0 m (n=  69): trans RMSE=12.2609 m (61.30%), rot RMSE=37.528 deg
      40.0 m (n=  34): trans RMSE=17.2728 m (43.18%), rot RMSE=52.026 deg
[ORBSLAM3] ATE RMSE=0.2558 m (mean=0.2449, median=0.2752, max=0.3748), n_poses=51
       1.0 m (n=  17): trans RMSE=0.2493 m (24.93%), rot RMSE=4.065 deg
       5.0 m (n=   9): trans RMSE=0.2731 m (5.46%), rot RMSE=4.773 deg
      10.0 m: not enough associated span for this window.
      20.0 m: not enough associated span for this window.
      40.0 m: not enough associated span for this window.
Wrote /home/alien/Documents/research/third_article/pose_graph_bracketing_slam-stable/docs/results/aug_31_all/multi_method/yoda_bridge_8fps_ae_1_1969_12_31-19_27_44_region0_occ0/metrics_global_ba.txt
Wrote /home/alien/Documents/research/third_article/pose_graph_bracketing_slam-stable/docs/results/aug_31_all/multi_method/yoda_bridge_8fps_ae_1_1969_12_31-19_27_44_region0_occ0/metrics_global_ba.json
Saved /home/alien/Documents/research/third_article/pose_graph_bracketing_slam-stable/docs/results/aug_31_all/multi_method/yoda_bridge_8fps_ae_1_1969_12_31-19_27_44_region0_occ0/trajectories_overlay_global_ba.png
