[default] ATE RMSE=0.5708 m (mean=0.4451, median=0.2011, max=1.2649), n_poses=53
       1.0 m (n=  47): trans RMSE=0.3665 m (36.65%), rot RMSE=0.904 deg
       5.0 m (n=  43): trans RMSE=0.5225 m (10.45%), rot RMSE=0.834 deg
      10.0 m (n=  37): trans RMSE=0.5471 m (5.47%), rot RMSE=1.334 deg
      20.0 m (n=  29): trans RMSE=0.7739 m (3.87%), rot RMSE=1.223 deg
      40.0 m (n=  13): trans RMSE=0.8222 m (2.06%), rot RMSE=1.284 deg
[clahe] ATE RMSE=2.2049 m (mean=1.5270, median=0.9134, max=5.1163), n_poses=53
       1.0 m (n=  47): trans RMSE=0.7828 m (78.28%), rot RMSE=1.072 deg
       5.0 m (n=  43): trans RMSE=1.5435 m (30.87%), rot RMSE=1.669 deg
      10.0 m (n=  37): trans RMSE=2.1087 m (21.09%), rot RMSE=2.549 deg
      20.0 m (n=  29): trans RMSE=2.2584 m (11.29%), rot RMSE=4.131 deg
      40.0 m (n=  13): trans RMSE=3.2435 m (8.11%), rot RMSE=2.852 deg
[AirSLAM] WARNING: only 27 associated poses, fewer than --n-align=30
[AirSLAM] ATE RMSE=9.9333 m (mean=8.9983, median=9.1761, max=14.7367), n_poses=27
       1.0 m (n=  24): trans RMSE=1.4343 m (143.43%), rot RMSE=1.650 deg
       5.0 m (n=  22): trans RMSE=3.9242 m (78.48%), rot RMSE=3.839 deg
      10.0 m (n=  19): trans RMSE=7.1409 m (71.41%), rot RMSE=3.869 deg
      20.0 m (n=  15): trans RMSE=14.0981 m (70.49%), rot RMSE=4.172 deg
      40.0 m (n=   5): trans RMSE=25.3107 m (63.28%), rot RMSE=4.929 deg
[cuVSLAM] ATE RMSE=310.0515 m (mean=183.1761, median=10.1980, max=747.0270), n_poses=54
       1.0 m (n=  48): trans RMSE=44.2645 m (4426.45%), rot RMSE=50.099 deg
       5.0 m (n=  44): trans RMSE=125.5009 m (2510.02%), rot RMSE=56.799 deg
      10.0 m (n=  38): trans RMSE=182.4333 m (1824.33%), rot RMSE=77.212 deg
      20.0 m (n=  30): trans RMSE=287.3800 m (1436.90%), rot RMSE=87.163 deg
      40.0 m (n=  13): trans RMSE=468.8141 m (1172.04%), rot RMSE=79.047 deg
[ORBSLAM3] WARNING: only 9 associated poses, fewer than --n-align=30
[ORBSLAM3] ATE RMSE=0.0860 m (mean=0.0732, median=0.0453, max=0.1600), n_poses=9
       1.0 m (n=   3): trans RMSE=0.1515 m (15.15%), rot RMSE=0.380 deg
       5.0 m: not enough associated span for this window.
      10.0 m: not enough associated span for this window.
      20.0 m: not enough associated span for this window.
      40.0 m: not enough associated span for this window.
Wrote /home/alien/Documents/research/third_article/pose_graph_bracketing_slam-stable/docs/results/aug_31_all/multi_method/yoda_bridge_4fps_2_1969_12_31-19_09_57_region0_occ1/metrics_global_ba.txt
Wrote /home/alien/Documents/research/third_article/pose_graph_bracketing_slam-stable/docs/results/aug_31_all/multi_method/yoda_bridge_4fps_2_1969_12_31-19_09_57_region0_occ1/metrics_global_ba.json
Saved /home/alien/Documents/research/third_article/pose_graph_bracketing_slam-stable/docs/results/aug_31_all/multi_method/yoda_bridge_4fps_2_1969_12_31-19_09_57_region0_occ1/trajectories_overlay_global_ba.png
