[default] ATE RMSE=0.4154 m (mean=0.3082, median=0.1452, max=0.7863), n_poses=138
       1.0 m (n= 130): trans RMSE=0.1297 m (12.97%), rot RMSE=0.706 deg
       5.0 m (n= 119): trans RMSE=0.2405 m (4.81%), rot RMSE=0.683 deg
      10.0 m (n= 107): trans RMSE=0.3621 m (3.62%), rot RMSE=1.060 deg
      20.0 m (n=  84): trans RMSE=0.4990 m (2.49%), rot RMSE=1.483 deg
      40.0 m (n=  40): trans RMSE=0.7221 m (1.81%), rot RMSE=0.843 deg
[clahe] ATE RMSE=0.5344 m (mean=0.3830, median=0.1702, max=1.1430), n_poses=138
       1.0 m (n= 130): trans RMSE=0.1606 m (16.06%), rot RMSE=0.713 deg
       5.0 m (n= 119): trans RMSE=0.3150 m (6.30%), rot RMSE=0.701 deg
      10.0 m (n= 107): trans RMSE=0.4723 m (4.72%), rot RMSE=1.055 deg
      20.0 m (n=  84): trans RMSE=0.6434 m (3.22%), rot RMSE=1.498 deg
      40.0 m (n=  40): trans RMSE=0.8886 m (2.22%), rot RMSE=0.877 deg
[AirSLAM] ATE RMSE=1.3913 m (mean=1.0271, median=0.8400, max=2.5701), n_poses=106
       1.0 m (n= 101): trans RMSE=0.2631 m (26.31%), rot RMSE=1.148 deg
       5.0 m (n=  93): trans RMSE=0.4302 m (8.60%), rot RMSE=1.280 deg
      10.0 m (n=  83): trans RMSE=0.7370 m (7.37%), rot RMSE=1.732 deg
      20.0 m (n=  65): trans RMSE=1.3216 m (6.61%), rot RMSE=2.133 deg
      40.0 m (n=  30): trans RMSE=2.2881 m (5.72%), rot RMSE=2.576 deg
[cuVSLAM] ATE RMSE=6.4318 m (mean=4.9699, median=7.6547, max=10.0443), n_poses=138
       1.0 m (n= 130): trans RMSE=0.8589 m (85.89%), rot RMSE=4.234 deg
       5.0 m (n= 119): trans RMSE=2.3333 m (46.67%), rot RMSE=8.834 deg
      10.0 m (n= 107): trans RMSE=3.6499 m (36.50%), rot RMSE=11.879 deg
      20.0 m (n=  84): trans RMSE=6.0869 m (30.43%), rot RMSE=10.716 deg
      40.0 m (n=  40): trans RMSE=8.8631 m (22.16%), rot RMSE=7.020 deg
[ORBSLAM3] ATE RMSE=0.5723 m (mean=0.1288, median=0.0654, max=6.1463), n_poses=118
       1.0 m (n=  33): trans RMSE=1.8847 m (188.47%), rot RMSE=4.190 deg
       5.0 m (n=  14): trans RMSE=2.8115 m (56.23%), rot RMSE=6.509 deg
      10.0 m: not enough associated span for this window.
      20.0 m: not enough associated span for this window.
      40.0 m: not enough associated span for this window.
Wrote /home/alien/Documents/research/third_article/pose_graph_bracketing_slam-stable/docs/results/aug_31_all/multi_method/yoda_bridge_16fps_3_1969_12_31-19_51_17_region0_occ0/metrics_global_ba.txt
Wrote /home/alien/Documents/research/third_article/pose_graph_bracketing_slam-stable/docs/results/aug_31_all/multi_method/yoda_bridge_16fps_3_1969_12_31-19_51_17_region0_occ0/metrics_global_ba.json
Saved /home/alien/Documents/research/third_article/pose_graph_bracketing_slam-stable/docs/results/aug_31_all/multi_method/yoda_bridge_16fps_3_1969_12_31-19_51_17_region0_occ0/trajectories_overlay_global_ba.png
