[default] ATE RMSE=1.2510 m (mean=0.8343, median=0.3626, max=2.8069), n_poses=152
       1.0 m (n= 140): trans RMSE=0.1173 m (11.73%), rot RMSE=0.649 deg
       5.0 m (n= 128): trans RMSE=0.3817 m (7.63%), rot RMSE=0.773 deg
      10.0 m (n= 114): trans RMSE=0.6691 m (6.69%), rot RMSE=1.016 deg
      20.0 m (n=  89): trans RMSE=1.0891 m (5.45%), rot RMSE=1.604 deg
      40.0 m (n=  42): trans RMSE=1.8905 m (4.73%), rot RMSE=0.788 deg
[clahe] ATE RMSE=0.3416 m (mean=0.2701, median=0.1847, max=0.6270), n_poses=152
       1.0 m (n= 140): trans RMSE=0.0908 m (9.08%), rot RMSE=0.659 deg
       5.0 m (n= 128): trans RMSE=0.1811 m (3.62%), rot RMSE=0.804 deg
      10.0 m (n= 114): trans RMSE=0.2677 m (2.68%), rot RMSE=1.128 deg
      20.0 m (n=  89): trans RMSE=0.3920 m (1.96%), rot RMSE=1.628 deg
      40.0 m (n=  42): trans RMSE=0.5494 m (1.37%), rot RMSE=0.818 deg
[AirSLAM] ATE RMSE=0.8427 m (mean=0.5947, median=0.3001, max=1.8406), n_poses=136
       1.0 m (n= 131): trans RMSE=0.1410 m (14.10%), rot RMSE=0.911 deg
       5.0 m (n= 118): trans RMSE=0.2699 m (5.40%), rot RMSE=1.111 deg
      10.0 m (n= 106): trans RMSE=0.4592 m (4.59%), rot RMSE=1.067 deg
      20.0 m (n=  83): trans RMSE=0.8168 m (4.08%), rot RMSE=1.586 deg
      40.0 m (n=  36): trans RMSE=1.4496 m (3.62%), rot RMSE=1.484 deg
[cuVSLAM] ATE RMSE=2.2192 m (mean=1.5937, median=1.1335, max=4.8695), n_poses=152
       1.0 m (n= 140): trans RMSE=0.3923 m (39.23%), rot RMSE=2.136 deg
       5.0 m (n= 128): trans RMSE=0.9835 m (19.67%), rot RMSE=3.222 deg
      10.0 m (n= 114): trans RMSE=1.6830 m (16.83%), rot RMSE=4.786 deg
      20.0 m (n=  89): trans RMSE=2.4458 m (12.23%), rot RMSE=8.741 deg
      40.0 m (n=  42): trans RMSE=3.1897 m (7.97%), rot RMSE=11.634 deg
[ORBSLAM3] WARNING: only 28 associated poses, fewer than --n-align=30
[ORBSLAM3] ATE RMSE=0.1303 m (mean=0.1074, median=0.0759, max=0.2762), n_poses=28
       1.0 m (n=  26): trans RMSE=0.1735 m (17.35%), rot RMSE=1.139 deg
       5.0 m (n=  15): trans RMSE=0.1632 m (3.26%), rot RMSE=1.777 deg
      10.0 m: not enough associated span for this window.
      20.0 m: not enough associated span for this window.
      40.0 m: not enough associated span for this window.
Wrote /home/alien/Documents/research/third_article/pose_graph_bracketing_slam-stable/docs/results/aug_31_all/multi_method/yoda_bridge_4_1969_12_31-20_09_17_region0_occ0/metrics_incremental.txt
Wrote /home/alien/Documents/research/third_article/pose_graph_bracketing_slam-stable/docs/results/aug_31_all/multi_method/yoda_bridge_4_1969_12_31-20_09_17_region0_occ0/metrics_incremental.json
Saved /home/alien/Documents/research/third_article/pose_graph_bracketing_slam-stable/docs/results/aug_31_all/multi_method/yoda_bridge_4_1969_12_31-20_09_17_region0_occ0/trajectories_overlay_incremental.png
