[default] ATE RMSE=1.4750 m (mean=1.0734, median=0.7070, max=2.7741), n_poses=153
       1.0 m (n= 134): trans RMSE=0.1431 m (14.31%), rot RMSE=0.652 deg
       5.0 m (n= 123): trans RMSE=0.3818 m (7.64%), rot RMSE=0.694 deg
      10.0 m (n= 108): trans RMSE=0.6687 m (6.69%), rot RMSE=1.088 deg
      20.0 m (n=  82): trans RMSE=1.1845 m (5.92%), rot RMSE=1.740 deg
      40.0 m (n=  37): trans RMSE=2.2471 m (5.62%), rot RMSE=1.365 deg
[clahe] ATE RMSE=1.9639 m (mean=1.4618, median=0.8783, max=3.1577), n_poses=153
       1.0 m (n= 134): trans RMSE=0.2276 m (22.76%), rot RMSE=0.691 deg
       5.0 m (n= 123): trans RMSE=0.6365 m (12.73%), rot RMSE=1.204 deg
      10.0 m (n= 108): trans RMSE=1.0575 m (10.57%), rot RMSE=2.216 deg
      20.0 m (n=  82): trans RMSE=1.8110 m (9.05%), rot RMSE=3.909 deg
      40.0 m (n=  37): trans RMSE=3.0281 m (7.57%), rot RMSE=5.117 deg
[AirSLAM] ATE RMSE=1.6065 m (mean=1.2817, median=1.2195, max=2.9683), n_poses=106
       1.0 m (n= 102): trans RMSE=0.2483 m (24.83%), rot RMSE=1.242 deg
       5.0 m (n=  92): trans RMSE=0.4648 m (9.30%), rot RMSE=1.574 deg
      10.0 m (n=  81): trans RMSE=0.8254 m (8.25%), rot RMSE=2.034 deg
      20.0 m (n=  60): trans RMSE=1.4512 m (7.26%), rot RMSE=2.805 deg
      40.0 m (n=  25): trans RMSE=2.6496 m (6.62%), rot RMSE=4.417 deg
[cuVSLAM] ATE RMSE=2.3592 m (mean=1.7217, median=1.0225, max=4.3538), n_poses=153
       1.0 m (n= 134): trans RMSE=0.1844 m (18.44%), rot RMSE=0.614 deg
       5.0 m (n= 123): trans RMSE=0.5649 m (11.30%), rot RMSE=0.788 deg
      10.0 m (n= 108): trans RMSE=1.0146 m (10.15%), rot RMSE=0.949 deg
      20.0 m (n=  82): trans RMSE=1.9422 m (9.71%), rot RMSE=1.518 deg
      40.0 m (n=  37): trans RMSE=3.5725 m (8.93%), rot RMSE=1.386 deg
[ORBSLAM3] ATE RMSE=0.2881 m (mean=0.2564, median=0.3470, max=0.3470), n_poses=122
       1.0 m (n=  37): trans RMSE=0.1375 m (13.75%), rot RMSE=1.554 deg
       5.0 m (n=  13): trans RMSE=0.3805 m (7.61%), rot RMSE=2.397 deg
      10.0 m: not enough associated span for this window.
      20.0 m: not enough associated span for this window.
      40.0 m: not enough associated span for this window.
Wrote /home/alien/Documents/research/third_article/pose_graph_bracketing_slam-stable/docs/results/aug_31_all/multi_method/yoda_bridge_16fps_ae_4_1969_12_31-20_02_27_region0_occ1/metrics_incremental.txt
Wrote /home/alien/Documents/research/third_article/pose_graph_bracketing_slam-stable/docs/results/aug_31_all/multi_method/yoda_bridge_16fps_ae_4_1969_12_31-20_02_27_region0_occ1/metrics_incremental.json
Saved /home/alien/Documents/research/third_article/pose_graph_bracketing_slam-stable/docs/results/aug_31_all/multi_method/yoda_bridge_16fps_ae_4_1969_12_31-20_02_27_region0_occ1/trajectories_overlay_incremental.png
