[default] ATE RMSE=1.4281 m (mean=1.0045, median=0.4351, max=2.8118), n_poses=119
       1.0 m (n= 108): trans RMSE=0.2809 m (28.09%), rot RMSE=1.033 deg
       5.0 m (n=  99): trans RMSE=0.5071 m (10.14%), rot RMSE=0.898 deg
      10.0 m (n=  88): trans RMSE=0.8299 m (8.30%), rot RMSE=1.047 deg
      20.0 m (n=  68): trans RMSE=1.3616 m (6.81%), rot RMSE=1.951 deg
      40.0 m (n=  31): trans RMSE=2.2543 m (5.64%), rot RMSE=1.101 deg
[clahe] ATE RMSE=2.4088 m (mean=1.5584, median=0.5812, max=5.9810), n_poses=119
       1.0 m (n= 108): trans RMSE=0.5231 m (52.31%), rot RMSE=1.261 deg
       5.0 m (n=  99): trans RMSE=1.1162 m (22.32%), rot RMSE=1.761 deg
      10.0 m (n=  88): trans RMSE=1.4562 m (14.56%), rot RMSE=2.588 deg
      20.0 m (n=  68): trans RMSE=2.1240 m (10.62%), rot RMSE=4.013 deg
      40.0 m (n=  31): trans RMSE=3.4143 m (8.54%), rot RMSE=4.532 deg
[AirSLAM] ATE RMSE=6.3221 m (mean=4.4595, median=1.9280, max=11.7072), n_poses=56
       1.0 m (n=  53): trans RMSE=0.6126 m (61.26%), rot RMSE=1.015 deg
       5.0 m (n=  49): trans RMSE=1.7368 m (34.74%), rot RMSE=1.190 deg
      10.0 m (n=  43): trans RMSE=3.2959 m (32.96%), rot RMSE=1.574 deg
      20.0 m (n=  34): trans RMSE=6.2802 m (31.40%), rot RMSE=2.677 deg
      40.0 m (n=  15): trans RMSE=11.0774 m (27.69%), rot RMSE=3.967 deg
[cuVSLAM] ATE RMSE=4.7318 m (mean=3.4768, median=3.2407, max=8.3629), n_poses=119
       1.0 m (n= 108): trans RMSE=0.5528 m (55.28%), rot RMSE=1.803 deg
       5.0 m (n=  99): trans RMSE=1.4743 m (29.49%), rot RMSE=4.721 deg
      10.0 m (n=  88): trans RMSE=2.3968 m (23.97%), rot RMSE=7.216 deg
      20.0 m (n=  68): trans RMSE=3.9741 m (19.87%), rot RMSE=11.563 deg
      40.0 m (n=  31): trans RMSE=7.4158 m (18.54%), rot RMSE=8.330 deg
[ORBSLAM3] ATE RMSE=0.0535 m (mean=0.0385, median=0.0233, max=0.2101), n_poses=55
       1.0 m (n=  12): trans RMSE=0.1260 m (12.60%), rot RMSE=2.410 deg
       5.0 m: not enough associated span for this window.
      10.0 m: not enough associated span for this window.
      20.0 m: not enough associated span for this window.
      40.0 m: not enough associated span for this window.
Wrote /home/alien/Documents/research/third_article/pose_graph_bracketing_slam-stable/docs/results/aug_31_all/multi_method/yoda_bridge_8fps_1_1969_12_31-19_36_06_region0_occ0/metrics_incremental.txt
Wrote /home/alien/Documents/research/third_article/pose_graph_bracketing_slam-stable/docs/results/aug_31_all/multi_method/yoda_bridge_8fps_1_1969_12_31-19_36_06_region0_occ0/metrics_incremental.json
Saved /home/alien/Documents/research/third_article/pose_graph_bracketing_slam-stable/docs/results/aug_31_all/multi_method/yoda_bridge_8fps_1_1969_12_31-19_36_06_region0_occ0/trajectories_overlay_incremental.png
