[default] ATE RMSE=1.4610 m (mean=1.0396, median=0.6535, max=2.9579), n_poses=146
       1.0 m (n= 132): trans RMSE=0.1248 m (12.48%), rot RMSE=0.677 deg
       5.0 m (n= 121): trans RMSE=0.3941 m (7.88%), rot RMSE=0.745 deg
      10.0 m (n= 106): trans RMSE=0.6983 m (6.98%), rot RMSE=0.815 deg
      20.0 m (n=  79): trans RMSE=1.2341 m (6.17%), rot RMSE=1.498 deg
      40.0 m (n=  34): trans RMSE=2.3123 m (5.78%), rot RMSE=1.491 deg
[clahe] ATE RMSE=1.3073 m (mean=0.9503, median=0.6699, max=2.5728), n_poses=146
       1.0 m (n= 132): trans RMSE=0.1156 m (11.56%), rot RMSE=0.680 deg
       5.0 m (n= 121): trans RMSE=0.3376 m (6.75%), rot RMSE=0.759 deg
      10.0 m (n= 106): trans RMSE=0.6096 m (6.10%), rot RMSE=0.938 deg
      20.0 m (n=  79): trans RMSE=1.0963 m (5.48%), rot RMSE=1.773 deg
      40.0 m (n=  34): trans RMSE=2.0517 m (5.13%), rot RMSE=1.670 deg
[AirSLAM] ATE RMSE=1.0189 m (mean=0.7327, median=0.4805, max=2.2063), n_poses=132
       1.0 m (n= 126): trans RMSE=0.1365 m (13.65%), rot RMSE=0.911 deg
       5.0 m (n= 115): trans RMSE=0.3026 m (6.05%), rot RMSE=0.832 deg
      10.0 m (n= 102): trans RMSE=0.5308 m (5.31%), rot RMSE=0.803 deg
      20.0 m (n=  76): trans RMSE=0.9603 m (4.80%), rot RMSE=1.320 deg
      40.0 m (n=  31): trans RMSE=1.7800 m (4.45%), rot RMSE=1.215 deg
[cuVSLAM] ATE RMSE=6.7035 m (mean=4.6701, median=3.8998, max=13.8836), n_poses=146
       1.0 m (n= 132): trans RMSE=0.7912 m (79.12%), rot RMSE=6.569 deg
       5.0 m (n= 121): trans RMSE=2.7638 m (55.28%), rot RMSE=13.887 deg
      10.0 m (n= 106): trans RMSE=4.7228 m (47.23%), rot RMSE=20.280 deg
      20.0 m (n=  79): trans RMSE=7.3636 m (36.82%), rot RMSE=31.140 deg
      40.0 m (n=  34): trans RMSE=10.6007 m (26.50%), rot RMSE=26.237 deg
[ORBSLAM3] ATE RMSE=0.1536 m (mean=0.1172, median=0.0749, max=0.4301), n_poses=42
       1.0 m (n=  39): trans RMSE=0.1098 m (10.98%), rot RMSE=1.334 deg
       5.0 m (n=  30): trans RMSE=0.1835 m (3.67%), rot RMSE=1.673 deg
      10.0 m (n=  17): trans RMSE=0.2776 m (2.78%), rot RMSE=1.638 deg
      20.0 m: not enough associated span for this window.
      40.0 m: not enough associated span for this window.
Wrote /home/alien/Documents/research/third_article/pose_graph_bracketing_slam-stable/docs/results/aug_31_all/multi_method/yoda_bridge_2_1969_12_31-20_06_13_region0_occ1/metrics_global_ba.txt
Wrote /home/alien/Documents/research/third_article/pose_graph_bracketing_slam-stable/docs/results/aug_31_all/multi_method/yoda_bridge_2_1969_12_31-20_06_13_region0_occ1/metrics_global_ba.json
Saved /home/alien/Documents/research/third_article/pose_graph_bracketing_slam-stable/docs/results/aug_31_all/multi_method/yoda_bridge_2_1969_12_31-20_06_13_region0_occ1/trajectories_overlay_global_ba.png
