[default] ATE RMSE=6.4857 m (mean=3.6485, median=0.2421, max=13.2110), n_poses=54
       1.0 m (n=  46): trans RMSE=2.7594 m (275.94%), rot RMSE=5.371 deg
       5.0 m (n=  42): trans RMSE=4.6412 m (92.82%), rot RMSE=8.842 deg
      10.0 m (n=  38): trans RMSE=6.8048 m (68.05%), rot RMSE=13.057 deg
      20.0 m (n=  37): trans RMSE=9.2695 m (46.35%), rot RMSE=18.561 deg
      40.0 m (n=  18): trans RMSE=12.6140 m (31.53%), rot RMSE=28.751 deg
[clahe] ATE RMSE=7.2722 m (mean=4.1549, median=0.2990, max=13.8050), n_poses=54
       1.0 m (n=  46): trans RMSE=2.6899 m (268.99%), rot RMSE=6.124 deg
       5.0 m (n=  42): trans RMSE=4.6121 m (92.24%), rot RMSE=8.194 deg
      10.0 m (n=  38): trans RMSE=6.8296 m (68.30%), rot RMSE=11.875 deg
      20.0 m (n=  37): trans RMSE=9.5651 m (47.83%), rot RMSE=16.542 deg
      40.0 m (n=  18): trans RMSE=13.6726 m (34.18%), rot RMSE=23.973 deg
[AirSLAM] WARNING: only 29 associated poses, fewer than --n-align=30
[AirSLAM] ATE RMSE=10.2306 m (mean=9.4007, median=9.8017, max=14.9760), n_poses=29
       1.0 m (n=  27): trans RMSE=1.8018 m (180.18%), rot RMSE=6.341 deg
       5.0 m (n=  24): trans RMSE=4.1578 m (83.16%), rot RMSE=11.192 deg
      10.0 m (n=  22): trans RMSE=7.7603 m (77.60%), rot RMSE=14.270 deg
      20.0 m (n=  18): trans RMSE=14.0392 m (70.20%), rot RMSE=12.938 deg
      40.0 m (n=   9): trans RMSE=23.4609 m (58.65%), rot RMSE=20.932 deg
[cuVSLAM] ATE RMSE=11.2386 m (mean=8.6415, median=5.4098, max=19.7870), n_poses=66
       1.0 m (n=  58): trans RMSE=1.3997 m (139.97%), rot RMSE=3.521 deg
       5.0 m (n=  54): trans RMSE=3.3631 m (67.26%), rot RMSE=8.974 deg
      10.0 m (n=  48): trans RMSE=6.0122 m (60.12%), rot RMSE=14.177 deg
      20.0 m (n=  37): trans RMSE=9.6367 m (48.18%), rot RMSE=21.496 deg
      40.0 m (n=  18): trans RMSE=17.9923 m (44.98%), rot RMSE=8.889 deg
[ORBSLAM3] WARNING: only 14 associated poses, fewer than --n-align=30
[ORBSLAM3] ATE RMSE=0.2424 m (mean=0.2217, median=0.1920, max=0.4396), n_poses=14
       1.0 m (n=   6): trans RMSE=0.2501 m (25.01%), rot RMSE=1.841 deg
       5.0 m (n=   2): trans RMSE=0.6051 m (12.10%), rot RMSE=0.253 deg
      10.0 m: not enough associated span for this window.
      20.0 m: not enough associated span for this window.
      40.0 m: not enough associated span for this window.
Wrote /home/alien/Documents/research/third_article/pose_graph_bracketing_slam-stable/docs/results/aug_31_all/multi_method/yoda_bridge_4fps_ae_5_1969_12_31-19_22_55_region0_occ0/metrics_global_ba.txt
Wrote /home/alien/Documents/research/third_article/pose_graph_bracketing_slam-stable/docs/results/aug_31_all/multi_method/yoda_bridge_4fps_ae_5_1969_12_31-19_22_55_region0_occ0/metrics_global_ba.json
Saved /home/alien/Documents/research/third_article/pose_graph_bracketing_slam-stable/docs/results/aug_31_all/multi_method/yoda_bridge_4fps_ae_5_1969_12_31-19_22_55_region0_occ0/trajectories_overlay_global_ba.png
