[default] ATE RMSE=1.5229 m (mean=1.0712, median=0.6595, max=3.2028), n_poses=146
       1.0 m (n= 132): trans RMSE=0.1423 m (14.23%), rot RMSE=0.683 deg
       5.0 m (n= 121): trans RMSE=0.4281 m (8.56%), rot RMSE=0.769 deg
      10.0 m (n= 106): trans RMSE=0.7558 m (7.56%), rot RMSE=0.850 deg
      20.0 m (n=  79): trans RMSE=1.2819 m (6.41%), rot RMSE=1.531 deg
      40.0 m (n=  34): trans RMSE=2.4173 m (6.04%), rot RMSE=1.511 deg
[clahe] ATE RMSE=1.3509 m (mean=0.9778, median=0.6745, max=2.6489), n_poses=146
       1.0 m (n= 132): trans RMSE=0.1242 m (12.42%), rot RMSE=0.729 deg
       5.0 m (n= 121): trans RMSE=0.3484 m (6.97%), rot RMSE=0.801 deg
      10.0 m (n= 106): trans RMSE=0.6234 m (6.23%), rot RMSE=0.956 deg
      20.0 m (n=  79): trans RMSE=1.1380 m (5.69%), rot RMSE=1.762 deg
      40.0 m (n=  34): trans RMSE=2.1310 m (5.33%), rot RMSE=1.742 deg
[AirSLAM] ATE RMSE=1.0189 m (mean=0.7327, median=0.4805, max=2.2063), n_poses=132
       1.0 m (n= 126): trans RMSE=0.1365 m (13.65%), rot RMSE=0.911 deg
       5.0 m (n= 115): trans RMSE=0.3026 m (6.05%), rot RMSE=0.832 deg
      10.0 m (n= 102): trans RMSE=0.5308 m (5.31%), rot RMSE=0.803 deg
      20.0 m (n=  76): trans RMSE=0.9603 m (4.80%), rot RMSE=1.320 deg
      40.0 m (n=  31): trans RMSE=1.7800 m (4.45%), rot RMSE=1.215 deg
[cuVSLAM] ATE RMSE=6.7035 m (mean=4.6701, median=3.8998, max=13.8836), n_poses=146
       1.0 m (n= 132): trans RMSE=0.7912 m (79.12%), rot RMSE=6.569 deg
       5.0 m (n= 121): trans RMSE=2.7638 m (55.28%), rot RMSE=13.887 deg
      10.0 m (n= 106): trans RMSE=4.7228 m (47.23%), rot RMSE=20.280 deg
      20.0 m (n=  79): trans RMSE=7.3636 m (36.82%), rot RMSE=31.140 deg
      40.0 m (n=  34): trans RMSE=10.6007 m (26.50%), rot RMSE=26.237 deg
[ORBSLAM3] ATE RMSE=0.1536 m (mean=0.1172, median=0.0749, max=0.4301), n_poses=42
       1.0 m (n=  39): trans RMSE=0.1098 m (10.98%), rot RMSE=1.334 deg
       5.0 m (n=  30): trans RMSE=0.1835 m (3.67%), rot RMSE=1.673 deg
      10.0 m (n=  17): trans RMSE=0.2776 m (2.78%), rot RMSE=1.638 deg
      20.0 m: not enough associated span for this window.
      40.0 m: not enough associated span for this window.
Wrote /home/alien/Documents/research/third_article/pose_graph_bracketing_slam-stable/docs/results/aug_31_all/multi_method/yoda_bridge_2_1969_12_31-20_06_13_region0_occ1/metrics_incremental.txt
Wrote /home/alien/Documents/research/third_article/pose_graph_bracketing_slam-stable/docs/results/aug_31_all/multi_method/yoda_bridge_2_1969_12_31-20_06_13_region0_occ1/metrics_incremental.json
Saved /home/alien/Documents/research/third_article/pose_graph_bracketing_slam-stable/docs/results/aug_31_all/multi_method/yoda_bridge_2_1969_12_31-20_06_13_region0_occ1/trajectories_overlay_incremental.png
