[default] ATE RMSE=0.9559 m (mean=0.6572, median=0.2276, max=1.8083), n_poses=143
       1.0 m (n= 131): trans RMSE=0.1995 m (19.95%), rot RMSE=0.827 deg
       5.0 m (n= 120): trans RMSE=0.4410 m (8.82%), rot RMSE=0.921 deg
      10.0 m (n= 107): trans RMSE=0.6976 m (6.98%), rot RMSE=1.239 deg
      20.0 m (n=  84): trans RMSE=0.9995 m (5.00%), rot RMSE=1.786 deg
      40.0 m (n=  41): trans RMSE=1.6018 m (4.00%), rot RMSE=1.125 deg
[clahe] ATE RMSE=0.7203 m (mean=0.5309, median=0.2559, max=1.2478), n_poses=143
       1.0 m (n= 131): trans RMSE=0.1430 m (14.30%), rot RMSE=0.793 deg
       5.0 m (n= 120): trans RMSE=0.2585 m (5.17%), rot RMSE=0.856 deg
      10.0 m (n= 107): trans RMSE=0.4185 m (4.18%), rot RMSE=1.129 deg
      20.0 m (n=  84): trans RMSE=0.7188 m (3.59%), rot RMSE=1.690 deg
      40.0 m (n=  41): trans RMSE=1.1693 m (2.92%), rot RMSE=0.961 deg
[AirSLAM] ATE RMSE=1.8324 m (mean=1.3989, median=1.6189, max=3.0539), n_poses=105
       1.0 m (n= 100): trans RMSE=0.2562 m (25.62%), rot RMSE=1.101 deg
       5.0 m (n=  92): trans RMSE=0.5052 m (10.10%), rot RMSE=0.979 deg
      10.0 m (n=  81): trans RMSE=0.9000 m (9.00%), rot RMSE=1.277 deg
      20.0 m (n=  64): trans RMSE=1.6933 m (8.47%), rot RMSE=1.620 deg
      40.0 m (n=  29): trans RMSE=2.8332 m (7.08%), rot RMSE=1.453 deg
[cuVSLAM] ATE RMSE=8.7857 m (mean=5.9999, median=4.6010, max=19.1436), n_poses=143
       1.0 m (n= 131): trans RMSE=0.8432 m (84.32%), rot RMSE=4.069 deg
       5.0 m (n= 120): trans RMSE=2.8844 m (57.69%), rot RMSE=8.717 deg
      10.0 m (n= 107): trans RMSE=5.0240 m (50.24%), rot RMSE=14.454 deg
      20.0 m (n=  84): trans RMSE=7.9585 m (39.79%), rot RMSE=25.195 deg
      40.0 m (n=  41): trans RMSE=12.9181 m (32.30%), rot RMSE=33.367 deg
[ORBSLAM3] ATE RMSE=1.2209 m (mean=1.1259, median=1.3876, max=1.6393), n_poses=125
       1.0 m (n=  44): trans RMSE=0.5480 m (54.80%), rot RMSE=3.743 deg
       5.0 m (n=  26): trans RMSE=1.4713 m (29.43%), rot RMSE=2.772 deg
      10.0 m: not enough associated span for this window.
      20.0 m: not enough associated span for this window.
      40.0 m: not enough associated span for this window.
Wrote /home/alien/Documents/research/third_article/pose_graph_bracketing_slam-stable/docs/results/aug_31_all/multi_method/yoda_bridge_16fps_1_1969_12_31-19_47_59_region0_occ0/metrics_global_ba.txt
Wrote /home/alien/Documents/research/third_article/pose_graph_bracketing_slam-stable/docs/results/aug_31_all/multi_method/yoda_bridge_16fps_1_1969_12_31-19_47_59_region0_occ0/metrics_global_ba.json
Saved /home/alien/Documents/research/third_article/pose_graph_bracketing_slam-stable/docs/results/aug_31_all/multi_method/yoda_bridge_16fps_1_1969_12_31-19_47_59_region0_occ0/trajectories_overlay_global_ba.png
