[default] ATE RMSE=1.4314 m (mean=0.9828, median=0.3743, max=2.6586), n_poses=119
       1.0 m (n= 108): trans RMSE=0.2777 m (27.77%), rot RMSE=0.986 deg
       5.0 m (n=  99): trans RMSE=0.5705 m (11.41%), rot RMSE=0.991 deg
      10.0 m (n=  88): trans RMSE=0.9146 m (9.15%), rot RMSE=1.207 deg
      20.0 m (n=  68): trans RMSE=1.4102 m (7.05%), rot RMSE=1.883 deg
      40.0 m (n=  31): trans RMSE=2.3514 m (5.88%), rot RMSE=0.806 deg
[clahe] ATE RMSE=3.8945 m (mean=2.4563, median=0.4143, max=8.1495), n_poses=119
       1.0 m (n= 108): trans RMSE=1.2303 m (123.03%), rot RMSE=1.239 deg
       5.0 m (n=  99): trans RMSE=2.4157 m (48.31%), rot RMSE=3.179 deg
      10.0 m (n=  88): trans RMSE=3.3571 m (33.57%), rot RMSE=4.801 deg
      20.0 m (n=  68): trans RMSE=4.3746 m (21.87%), rot RMSE=6.645 deg
      40.0 m (n=  31): trans RMSE=6.9370 m (17.34%), rot RMSE=9.813 deg
[AirSLAM] ATE RMSE=6.3221 m (mean=4.4595, median=1.9280, max=11.7072), n_poses=56
       1.0 m (n=  53): trans RMSE=0.6126 m (61.26%), rot RMSE=1.015 deg
       5.0 m (n=  49): trans RMSE=1.7368 m (34.74%), rot RMSE=1.190 deg
      10.0 m (n=  43): trans RMSE=3.2959 m (32.96%), rot RMSE=1.574 deg
      20.0 m (n=  34): trans RMSE=6.2802 m (31.40%), rot RMSE=2.677 deg
      40.0 m (n=  15): trans RMSE=11.0774 m (27.69%), rot RMSE=3.967 deg
[cuVSLAM] ATE RMSE=4.7318 m (mean=3.4768, median=3.2407, max=8.3629), n_poses=119
       1.0 m (n= 108): trans RMSE=0.5528 m (55.28%), rot RMSE=1.803 deg
       5.0 m (n=  99): trans RMSE=1.4743 m (29.49%), rot RMSE=4.721 deg
      10.0 m (n=  88): trans RMSE=2.3968 m (23.97%), rot RMSE=7.216 deg
      20.0 m (n=  68): trans RMSE=3.9741 m (19.87%), rot RMSE=11.563 deg
      40.0 m (n=  31): trans RMSE=7.4158 m (18.54%), rot RMSE=8.330 deg
[ORBSLAM3] ATE RMSE=0.0535 m (mean=0.0385, median=0.0233, max=0.2101), n_poses=55
       1.0 m (n=  12): trans RMSE=0.1260 m (12.60%), rot RMSE=2.410 deg
       5.0 m: not enough associated span for this window.
      10.0 m: not enough associated span for this window.
      20.0 m: not enough associated span for this window.
      40.0 m: not enough associated span for this window.
Wrote /home/alien/Documents/research/third_article/pose_graph_bracketing_slam-stable/docs/results/aug_31_all/multi_method/yoda_bridge_8fps_1_1969_12_31-19_36_06_region0_occ0/metrics_global_ba.txt
Wrote /home/alien/Documents/research/third_article/pose_graph_bracketing_slam-stable/docs/results/aug_31_all/multi_method/yoda_bridge_8fps_1_1969_12_31-19_36_06_region0_occ0/metrics_global_ba.json
Saved /home/alien/Documents/research/third_article/pose_graph_bracketing_slam-stable/docs/results/aug_31_all/multi_method/yoda_bridge_8fps_1_1969_12_31-19_36_06_region0_occ0/trajectories_overlay_global_ba.png
