[default] ATE RMSE=2.1367 m (mean=1.5261, median=0.9744, max=4.0977), n_poses=147
       1.0 m (n= 129): trans RMSE=0.1615 m (16.15%), rot RMSE=0.688 deg
       5.0 m (n= 117): trans RMSE=0.5681 m (11.36%), rot RMSE=0.799 deg
      10.0 m (n= 103): trans RMSE=1.0476 m (10.48%), rot RMSE=1.072 deg
      20.0 m (n=  76): trans RMSE=1.7920 m (8.96%), rot RMSE=1.500 deg
      40.0 m (n=  32): trans RMSE=3.2766 m (8.19%), rot RMSE=1.828 deg
[clahe] ATE RMSE=1.8820 m (mean=1.3661, median=0.9906, max=3.5923), n_poses=147
       1.0 m (n= 129): trans RMSE=0.1375 m (13.75%), rot RMSE=0.681 deg
       5.0 m (n= 117): trans RMSE=0.4533 m (9.07%), rot RMSE=0.783 deg
      10.0 m (n= 103): trans RMSE=0.8375 m (8.37%), rot RMSE=1.093 deg
      20.0 m (n=  76): trans RMSE=1.5022 m (7.51%), rot RMSE=1.439 deg
      40.0 m (n=  32): trans RMSE=2.8468 m (7.12%), rot RMSE=1.907 deg
[AirSLAM] ATE RMSE=2.7824 m (mean=2.2010, median=3.2226, max=4.2149), n_poses=141
       1.0 m (n= 134): trans RMSE=0.3615 m (36.15%), rot RMSE=1.407 deg
       5.0 m (n= 122): trans RMSE=0.8399 m (16.80%), rot RMSE=2.371 deg
      10.0 m (n= 107): trans RMSE=1.5538 m (15.54%), rot RMSE=3.358 deg
      20.0 m (n=  81): trans RMSE=2.8160 m (14.08%), rot RMSE=4.738 deg
      40.0 m (n=  29): trans RMSE=4.0467 m (10.12%), rot RMSE=2.756 deg
[cuVSLAM] ATE RMSE=20.3081 m (mean=15.5025, median=19.5960, max=34.0108), n_poses=147
       1.0 m (n= 129): trans RMSE=2.1707 m (217.07%), rot RMSE=17.440 deg
       5.0 m (n= 117): trans RMSE=6.4422 m (128.84%), rot RMSE=41.735 deg
      10.0 m (n= 103): trans RMSE=11.1904 m (111.90%), rot RMSE=66.765 deg
      20.0 m (n=  76): trans RMSE=19.7985 m (98.99%), rot RMSE=118.734 deg
      40.0 m (n=  32): trans RMSE=28.9845 m (72.46%), rot RMSE=140.278 deg
[ORBSLAM3] ATE RMSE=0.6963 m (mean=0.5841, median=0.5517, max=1.5249), n_poses=129
       1.0 m (n=  91): trans RMSE=0.4981 m (49.81%), rot RMSE=1.565 deg
       5.0 m (n=  62): trans RMSE=0.6436 m (12.87%), rot RMSE=1.663 deg
      10.0 m (n=  30): trans RMSE=0.8126 m (8.13%), rot RMSE=2.238 deg
      20.0 m: not enough associated span for this window.
      40.0 m: not enough associated span for this window.
Wrote /home/alien/Documents/research/third_article/pose_graph_bracketing_slam-stable/docs/results/aug_31_all/multi_method/yoda_bridge_3_1969_12_31-20_07_34_region0_occ1/metrics_incremental.txt
Wrote /home/alien/Documents/research/third_article/pose_graph_bracketing_slam-stable/docs/results/aug_31_all/multi_method/yoda_bridge_3_1969_12_31-20_07_34_region0_occ1/metrics_incremental.json
Saved /home/alien/Documents/research/third_article/pose_graph_bracketing_slam-stable/docs/results/aug_31_all/multi_method/yoda_bridge_3_1969_12_31-20_07_34_region0_occ1/trajectories_overlay_incremental.png
