[default] ATE RMSE=5.8951 m (mean=4.7992, median=2.5591, max=8.7729), n_poses=47
       1.0 m (n=  39): trans RMSE=1.7370 m (173.70%), rot RMSE=1.366 deg
       5.0 m (n=  35): trans RMSE=3.5874 m (71.75%), rot RMSE=1.671 deg
      10.0 m (n=  30): trans RMSE=5.3347 m (53.35%), rot RMSE=1.973 deg
      20.0 m (n=  25): trans RMSE=8.4701 m (42.35%), rot RMSE=4.591 deg
      40.0 m (n=  13): trans RMSE=9.6334 m (24.08%), rot RMSE=7.644 deg
[clahe] ATE RMSE=9.4977 m (mean=7.8043, median=3.4339, max=13.9890), n_poses=47
       1.0 m (n=  39): trans RMSE=1.8217 m (182.17%), rot RMSE=2.348 deg
       5.0 m (n=  35): trans RMSE=4.5915 m (91.83%), rot RMSE=2.463 deg
      10.0 m (n=  30): trans RMSE=7.5151 m (75.15%), rot RMSE=3.462 deg
      20.0 m (n=  25): trans RMSE=13.1500 m (65.75%), rot RMSE=3.804 deg
      40.0 m (n=  13): trans RMSE=16.5446 m (41.36%), rot RMSE=6.299 deg
[AirSLAM] WARNING: only 25 associated poses, fewer than --n-align=30
[AirSLAM] ATE RMSE=10.6935 m (mean=9.7814, median=12.5861, max=13.4819), n_poses=25
       1.0 m (n=  23): trans RMSE=1.6071 m (160.71%), rot RMSE=1.613 deg
       5.0 m (n=  21): trans RMSE=4.0098 m (80.20%), rot RMSE=2.075 deg
      10.0 m (n=  19): trans RMSE=7.6282 m (76.28%), rot RMSE=2.942 deg
      20.0 m (n=  14): trans RMSE=15.6924 m (78.46%), rot RMSE=3.508 deg
      40.0 m (n=   6): trans RMSE=26.2676 m (65.67%), rot RMSE=8.627 deg
[cuVSLAM] ATE RMSE=16.1546 m (mean=13.0989, median=9.4769, max=27.3539), n_poses=55
       1.0 m (n=  47): trans RMSE=1.2403 m (124.03%), rot RMSE=2.964 deg
       5.0 m (n=  43): trans RMSE=4.0654 m (81.31%), rot RMSE=5.726 deg
      10.0 m (n=  38): trans RMSE=7.6651 m (76.65%), rot RMSE=8.269 deg
      20.0 m (n=  29): trans RMSE=14.8998 m (74.50%), rot RMSE=13.854 deg
      40.0 m (n=  13): trans RMSE=29.4010 m (73.50%), rot RMSE=20.018 deg
[ORBSLAM3] WARNING: only 22 associated poses, fewer than --n-align=30
[ORBSLAM3] ATE RMSE=0.1244 m (mean=0.0940, median=0.0628, max=0.3189), n_poses=22
       1.0 m (n=  14): trans RMSE=0.1962 m (19.62%), rot RMSE=0.586 deg
       5.0 m (n=  10): trans RMSE=0.2402 m (4.80%), rot RMSE=0.702 deg
      10.0 m (n=   5): trans RMSE=0.1434 m (1.43%), rot RMSE=0.782 deg
      20.0 m: not enough associated span for this window.
      40.0 m: not enough associated span for this window.
Wrote /home/alien/Documents/research/third_article/pose_graph_bracketing_slam-stable/docs/results/aug_31_all/multi_method/yoda_bridge_4fps_ae_1_1969_12_31-19_17_28_region0_occ1/metrics_incremental.txt
Wrote /home/alien/Documents/research/third_article/pose_graph_bracketing_slam-stable/docs/results/aug_31_all/multi_method/yoda_bridge_4fps_ae_1_1969_12_31-19_17_28_region0_occ1/metrics_incremental.json
Saved /home/alien/Documents/research/third_article/pose_graph_bracketing_slam-stable/docs/results/aug_31_all/multi_method/yoda_bridge_4fps_ae_1_1969_12_31-19_17_28_region0_occ1/trajectories_overlay_incremental.png
