[default] ATE RMSE=3.7492 m (mean=2.7480, median=4.2874, max=7.7950), n_poses=126
       1.0 m (n= 103): trans RMSE=1.1199 m (111.99%), rot RMSE=2.013 deg
       5.0 m (n=  94): trans RMSE=2.2893 m (45.79%), rot RMSE=3.223 deg
      10.0 m (n=  83): trans RMSE=3.1211 m (31.21%), rot RMSE=3.690 deg
      20.0 m (n=  62): trans RMSE=4.7553 m (23.78%), rot RMSE=6.448 deg
      40.0 m (n=  31): trans RMSE=4.9610 m (12.40%), rot RMSE=8.082 deg
[clahe] ATE RMSE=4.3622 m (mean=3.2221, median=5.6859, max=6.9415), n_poses=126
       1.0 m (n= 103): trans RMSE=0.8695 m (86.95%), rot RMSE=1.162 deg
       5.0 m (n=  94): trans RMSE=1.7242 m (34.48%), rot RMSE=1.122 deg
      10.0 m (n=  83): trans RMSE=2.8068 m (28.07%), rot RMSE=2.053 deg
      20.0 m (n=  62): trans RMSE=4.6094 m (23.05%), rot RMSE=4.548 deg
      40.0 m (n=  31): trans RMSE=6.0237 m (15.06%), rot RMSE=6.668 deg
[AirSLAM] SKIPPED (missing: /home/alien/Documents/research/third_article/pose_graph_bracketing_slam-stable/docs/results/aug_31_all/sota/AirSLAM/yoda_bridge_8fps_ae_3_1969_12_31-19_30_57_region0_occ1.txt)
[cuVSLAM] ATE RMSE=10.8159 m (mean=8.0882, median=9.8866, max=15.6755), n_poses=130
       1.0 m (n= 107): trans RMSE=1.1366 m (113.66%), rot RMSE=3.010 deg
       5.0 m (n=  98): trans RMSE=3.4869 m (69.74%), rot RMSE=9.034 deg
      10.0 m (n=  87): trans RMSE=5.8743 m (58.74%), rot RMSE=13.328 deg
      20.0 m (n=  66): trans RMSE=10.2542 m (51.27%), rot RMSE=20.866 deg
      40.0 m (n=  31): trans RMSE=15.3775 m (38.44%), rot RMSE=16.219 deg
[ORBSLAM3] ATE RMSE=0.0608 m (mean=0.0434, median=0.0197, max=0.1457), n_poses=38
       1.0 m (n=  15): trans RMSE=0.1622 m (16.22%), rot RMSE=0.563 deg
       5.0 m (n=   6): trans RMSE=0.0795 m (1.59%), rot RMSE=0.692 deg
      10.0 m: not enough associated span for this window.
      20.0 m: not enough associated span for this window.
      40.0 m: not enough associated span for this window.
Wrote /home/alien/Documents/research/third_article/pose_graph_bracketing_slam-stable/docs/results/aug_31_all/multi_method/yoda_bridge_8fps_ae_3_1969_12_31-19_30_57_region0_occ1/metrics_global_ba.txt
Wrote /home/alien/Documents/research/third_article/pose_graph_bracketing_slam-stable/docs/results/aug_31_all/multi_method/yoda_bridge_8fps_ae_3_1969_12_31-19_30_57_region0_occ1/metrics_global_ba.json
Saved /home/alien/Documents/research/third_article/pose_graph_bracketing_slam-stable/docs/results/aug_31_all/multi_method/yoda_bridge_8fps_ae_3_1969_12_31-19_30_57_region0_occ1/trajectories_overlay_global_ba.png
