[default] ATE RMSE=1.7033 m (mean=1.3167, median=1.1529, max=3.0259), n_poses=165
       1.0 m (n= 148): trans RMSE=0.1165 m (11.65%), rot RMSE=0.803 deg
       5.0 m (n= 130): trans RMSE=0.3685 m (7.37%), rot RMSE=1.206 deg
      10.0 m (n= 113): trans RMSE=0.7005 m (7.01%), rot RMSE=1.941 deg
      20.0 m (n=  84): trans RMSE=1.3390 m (6.70%), rot RMSE=3.693 deg
      40.0 m (n=  35): trans RMSE=2.5464 m (6.37%), rot RMSE=2.446 deg
[clahe] ATE RMSE=1.5161 m (mean=1.1410, median=0.8646, max=2.6634), n_poses=165
       1.0 m (n= 148): trans RMSE=0.1265 m (12.65%), rot RMSE=0.809 deg
       5.0 m (n= 130): trans RMSE=0.3730 m (7.46%), rot RMSE=1.225 deg
      10.0 m (n= 113): trans RMSE=0.6807 m (6.81%), rot RMSE=1.960 deg
      20.0 m (n=  84): trans RMSE=1.2602 m (6.30%), rot RMSE=3.677 deg
      40.0 m (n=  35): trans RMSE=2.2879 m (5.72%), rot RMSE=2.357 deg
[AirSLAM] ATE RMSE=3.3932 m (mean=2.2493, median=0.8580, max=7.2314), n_poses=165
       1.0 m (n= 148): trans RMSE=0.5768 m (57.68%), rot RMSE=1.712 deg
       5.0 m (n= 130): trans RMSE=1.1694 m (23.39%), rot RMSE=1.955 deg
      10.0 m (n= 113): trans RMSE=1.9829 m (19.83%), rot RMSE=2.273 deg
      20.0 m (n=  84): trans RMSE=2.7896 m (13.95%), rot RMSE=3.663 deg
      40.0 m (n=  35): trans RMSE=5.2037 m (13.01%), rot RMSE=2.623 deg
[cuVSLAM] ATE RMSE=223.1013 m (mean=199.5664, median=251.1926, max=266.5605), n_poses=165
       1.0 m (n= 148): trans RMSE=25.7448 m (2574.48%), rot RMSE=33.633 deg
       5.0 m (n= 130): trans RMSE=83.3774 m (1667.55%), rot RMSE=60.539 deg
      10.0 m (n= 113): trans RMSE=137.0193 m (1370.19%), rot RMSE=82.439 deg
      20.0 m (n=  84): trans RMSE=171.0356 m (855.18%), rot RMSE=96.134 deg
      40.0 m (n=  35): trans RMSE=268.0364 m (670.09%), rot RMSE=120.457 deg
[ORBSLAM3] WARNING: only 14 associated poses, fewer than --n-align=30
[ORBSLAM3] ATE RMSE=0.0518 m (mean=0.0460, median=0.0407, max=0.1023), n_poses=14
       1.0 m (n=  11): trans RMSE=0.0779 m (7.79%), rot RMSE=0.935 deg
       5.0 m: not enough associated span for this window.
      10.0 m: not enough associated span for this window.
      20.0 m: not enough associated span for this window.
      40.0 m: not enough associated span for this window.
Wrote /home/alien/Documents/research/third_article/pose_graph_bracketing_slam-stable/docs/results/aug_31_all/multi_method/yoda_fixedev_1_1969_12_31-19_52_57_region0_occ1/metrics_global_ba.txt
Wrote /home/alien/Documents/research/third_article/pose_graph_bracketing_slam-stable/docs/results/aug_31_all/multi_method/yoda_fixedev_1_1969_12_31-19_52_57_region0_occ1/metrics_global_ba.json
Saved /home/alien/Documents/research/third_article/pose_graph_bracketing_slam-stable/docs/results/aug_31_all/multi_method/yoda_fixedev_1_1969_12_31-19_52_57_region0_occ1/trajectories_overlay_global_ba.png
