[default] ATE RMSE=1.7153 m (mean=1.2448, median=0.8583, max=3.2784), n_poses=153
       1.0 m (n= 134): trans RMSE=0.1382 m (13.82%), rot RMSE=0.621 deg
       5.0 m (n= 123): trans RMSE=0.4225 m (8.45%), rot RMSE=0.664 deg
      10.0 m (n= 108): trans RMSE=0.7583 m (7.58%), rot RMSE=1.032 deg
      20.0 m (n=  82): trans RMSE=1.3501 m (6.75%), rot RMSE=1.679 deg
      40.0 m (n=  37): trans RMSE=2.6009 m (6.50%), rot RMSE=1.307 deg
[clahe] ATE RMSE=2.2171 m (mean=1.6661, median=0.8519, max=3.2719), n_poses=153
       1.0 m (n= 134): trans RMSE=0.4612 m (46.12%), rot RMSE=0.981 deg
       5.0 m (n= 123): trans RMSE=0.9764 m (19.53%), rot RMSE=1.375 deg
      10.0 m (n= 108): trans RMSE=1.5256 m (15.26%), rot RMSE=2.246 deg
      20.0 m (n=  82): trans RMSE=2.3574 m (11.79%), rot RMSE=4.498 deg
      40.0 m (n=  37): trans RMSE=3.0818 m (7.70%), rot RMSE=5.563 deg
[AirSLAM] ATE RMSE=1.6065 m (mean=1.2817, median=1.2195, max=2.9683), n_poses=106
       1.0 m (n= 102): trans RMSE=0.2483 m (24.83%), rot RMSE=1.242 deg
       5.0 m (n=  92): trans RMSE=0.4648 m (9.30%), rot RMSE=1.574 deg
      10.0 m (n=  81): trans RMSE=0.8254 m (8.25%), rot RMSE=2.034 deg
      20.0 m (n=  60): trans RMSE=1.4512 m (7.26%), rot RMSE=2.805 deg
      40.0 m (n=  25): trans RMSE=2.6496 m (6.62%), rot RMSE=4.417 deg
[cuVSLAM] ATE RMSE=2.3592 m (mean=1.7217, median=1.0225, max=4.3538), n_poses=153
       1.0 m (n= 134): trans RMSE=0.1844 m (18.44%), rot RMSE=0.614 deg
       5.0 m (n= 123): trans RMSE=0.5649 m (11.30%), rot RMSE=0.788 deg
      10.0 m (n= 108): trans RMSE=1.0146 m (10.15%), rot RMSE=0.949 deg
      20.0 m (n=  82): trans RMSE=1.9422 m (9.71%), rot RMSE=1.518 deg
      40.0 m (n=  37): trans RMSE=3.5725 m (8.93%), rot RMSE=1.386 deg
[ORBSLAM3] ATE RMSE=0.2881 m (mean=0.2564, median=0.3470, max=0.3470), n_poses=122
       1.0 m (n=  37): trans RMSE=0.1375 m (13.75%), rot RMSE=1.554 deg
       5.0 m (n=  13): trans RMSE=0.3805 m (7.61%), rot RMSE=2.397 deg
      10.0 m: not enough associated span for this window.
      20.0 m: not enough associated span for this window.
      40.0 m: not enough associated span for this window.
Wrote /home/alien/Documents/research/third_article/pose_graph_bracketing_slam-stable/docs/results/aug_31_all/multi_method/yoda_bridge_16fps_ae_4_1969_12_31-20_02_27_region0_occ1/metrics_global_ba.txt
Wrote /home/alien/Documents/research/third_article/pose_graph_bracketing_slam-stable/docs/results/aug_31_all/multi_method/yoda_bridge_16fps_ae_4_1969_12_31-20_02_27_region0_occ1/metrics_global_ba.json
Saved /home/alien/Documents/research/third_article/pose_graph_bracketing_slam-stable/docs/results/aug_31_all/multi_method/yoda_bridge_16fps_ae_4_1969_12_31-20_02_27_region0_occ1/trajectories_overlay_global_ba.png
