[default] ATE RMSE=0.8493 m (mean=0.5770, median=0.1710, max=1.7639), n_poses=145
       1.0 m (n= 133): trans RMSE=0.1330 m (13.30%), rot RMSE=0.997 deg
       5.0 m (n= 122): trans RMSE=0.2883 m (5.77%), rot RMSE=1.414 deg
      10.0 m (n= 109): trans RMSE=0.5004 m (5.00%), rot RMSE=1.995 deg
      20.0 m (n=  85): trans RMSE=0.8088 m (4.04%), rot RMSE=1.891 deg
      40.0 m (n=  40): trans RMSE=1.3363 m (3.34%), rot RMSE=0.750 deg
[clahe] ATE RMSE=0.6288 m (mean=0.4547, median=0.2056, max=1.3538), n_poses=145
       1.0 m (n= 133): trans RMSE=0.2139 m (21.39%), rot RMSE=2.763 deg
       5.0 m (n= 122): trans RMSE=0.2842 m (5.68%), rot RMSE=1.958 deg
      10.0 m (n= 109): trans RMSE=0.4180 m (4.18%), rot RMSE=3.022 deg
      20.0 m (n=  85): trans RMSE=0.6430 m (3.21%), rot RMSE=2.912 deg
      40.0 m (n=  40): trans RMSE=1.0051 m (2.51%), rot RMSE=0.792 deg
[AirSLAM] ATE RMSE=1.5294 m (mean=1.1314, median=1.0300, max=2.9277), n_poses=107
       1.0 m (n= 103): trans RMSE=0.2591 m (25.91%), rot RMSE=1.324 deg
       5.0 m (n=  95): trans RMSE=0.4535 m (9.07%), rot RMSE=1.583 deg
      10.0 m (n=  83): trans RMSE=0.7848 m (7.85%), rot RMSE=2.216 deg
      20.0 m (n=  65): trans RMSE=1.4148 m (7.07%), rot RMSE=2.019 deg
      40.0 m (n=  30): trans RMSE=2.5136 m (6.28%), rot RMSE=2.184 deg
[cuVSLAM] ATE RMSE=6.3905 m (mean=4.9624, median=6.4594, max=10.1305), n_poses=145
       1.0 m (n= 133): trans RMSE=0.8046 m (80.46%), rot RMSE=7.474 deg
       5.0 m (n= 122): trans RMSE=2.1783 m (43.57%), rot RMSE=13.309 deg
      10.0 m (n= 109): trans RMSE=3.5110 m (35.11%), rot RMSE=16.849 deg
      20.0 m (n=  85): trans RMSE=6.2967 m (31.48%), rot RMSE=19.115 deg
      40.0 m (n=  40): trans RMSE=9.1775 m (22.94%), rot RMSE=0.661 deg
[ORBSLAM3] ATE RMSE=0.6908 m (mean=0.6215, median=0.8037, max=0.8037), n_poses=111
       1.0 m (n=  28): trans RMSE=0.3276 m (32.76%), rot RMSE=0.897 deg
       5.0 m (n=   5): trans RMSE=0.9542 m (19.08%), rot RMSE=0.889 deg
      10.0 m: not enough associated span for this window.
      20.0 m: not enough associated span for this window.
      40.0 m: not enough associated span for this window.
Wrote /home/alien/Documents/research/third_article/pose_graph_bracketing_slam-stable/docs/results/aug_31_all/multi_method/yoda_bridge_16fps_4_1969_12_31-19_52_42_region0_occ0/metrics_global_ba.txt
Wrote /home/alien/Documents/research/third_article/pose_graph_bracketing_slam-stable/docs/results/aug_31_all/multi_method/yoda_bridge_16fps_4_1969_12_31-19_52_42_region0_occ0/metrics_global_ba.json
Saved /home/alien/Documents/research/third_article/pose_graph_bracketing_slam-stable/docs/results/aug_31_all/multi_method/yoda_bridge_16fps_4_1969_12_31-19_52_42_region0_occ0/trajectories_overlay_global_ba.png
