[default] ATE RMSE=7.1894 m (mean=4.2720, median=0.4089, max=12.9007), n_poses=47
       1.0 m (n=  40): trans RMSE=2.9240 m (292.40%), rot RMSE=7.327 deg
       5.0 m (n=  35): trans RMSE=5.0021 m (100.04%), rot RMSE=12.413 deg
      10.0 m (n=  32): trans RMSE=6.4996 m (65.00%), rot RMSE=16.297 deg
      20.0 m (n=  31): trans RMSE=8.9951 m (44.98%), rot RMSE=21.438 deg
      40.0 m (n=  15): trans RMSE=12.4457 m (31.11%), rot RMSE=30.683 deg
[clahe] ATE RMSE=7.9430 m (mean=4.6731, median=0.3372, max=14.2616), n_poses=47
       1.0 m (n=  40): trans RMSE=2.9606 m (296.06%), rot RMSE=8.321 deg
       5.0 m (n=  35): trans RMSE=5.1917 m (103.83%), rot RMSE=13.459 deg
      10.0 m (n=  32): trans RMSE=6.8336 m (68.34%), rot RMSE=17.432 deg
      20.0 m (n=  31): trans RMSE=9.7048 m (48.52%), rot RMSE=21.496 deg
      40.0 m (n=  15): trans RMSE=13.7836 m (34.46%), rot RMSE=33.151 deg
[AirSLAM] WARNING: only 29 associated poses, fewer than --n-align=30
[AirSLAM] ATE RMSE=11.2013 m (mean=10.3077, median=12.3268, max=14.9696), n_poses=29
       1.0 m (n=  26): trans RMSE=2.1383 m (213.83%), rot RMSE=6.119 deg
       5.0 m (n=  23): trans RMSE=4.7661 m (95.32%), rot RMSE=7.786 deg
      10.0 m (n=  20): trans RMSE=7.7779 m (77.78%), rot RMSE=12.695 deg
      20.0 m (n=  16): trans RMSE=15.2447 m (76.22%), rot RMSE=14.722 deg
      40.0 m (n=   7): trans RMSE=25.7931 m (64.48%), rot RMSE=13.927 deg
[cuVSLAM] ATE RMSE=15.7981 m (mean=11.6140, median=6.7604, max=30.3511), n_poses=58
       1.0 m (n=  51): trans RMSE=1.4373 m (143.73%), rot RMSE=3.688 deg
       5.0 m (n=  46): trans RMSE=4.6773 m (93.55%), rot RMSE=8.527 deg
      10.0 m (n=  40): trans RMSE=7.9992 m (79.99%), rot RMSE=9.291 deg
      20.0 m (n=  31): trans RMSE=12.7274 m (63.64%), rot RMSE=12.339 deg
      40.0 m (n=  15): trans RMSE=24.2012 m (60.50%), rot RMSE=23.387 deg
[ORBSLAM3] WARNING: only 13 associated poses, fewer than --n-align=30
[ORBSLAM3] ATE RMSE=0.2333 m (mean=0.1897, median=0.1288, max=0.4832), n_poses=13
       1.0 m (n=   6): trans RMSE=0.4173 m (41.73%), rot RMSE=0.948 deg
       5.0 m (n=   1): trans RMSE=0.4757 m (9.51%), rot RMSE=1.965 deg
      10.0 m: not enough associated span for this window.
      20.0 m: not enough associated span for this window.
      40.0 m: not enough associated span for this window.
Wrote /home/alien/Documents/research/third_article/pose_graph_bracketing_slam-stable/docs/results/aug_31_all/multi_method/yoda_bridge_4fps_ae_2_1969_12_31-19_18_54_region0_occ0/metrics_global_ba.txt
Wrote /home/alien/Documents/research/third_article/pose_graph_bracketing_slam-stable/docs/results/aug_31_all/multi_method/yoda_bridge_4fps_ae_2_1969_12_31-19_18_54_region0_occ0/metrics_global_ba.json
Saved /home/alien/Documents/research/third_article/pose_graph_bracketing_slam-stable/docs/results/aug_31_all/multi_method/yoda_bridge_4fps_ae_2_1969_12_31-19_18_54_region0_occ0/trajectories_overlay_global_ba.png
