[default] ATE RMSE=6.3241 m (mean=3.4530, median=0.2852, max=12.9925), n_poses=48
       1.0 m (n=  42): trans RMSE=2.0340 m (203.40%), rot RMSE=4.312 deg
       5.0 m (n=  37): trans RMSE=4.7505 m (95.01%), rot RMSE=7.637 deg
      10.0 m (n=  35): trans RMSE=6.5601 m (65.60%), rot RMSE=10.263 deg
      20.0 m (n=  34): trans RMSE=9.2921 m (46.46%), rot RMSE=16.224 deg
      40.0 m (n=  16): trans RMSE=12.4359 m (31.09%), rot RMSE=24.265 deg
[clahe] ATE RMSE=7.6807 m (mean=4.2548, median=0.4259, max=15.2889), n_poses=48
       1.0 m (n=  42): trans RMSE=2.1251 m (212.51%), rot RMSE=4.165 deg
       5.0 m (n=  37): trans RMSE=5.5475 m (110.95%), rot RMSE=8.436 deg
      10.0 m (n=  35): trans RMSE=7.7308 m (77.31%), rot RMSE=11.336 deg
      20.0 m (n=  34): trans RMSE=11.0511 m (55.26%), rot RMSE=16.706 deg
      40.0 m (n=  16): trans RMSE=15.1173 m (37.79%), rot RMSE=23.223 deg
[AirSLAM] WARNING: only 26 associated poses, fewer than --n-align=30
[AirSLAM] ATE RMSE=11.2014 m (mean=10.2167, median=10.5316, max=17.7889), n_poses=26
       1.0 m (n=  24): trans RMSE=1.8451 m (184.51%), rot RMSE=4.141 deg
       5.0 m (n=  22): trans RMSE=4.7829 m (95.66%), rot RMSE=7.170 deg
      10.0 m (n=  19): trans RMSE=8.0018 m (80.02%), rot RMSE=10.594 deg
      20.0 m (n=  16): trans RMSE=15.5782 m (77.89%), rot RMSE=15.038 deg
      40.0 m (n=   7): trans RMSE=25.7411 m (64.35%), rot RMSE=23.275 deg
[cuVSLAM] ATE RMSE=15.4931 m (mean=11.6485, median=6.1200, max=29.4682), n_poses=60
       1.0 m (n=  54): trans RMSE=1.2651 m (126.51%), rot RMSE=3.694 deg
       5.0 m (n=  49): trans RMSE=4.1986 m (83.97%), rot RMSE=6.387 deg
      10.0 m (n=  44): trans RMSE=7.7228 m (77.23%), rot RMSE=9.020 deg
      20.0 m (n=  34): trans RMSE=13.3381 m (66.69%), rot RMSE=11.275 deg
      40.0 m (n=  16): trans RMSE=26.3198 m (65.80%), rot RMSE=19.676 deg
[ORBSLAM3] WARNING: only 15 associated poses, fewer than --n-align=30
[ORBSLAM3] ATE RMSE=0.6223 m (mean=0.4970, median=0.3123, max=1.5080), n_poses=15
       1.0 m (n=   9): trans RMSE=0.7965 m (79.65%), rot RMSE=1.534 deg
       5.0 m (n=   4): trans RMSE=1.4344 m (28.69%), rot RMSE=1.237 deg
      10.0 m: not enough associated span for this window.
      20.0 m: not enough associated span for this window.
      40.0 m: not enough associated span for this window.
Wrote /home/alien/Documents/research/third_article/pose_graph_bracketing_slam-stable/docs/results/aug_31_all/multi_method/yoda_bridge_4fps_ae_4_1969_12_31-19_21_41_region0_occ0/metrics_incremental.txt
Wrote /home/alien/Documents/research/third_article/pose_graph_bracketing_slam-stable/docs/results/aug_31_all/multi_method/yoda_bridge_4fps_ae_4_1969_12_31-19_21_41_region0_occ0/metrics_incremental.json
Saved /home/alien/Documents/research/third_article/pose_graph_bracketing_slam-stable/docs/results/aug_31_all/multi_method/yoda_bridge_4fps_ae_4_1969_12_31-19_21_41_region0_occ0/trajectories_overlay_incremental.png
