[default] ATE RMSE=0.8086 m (mean=0.5953, median=0.3690, max=1.8449), n_poses=138
       1.0 m (n= 129): trans RMSE=0.1790 m (17.90%), rot RMSE=0.837 deg
       5.0 m (n= 120): trans RMSE=0.3515 m (7.03%), rot RMSE=0.967 deg
      10.0 m (n= 108): trans RMSE=0.4900 m (4.90%), rot RMSE=1.148 deg
      20.0 m (n=  86): trans RMSE=0.7734 m (3.87%), rot RMSE=1.628 deg
      40.0 m (n=  40): trans RMSE=1.2598 m (3.15%), rot RMSE=1.499 deg
[clahe] ATE RMSE=0.6158 m (mean=0.4899, median=0.4082, max=1.4648), n_poses=138
       1.0 m (n= 129): trans RMSE=0.1801 m (18.01%), rot RMSE=0.853 deg
       5.0 m (n= 120): trans RMSE=0.2945 m (5.89%), rot RMSE=1.072 deg
      10.0 m (n= 108): trans RMSE=0.4105 m (4.11%), rot RMSE=1.288 deg
      20.0 m (n=  86): trans RMSE=0.6373 m (3.19%), rot RMSE=1.695 deg
      40.0 m (n=  40): trans RMSE=0.9578 m (2.39%), rot RMSE=0.801 deg
[AirSLAM] ATE RMSE=7.5355 m (mean=5.9004, median=5.9437, max=14.5007), n_poses=150
       1.0 m (n= 138): trans RMSE=0.8693 m (86.93%), rot RMSE=2.076 deg
       5.0 m (n= 126): trans RMSE=2.0642 m (41.28%), rot RMSE=5.353 deg
      10.0 m (n= 112): trans RMSE=3.2325 m (32.33%), rot RMSE=7.735 deg
      20.0 m (n=  86): trans RMSE=5.9681 m (29.84%), rot RMSE=8.433 deg
      40.0 m (n=  40): trans RMSE=10.9996 m (27.50%), rot RMSE=7.183 deg
[cuVSLAM] ATE RMSE=31.5105 m (mean=29.4009, median=33.3418, max=47.5663), n_poses=150
       1.0 m (n= 138): trans RMSE=11.3803 m (1138.03%), rot RMSE=18.691 deg
       5.0 m (n= 126): trans RMSE=22.0679 m (441.36%), rot RMSE=35.714 deg
      10.0 m (n= 112): trans RMSE=26.7470 m (267.47%), rot RMSE=44.406 deg
      20.0 m (n=  86): trans RMSE=31.3174 m (156.59%), rot RMSE=56.192 deg
      40.0 m (n=  40): trans RMSE=41.7491 m (104.37%), rot RMSE=33.162 deg
[ORBSLAM3] WARNING: only 24 associated poses, fewer than --n-align=30
[ORBSLAM3] ATE RMSE=0.1012 m (mean=0.0803, median=0.0575, max=0.2664), n_poses=24
       1.0 m (n=  21): trans RMSE=0.1430 m (14.30%), rot RMSE=0.604 deg
       5.0 m (n=  12): trans RMSE=0.1333 m (2.67%), rot RMSE=0.967 deg
      10.0 m (n=   1): trans RMSE=0.2027 m (2.03%), rot RMSE=2.039 deg
      20.0 m: not enough associated span for this window.
      40.0 m: not enough associated span for this window.
Wrote /home/alien/Documents/research/third_article/pose_graph_bracketing_slam-stable/docs/results/aug_31_all/multi_method/yoda_fixedev_4_1969_12_31-19_58_51_region0_occ0/metrics_incremental.txt
Wrote /home/alien/Documents/research/third_article/pose_graph_bracketing_slam-stable/docs/results/aug_31_all/multi_method/yoda_fixedev_4_1969_12_31-19_58_51_region0_occ0/metrics_incremental.json
Saved /home/alien/Documents/research/third_article/pose_graph_bracketing_slam-stable/docs/results/aug_31_all/multi_method/yoda_fixedev_4_1969_12_31-19_58_51_region0_occ0/trajectories_overlay_incremental.png
