[default] ATE RMSE=0.5158 m (mean=0.4407, median=0.4556, max=0.8130), n_poses=158
       1.0 m (n= 142): trans RMSE=0.0819 m (8.19%), rot RMSE=0.876 deg
       5.0 m (n= 129): trans RMSE=0.1696 m (3.39%), rot RMSE=0.725 deg
      10.0 m (n= 115): trans RMSE=0.2825 m (2.83%), rot RMSE=0.955 deg
      20.0 m (n=  89): trans RMSE=0.4920 m (2.46%), rot RMSE=1.440 deg
      40.0 m (n=  42): trans RMSE=0.7395 m (1.85%), rot RMSE=0.877 deg
[clahe] ATE RMSE=0.3987 m (mean=0.3152, median=0.2661, max=1.8159), n_poses=158
       1.0 m (n= 142): trans RMSE=0.2827 m (28.27%), rot RMSE=1.020 deg
       5.0 m (n= 129): trans RMSE=0.3361 m (6.72%), rot RMSE=0.795 deg
      10.0 m (n= 115): trans RMSE=0.4002 m (4.00%), rot RMSE=1.031 deg
      20.0 m (n=  89): trans RMSE=0.4183 m (2.09%), rot RMSE=1.497 deg
      40.0 m (n=  42): trans RMSE=0.5093 m (1.27%), rot RMSE=0.806 deg
[AirSLAM] ATE RMSE=2.6055 m (mean=1.9196, median=1.4300, max=4.4307), n_poses=140
       1.0 m (n= 133): trans RMSE=0.2681 m (26.81%), rot RMSE=1.524 deg
       5.0 m (n= 120): trans RMSE=0.7818 m (15.64%), rot RMSE=2.070 deg
      10.0 m (n= 109): trans RMSE=1.4058 m (14.06%), rot RMSE=2.268 deg
      20.0 m (n=  85): trans RMSE=2.5683 m (12.84%), rot RMSE=2.591 deg
      40.0 m (n=  38): trans RMSE=3.9414 m (9.85%), rot RMSE=3.115 deg
[cuVSLAM] ATE RMSE=9.1871 m (mean=6.9219, median=9.9006, max=15.7948), n_poses=158
       1.0 m (n= 142): trans RMSE=1.1456 m (114.56%), rot RMSE=5.860 deg
       5.0 m (n= 129): trans RMSE=3.2801 m (65.60%), rot RMSE=13.169 deg
      10.0 m (n= 115): trans RMSE=5.5675 m (55.67%), rot RMSE=20.368 deg
      20.0 m (n=  89): trans RMSE=8.8283 m (44.14%), rot RMSE=29.707 deg
      40.0 m (n=  42): trans RMSE=12.4321 m (31.08%), rot RMSE=18.066 deg
[ORBSLAM3] WARNING: only 28 associated poses, fewer than --n-align=30
[ORBSLAM3] ATE RMSE=0.4974 m (mean=0.2862, median=0.2372, max=2.2983), n_poses=28
       1.0 m (n=  25): trans RMSE=0.5788 m (57.88%), rot RMSE=0.825 deg
       5.0 m (n=  13): trans RMSE=0.7015 m (14.03%), rot RMSE=1.381 deg
      10.0 m: not enough associated span for this window.
      20.0 m: not enough associated span for this window.
      40.0 m: not enough associated span for this window.
Wrote /home/alien/Documents/research/third_article/pose_graph_bracketing_slam-stable/docs/results/aug_31_all/multi_method/yoda_bridge_3_1969_12_31-20_07_34_region0_occ0/metrics_global_ba.txt
Wrote /home/alien/Documents/research/third_article/pose_graph_bracketing_slam-stable/docs/results/aug_31_all/multi_method/yoda_bridge_3_1969_12_31-20_07_34_region0_occ0/metrics_global_ba.json
Saved /home/alien/Documents/research/third_article/pose_graph_bracketing_slam-stable/docs/results/aug_31_all/multi_method/yoda_bridge_3_1969_12_31-20_07_34_region0_occ0/trajectories_overlay_global_ba.png
