[default] ATE RMSE=1.0652 m (mean=0.7803, median=0.3835, max=1.9257), n_poses=127
       1.0 m (n= 113): trans RMSE=0.2177 m (21.77%), rot RMSE=1.248 deg
       5.0 m (n= 103): trans RMSE=0.3934 m (7.87%), rot RMSE=1.103 deg
      10.0 m (n=  92): trans RMSE=0.6148 m (6.15%), rot RMSE=1.327 deg
      20.0 m (n=  71): trans RMSE=0.9751 m (4.88%), rot RMSE=1.762 deg
      40.0 m (n=  34): trans RMSE=1.6517 m (4.13%), rot RMSE=1.044 deg
[clahe] ATE RMSE=2.5733 m (mean=1.6656, median=0.4932, max=5.7652), n_poses=127
       1.0 m (n= 113): trans RMSE=0.9554 m (95.54%), rot RMSE=1.431 deg
       5.0 m (n= 103): trans RMSE=1.7913 m (35.83%), rot RMSE=2.730 deg
      10.0 m (n=  92): trans RMSE=2.3845 m (23.85%), rot RMSE=3.845 deg
      20.0 m (n=  71): trans RMSE=2.8325 m (14.16%), rot RMSE=4.706 deg
      40.0 m (n=  34): trans RMSE=4.6108 m (11.53%), rot RMSE=6.448 deg
[AirSLAM] ATE RMSE=4.7278 m (mean=3.6120, median=2.9265, max=8.2144), n_poses=59
       1.0 m (n=  55): trans RMSE=0.5184 m (51.84%), rot RMSE=1.172 deg
       5.0 m (n=  50): trans RMSE=1.4334 m (28.67%), rot RMSE=0.825 deg
      10.0 m (n=  44): trans RMSE=2.4504 m (24.50%), rot RMSE=0.906 deg
      20.0 m (n=  34): trans RMSE=4.5311 m (22.66%), rot RMSE=1.482 deg
      40.0 m (n=  15): trans RMSE=8.3502 m (20.88%), rot RMSE=2.153 deg
[cuVSLAM] ATE RMSE=4.6391 m (mean=3.3461, median=2.4791, max=8.3139), n_poses=127
       1.0 m (n= 113): trans RMSE=0.7471 m (74.71%), rot RMSE=3.999 deg
       5.0 m (n= 103): trans RMSE=1.7136 m (34.27%), rot RMSE=9.185 deg
      10.0 m (n=  92): trans RMSE=2.7939 m (27.94%), rot RMSE=13.760 deg
      20.0 m (n=  71): trans RMSE=4.3127 m (21.56%), rot RMSE=21.963 deg
      40.0 m (n=  34): trans RMSE=7.0416 m (17.60%), rot RMSE=17.729 deg
[ORBSLAM3] ATE RMSE=0.0752 m (mean=0.0552, median=0.0313, max=0.2320), n_poses=50
       1.0 m (n=  14): trans RMSE=0.1744 m (17.44%), rot RMSE=1.078 deg
       5.0 m (n=   5): trans RMSE=0.2294 m (4.59%), rot RMSE=0.790 deg
      10.0 m: not enough associated span for this window.
      20.0 m: not enough associated span for this window.
      40.0 m: not enough associated span for this window.
Wrote /home/alien/Documents/research/third_article/pose_graph_bracketing_slam-stable/docs/results/aug_31_all/multi_method/yoda_bridge_8fps_5_1969_12_31-19_41_42_region0_occ0/metrics_global_ba.txt
Wrote /home/alien/Documents/research/third_article/pose_graph_bracketing_slam-stable/docs/results/aug_31_all/multi_method/yoda_bridge_8fps_5_1969_12_31-19_41_42_region0_occ0/metrics_global_ba.json
Saved /home/alien/Documents/research/third_article/pose_graph_bracketing_slam-stable/docs/results/aug_31_all/multi_method/yoda_bridge_8fps_5_1969_12_31-19_41_42_region0_occ0/trajectories_overlay_global_ba.png
