[default] ATE RMSE=5.0806 m (mean=3.2408, median=0.4034, max=9.3479), n_poses=128
       1.0 m (n= 115): trans RMSE=0.9100 m (91.00%), rot RMSE=6.913 deg
       5.0 m (n= 104): trans RMSE=2.1419 m (42.84%), rot RMSE=8.565 deg
      10.0 m (n=  94): trans RMSE=3.3413 m (33.41%), rot RMSE=9.806 deg
      20.0 m (n=  74): trans RMSE=5.2027 m (26.01%), rot RMSE=11.049 deg
      40.0 m (n=  36): trans RMSE=8.1137 m (20.28%), rot RMSE=11.734 deg
[clahe] ATE RMSE=3.7689 m (mean=2.4819, median=0.3596, max=6.6413), n_poses=128
       1.0 m (n= 115): trans RMSE=0.8063 m (80.63%), rot RMSE=6.173 deg
       5.0 m (n= 104): trans RMSE=2.0016 m (40.03%), rot RMSE=6.871 deg
      10.0 m (n=  94): trans RMSE=2.8229 m (28.23%), rot RMSE=7.460 deg
      20.0 m (n=  74): trans RMSE=4.1312 m (20.66%), rot RMSE=7.244 deg
      40.0 m (n=  36): trans RMSE=6.0608 m (15.15%), rot RMSE=0.955 deg
[AirSLAM] ATE RMSE=5.9069 m (mean=3.9991, median=1.6562, max=11.1992), n_poses=63
       1.0 m (n=  59): trans RMSE=0.5809 m (58.09%), rot RMSE=1.417 deg
       5.0 m (n=  54): trans RMSE=1.7495 m (34.99%), rot RMSE=2.751 deg
      10.0 m (n=  48): trans RMSE=3.1255 m (31.25%), rot RMSE=4.702 deg
      20.0 m (n=  37): trans RMSE=5.7606 m (28.80%), rot RMSE=8.398 deg
      40.0 m (n=  18): trans RMSE=9.9855 m (24.96%), rot RMSE=12.797 deg
[cuVSLAM] ATE RMSE=2.0569 m (mean=1.5216, median=0.9595, max=3.6517), n_poses=130
       1.0 m (n= 117): trans RMSE=0.3541 m (35.41%), rot RMSE=1.774 deg
       5.0 m (n= 106): trans RMSE=0.9750 m (19.50%), rot RMSE=3.925 deg
      10.0 m (n=  96): trans RMSE=1.5560 m (15.56%), rot RMSE=6.018 deg
      20.0 m (n=  75): trans RMSE=2.1550 m (10.78%), rot RMSE=9.243 deg
      40.0 m (n=  36): trans RMSE=3.2045 m (8.01%), rot RMSE=5.860 deg
[ORBSLAM3] ATE RMSE=0.6429 m (mean=0.6395, median=0.6626, max=0.7286), n_poses=56
       1.0 m (n=  14): trans RMSE=0.2942 m (29.42%), rot RMSE=0.399 deg
       5.0 m (n=   6): trans RMSE=0.9237 m (18.47%), rot RMSE=1.043 deg
      10.0 m: not enough associated span for this window.
      20.0 m: not enough associated span for this window.
      40.0 m: not enough associated span for this window.
Wrote /home/alien/Documents/research/third_article/pose_graph_bracketing_slam-stable/docs/results/aug_31_all/multi_method/yoda_bridge_8fps_ae_5_1969_12_31-19_33_43_region0_occ0/metrics_global_ba.txt
Wrote /home/alien/Documents/research/third_article/pose_graph_bracketing_slam-stable/docs/results/aug_31_all/multi_method/yoda_bridge_8fps_ae_5_1969_12_31-19_33_43_region0_occ0/metrics_global_ba.json
Saved /home/alien/Documents/research/third_article/pose_graph_bracketing_slam-stable/docs/results/aug_31_all/multi_method/yoda_bridge_8fps_ae_5_1969_12_31-19_33_43_region0_occ0/trajectories_overlay_global_ba.png
