[default] ATE RMSE=1.0308 m (mean=0.7734, median=0.5781, max=1.8768), n_poses=135
       1.0 m (n= 119): trans RMSE=0.1382 m (13.82%), rot RMSE=0.757 deg
       5.0 m (n= 109): trans RMSE=0.2890 m (5.78%), rot RMSE=0.897 deg
      10.0 m (n=  97): trans RMSE=0.4830 m (4.83%), rot RMSE=0.960 deg
      20.0 m (n=  74): trans RMSE=0.8653 m (4.33%), rot RMSE=2.089 deg
      40.0 m (n=  33): trans RMSE=1.5549 m (3.89%), rot RMSE=1.817 deg
[clahe] ATE RMSE=1.8099 m (mean=1.3316, median=0.6770, max=2.8958), n_poses=135
       1.0 m (n= 119): trans RMSE=0.2213 m (22.13%), rot RMSE=1.031 deg
       5.0 m (n= 109): trans RMSE=0.5448 m (10.90%), rot RMSE=1.513 deg
      10.0 m (n=  97): trans RMSE=0.9588 m (9.59%), rot RMSE=2.415 deg
      20.0 m (n=  74): trans RMSE=1.7428 m (8.71%), rot RMSE=4.239 deg
      40.0 m (n=  33): trans RMSE=2.7678 m (6.92%), rot RMSE=2.664 deg
[AirSLAM] ATE RMSE=1.9548 m (mean=1.5757, median=1.5801, max=3.1882), n_poses=97
       1.0 m (n=  93): trans RMSE=0.3072 m (30.72%), rot RMSE=1.278 deg
       5.0 m (n=  85): trans RMSE=0.5773 m (11.55%), rot RMSE=0.986 deg
      10.0 m (n=  75): trans RMSE=0.9397 m (9.40%), rot RMSE=1.166 deg
      20.0 m (n=  57): trans RMSE=1.8360 m (9.18%), rot RMSE=1.594 deg
      40.0 m (n=  24): trans RMSE=2.7595 m (6.90%), rot RMSE=1.498 deg
[cuVSLAM] ATE RMSE=1.0890 m (mean=0.8123, median=0.6039, max=2.0678), n_poses=135
       1.0 m (n= 119): trans RMSE=0.1355 m (13.55%), rot RMSE=0.900 deg
       5.0 m (n= 109): trans RMSE=0.2938 m (5.88%), rot RMSE=1.052 deg
      10.0 m (n=  97): trans RMSE=0.5111 m (5.11%), rot RMSE=1.184 deg
      20.0 m (n=  74): trans RMSE=0.8967 m (4.48%), rot RMSE=2.329 deg
      40.0 m (n=  33): trans RMSE=1.6611 m (4.15%), rot RMSE=1.161 deg
[ORBSLAM3] ATE RMSE=0.1114 m (mean=0.0964, median=0.0833, max=0.2491), n_poses=43
       1.0 m (n=  18): trans RMSE=0.1840 m (18.40%), rot RMSE=0.854 deg
       5.0 m (n=   2): trans RMSE=0.1802 m (3.60%), rot RMSE=0.739 deg
      10.0 m: not enough associated span for this window.
      20.0 m: not enough associated span for this window.
      40.0 m: not enough associated span for this window.
Wrote /home/alien/Documents/research/third_article/pose_graph_bracketing_slam-stable/docs/results/aug_31_all/multi_method/yoda_bridge_16fps_ae_3_1969_12_31-20_00_47_region0_occ1/metrics_incremental.txt
Wrote /home/alien/Documents/research/third_article/pose_graph_bracketing_slam-stable/docs/results/aug_31_all/multi_method/yoda_bridge_16fps_ae_3_1969_12_31-20_00_47_region0_occ1/metrics_incremental.json
Saved /home/alien/Documents/research/third_article/pose_graph_bracketing_slam-stable/docs/results/aug_31_all/multi_method/yoda_bridge_16fps_ae_3_1969_12_31-20_00_47_region0_occ1/trajectories_overlay_incremental.png
