[default] ATE RMSE=0.9005 m (mean=0.6285, median=0.1879, max=1.6811), n_poses=60
       1.0 m (n=  54): trans RMSE=0.2230 m (22.30%), rot RMSE=0.963 deg
       5.0 m (n=  49): trans RMSE=0.4659 m (9.32%), rot RMSE=1.077 deg
      10.0 m (n=  43): trans RMSE=0.6965 m (6.96%), rot RMSE=1.334 deg
      20.0 m (n=  36): trans RMSE=0.9650 m (4.83%), rot RMSE=1.623 deg
      40.0 m (n=  17): trans RMSE=1.5792 m (3.95%), rot RMSE=1.029 deg
[clahe] ATE RMSE=2.8896 m (mean=1.8146, median=0.3829, max=6.3584), n_poses=60
       1.0 m (n=  54): trans RMSE=0.7530 m (75.30%), rot RMSE=1.190 deg
       5.0 m (n=  49): trans RMSE=1.5401 m (30.80%), rot RMSE=2.140 deg
      10.0 m (n=  43): trans RMSE=2.3404 m (23.40%), rot RMSE=3.759 deg
      20.0 m (n=  36): trans RMSE=3.1054 m (15.53%), rot RMSE=5.492 deg
      40.0 m (n=  17): trans RMSE=4.9665 m (12.42%), rot RMSE=7.602 deg
[AirSLAM] ATE RMSE=8.3578 m (mean=7.8939, median=9.0577, max=11.3634), n_poses=30
       1.0 m (n=  27): trans RMSE=1.1887 m (118.87%), rot RMSE=1.694 deg
       5.0 m (n=  25): trans RMSE=3.3194 m (66.39%), rot RMSE=1.652 deg
      10.0 m (n=  22): trans RMSE=5.6824 m (56.82%), rot RMSE=2.233 deg
      20.0 m (n=  16): trans RMSE=11.6539 m (58.27%), rot RMSE=2.212 deg
      40.0 m (n=   7): trans RMSE=18.9889 m (47.47%), rot RMSE=3.514 deg
[cuVSLAM] ATE RMSE=9.3916 m (mean=6.7400, median=3.4631, max=16.1728), n_poses=62
       1.0 m (n=  56): trans RMSE=0.9288 m (92.88%), rot RMSE=2.542 deg
       5.0 m (n=  51): trans RMSE=2.6295 m (52.59%), rot RMSE=4.455 deg
      10.0 m (n=  45): trans RMSE=4.7855 m (47.85%), rot RMSE=4.687 deg
      20.0 m (n=  36): trans RMSE=8.7514 m (43.76%), rot RMSE=5.854 deg
      40.0 m (n=  17): trans RMSE=15.0492 m (37.62%), rot RMSE=2.573 deg
[ORBSLAM3] ATE RMSE=0.2834 m (mean=0.2703, median=0.2367, max=0.5015), n_poses=35
       1.0 m (n=  14): trans RMSE=0.2100 m (21.00%), rot RMSE=0.746 deg
       5.0 m (n=  10): trans RMSE=0.3719 m (7.44%), rot RMSE=2.120 deg
      10.0 m (n=   4): trans RMSE=0.7162 m (7.16%), rot RMSE=2.467 deg
      20.0 m: not enough associated span for this window.
      40.0 m: not enough associated span for this window.
Wrote /home/alien/Documents/research/third_article/pose_graph_bracketing_slam-stable/docs/results/aug_31_all/multi_method/yoda_bridge_4fps_3_1969_12_31-19_11_14_region0_occ0/metrics_global_ba.txt
Wrote /home/alien/Documents/research/third_article/pose_graph_bracketing_slam-stable/docs/results/aug_31_all/multi_method/yoda_bridge_4fps_3_1969_12_31-19_11_14_region0_occ0/metrics_global_ba.json
Saved /home/alien/Documents/research/third_article/pose_graph_bracketing_slam-stable/docs/results/aug_31_all/multi_method/yoda_bridge_4fps_3_1969_12_31-19_11_14_region0_occ0/trajectories_overlay_global_ba.png
