[default] ATE RMSE=0.4843 m (mean=0.3991, median=0.3764, max=1.2581), n_poses=54
       1.0 m (n=  48): trans RMSE=0.3451 m (34.51%), rot RMSE=0.837 deg
       5.0 m (n=  43): trans RMSE=0.4603 m (9.21%), rot RMSE=0.976 deg
      10.0 m (n=  38): trans RMSE=0.5245 m (5.24%), rot RMSE=1.049 deg
      20.0 m (n=  28): trans RMSE=0.6362 m (3.18%), rot RMSE=1.373 deg
      40.0 m (n=  12): trans RMSE=0.7398 m (1.85%), rot RMSE=1.440 deg
[clahe] ATE RMSE=2.4519 m (mean=2.0696, median=1.4713, max=4.6547), n_poses=54
       1.0 m (n=  48): trans RMSE=0.5739 m (57.39%), rot RMSE=3.713 deg
       5.0 m (n=  43): trans RMSE=1.2485 m (24.97%), rot RMSE=5.399 deg
      10.0 m (n=  38): trans RMSE=1.9834 m (19.83%), rot RMSE=8.423 deg
      20.0 m (n=  28): trans RMSE=2.6024 m (13.01%), rot RMSE=8.635 deg
      40.0 m (n=  12): trans RMSE=3.8748 m (9.69%), rot RMSE=16.367 deg
[AirSLAM] WARNING: only 29 associated poses, fewer than --n-align=30
[AirSLAM] ATE RMSE=8.4206 m (mean=7.6269, median=8.0198, max=12.0782), n_poses=29
       1.0 m (n=  26): trans RMSE=1.3811 m (138.11%), rot RMSE=3.214 deg
       5.0 m (n=  24): trans RMSE=3.4738 m (69.48%), rot RMSE=3.506 deg
      10.0 m (n=  21): trans RMSE=6.0807 m (60.81%), rot RMSE=4.053 deg
      20.0 m (n=  16): trans RMSE=12.1933 m (60.97%), rot RMSE=5.577 deg
      40.0 m (n=   6): trans RMSE=21.3518 m (53.38%), rot RMSE=3.955 deg
[cuVSLAM] ATE RMSE=43.0662 m (mean=27.5302, median=5.8176, max=86.7890), n_poses=55
       1.0 m (n=  49): trans RMSE=5.3689 m (536.89%), rot RMSE=30.658 deg
       5.0 m (n=  44): trans RMSE=17.8848 m (357.70%), rot RMSE=75.491 deg
      10.0 m (n=  39): trans RMSE=30.8696 m (308.70%), rot RMSE=77.275 deg
      20.0 m (n=  29): trans RMSE=41.2472 m (206.24%), rot RMSE=96.570 deg
      40.0 m (n=  12): trans RMSE=74.0140 m (185.03%), rot RMSE=157.583 deg
[ORBSLAM3] WARNING: only 7 associated poses, fewer than --n-align=30
[ORBSLAM3] ATE RMSE=0.0968 m (mean=0.0619, median=0.0206, max=0.2152), n_poses=7
       1.0 m (n=   1): trans RMSE=0.1097 m (10.97%), rot RMSE=0.061 deg
       5.0 m: not enough associated span for this window.
      10.0 m: not enough associated span for this window.
      20.0 m: not enough associated span for this window.
      40.0 m: not enough associated span for this window.
Wrote /home/alien/Documents/research/third_article/pose_graph_bracketing_slam-stable/docs/results/aug_31_all/multi_method/yoda_bridge_4fps_3_1969_12_31-19_11_14_region0_occ1/metrics_global_ba.txt
Wrote /home/alien/Documents/research/third_article/pose_graph_bracketing_slam-stable/docs/results/aug_31_all/multi_method/yoda_bridge_4fps_3_1969_12_31-19_11_14_region0_occ1/metrics_global_ba.json
Saved /home/alien/Documents/research/third_article/pose_graph_bracketing_slam-stable/docs/results/aug_31_all/multi_method/yoda_bridge_4fps_3_1969_12_31-19_11_14_region0_occ1/trajectories_overlay_global_ba.png
