[default] ATE RMSE=1.8509 m (mean=1.1850, median=0.1916, max=3.4425), n_poses=62
       1.0 m (n=  57): trans RMSE=0.2776 m (27.76%), rot RMSE=0.723 deg
       5.0 m (n=  52): trans RMSE=0.7043 m (14.09%), rot RMSE=0.961 deg
      10.0 m (n=  46): trans RMSE=1.2369 m (12.37%), rot RMSE=1.428 deg
      20.0 m (n=  37): trans RMSE=1.8920 m (9.46%), rot RMSE=1.951 deg
      40.0 m (n=  18): trans RMSE=3.0739 m (7.68%), rot RMSE=1.571 deg
[clahe] ATE RMSE=6.3229 m (mean=3.9282, median=0.3964, max=12.9091), n_poses=62
       1.0 m (n=  57): trans RMSE=2.9880 m (298.80%), rot RMSE=3.658 deg
       5.0 m (n=  52): trans RMSE=3.7088 m (74.18%), rot RMSE=2.784 deg
      10.0 m (n=  46): trans RMSE=5.2827 m (52.83%), rot RMSE=6.422 deg
      20.0 m (n=  37): trans RMSE=6.9362 m (34.68%), rot RMSE=9.472 deg
      40.0 m (n=  18): trans RMSE=10.7100 m (26.77%), rot RMSE=14.517 deg
[AirSLAM] ATE RMSE=8.2647 m (mean=7.7239, median=9.0285, max=12.2723), n_poses=30
       1.0 m (n=  28): trans RMSE=1.1815 m (118.15%), rot RMSE=1.935 deg
       5.0 m (n=  26): trans RMSE=3.1619 m (63.24%), rot RMSE=3.133 deg
      10.0 m (n=  23): trans RMSE=5.5612 m (55.61%), rot RMSE=3.427 deg
      20.0 m (n=  17): trans RMSE=10.9362 m (54.68%), rot RMSE=4.320 deg
      40.0 m (n=   8): trans RMSE=19.2579 m (48.14%), rot RMSE=6.861 deg
[cuVSLAM] ATE RMSE=10.1997 m (mean=7.5774, median=4.5784, max=20.1195), n_poses=63
       1.0 m (n=  58): trans RMSE=1.2368 m (123.68%), rot RMSE=13.060 deg
       5.0 m (n=  53): trans RMSE=3.4121 m (68.24%), rot RMSE=43.068 deg
      10.0 m (n=  47): trans RMSE=5.4703 m (54.70%), rot RMSE=64.818 deg
      20.0 m (n=  37): trans RMSE=8.6089 m (43.04%), rot RMSE=74.213 deg
      40.0 m (n=  18): trans RMSE=16.8111 m (42.03%), rot RMSE=105.217 deg
[ORBSLAM3] WARNING: only 18 associated poses, fewer than --n-align=30
[ORBSLAM3] ATE RMSE=0.2537 m (mean=0.2228, median=0.2039, max=0.6403), n_poses=18
       1.0 m (n=  13): trans RMSE=0.2546 m (25.46%), rot RMSE=0.833 deg
       5.0 m (n=   8): trans RMSE=0.3783 m (7.57%), rot RMSE=0.865 deg
      10.0 m (n=   2): trans RMSE=0.5436 m (5.44%), rot RMSE=0.720 deg
      20.0 m: not enough associated span for this window.
      40.0 m: not enough associated span for this window.
Wrote /home/alien/Documents/research/third_article/pose_graph_bracketing_slam-stable/docs/results/aug_31_all/multi_method/yoda_bridge_4fps_1_1969_12_31-19_08_37_region0_occ0/metrics_global_ba.txt
Wrote /home/alien/Documents/research/third_article/pose_graph_bracketing_slam-stable/docs/results/aug_31_all/multi_method/yoda_bridge_4fps_1_1969_12_31-19_08_37_region0_occ0/metrics_global_ba.json
Saved /home/alien/Documents/research/third_article/pose_graph_bracketing_slam-stable/docs/results/aug_31_all/multi_method/yoda_bridge_4fps_1_1969_12_31-19_08_37_region0_occ0/trajectories_overlay_global_ba.png
