[default] ATE RMSE=0.9285 m (mean=0.6616, median=0.3039, max=1.7486), n_poses=154
       1.0 m (n= 140): trans RMSE=0.1276 m (12.76%), rot RMSE=0.736 deg
       5.0 m (n= 128): trans RMSE=0.2743 m (5.49%), rot RMSE=0.844 deg
      10.0 m (n= 114): trans RMSE=0.4850 m (4.85%), rot RMSE=0.894 deg
      20.0 m (n=  89): trans RMSE=0.8349 m (4.17%), rot RMSE=1.586 deg
      40.0 m (n=  43): trans RMSE=1.4530 m (3.63%), rot RMSE=0.726 deg
[clahe] ATE RMSE=0.6998 m (mean=0.5160, median=0.2727, max=1.2360), n_poses=154
       1.0 m (n= 140): trans RMSE=0.1150 m (11.50%), rot RMSE=0.739 deg
       5.0 m (n= 128): trans RMSE=0.1960 m (3.92%), rot RMSE=0.877 deg
      10.0 m (n= 114): trans RMSE=0.3470 m (3.47%), rot RMSE=0.968 deg
      20.0 m (n=  89): trans RMSE=0.6440 m (3.22%), rot RMSE=1.656 deg
      40.0 m (n=  43): trans RMSE=1.0993 m (2.75%), rot RMSE=0.621 deg
[AirSLAM] ATE RMSE=1.3987 m (mean=1.0480, median=0.6933, max=2.5625), n_poses=113
       1.0 m (n= 108): trans RMSE=0.2425 m (24.25%), rot RMSE=1.142 deg
       5.0 m (n=  99): trans RMSE=0.4197 m (8.39%), rot RMSE=1.259 deg
      10.0 m (n=  88): trans RMSE=0.6894 m (6.89%), rot RMSE=1.308 deg
      20.0 m (n=  68): trans RMSE=1.2928 m (6.46%), rot RMSE=2.011 deg
      40.0 m (n=  31): trans RMSE=2.2164 m (5.54%), rot RMSE=2.428 deg
[cuVSLAM] ATE RMSE=5.5346 m (mean=4.0312, median=4.1963, max=11.1955), n_poses=154
       1.0 m (n= 140): trans RMSE=0.6020 m (60.20%), rot RMSE=6.315 deg
       5.0 m (n= 128): trans RMSE=1.7851 m (35.70%), rot RMSE=12.775 deg
      10.0 m (n= 114): trans RMSE=2.8729 m (28.73%), rot RMSE=16.899 deg
      20.0 m (n=  89): trans RMSE=4.4271 m (22.14%), rot RMSE=23.513 deg
      40.0 m (n=  43): trans RMSE=7.7895 m (19.47%), rot RMSE=34.037 deg
[ORBSLAM3] ATE RMSE=0.1226 m (mean=0.0987, median=0.0725, max=0.5115), n_poses=115
       1.0 m (n=  39): trans RMSE=0.2408 m (24.08%), rot RMSE=0.740 deg
       5.0 m (n=  17): trans RMSE=0.3204 m (6.41%), rot RMSE=0.671 deg
      10.0 m: not enough associated span for this window.
      20.0 m: not enough associated span for this window.
      40.0 m: not enough associated span for this window.
Wrote /home/alien/Documents/research/third_article/pose_graph_bracketing_slam-stable/docs/results/aug_31_all/multi_method/yoda_bridge_16fps_2_1969_12_31-19_49_44_region0_occ0/metrics_global_ba.txt
Wrote /home/alien/Documents/research/third_article/pose_graph_bracketing_slam-stable/docs/results/aug_31_all/multi_method/yoda_bridge_16fps_2_1969_12_31-19_49_44_region0_occ0/metrics_global_ba.json
Saved /home/alien/Documents/research/third_article/pose_graph_bracketing_slam-stable/docs/results/aug_31_all/multi_method/yoda_bridge_16fps_2_1969_12_31-19_49_44_region0_occ0/trajectories_overlay_global_ba.png
