[default] ATE RMSE=0.7773 m (mean=0.5902, median=0.4158, max=1.4321), n_poses=155
       1.0 m (n= 143): trans RMSE=0.0910 m (9.10%), rot RMSE=0.635 deg
       5.0 m (n= 130): trans RMSE=0.1978 m (3.96%), rot RMSE=0.695 deg
      10.0 m (n= 115): trans RMSE=0.3672 m (3.67%), rot RMSE=1.001 deg
      20.0 m (n=  89): trans RMSE=0.6838 m (3.42%), rot RMSE=1.688 deg
      40.0 m (n=  42): trans RMSE=1.1901 m (2.98%), rot RMSE=0.673 deg
[clahe] ATE RMSE=0.8293 m (mean=0.6087, median=0.3659, max=1.5615), n_poses=155
       1.0 m (n= 143): trans RMSE=0.0916 m (9.16%), rot RMSE=0.635 deg
       5.0 m (n= 130): trans RMSE=0.2014 m (4.03%), rot RMSE=0.739 deg
      10.0 m (n= 115): trans RMSE=0.3761 m (3.76%), rot RMSE=1.103 deg
      20.0 m (n=  89): trans RMSE=0.7121 m (3.56%), rot RMSE=1.803 deg
      40.0 m (n=  42): trans RMSE=1.2785 m (3.20%), rot RMSE=0.675 deg
[AirSLAM] ATE RMSE=1.0590 m (mean=0.7535, median=0.4587, max=2.4499), n_poses=154
       1.0 m (n= 149): trans RMSE=0.1778 m (17.78%), rot RMSE=1.065 deg
       5.0 m (n= 136): trans RMSE=0.3386 m (6.77%), rot RMSE=0.875 deg
      10.0 m (n= 124): trans RMSE=0.6038 m (6.04%), rot RMSE=1.119 deg
      20.0 m (n=  95): trans RMSE=1.0616 m (5.31%), rot RMSE=1.897 deg
      40.0 m (n=  38): trans RMSE=1.8872 m (4.72%), rot RMSE=1.595 deg
[cuVSLAM] ATE RMSE=3.4995 m (mean=2.7203, median=3.1753, max=5.8901), n_poses=155
       1.0 m (n= 143): trans RMSE=0.6680 m (66.80%), rot RMSE=7.939 deg
       5.0 m (n= 130): trans RMSE=1.3179 m (26.36%), rot RMSE=16.104 deg
      10.0 m (n= 115): trans RMSE=2.0970 m (20.97%), rot RMSE=23.658 deg
      20.0 m (n=  89): trans RMSE=3.4493 m (17.25%), rot RMSE=23.714 deg
      40.0 m (n=  42): trans RMSE=4.8563 m (12.14%), rot RMSE=2.095 deg
[ORBSLAM3] WARNING: only 27 associated poses, fewer than --n-align=30
[ORBSLAM3] ATE RMSE=0.4212 m (mean=0.1938, median=0.0866, max=2.0305), n_poses=27
       1.0 m (n=  25): trans RMSE=0.6141 m (61.41%), rot RMSE=1.252 deg
       5.0 m (n=  14): trans RMSE=0.6124 m (12.25%), rot RMSE=0.834 deg
      10.0 m: not enough associated span for this window.
      20.0 m: not enough associated span for this window.
      40.0 m: not enough associated span for this window.
Wrote /home/alien/Documents/research/third_article/pose_graph_bracketing_slam-stable/docs/results/aug_31_all/multi_method/yoda_bridge_5_1969_12_31-20_10_31_region0_occ0/metrics_global_ba.txt
Wrote /home/alien/Documents/research/third_article/pose_graph_bracketing_slam-stable/docs/results/aug_31_all/multi_method/yoda_bridge_5_1969_12_31-20_10_31_region0_occ0/metrics_global_ba.json
Saved /home/alien/Documents/research/third_article/pose_graph_bracketing_slam-stable/docs/results/aug_31_all/multi_method/yoda_bridge_5_1969_12_31-20_10_31_region0_occ0/trajectories_overlay_global_ba.png
