[default] ATE RMSE=5.7235 m (mean=4.6586, median=7.4858, max=8.2549), n_poses=54
       1.0 m (n=  41): trans RMSE=1.6161 m (161.61%), rot RMSE=1.175 deg
       5.0 m (n=  37): trans RMSE=3.3524 m (67.05%), rot RMSE=1.309 deg
      10.0 m (n=  31): trans RMSE=5.2706 m (52.71%), rot RMSE=1.748 deg
      20.0 m (n=  26): trans RMSE=7.7403 m (38.70%), rot RMSE=3.230 deg
      40.0 m (n=  13): trans RMSE=8.5664 m (21.42%), rot RMSE=4.332 deg
[clahe] ATE RMSE=9.2477 m (mean=7.3747, median=10.2704, max=13.7706), n_poses=54
       1.0 m (n=  41): trans RMSE=1.6965 m (169.65%), rot RMSE=2.341 deg
       5.0 m (n=  37): trans RMSE=4.0488 m (80.98%), rot RMSE=4.158 deg
      10.0 m (n=  31): trans RMSE=6.5337 m (65.34%), rot RMSE=5.648 deg
      20.0 m (n=  26): trans RMSE=10.3516 m (51.76%), rot RMSE=8.540 deg
      40.0 m (n=  13): trans RMSE=13.9184 m (34.80%), rot RMSE=7.684 deg
[AirSLAM] WARNING: only 26 associated poses, fewer than --n-align=30
[AirSLAM] ATE RMSE=10.3008 m (mean=9.5466, median=10.9450, max=14.3539), n_poses=26
       1.0 m (n=  24): trans RMSE=1.4617 m (146.17%), rot RMSE=1.754 deg
       5.0 m (n=  22): trans RMSE=4.2517 m (85.03%), rot RMSE=2.243 deg
      10.0 m (n=  19): trans RMSE=7.6953 m (76.95%), rot RMSE=2.989 deg
      20.0 m (n=  14): trans RMSE=15.4441 m (77.22%), rot RMSE=3.321 deg
      40.0 m (n=   6): trans RMSE=25.1727 m (62.93%), rot RMSE=4.613 deg
[cuVSLAM] ATE RMSE=22.7135 m (mean=19.1382, median=18.8060, max=34.8447), n_poses=62
       1.0 m (n=  49): trans RMSE=1.7258 m (172.58%), rot RMSE=4.312 deg
       5.0 m (n=  45): trans RMSE=5.5506 m (111.01%), rot RMSE=7.386 deg
      10.0 m (n=  39): trans RMSE=10.4878 m (104.88%), rot RMSE=9.788 deg
      20.0 m (n=  30): trans RMSE=20.1406 m (100.70%), rot RMSE=13.004 deg
      40.0 m (n=  13): trans RMSE=39.2983 m (98.25%), rot RMSE=7.775 deg
[ORBSLAM3] WARNING: only 27 associated poses, fewer than --n-align=30
[ORBSLAM3] ATE RMSE=0.1161 m (mean=0.0894, median=0.0535, max=0.2877), n_poses=27
       1.0 m (n=  14): trans RMSE=0.1639 m (16.39%), rot RMSE=0.941 deg
       5.0 m (n=  10): trans RMSE=0.2527 m (5.05%), rot RMSE=0.496 deg
      10.0 m (n=   4): trans RMSE=0.2382 m (2.38%), rot RMSE=0.531 deg
      20.0 m: not enough associated span for this window.
      40.0 m: not enough associated span for this window.
Wrote /home/alien/Documents/research/third_article/pose_graph_bracketing_slam-stable/docs/results/aug_31_all/multi_method/yoda_bridge_4fps_ae_3_1969_12_31-19_20_11_region0_occ1/metrics_incremental.txt
Wrote /home/alien/Documents/research/third_article/pose_graph_bracketing_slam-stable/docs/results/aug_31_all/multi_method/yoda_bridge_4fps_ae_3_1969_12_31-19_20_11_region0_occ1/metrics_incremental.json
Saved /home/alien/Documents/research/third_article/pose_graph_bracketing_slam-stable/docs/results/aug_31_all/multi_method/yoda_bridge_4fps_ae_3_1969_12_31-19_20_11_region0_occ1/trajectories_overlay_incremental.png
