[default] ATE RMSE=0.9052 m (mean=0.6690, median=0.4385, max=1.7708), n_poses=129
       1.0 m (n= 116): trans RMSE=0.1364 m (13.64%), rot RMSE=0.668 deg
       5.0 m (n= 106): trans RMSE=0.2804 m (5.61%), rot RMSE=0.750 deg
      10.0 m (n=  94): trans RMSE=0.4808 m (4.81%), rot RMSE=1.150 deg
      20.0 m (n=  71): trans RMSE=0.7869 m (3.93%), rot RMSE=1.636 deg
      40.0 m (n=  31): trans RMSE=1.4270 m (3.57%), rot RMSE=0.952 deg
[clahe] ATE RMSE=0.8387 m (mean=0.6331, median=0.4088, max=1.4637), n_poses=129
       1.0 m (n= 116): trans RMSE=0.1325 m (13.25%), rot RMSE=0.760 deg
       5.0 m (n= 106): trans RMSE=0.2478 m (4.96%), rot RMSE=0.888 deg
      10.0 m (n=  94): trans RMSE=0.4231 m (4.23%), rot RMSE=1.431 deg
      20.0 m (n=  71): trans RMSE=0.7713 m (3.86%), rot RMSE=2.022 deg
      40.0 m (n=  31): trans RMSE=1.3115 m (3.28%), rot RMSE=0.803 deg
[AirSLAM] ATE RMSE=3.9882 m (mean=3.0358, median=3.5021, max=6.8869), n_poses=97
       1.0 m (n=  89): trans RMSE=0.4390 m (43.90%), rot RMSE=3.057 deg
       5.0 m (n=  81): trans RMSE=1.1537 m (23.07%), rot RMSE=4.688 deg
      10.0 m (n=  72): trans RMSE=2.1080 m (21.08%), rot RMSE=8.037 deg
      20.0 m (n=  54): trans RMSE=3.9189 m (19.59%), rot RMSE=13.556 deg
      40.0 m (n=  22): trans RMSE=6.1493 m (15.37%), rot RMSE=14.058 deg
[cuVSLAM] ATE RMSE=22.1038 m (mean=15.7731, median=18.6050, max=42.3322), n_poses=129
       1.0 m (n= 116): trans RMSE=2.8980 m (289.80%), rot RMSE=16.898 deg
       5.0 m (n= 106): trans RMSE=8.9484 m (178.97%), rot RMSE=43.791 deg
      10.0 m (n=  94): trans RMSE=15.0135 m (150.13%), rot RMSE=68.714 deg
      20.0 m (n=  71): trans RMSE=23.9197 m (119.60%), rot RMSE=114.182 deg
      40.0 m (n=  31): trans RMSE=33.6489 m (84.12%), rot RMSE=128.493 deg
[ORBSLAM3] ATE RMSE=4.1796 m (mean=2.9356, median=0.6170, max=6.2578), n_poses=72
       1.0 m (n=  36): trans RMSE=0.3149 m (31.49%), rot RMSE=1.061 deg
       5.0 m (n=  21): trans RMSE=0.5545 m (11.09%), rot RMSE=1.729 deg
      10.0 m (n=   2): trans RMSE=0.7659 m (7.66%), rot RMSE=1.100 deg
      20.0 m: not enough associated span for this window.
      40.0 m: not enough associated span for this window.
Wrote /home/alien/Documents/research/third_article/pose_graph_bracketing_slam-stable/docs/results/aug_31_all/multi_method/yoda_bridge_16fps_1_1969_12_31-19_47_59_region0_occ1/metrics_global_ba.txt
Wrote /home/alien/Documents/research/third_article/pose_graph_bracketing_slam-stable/docs/results/aug_31_all/multi_method/yoda_bridge_16fps_1_1969_12_31-19_47_59_region0_occ1/metrics_global_ba.json
Saved /home/alien/Documents/research/third_article/pose_graph_bracketing_slam-stable/docs/results/aug_31_all/multi_method/yoda_bridge_16fps_1_1969_12_31-19_47_59_region0_occ1/trajectories_overlay_global_ba.png
