[default] ATE RMSE=1.2685 m (mean=0.9672, median=0.7977, max=2.2127), n_poses=116
       1.0 m (n=  99): trans RMSE=0.2403 m (24.03%), rot RMSE=1.207 deg
       5.0 m (n=  91): trans RMSE=0.3711 m (7.42%), rot RMSE=1.192 deg
      10.0 m (n=  80): trans RMSE=0.6154 m (6.15%), rot RMSE=1.238 deg
      20.0 m (n=  60): trans RMSE=1.0718 m (5.36%), rot RMSE=1.715 deg
      40.0 m (n=  26): trans RMSE=1.8828 m (4.71%), rot RMSE=1.114 deg
[clahe] ATE RMSE=1.3784 m (mean=1.0614, median=1.1144, max=2.3120), n_poses=116
       1.0 m (n=  99): trans RMSE=0.2526 m (25.26%), rot RMSE=1.162 deg
       5.0 m (n=  91): trans RMSE=0.4277 m (8.55%), rot RMSE=1.279 deg
      10.0 m (n=  80): trans RMSE=0.6897 m (6.90%), rot RMSE=1.384 deg
      20.0 m (n=  60): trans RMSE=1.1952 m (5.98%), rot RMSE=2.118 deg
      40.0 m (n=  26): trans RMSE=2.0242 m (5.06%), rot RMSE=1.535 deg
[AirSLAM] ATE RMSE=3.4685 m (mean=2.8987, median=3.6064, max=5.2520), n_poses=57
       1.0 m (n=  50): trans RMSE=0.6348 m (63.48%), rot RMSE=1.088 deg
       5.0 m (n=  46): trans RMSE=1.1839 m (23.68%), rot RMSE=1.690 deg
      10.0 m (n=  41): trans RMSE=1.9209 m (19.21%), rot RMSE=1.901 deg
      20.0 m (n=  31): trans RMSE=3.8066 m (19.03%), rot RMSE=2.843 deg
      40.0 m (n=  13): trans RMSE=6.0592 m (15.15%), rot RMSE=3.698 deg
[cuVSLAM] ATE RMSE=3.6314 m (mean=2.9043, median=2.7612, max=6.3136), n_poses=116
       1.0 m (n=  99): trans RMSE=0.9063 m (90.63%), rot RMSE=11.116 deg
       5.0 m (n=  91): trans RMSE=2.2144 m (44.29%), rot RMSE=23.511 deg
      10.0 m (n=  80): trans RMSE=3.5699 m (35.70%), rot RMSE=32.313 deg
      20.0 m (n=  60): trans RMSE=5.2498 m (26.25%), rot RMSE=50.421 deg
      40.0 m (n=  26): trans RMSE=4.4319 m (11.08%), rot RMSE=60.050 deg
[ORBSLAM3] ATE RMSE=1.0703 m (mean=0.8672, median=0.5263, max=1.8487), n_poses=53
       1.0 m (n=  38): trans RMSE=0.8016 m (80.16%), rot RMSE=2.863 deg
       5.0 m (n=  26): trans RMSE=0.8595 m (17.19%), rot RMSE=1.259 deg
      10.0 m (n=  16): trans RMSE=1.3673 m (13.67%), rot RMSE=2.232 deg
      20.0 m: not enough associated span for this window.
      40.0 m: not enough associated span for this window.
Wrote /home/alien/Documents/research/third_article/pose_graph_bracketing_slam-stable/docs/results/aug_31_all/multi_method/yoda_bridge_8fps_1_1969_12_31-19_36_06_region0_occ1/metrics_global_ba.txt
Wrote /home/alien/Documents/research/third_article/pose_graph_bracketing_slam-stable/docs/results/aug_31_all/multi_method/yoda_bridge_8fps_1_1969_12_31-19_36_06_region0_occ1/metrics_global_ba.json
Saved /home/alien/Documents/research/third_article/pose_graph_bracketing_slam-stable/docs/results/aug_31_all/multi_method/yoda_bridge_8fps_1_1969_12_31-19_36_06_region0_occ1/trajectories_overlay_global_ba.png
