[default] ATE RMSE=1.1427 m (mean=0.7940, median=0.3532, max=2.3405), n_poses=143
       1.0 m (n= 131): trans RMSE=0.1429 m (14.29%), rot RMSE=0.780 deg
       5.0 m (n= 120): trans RMSE=0.3503 m (7.01%), rot RMSE=0.844 deg
      10.0 m (n= 107): trans RMSE=0.6280 m (6.28%), rot RMSE=1.096 deg
      20.0 m (n=  84): trans RMSE=1.0554 m (5.28%), rot RMSE=1.768 deg
      40.0 m (n=  41): trans RMSE=1.7738 m (4.43%), rot RMSE=1.023 deg
[clahe] ATE RMSE=0.9673 m (mean=0.7111, median=0.4056, max=1.7223), n_poses=143
       1.0 m (n= 131): trans RMSE=0.1495 m (14.95%), rot RMSE=0.804 deg
       5.0 m (n= 120): trans RMSE=0.3036 m (6.07%), rot RMSE=0.863 deg
      10.0 m (n= 107): trans RMSE=0.4954 m (4.95%), rot RMSE=1.150 deg
      20.0 m (n=  84): trans RMSE=0.8984 m (4.49%), rot RMSE=1.769 deg
      40.0 m (n=  41): trans RMSE=1.5070 m (3.77%), rot RMSE=1.057 deg
[AirSLAM] ATE RMSE=1.8324 m (mean=1.3989, median=1.6189, max=3.0539), n_poses=105
       1.0 m (n= 100): trans RMSE=0.2562 m (25.62%), rot RMSE=1.101 deg
       5.0 m (n=  92): trans RMSE=0.5052 m (10.10%), rot RMSE=0.979 deg
      10.0 m (n=  81): trans RMSE=0.9000 m (9.00%), rot RMSE=1.277 deg
      20.0 m (n=  64): trans RMSE=1.6933 m (8.47%), rot RMSE=1.620 deg
      40.0 m (n=  29): trans RMSE=2.8332 m (7.08%), rot RMSE=1.453 deg
[cuVSLAM] ATE RMSE=8.7857 m (mean=5.9999, median=4.6010, max=19.1436), n_poses=143
       1.0 m (n= 131): trans RMSE=0.8432 m (84.32%), rot RMSE=4.069 deg
       5.0 m (n= 120): trans RMSE=2.8844 m (57.69%), rot RMSE=8.717 deg
      10.0 m (n= 107): trans RMSE=5.0240 m (50.24%), rot RMSE=14.454 deg
      20.0 m (n=  84): trans RMSE=7.9585 m (39.79%), rot RMSE=25.195 deg
      40.0 m (n=  41): trans RMSE=12.9181 m (32.30%), rot RMSE=33.367 deg
[ORBSLAM3] ATE RMSE=1.2209 m (mean=1.1259, median=1.3876, max=1.6393), n_poses=125
       1.0 m (n=  44): trans RMSE=0.5480 m (54.80%), rot RMSE=3.743 deg
       5.0 m (n=  26): trans RMSE=1.4713 m (29.43%), rot RMSE=2.772 deg
      10.0 m: not enough associated span for this window.
      20.0 m: not enough associated span for this window.
      40.0 m: not enough associated span for this window.
Wrote /home/alien/Documents/research/third_article/pose_graph_bracketing_slam-stable/docs/results/aug_31_all/multi_method/yoda_bridge_16fps_1_1969_12_31-19_47_59_region0_occ0/metrics_incremental.txt
Wrote /home/alien/Documents/research/third_article/pose_graph_bracketing_slam-stable/docs/results/aug_31_all/multi_method/yoda_bridge_16fps_1_1969_12_31-19_47_59_region0_occ0/metrics_incremental.json
Saved /home/alien/Documents/research/third_article/pose_graph_bracketing_slam-stable/docs/results/aug_31_all/multi_method/yoda_bridge_16fps_1_1969_12_31-19_47_59_region0_occ0/trajectories_overlay_incremental.png
