[default] ATE RMSE=0.9149 m (mean=0.6322, median=0.2875, max=1.8609), n_poses=143
       1.0 m (n= 133): trans RMSE=0.0908 m (9.08%), rot RMSE=0.865 deg
       5.0 m (n= 122): trans RMSE=0.2420 m (4.84%), rot RMSE=0.908 deg
      10.0 m (n= 110): trans RMSE=0.4494 m (4.49%), rot RMSE=1.355 deg
      20.0 m (n=  86): trans RMSE=0.8067 m (4.03%), rot RMSE=2.007 deg
      40.0 m (n=  42): trans RMSE=1.4611 m (3.65%), rot RMSE=1.335 deg
[clahe] ATE RMSE=0.5928 m (mean=0.4417, median=0.2741, max=1.0742), n_poses=143
       1.0 m (n= 133): trans RMSE=0.0808 m (8.08%), rot RMSE=0.868 deg
       5.0 m (n= 122): trans RMSE=0.1717 m (3.43%), rot RMSE=0.893 deg
      10.0 m (n= 110): trans RMSE=0.2939 m (2.94%), rot RMSE=1.247 deg
      20.0 m (n=  86): trans RMSE=0.5412 m (2.71%), rot RMSE=1.763 deg
      40.0 m (n=  42): trans RMSE=0.9463 m (2.37%), rot RMSE=1.579 deg
[AirSLAM] ATE RMSE=0.6151 m (mean=0.4590, median=0.3304, max=1.2523), n_poses=135
       1.0 m (n= 128): trans RMSE=0.1566 m (15.66%), rot RMSE=1.038 deg
       5.0 m (n= 117): trans RMSE=0.2558 m (5.12%), rot RMSE=0.920 deg
      10.0 m (n= 105): trans RMSE=0.3919 m (3.92%), rot RMSE=1.423 deg
      20.0 m (n=  82): trans RMSE=0.6007 m (3.00%), rot RMSE=2.207 deg
      40.0 m (n=  38): trans RMSE=0.9940 m (2.49%), rot RMSE=1.564 deg
[cuVSLAM] ATE RMSE=0.8806 m (mean=0.6336, median=0.3984, max=1.7540), n_poses=143
       1.0 m (n= 133): trans RMSE=0.0989 m (9.89%), rot RMSE=0.861 deg
       5.0 m (n= 122): trans RMSE=0.2426 m (4.85%), rot RMSE=0.801 deg
      10.0 m (n= 110): trans RMSE=0.4306 m (4.31%), rot RMSE=0.963 deg
      20.0 m (n=  86): trans RMSE=0.7561 m (3.78%), rot RMSE=1.369 deg
      40.0 m (n=  42): trans RMSE=1.3895 m (3.47%), rot RMSE=1.032 deg
[ORBSLAM3] ATE RMSE=1.4592 m (mean=1.2727, median=1.2032, max=3.0571), n_poses=110
       1.0 m (n=  80): trans RMSE=0.7183 m (71.83%), rot RMSE=2.643 deg
       5.0 m (n=  50): trans RMSE=1.2938 m (25.88%), rot RMSE=5.009 deg
      10.0 m (n=  17): trans RMSE=2.4676 m (24.68%), rot RMSE=3.038 deg
      20.0 m: not enough associated span for this window.
      40.0 m: not enough associated span for this window.
Wrote /home/alien/Documents/research/third_article/pose_graph_bracketing_slam-stable/docs/results/aug_31_all/multi_method/yoda_bridge_0fps_ae_3_1969_12_31-19_07_55_region0_occ0/metrics_global_ba.txt
Wrote /home/alien/Documents/research/third_article/pose_graph_bracketing_slam-stable/docs/results/aug_31_all/multi_method/yoda_bridge_0fps_ae_3_1969_12_31-19_07_55_region0_occ0/metrics_global_ba.json
Saved /home/alien/Documents/research/third_article/pose_graph_bracketing_slam-stable/docs/results/aug_31_all/multi_method/yoda_bridge_0fps_ae_3_1969_12_31-19_07_55_region0_occ0/trajectories_overlay_global_ba.png
