[default] ATE RMSE=0.8472 m (mean=0.6199, median=0.3326, max=1.6627), n_poses=139
       1.0 m (n= 128): trans RMSE=0.1386 m (13.86%), rot RMSE=0.837 deg
       5.0 m (n= 118): trans RMSE=0.2991 m (5.98%), rot RMSE=0.906 deg
      10.0 m (n= 105): trans RMSE=0.4986 m (4.99%), rot RMSE=1.252 deg
      20.0 m (n=  83): trans RMSE=0.8543 m (4.27%), rot RMSE=1.526 deg
      40.0 m (n=  40): trans RMSE=1.3328 m (3.33%), rot RMSE=0.759 deg
[clahe] ATE RMSE=1.0368 m (mean=0.7342, median=0.2897, max=1.9269), n_poses=139
       1.0 m (n= 128): trans RMSE=0.1744 m (17.44%), rot RMSE=0.859 deg
       5.0 m (n= 118): trans RMSE=0.3636 m (7.27%), rot RMSE=0.959 deg
      10.0 m (n= 105): trans RMSE=0.5891 m (5.89%), rot RMSE=1.317 deg
      20.0 m (n=  83): trans RMSE=1.0642 m (5.32%), rot RMSE=1.621 deg
      40.0 m (n=  40): trans RMSE=1.6603 m (4.15%), rot RMSE=0.693 deg
[AirSLAM] ATE RMSE=1.7159 m (mean=1.3103, median=1.4390, max=2.9031), n_poses=104
       1.0 m (n=  99): trans RMSE=0.2820 m (28.20%), rot RMSE=1.202 deg
       5.0 m (n=  90): trans RMSE=0.5038 m (10.08%), rot RMSE=1.000 deg
      10.0 m (n=  81): trans RMSE=0.8403 m (8.40%), rot RMSE=1.231 deg
      20.0 m (n=  63): trans RMSE=1.5711 m (7.86%), rot RMSE=1.769 deg
      40.0 m (n=  29): trans RMSE=2.6478 m (6.62%), rot RMSE=1.525 deg
[cuVSLAM] ATE RMSE=3.0727 m (mean=2.3849, median=2.7742, max=5.6385), n_poses=139
       1.0 m (n= 128): trans RMSE=0.4343 m (43.43%), rot RMSE=1.766 deg
       5.0 m (n= 118): trans RMSE=1.1432 m (22.86%), rot RMSE=3.271 deg
      10.0 m (n= 105): trans RMSE=1.7551 m (17.55%), rot RMSE=4.167 deg
      20.0 m (n=  83): trans RMSE=2.7219 m (13.61%), rot RMSE=7.653 deg
      40.0 m (n=  40): trans RMSE=4.2836 m (10.71%), rot RMSE=9.096 deg
[ORBSLAM3] ATE RMSE=1.7258 m (mean=1.3811, median=0.9610, max=3.4138), n_poses=83
       1.0 m (n=  66): trans RMSE=1.2491 m (124.91%), rot RMSE=3.533 deg
       5.0 m (n=  48): trans RMSE=1.4983 m (29.97%), rot RMSE=2.222 deg
      10.0 m (n=  29): trans RMSE=2.2760 m (22.76%), rot RMSE=1.353 deg
      20.0 m: not enough associated span for this window.
      40.0 m: not enough associated span for this window.
Wrote /home/alien/Documents/research/third_article/pose_graph_bracketing_slam-stable/docs/results/aug_31_all/multi_method/yoda_bridge_16fps_5_1969_12_31-19_53_59_region0_occ0/metrics_incremental.txt
Wrote /home/alien/Documents/research/third_article/pose_graph_bracketing_slam-stable/docs/results/aug_31_all/multi_method/yoda_bridge_16fps_5_1969_12_31-19_53_59_region0_occ0/metrics_incremental.json
Saved /home/alien/Documents/research/third_article/pose_graph_bracketing_slam-stable/docs/results/aug_31_all/multi_method/yoda_bridge_16fps_5_1969_12_31-19_53_59_region0_occ0/trajectories_overlay_incremental.png
