[default] ATE RMSE=2.0289 m (mean=1.5151, median=0.6362, max=3.7417), n_poses=53
       1.0 m (n=  47): trans RMSE=0.7100 m (71.00%), rot RMSE=3.829 deg
       5.0 m (n=  43): trans RMSE=1.1799 m (23.60%), rot RMSE=3.571 deg
      10.0 m (n=  38): trans RMSE=1.4789 m (14.79%), rot RMSE=4.047 deg
      20.0 m (n=  32): trans RMSE=2.0766 m (10.38%), rot RMSE=5.674 deg
      40.0 m (n=  15): trans RMSE=3.0063 m (7.52%), rot RMSE=3.052 deg
[clahe] ATE RMSE=17.1704 m (mean=13.4078, median=7.8735, max=30.7211), n_poses=53
       1.0 m (n=  47): trans RMSE=3.4382 m (343.82%), rot RMSE=9.906 deg
       5.0 m (n=  43): trans RMSE=6.6452 m (132.90%), rot RMSE=16.281 deg
      10.0 m (n=  38): trans RMSE=10.9301 m (109.30%), rot RMSE=27.557 deg
      20.0 m (n=  32): trans RMSE=17.3818 m (86.91%), rot RMSE=38.314 deg
      40.0 m (n=  15): trans RMSE=28.3775 m (70.94%), rot RMSE=8.053 deg
[AirSLAM] WARNING: only 29 associated poses, fewer than --n-align=30
[AirSLAM] ATE RMSE=9.8476 m (mean=9.0729, median=10.3698, max=15.0981), n_poses=29
       1.0 m (n=  26): trans RMSE=1.4144 m (141.44%), rot RMSE=2.004 deg
       5.0 m (n=  24): trans RMSE=4.0742 m (81.48%), rot RMSE=3.472 deg
      10.0 m (n=  21): trans RMSE=6.7817 m (67.82%), rot RMSE=5.034 deg
      20.0 m (n=  16): trans RMSE=12.4471 m (62.24%), rot RMSE=6.488 deg
      40.0 m (n=   7): trans RMSE=21.8722 m (54.68%), rot RMSE=5.926 deg
[cuVSLAM] ATE RMSE=9.3395 m (mean=6.5683, median=2.2441, max=17.3840), n_poses=55
       1.0 m (n=  49): trans RMSE=1.1806 m (118.06%), rot RMSE=1.190 deg
       5.0 m (n=  45): trans RMSE=3.2541 m (65.08%), rot RMSE=2.080 deg
      10.0 m (n=  40): trans RMSE=5.6544 m (56.54%), rot RMSE=3.510 deg
      20.0 m (n=  32): trans RMSE=8.8878 m (44.44%), rot RMSE=5.385 deg
      40.0 m (n=  15): trans RMSE=16.2403 m (40.60%), rot RMSE=9.787 deg
[ORBSLAM3] WARNING: only 12 associated poses, fewer than --n-align=30
[ORBSLAM3] ATE RMSE=0.3757 m (mean=0.3289, median=0.3062, max=0.8251), n_poses=12
       1.0 m (n=   6): trans RMSE=0.3196 m (31.96%), rot RMSE=0.868 deg
       5.0 m (n=   2): trans RMSE=0.9081 m (18.16%), rot RMSE=0.586 deg
      10.0 m: not enough associated span for this window.
      20.0 m: not enough associated span for this window.
      40.0 m: not enough associated span for this window.
Wrote /home/alien/Documents/research/third_article/pose_graph_bracketing_slam-stable/docs/results/aug_31_all/multi_method/yoda_bridge_4fps_4_1969_12_31-19_12_32_region0_occ0/metrics_incremental.txt
Wrote /home/alien/Documents/research/third_article/pose_graph_bracketing_slam-stable/docs/results/aug_31_all/multi_method/yoda_bridge_4fps_4_1969_12_31-19_12_32_region0_occ0/metrics_incremental.json
Saved /home/alien/Documents/research/third_article/pose_graph_bracketing_slam-stable/docs/results/aug_31_all/multi_method/yoda_bridge_4fps_4_1969_12_31-19_12_32_region0_occ0/trajectories_overlay_incremental.png
