[default] ATE RMSE=0.4476 m (mean=0.3387, median=0.1770, max=0.9419), n_poses=154
       1.0 m (n= 140): trans RMSE=0.1342 m (13.42%), rot RMSE=0.965 deg
       5.0 m (n= 129): trans RMSE=0.2367 m (4.73%), rot RMSE=1.147 deg
      10.0 m (n= 115): trans RMSE=0.3529 m (3.53%), rot RMSE=1.718 deg
      20.0 m (n=  90): trans RMSE=0.5201 m (2.60%), rot RMSE=2.127 deg
      40.0 m (n=  43): trans RMSE=0.7798 m (1.95%), rot RMSE=0.874 deg
[clahe] ATE RMSE=2.5833 m (mean=1.6101, median=0.3341, max=6.0577), n_poses=154
       1.0 m (n= 140): trans RMSE=0.3324 m (33.24%), rot RMSE=2.381 deg
       5.0 m (n= 129): trans RMSE=1.1424 m (22.85%), rot RMSE=4.924 deg
      10.0 m (n= 115): trans RMSE=1.9298 m (19.30%), rot RMSE=7.850 deg
      20.0 m (n=  90): trans RMSE=2.5206 m (12.60%), rot RMSE=12.094 deg
      40.0 m (n=  43): trans RMSE=3.6768 m (9.19%), rot RMSE=18.233 deg
[AirSLAM] ATE RMSE=1.7845 m (mean=1.3032, median=1.0528, max=3.4403), n_poses=112
       1.0 m (n= 106): trans RMSE=0.2521 m (25.21%), rot RMSE=1.174 deg
       5.0 m (n=  97): trans RMSE=0.5300 m (10.60%), rot RMSE=1.300 deg
      10.0 m (n=  86): trans RMSE=0.9162 m (9.16%), rot RMSE=2.282 deg
      20.0 m (n=  66): trans RMSE=1.6935 m (8.47%), rot RMSE=3.168 deg
      40.0 m (n=  29): trans RMSE=2.9564 m (7.39%), rot RMSE=2.837 deg
[cuVSLAM] ATE RMSE=0.7676 m (mean=0.5388, median=0.2829, max=1.6729), n_poses=154
       1.0 m (n= 140): trans RMSE=0.1515 m (15.15%), rot RMSE=0.878 deg
       5.0 m (n= 129): trans RMSE=0.3070 m (6.14%), rot RMSE=1.883 deg
      10.0 m (n= 115): trans RMSE=0.4562 m (4.56%), rot RMSE=3.212 deg
      20.0 m (n=  90): trans RMSE=0.6342 m (3.17%), rot RMSE=4.867 deg
      40.0 m (n=  43): trans RMSE=1.1471 m (2.87%), rot RMSE=1.315 deg
[ORBSLAM3] ATE RMSE=0.5568 m (mean=0.4751, median=0.7056, max=0.7056), n_poses=133
       1.0 m (n=  49): trans RMSE=0.1609 m (16.09%), rot RMSE=1.009 deg
       5.0 m (n=  31): trans RMSE=0.1804 m (3.61%), rot RMSE=1.197 deg
      10.0 m: not enough associated span for this window.
      20.0 m: not enough associated span for this window.
      40.0 m: not enough associated span for this window.
Wrote /home/alien/Documents/research/third_article/pose_graph_bracketing_slam-stable/docs/results/aug_31_all/multi_method/yoda_bridge_16fps_ae_5_1969_12_31-20_03_49_region0_occ0/metrics_incremental.txt
Wrote /home/alien/Documents/research/third_article/pose_graph_bracketing_slam-stable/docs/results/aug_31_all/multi_method/yoda_bridge_16fps_ae_5_1969_12_31-20_03_49_region0_occ0/metrics_incremental.json
Saved /home/alien/Documents/research/third_article/pose_graph_bracketing_slam-stable/docs/results/aug_31_all/multi_method/yoda_bridge_16fps_ae_5_1969_12_31-20_03_49_region0_occ0/trajectories_overlay_incremental.png
