[default] ATE RMSE=6.6520 m (mean=4.3587, median=2.0013, max=14.4229), n_poses=126
       1.0 m (n= 112): trans RMSE=0.5568 m (55.68%), rot RMSE=1.210 deg
       5.0 m (n= 102): trans RMSE=1.9931 m (39.86%), rot RMSE=1.269 deg
      10.0 m (n=  91): trans RMSE=3.4236 m (34.24%), rot RMSE=1.395 deg
      20.0 m (n=  72): trans RMSE=5.0774 m (25.39%), rot RMSE=1.876 deg
      40.0 m (n=  35): trans RMSE=9.1836 m (22.96%), rot RMSE=1.813 deg
[clahe] ATE RMSE=3.9096 m (mean=2.5940, median=1.1394, max=8.8579), n_poses=126
       1.0 m (n= 112): trans RMSE=0.4175 m (41.75%), rot RMSE=1.278 deg
       5.0 m (n= 102): trans RMSE=1.1583 m (23.17%), rot RMSE=1.535 deg
      10.0 m (n=  91): trans RMSE=1.9825 m (19.82%), rot RMSE=1.953 deg
      20.0 m (n=  72): trans RMSE=3.0519 m (15.26%), rot RMSE=2.538 deg
      40.0 m (n=  35): trans RMSE=5.4013 m (13.50%), rot RMSE=1.638 deg
[AirSLAM] ATE RMSE=4.6241 m (mean=3.3732, median=2.1296, max=8.6521), n_poses=58
       1.0 m (n=  55): trans RMSE=0.4594 m (45.94%), rot RMSE=1.166 deg
       5.0 m (n=  50): trans RMSE=1.2454 m (24.91%), rot RMSE=0.962 deg
      10.0 m (n=  45): trans RMSE=2.3320 m (23.32%), rot RMSE=1.027 deg
      20.0 m (n=  35): trans RMSE=4.4695 m (22.35%), rot RMSE=1.340 deg
      40.0 m (n=  16): trans RMSE=8.1000 m (20.25%), rot RMSE=1.887 deg
[cuVSLAM] ATE RMSE=18.6547 m (mean=13.2408, median=7.6099, max=33.1100), n_poses=126
       1.0 m (n= 112): trans RMSE=3.1317 m (313.17%), rot RMSE=5.372 deg
       5.0 m (n= 102): trans RMSE=7.0628 m (141.26%), rot RMSE=11.812 deg
      10.0 m (n=  91): trans RMSE=10.9807 m (109.81%), rot RMSE=16.111 deg
      20.0 m (n=  72): trans RMSE=16.3097 m (81.55%), rot RMSE=26.479 deg
      40.0 m (n=  35): trans RMSE=28.9793 m (72.45%), rot RMSE=30.020 deg
[ORBSLAM3] ATE RMSE=0.6201 m (mean=0.4789, median=0.3888, max=1.7737), n_poses=49
       1.0 m (n=  40): trans RMSE=0.9649 m (96.49%), rot RMSE=1.909 deg
       5.0 m (n=  25): trans RMSE=0.9406 m (18.81%), rot RMSE=1.325 deg
      10.0 m (n=  14): trans RMSE=1.2038 m (12.04%), rot RMSE=1.804 deg
      20.0 m: not enough associated span for this window.
      40.0 m: not enough associated span for this window.
Wrote /home/alien/Documents/research/third_article/pose_graph_bracketing_slam-stable/docs/results/aug_31_all/multi_method/yoda_bridge_8fps_4_1969_12_31-19_40_20_region0_occ0/metrics_incremental.txt
Wrote /home/alien/Documents/research/third_article/pose_graph_bracketing_slam-stable/docs/results/aug_31_all/multi_method/yoda_bridge_8fps_4_1969_12_31-19_40_20_region0_occ0/metrics_incremental.json
Saved /home/alien/Documents/research/third_article/pose_graph_bracketing_slam-stable/docs/results/aug_31_all/multi_method/yoda_bridge_8fps_4_1969_12_31-19_40_20_region0_occ0/trajectories_overlay_incremental.png
