[default] ATE RMSE=1.1186 m (mean=0.8517, median=0.4916, max=2.1115), n_poses=127
       1.0 m (n= 113): trans RMSE=0.2462 m (24.62%), rot RMSE=1.321 deg
       5.0 m (n= 103): trans RMSE=0.4314 m (8.63%), rot RMSE=1.275 deg
      10.0 m (n=  92): trans RMSE=0.6482 m (6.48%), rot RMSE=1.490 deg
      20.0 m (n=  71): trans RMSE=1.0384 m (5.19%), rot RMSE=2.068 deg
      40.0 m (n=  34): trans RMSE=1.6672 m (4.17%), rot RMSE=1.323 deg
[clahe] ATE RMSE=1.6229 m (mean=1.1579, median=0.5617, max=4.1584), n_poses=127
       1.0 m (n= 113): trans RMSE=0.6247 m (62.47%), rot RMSE=1.414 deg
       5.0 m (n= 103): trans RMSE=0.9736 m (19.47%), rot RMSE=2.037 deg
      10.0 m (n=  92): trans RMSE=1.3510 m (13.51%), rot RMSE=2.701 deg
      20.0 m (n=  71): trans RMSE=1.6552 m (8.28%), rot RMSE=3.411 deg
      40.0 m (n=  34): trans RMSE=2.6442 m (6.61%), rot RMSE=3.729 deg
[AirSLAM] ATE RMSE=4.7278 m (mean=3.6120, median=2.9265, max=8.2144), n_poses=59
       1.0 m (n=  55): trans RMSE=0.5184 m (51.84%), rot RMSE=1.172 deg
       5.0 m (n=  50): trans RMSE=1.4334 m (28.67%), rot RMSE=0.825 deg
      10.0 m (n=  44): trans RMSE=2.4504 m (24.50%), rot RMSE=0.906 deg
      20.0 m (n=  34): trans RMSE=4.5311 m (22.66%), rot RMSE=1.482 deg
      40.0 m (n=  15): trans RMSE=8.3502 m (20.88%), rot RMSE=2.153 deg
[cuVSLAM] ATE RMSE=4.6391 m (mean=3.3461, median=2.4791, max=8.3139), n_poses=127
       1.0 m (n= 113): trans RMSE=0.7471 m (74.71%), rot RMSE=3.999 deg
       5.0 m (n= 103): trans RMSE=1.7136 m (34.27%), rot RMSE=9.185 deg
      10.0 m (n=  92): trans RMSE=2.7939 m (27.94%), rot RMSE=13.760 deg
      20.0 m (n=  71): trans RMSE=4.3127 m (21.56%), rot RMSE=21.963 deg
      40.0 m (n=  34): trans RMSE=7.0416 m (17.60%), rot RMSE=17.729 deg
[ORBSLAM3] ATE RMSE=0.0752 m (mean=0.0552, median=0.0313, max=0.2320), n_poses=50
       1.0 m (n=  14): trans RMSE=0.1744 m (17.44%), rot RMSE=1.078 deg
       5.0 m (n=   5): trans RMSE=0.2294 m (4.59%), rot RMSE=0.790 deg
      10.0 m: not enough associated span for this window.
      20.0 m: not enough associated span for this window.
      40.0 m: not enough associated span for this window.
Wrote /home/alien/Documents/research/third_article/pose_graph_bracketing_slam-stable/docs/results/aug_31_all/multi_method/yoda_bridge_8fps_5_1969_12_31-19_41_42_region0_occ0/metrics_incremental.txt
Wrote /home/alien/Documents/research/third_article/pose_graph_bracketing_slam-stable/docs/results/aug_31_all/multi_method/yoda_bridge_8fps_5_1969_12_31-19_41_42_region0_occ0/metrics_incremental.json
Saved /home/alien/Documents/research/third_article/pose_graph_bracketing_slam-stable/docs/results/aug_31_all/multi_method/yoda_bridge_8fps_5_1969_12_31-19_41_42_region0_occ0/trajectories_overlay_incremental.png
