[default] ATE RMSE=0.6694 m (mean=0.5401, median=0.4317, max=2.0560), n_poses=156
       1.0 m (n= 131): trans RMSE=0.2640 m (26.40%), rot RMSE=0.782 deg
       5.0 m (n= 117): trans RMSE=0.3264 m (6.53%), rot RMSE=0.762 deg
      10.0 m (n= 101): trans RMSE=0.4066 m (4.07%), rot RMSE=1.027 deg
      20.0 m (n=  74): trans RMSE=0.5665 m (2.83%), rot RMSE=1.279 deg
      40.0 m (n=  28): trans RMSE=1.0046 m (2.51%), rot RMSE=1.513 deg
[clahe] ATE RMSE=0.8971 m (mean=0.6909, median=0.5490, max=1.5476), n_poses=156
       1.0 m (n= 131): trans RMSE=0.1197 m (11.97%), rot RMSE=0.827 deg
       5.0 m (n= 117): trans RMSE=0.2483 m (4.97%), rot RMSE=0.797 deg
      10.0 m (n= 101): trans RMSE=0.4165 m (4.16%), rot RMSE=1.058 deg
      20.0 m (n=  74): trans RMSE=0.7373 m (3.69%), rot RMSE=1.346 deg
      40.0 m (n=  28): trans RMSE=1.3072 m (3.27%), rot RMSE=1.280 deg
[AirSLAM] ATE RMSE=2.6294 m (mean=1.7734, median=1.0186, max=5.3226), n_poses=156
       1.0 m (n= 131): trans RMSE=0.4784 m (47.84%), rot RMSE=0.758 deg
       5.0 m (n= 117): trans RMSE=1.1339 m (22.68%), rot RMSE=1.004 deg
      10.0 m (n= 101): trans RMSE=1.6907 m (16.91%), rot RMSE=1.104 deg
      20.0 m (n=  74): trans RMSE=2.1029 m (10.51%), rot RMSE=1.353 deg
      40.0 m (n=  28): trans RMSE=4.3198 m (10.80%), rot RMSE=2.029 deg
[cuVSLAM] ATE RMSE=537.4617 m (mean=478.5126, median=608.3730, max=625.4911), n_poses=156
       1.0 m (n= 131): trans RMSE=53.5610 m (5356.10%), rot RMSE=29.851 deg
       5.0 m (n= 117): trans RMSE=195.3386 m (3906.77%), rot RMSE=55.568 deg
      10.0 m (n= 101): trans RMSE=329.8518 m (3298.52%), rot RMSE=65.468 deg
      20.0 m (n=  74): trans RMSE=401.3107 m (2006.55%), rot RMSE=76.964 deg
      40.0 m (n=  28): trans RMSE=619.5348 m (1548.84%), rot RMSE=98.613 deg
[ORBSLAM3] WARNING: only 22 associated poses, fewer than --n-align=30
[ORBSLAM3] ATE RMSE=0.1828 m (mean=0.0892, median=0.0256, max=0.6497), n_poses=22
       1.0 m (n=  21): trans RMSE=0.2981 m (29.81%), rot RMSE=0.781 deg
       5.0 m (n=  20): trans RMSE=0.5436 m (10.87%), rot RMSE=1.089 deg
      10.0 m (n=   8): trans RMSE=0.6852 m (6.85%), rot RMSE=1.065 deg
      20.0 m: not enough associated span for this window.
      40.0 m: not enough associated span for this window.
Wrote /home/alien/Documents/research/third_article/pose_graph_bracketing_slam-stable/docs/results/aug_31_all/multi_method/yoda_fixedev_2_1969_12_31-19_56_09_region0_occ1/metrics_incremental.txt
Wrote /home/alien/Documents/research/third_article/pose_graph_bracketing_slam-stable/docs/results/aug_31_all/multi_method/yoda_fixedev_2_1969_12_31-19_56_09_region0_occ1/metrics_incremental.json
Saved /home/alien/Documents/research/third_article/pose_graph_bracketing_slam-stable/docs/results/aug_31_all/multi_method/yoda_fixedev_2_1969_12_31-19_56_09_region0_occ1/trajectories_overlay_incremental.png
