[default] ATE RMSE=1.1081 m (mean=0.8544, median=0.8101, max=1.8582), n_poses=116
       1.0 m (n=  99): trans RMSE=0.2550 m (25.50%), rot RMSE=1.238 deg
       5.0 m (n=  91): trans RMSE=0.3792 m (7.58%), rot RMSE=1.222 deg
      10.0 m (n=  80): trans RMSE=0.5863 m (5.86%), rot RMSE=1.294 deg
      20.0 m (n=  60): trans RMSE=0.9905 m (4.95%), rot RMSE=1.545 deg
      40.0 m (n=  26): trans RMSE=1.6227 m (4.06%), rot RMSE=1.113 deg
[clahe] ATE RMSE=1.4058 m (mean=1.0839, median=1.1994, max=2.3738), n_poses=116
       1.0 m (n=  99): trans RMSE=0.2992 m (29.92%), rot RMSE=1.275 deg
       5.0 m (n=  91): trans RMSE=0.4540 m (9.08%), rot RMSE=1.318 deg
      10.0 m (n=  80): trans RMSE=0.6888 m (6.89%), rot RMSE=1.525 deg
      20.0 m (n=  60): trans RMSE=1.2097 m (6.05%), rot RMSE=1.842 deg
      40.0 m (n=  26): trans RMSE=2.0190 m (5.05%), rot RMSE=1.324 deg
[AirSLAM] ATE RMSE=3.4685 m (mean=2.8987, median=3.6064, max=5.2520), n_poses=57
       1.0 m (n=  50): trans RMSE=0.6348 m (63.48%), rot RMSE=1.088 deg
       5.0 m (n=  46): trans RMSE=1.1839 m (23.68%), rot RMSE=1.690 deg
      10.0 m (n=  41): trans RMSE=1.9209 m (19.21%), rot RMSE=1.901 deg
      20.0 m (n=  31): trans RMSE=3.8066 m (19.03%), rot RMSE=2.843 deg
      40.0 m (n=  13): trans RMSE=6.0592 m (15.15%), rot RMSE=3.698 deg
[cuVSLAM] ATE RMSE=3.6314 m (mean=2.9043, median=2.7612, max=6.3136), n_poses=116
       1.0 m (n=  99): trans RMSE=0.9063 m (90.63%), rot RMSE=11.116 deg
       5.0 m (n=  91): trans RMSE=2.2144 m (44.29%), rot RMSE=23.511 deg
      10.0 m (n=  80): trans RMSE=3.5699 m (35.70%), rot RMSE=32.313 deg
      20.0 m (n=  60): trans RMSE=5.2498 m (26.25%), rot RMSE=50.421 deg
      40.0 m (n=  26): trans RMSE=4.4319 m (11.08%), rot RMSE=60.050 deg
[ORBSLAM3] ATE RMSE=1.0703 m (mean=0.8672, median=0.5263, max=1.8487), n_poses=53
       1.0 m (n=  38): trans RMSE=0.8016 m (80.16%), rot RMSE=2.863 deg
       5.0 m (n=  26): trans RMSE=0.8595 m (17.19%), rot RMSE=1.259 deg
      10.0 m (n=  16): trans RMSE=1.3673 m (13.67%), rot RMSE=2.232 deg
      20.0 m: not enough associated span for this window.
      40.0 m: not enough associated span for this window.
Wrote /home/alien/Documents/research/third_article/pose_graph_bracketing_slam-stable/docs/results/aug_31_all/multi_method/yoda_bridge_8fps_1_1969_12_31-19_36_06_region0_occ1/metrics_incremental.txt
Wrote /home/alien/Documents/research/third_article/pose_graph_bracketing_slam-stable/docs/results/aug_31_all/multi_method/yoda_bridge_8fps_1_1969_12_31-19_36_06_region0_occ1/metrics_incremental.json
Saved /home/alien/Documents/research/third_article/pose_graph_bracketing_slam-stable/docs/results/aug_31_all/multi_method/yoda_bridge_8fps_1_1969_12_31-19_36_06_region0_occ1/trajectories_overlay_incremental.png
