[default] ATE RMSE=0.8414 m (mean=0.6050, median=0.2736, max=1.8983), n_poses=50
       1.0 m (n=  47): trans RMSE=0.6607 m (66.07%), rot RMSE=1.250 deg
       5.0 m (n=  43): trans RMSE=0.7235 m (14.47%), rot RMSE=1.404 deg
      10.0 m (n=  38): trans RMSE=0.8615 m (8.61%), rot RMSE=1.486 deg
      20.0 m (n=  31): trans RMSE=1.0302 m (5.15%), rot RMSE=2.495 deg
      40.0 m (n=  14): trans RMSE=1.5286 m (3.82%), rot RMSE=3.056 deg
[clahe] ATE RMSE=3.5765 m (mean=2.7181, median=1.6555, max=7.2200), n_poses=50
       1.0 m (n=  47): trans RMSE=1.0702 m (107.02%), rot RMSE=2.279 deg
       5.0 m (n=  43): trans RMSE=1.5928 m (31.86%), rot RMSE=3.413 deg
      10.0 m (n=  38): trans RMSE=2.2740 m (22.74%), rot RMSE=4.380 deg
      20.0 m (n=  31): trans RMSE=3.7948 m (18.97%), rot RMSE=5.823 deg
      40.0 m (n=  14): trans RMSE=6.7143 m (16.79%), rot RMSE=11.869 deg
[AirSLAM] WARNING: only 26 associated poses, fewer than --n-align=30
[AirSLAM] ATE RMSE=10.6206 m (mean=9.7969, median=12.2324, max=14.4120), n_poses=26
       1.0 m (n=  24): trans RMSE=1.6816 m (168.16%), rot RMSE=3.591 deg
       5.0 m (n=  22): trans RMSE=4.5917 m (91.83%), rot RMSE=5.497 deg
      10.0 m (n=  20): trans RMSE=7.7619 m (77.62%), rot RMSE=7.632 deg
      20.0 m (n=  15): trans RMSE=14.7337 m (73.67%), rot RMSE=9.300 deg
      40.0 m (n=   6): trans RMSE=25.8285 m (64.57%), rot RMSE=19.611 deg
[cuVSLAM] ATE RMSE=7.0124 m (mean=5.2261, median=2.3604, max=14.6379), n_poses=51
       1.0 m (n=  48): trans RMSE=1.0870 m (108.70%), rot RMSE=2.682 deg
       5.0 m (n=  44): trans RMSE=2.8921 m (57.84%), rot RMSE=5.194 deg
      10.0 m (n=  39): trans RMSE=4.5570 m (45.57%), rot RMSE=7.113 deg
      20.0 m (n=  31): trans RMSE=7.0925 m (35.46%), rot RMSE=7.604 deg
      40.0 m (n=  14): trans RMSE=13.7513 m (34.38%), rot RMSE=3.418 deg
[ORBSLAM3] ATE RMSE=0.1088 m (mean=0.0830, median=0.0514, max=0.3380), n_poses=32
       1.0 m (n=  11): trans RMSE=0.1565 m (15.65%), rot RMSE=0.679 deg
       5.0 m (n=   7): trans RMSE=0.1855 m (3.71%), rot RMSE=1.262 deg
      10.0 m (n=   1): trans RMSE=0.0568 m (0.57%), rot RMSE=2.216 deg
      20.0 m: not enough associated span for this window.
      40.0 m: not enough associated span for this window.
Wrote /home/alien/Documents/research/third_article/pose_graph_bracketing_slam-stable/docs/results/aug_31_all/multi_method/yoda_bridge_4fps_5_1969_12_31-19_13_59_region0_occ0/metrics_incremental.txt
Wrote /home/alien/Documents/research/third_article/pose_graph_bracketing_slam-stable/docs/results/aug_31_all/multi_method/yoda_bridge_4fps_5_1969_12_31-19_13_59_region0_occ0/metrics_incremental.json
Saved /home/alien/Documents/research/third_article/pose_graph_bracketing_slam-stable/docs/results/aug_31_all/multi_method/yoda_bridge_4fps_5_1969_12_31-19_13_59_region0_occ0/trajectories_overlay_incremental.png
