[default] ATE RMSE=4.8704 m (mean=2.9824, median=0.2862, max=9.7562), n_poses=111
       1.0 m (n=  99): trans RMSE=1.4873 m (148.73%), rot RMSE=4.566 deg
       5.0 m (n=  89): trans RMSE=3.3506 m (67.01%), rot RMSE=5.674 deg
      10.0 m (n=  79): trans RMSE=4.6346 m (46.35%), rot RMSE=8.632 deg
      20.0 m (n=  69): trans RMSE=6.2779 m (31.39%), rot RMSE=10.728 deg
      40.0 m (n=  33): trans RMSE=8.8090 m (22.02%), rot RMSE=14.572 deg
[clahe] ATE RMSE=5.8451 m (mean=3.6290, median=0.3535, max=12.3356), n_poses=111
       1.0 m (n=  99): trans RMSE=1.6606 m (166.06%), rot RMSE=7.865 deg
       5.0 m (n=  89): trans RMSE=4.0511 m (81.02%), rot RMSE=9.055 deg
      10.0 m (n=  79): trans RMSE=5.1447 m (51.45%), rot RMSE=13.195 deg
      20.0 m (n=  69): trans RMSE=7.2174 m (36.09%), rot RMSE=17.625 deg
      40.0 m (n=  33): trans RMSE=9.9257 m (24.81%), rot RMSE=21.046 deg
[AirSLAM] ATE RMSE=6.2424 m (mean=4.2927, median=1.8505, max=11.7799), n_poses=56
       1.0 m (n=  53): trans RMSE=0.7386 m (73.86%), rot RMSE=1.285 deg
       5.0 m (n=  48): trans RMSE=2.0509 m (41.02%), rot RMSE=1.990 deg
      10.0 m (n=  43): trans RMSE=3.6192 m (36.19%), rot RMSE=3.127 deg
      20.0 m (n=  33): trans RMSE=6.4865 m (32.43%), rot RMSE=5.449 deg
      40.0 m (n=  15): trans RMSE=10.9473 m (27.37%), rot RMSE=7.874 deg
[cuVSLAM] ATE RMSE=60.1561 m (mean=33.9575, median=0.6204, max=112.4593), n_poses=121
       1.0 m (n= 109): trans RMSE=10.2191 m (1021.91%), rot RMSE=13.142 deg
       5.0 m (n=  99): trans RMSE=31.3765 m (627.53%), rot RMSE=42.689 deg
      10.0 m (n=  89): trans RMSE=48.8160 m (488.16%), rot RMSE=62.699 deg
      20.0 m (n=  70): trans RMSE=61.3749 m (306.87%), rot RMSE=81.936 deg
      40.0 m (n=  33): trans RMSE=97.4172 m (243.54%), rot RMSE=116.228 deg
[ORBSLAM3] ATE RMSE=0.0581 m (mean=0.0387, median=0.0154, max=0.1552), n_poses=47
       1.0 m (n=  13): trans RMSE=0.1773 m (17.73%), rot RMSE=1.440 deg
       5.0 m (n=   4): trans RMSE=0.0939 m (1.88%), rot RMSE=1.839 deg
      10.0 m: not enough associated span for this window.
      20.0 m: not enough associated span for this window.
      40.0 m: not enough associated span for this window.
Wrote /home/alien/Documents/research/third_article/pose_graph_bracketing_slam-stable/docs/results/aug_31_all/multi_method/yoda_bridge_8fps_ae_3_1969_12_31-19_30_57_region0_occ0/metrics_global_ba.txt
Wrote /home/alien/Documents/research/third_article/pose_graph_bracketing_slam-stable/docs/results/aug_31_all/multi_method/yoda_bridge_8fps_ae_3_1969_12_31-19_30_57_region0_occ0/metrics_global_ba.json
Saved /home/alien/Documents/research/third_article/pose_graph_bracketing_slam-stable/docs/results/aug_31_all/multi_method/yoda_bridge_8fps_ae_3_1969_12_31-19_30_57_region0_occ0/trajectories_overlay_global_ba.png
