[default] ATE RMSE=0.7060 m (mean=0.5450, median=0.4162, max=1.8598), n_poses=141
       1.0 m (n= 133): trans RMSE=0.1487 m (14.87%), rot RMSE=0.871 deg
       5.0 m (n= 124): trans RMSE=0.2931 m (5.86%), rot RMSE=0.951 deg
      10.0 m (n= 113): trans RMSE=0.4127 m (4.13%), rot RMSE=0.977 deg
      20.0 m (n=  91): trans RMSE=0.7027 m (3.51%), rot RMSE=1.578 deg
      40.0 m (n=  43): trans RMSE=1.0701 m (2.68%), rot RMSE=1.268 deg
[clahe] ATE RMSE=0.5551 m (mean=0.4312, median=0.4499, max=3.3146), n_poses=141
       1.0 m (n= 133): trans RMSE=0.2811 m (28.11%), rot RMSE=0.974 deg
       5.0 m (n= 124): trans RMSE=0.2483 m (4.97%), rot RMSE=1.036 deg
      10.0 m (n= 113): trans RMSE=0.3451 m (3.45%), rot RMSE=1.146 deg
      20.0 m (n=  91): trans RMSE=0.5284 m (2.64%), rot RMSE=1.597 deg
      40.0 m (n=  43): trans RMSE=0.8156 m (2.04%), rot RMSE=0.814 deg
[AirSLAM] ATE RMSE=5.3126 m (mean=3.6557, median=2.0085, max=13.3115), n_poses=152
       1.0 m (n= 142): trans RMSE=0.8573 m (85.73%), rot RMSE=2.001 deg
       5.0 m (n= 130): trans RMSE=2.2806 m (45.61%), rot RMSE=4.871 deg
      10.0 m (n= 116): trans RMSE=3.5302 m (35.30%), rot RMSE=8.247 deg
      20.0 m (n=  91): trans RMSE=4.6586 m (23.29%), rot RMSE=10.836 deg
      40.0 m (n=  43): trans RMSE=7.9039 m (19.76%), rot RMSE=16.718 deg
[cuVSLAM] ATE RMSE=53.6091 m (mean=49.4925, median=54.3395, max=87.8678), n_poses=152
       1.0 m (n= 142): trans RMSE=12.7688 m (1276.88%), rot RMSE=36.174 deg
       5.0 m (n= 130): trans RMSE=23.5621 m (471.24%), rot RMSE=72.469 deg
      10.0 m (n= 116): trans RMSE=39.8750 m (398.75%), rot RMSE=85.109 deg
      20.0 m (n=  91): trans RMSE=44.1699 m (220.85%), rot RMSE=93.952 deg
      40.0 m (n=  43): trans RMSE=48.1309 m (120.33%), rot RMSE=109.829 deg
[ORBSLAM3] WARNING: only 22 associated poses, fewer than --n-align=30
[ORBSLAM3] ATE RMSE=0.0911 m (mean=0.0830, median=0.0854, max=0.1468), n_poses=22
       1.0 m (n=  19): trans RMSE=0.1000 m (10.00%), rot RMSE=0.654 deg
       5.0 m (n=  15): trans RMSE=0.1254 m (2.51%), rot RMSE=0.967 deg
      10.0 m (n=   3): trans RMSE=0.1172 m (1.17%), rot RMSE=1.114 deg
      20.0 m: not enough associated span for this window.
      40.0 m: not enough associated span for this window.
Wrote /home/alien/Documents/research/third_article/pose_graph_bracketing_slam-stable/docs/results/aug_31_all/multi_method/yoda_fixedev_3_1969_12_31-19_57_32_region0_occ0/metrics_incremental.txt
Wrote /home/alien/Documents/research/third_article/pose_graph_bracketing_slam-stable/docs/results/aug_31_all/multi_method/yoda_fixedev_3_1969_12_31-19_57_32_region0_occ0/metrics_incremental.json
Saved /home/alien/Documents/research/third_article/pose_graph_bracketing_slam-stable/docs/results/aug_31_all/multi_method/yoda_fixedev_3_1969_12_31-19_57_32_region0_occ0/trajectories_overlay_incremental.png
