[default] ATE RMSE=6.5761 m (mean=3.5749, median=0.5996, max=13.7246), n_poses=45
       1.0 m (n=  41): trans RMSE=3.0247 m (302.47%), rot RMSE=5.786 deg
       5.0 m (n=  36): trans RMSE=5.2504 m (105.01%), rot RMSE=7.859 deg
      10.0 m (n=  34): trans RMSE=7.1960 m (71.96%), rot RMSE=9.461 deg
      20.0 m (n=  33): trans RMSE=9.9421 m (49.71%), rot RMSE=11.918 deg
      40.0 m (n=  16): trans RMSE=13.1306 m (32.83%), rot RMSE=18.874 deg
[clahe] ATE RMSE=7.1474 m (mean=3.7824, median=0.3299, max=14.8916), n_poses=45
       1.0 m (n=  41): trans RMSE=2.8132 m (281.32%), rot RMSE=6.926 deg
       5.0 m (n=  36): trans RMSE=4.8556 m (97.11%), rot RMSE=8.836 deg
      10.0 m (n=  34): trans RMSE=6.6957 m (66.96%), rot RMSE=10.226 deg
      20.0 m (n=  33): trans RMSE=9.6307 m (48.15%), rot RMSE=11.995 deg
      40.0 m (n=  16): trans RMSE=13.5667 m (33.92%), rot RMSE=16.837 deg
[AirSLAM] WARNING: only 26 associated poses, fewer than --n-align=30
[AirSLAM] ATE RMSE=11.2227 m (mean=10.3361, median=11.4193, max=16.6196), n_poses=26
       1.0 m (n=  24): trans RMSE=2.2718 m (227.18%), rot RMSE=6.944 deg
       5.0 m (n=  22): trans RMSE=4.6880 m (93.76%), rot RMSE=8.501 deg
      10.0 m (n=  19): trans RMSE=8.1367 m (81.37%), rot RMSE=12.326 deg
      20.0 m (n=  16): trans RMSE=15.3232 m (76.62%), rot RMSE=16.243 deg
      40.0 m (n=   7): trans RMSE=25.6420 m (64.10%), rot RMSE=19.721 deg
[cuVSLAM] ATE RMSE=14.8891 m (mean=11.4144, median=6.1713, max=27.7792), n_poses=56
       1.0 m (n=  52): trans RMSE=1.4612 m (146.12%), rot RMSE=6.647 deg
       5.0 m (n=  47): trans RMSE=4.2926 m (85.85%), rot RMSE=12.514 deg
      10.0 m (n=  42): trans RMSE=7.5929 m (75.93%), rot RMSE=14.389 deg
      20.0 m (n=  33): trans RMSE=13.4847 m (67.42%), rot RMSE=14.833 deg
      40.0 m (n=  16): trans RMSE=26.0756 m (65.19%), rot RMSE=8.578 deg
[ORBSLAM3] WARNING: only 7 associated poses, fewer than --n-align=30
[ORBSLAM3] ATE RMSE=0.1907 m (mean=0.1781, median=0.1537, max=0.3094), n_poses=7
       1.0 m (n=   3): trans RMSE=0.2770 m (27.70%), rot RMSE=0.749 deg
       5.0 m: not enough associated span for this window.
      10.0 m: not enough associated span for this window.
      20.0 m: not enough associated span for this window.
      40.0 m: not enough associated span for this window.
Wrote /home/alien/Documents/research/third_article/pose_graph_bracketing_slam-stable/docs/results/aug_31_all/multi_method/yoda_bridge_4fps_ae_3_1969_12_31-19_20_11_region0_occ0/metrics_incremental.txt
Wrote /home/alien/Documents/research/third_article/pose_graph_bracketing_slam-stable/docs/results/aug_31_all/multi_method/yoda_bridge_4fps_ae_3_1969_12_31-19_20_11_region0_occ0/metrics_incremental.json
Saved /home/alien/Documents/research/third_article/pose_graph_bracketing_slam-stable/docs/results/aug_31_all/multi_method/yoda_bridge_4fps_ae_3_1969_12_31-19_20_11_region0_occ0/trajectories_overlay_incremental.png
