[default] ATE RMSE=5.4745 m (mean=3.1129, median=0.1919, max=10.8519), n_poses=53
       1.0 m (n=  45): trans RMSE=1.6140 m (161.40%), rot RMSE=5.709 deg
       5.0 m (n=  41): trans RMSE=3.9770 m (79.54%), rot RMSE=7.313 deg
      10.0 m (n=  37): trans RMSE=5.3334 m (53.33%), rot RMSE=11.115 deg
      20.0 m (n=  36): trans RMSE=7.4875 m (37.44%), rot RMSE=14.447 deg
      40.0 m (n=  17): trans RMSE=10.3514 m (25.88%), rot RMSE=27.462 deg
[clahe] ATE RMSE=8.3963 m (mean=4.8374, median=0.2281, max=15.5889), n_poses=53
       1.0 m (n=  45): trans RMSE=1.9963 m (199.63%), rot RMSE=3.134 deg
       5.0 m (n=  41): trans RMSE=5.1217 m (102.43%), rot RMSE=8.162 deg
      10.0 m (n=  37): trans RMSE=7.3472 m (73.47%), rot RMSE=11.855 deg
      20.0 m (n=  36): trans RMSE=10.7905 m (53.95%), rot RMSE=17.043 deg
      40.0 m (n=  17): trans RMSE=15.4931 m (38.73%), rot RMSE=24.998 deg
[AirSLAM] WARNING: only 28 associated poses, fewer than --n-align=30
[AirSLAM] ATE RMSE=11.4721 m (mean=10.6277, median=11.4579, max=16.5914), n_poses=28
       1.0 m (n=  26): trans RMSE=1.6508 m (165.08%), rot RMSE=5.072 deg
       5.0 m (n=  24): trans RMSE=4.6171 m (92.34%), rot RMSE=8.729 deg
      10.0 m (n=  21): trans RMSE=7.9464 m (79.46%), rot RMSE=13.101 deg
      20.0 m (n=  17): trans RMSE=15.6328 m (78.16%), rot RMSE=16.844 deg
      40.0 m (n=   8): trans RMSE=26.4390 m (66.10%), rot RMSE=27.515 deg
[cuVSLAM] ATE RMSE=26.5942 m (mean=18.8221, median=9.2201, max=50.3063), n_poses=64
       1.0 m (n=  56): trans RMSE=2.7296 m (272.96%), rot RMSE=3.655 deg
       5.0 m (n=  52): trans RMSE=8.3775 m (167.55%), rot RMSE=6.643 deg
      10.0 m (n=  46): trans RMSE=14.8985 m (148.98%), rot RMSE=9.354 deg
      20.0 m (n=  36): trans RMSE=21.9985 m (109.99%), rot RMSE=12.790 deg
      40.0 m (n=  17): trans RMSE=43.5261 m (108.82%), rot RMSE=10.353 deg
[ORBSLAM3] WARNING: only 18 associated poses, fewer than --n-align=30
[ORBSLAM3] ATE RMSE=0.6098 m (mean=0.5649, median=0.6260, max=0.9537), n_poses=18
       1.0 m (n=  10): trans RMSE=0.5970 m (59.70%), rot RMSE=1.096 deg
       5.0 m (n=   6): trans RMSE=0.9111 m (18.22%), rot RMSE=1.143 deg
      10.0 m: not enough associated span for this window.
      20.0 m: not enough associated span for this window.
      40.0 m: not enough associated span for this window.
Wrote /home/alien/Documents/research/third_article/pose_graph_bracketing_slam-stable/docs/results/aug_31_all/multi_method/yoda_bridge_4fps_ae_1_1969_12_31-19_17_28_region0_occ0/metrics_global_ba.txt
Wrote /home/alien/Documents/research/third_article/pose_graph_bracketing_slam-stable/docs/results/aug_31_all/multi_method/yoda_bridge_4fps_ae_1_1969_12_31-19_17_28_region0_occ0/metrics_global_ba.json
Saved /home/alien/Documents/research/third_article/pose_graph_bracketing_slam-stable/docs/results/aug_31_all/multi_method/yoda_bridge_4fps_ae_1_1969_12_31-19_17_28_region0_occ0/trajectories_overlay_global_ba.png
