[default] ATE RMSE=0.5452 m (mean=0.4108, median=0.2934, max=1.1843), n_poses=157
       1.0 m (n= 141): trans RMSE=0.1361 m (13.61%), rot RMSE=0.798 deg
       5.0 m (n= 128): trans RMSE=0.3408 m (6.82%), rot RMSE=0.929 deg
      10.0 m (n= 114): trans RMSE=0.5334 m (5.33%), rot RMSE=1.287 deg
      20.0 m (n=  88): trans RMSE=0.6002 m (3.00%), rot RMSE=1.770 deg
      40.0 m (n=  41): trans RMSE=0.7374 m (1.84%), rot RMSE=0.996 deg
[clahe] ATE RMSE=2.6290 m (mean=1.6616, median=0.3800, max=6.0152), n_poses=157
       1.0 m (n= 141): trans RMSE=0.3959 m (39.59%), rot RMSE=1.935 deg
       5.0 m (n= 128): trans RMSE=1.3027 m (26.05%), rot RMSE=3.132 deg
      10.0 m (n= 114): trans RMSE=2.1725 m (21.73%), rot RMSE=4.943 deg
      20.0 m (n=  88): trans RMSE=2.5433 m (12.72%), rot RMSE=6.904 deg
      40.0 m (n=  41): trans RMSE=3.7023 m (9.26%), rot RMSE=10.401 deg
[AirSLAM] ATE RMSE=1.3956 m (mean=1.0168, median=0.6426, max=2.6111), n_poses=115
       1.0 m (n= 109): trans RMSE=0.2244 m (22.44%), rot RMSE=1.438 deg
       5.0 m (n=  99): trans RMSE=0.4126 m (8.25%), rot RMSE=1.133 deg
      10.0 m (n=  88): trans RMSE=0.7037 m (7.04%), rot RMSE=1.376 deg
      20.0 m (n=  68): trans RMSE=1.3094 m (6.55%), rot RMSE=2.029 deg
      40.0 m (n=  30): trans RMSE=2.3142 m (5.79%), rot RMSE=1.213 deg
[cuVSLAM] ATE RMSE=0.7137 m (mean=0.5647, median=0.5647, max=1.4061), n_poses=157
       1.0 m (n= 141): trans RMSE=0.1385 m (13.85%), rot RMSE=0.778 deg
       5.0 m (n= 128): trans RMSE=0.3288 m (6.58%), rot RMSE=0.925 deg
      10.0 m (n= 114): trans RMSE=0.5366 m (5.37%), rot RMSE=1.292 deg
      20.0 m (n=  88): trans RMSE=0.7926 m (3.96%), rot RMSE=1.903 deg
      40.0 m (n=  41): trans RMSE=1.1128 m (2.78%), rot RMSE=0.900 deg
[ORBSLAM3] ATE RMSE=0.2855 m (mean=0.2599, median=0.3355, max=0.4154), n_poses=125
       1.0 m (n=  41): trans RMSE=0.1841 m (18.41%), rot RMSE=0.793 deg
       5.0 m (n=  23): trans RMSE=0.2311 m (4.62%), rot RMSE=1.474 deg
      10.0 m: not enough associated span for this window.
      20.0 m: not enough associated span for this window.
      40.0 m: not enough associated span for this window.
Wrote /home/alien/Documents/research/third_article/pose_graph_bracketing_slam-stable/docs/results/aug_31_all/multi_method/yoda_bridge_16fps_ae_4_1969_12_31-20_02_27_region0_occ0/metrics_global_ba.txt
Wrote /home/alien/Documents/research/third_article/pose_graph_bracketing_slam-stable/docs/results/aug_31_all/multi_method/yoda_bridge_16fps_ae_4_1969_12_31-20_02_27_region0_occ0/metrics_global_ba.json
Saved /home/alien/Documents/research/third_article/pose_graph_bracketing_slam-stable/docs/results/aug_31_all/multi_method/yoda_bridge_16fps_ae_4_1969_12_31-20_02_27_region0_occ0/trajectories_overlay_global_ba.png
