[default] ATE RMSE=6.5482 m (mean=3.8411, median=0.5319, max=12.4017), n_poses=54
       1.0 m (n=  46): trans RMSE=2.5777 m (257.77%), rot RMSE=6.202 deg
       5.0 m (n=  42): trans RMSE=4.2954 m (85.91%), rot RMSE=8.254 deg
      10.0 m (n=  38): trans RMSE=6.2905 m (62.90%), rot RMSE=10.967 deg
      20.0 m (n=  37): trans RMSE=8.7776 m (43.89%), rot RMSE=14.616 deg
      40.0 m (n=  18): trans RMSE=11.5988 m (29.00%), rot RMSE=21.036 deg
[clahe] ATE RMSE=7.2534 m (mean=4.2036, median=0.4820, max=13.7937), n_poses=54
       1.0 m (n=  46): trans RMSE=2.5338 m (253.38%), rot RMSE=6.593 deg
       5.0 m (n=  42): trans RMSE=4.3596 m (87.19%), rot RMSE=8.757 deg
      10.0 m (n=  38): trans RMSE=6.5001 m (65.00%), rot RMSE=11.630 deg
      20.0 m (n=  37): trans RMSE=9.1627 m (45.81%), rot RMSE=15.135 deg
      40.0 m (n=  18): trans RMSE=13.1215 m (32.80%), rot RMSE=20.526 deg
[AirSLAM] WARNING: only 29 associated poses, fewer than --n-align=30
[AirSLAM] ATE RMSE=10.2306 m (mean=9.4007, median=9.8017, max=14.9760), n_poses=29
       1.0 m (n=  27): trans RMSE=1.8018 m (180.18%), rot RMSE=6.341 deg
       5.0 m (n=  24): trans RMSE=4.1578 m (83.16%), rot RMSE=11.192 deg
      10.0 m (n=  22): trans RMSE=7.7603 m (77.60%), rot RMSE=14.270 deg
      20.0 m (n=  18): trans RMSE=14.0392 m (70.20%), rot RMSE=12.938 deg
      40.0 m (n=   9): trans RMSE=23.4609 m (58.65%), rot RMSE=20.932 deg
[cuVSLAM] ATE RMSE=11.2386 m (mean=8.6415, median=5.4098, max=19.7870), n_poses=66
       1.0 m (n=  58): trans RMSE=1.3997 m (139.97%), rot RMSE=3.521 deg
       5.0 m (n=  54): trans RMSE=3.3631 m (67.26%), rot RMSE=8.974 deg
      10.0 m (n=  48): trans RMSE=6.0122 m (60.12%), rot RMSE=14.177 deg
      20.0 m (n=  37): trans RMSE=9.6367 m (48.18%), rot RMSE=21.496 deg
      40.0 m (n=  18): trans RMSE=17.9923 m (44.98%), rot RMSE=8.889 deg
[ORBSLAM3] WARNING: only 14 associated poses, fewer than --n-align=30
[ORBSLAM3] ATE RMSE=0.2424 m (mean=0.2217, median=0.1920, max=0.4396), n_poses=14
       1.0 m (n=   6): trans RMSE=0.2501 m (25.01%), rot RMSE=1.841 deg
       5.0 m (n=   2): trans RMSE=0.6051 m (12.10%), rot RMSE=0.253 deg
      10.0 m: not enough associated span for this window.
      20.0 m: not enough associated span for this window.
      40.0 m: not enough associated span for this window.
Wrote /home/alien/Documents/research/third_article/pose_graph_bracketing_slam-stable/docs/results/aug_31_all/multi_method/yoda_bridge_4fps_ae_5_1969_12_31-19_22_55_region0_occ0/metrics_incremental.txt
Wrote /home/alien/Documents/research/third_article/pose_graph_bracketing_slam-stable/docs/results/aug_31_all/multi_method/yoda_bridge_4fps_ae_5_1969_12_31-19_22_55_region0_occ0/metrics_incremental.json
Saved /home/alien/Documents/research/third_article/pose_graph_bracketing_slam-stable/docs/results/aug_31_all/multi_method/yoda_bridge_4fps_ae_5_1969_12_31-19_22_55_region0_occ0/trajectories_overlay_incremental.png
