[default] ATE RMSE=0.6729 m (mean=0.4883, median=0.2636, max=1.3618), n_poses=152
       1.0 m (n= 140): trans RMSE=0.0895 m (8.95%), rot RMSE=0.639 deg
       5.0 m (n= 128): trans RMSE=0.2009 m (4.02%), rot RMSE=0.757 deg
      10.0 m (n= 114): trans RMSE=0.3534 m (3.53%), rot RMSE=0.952 deg
      20.0 m (n=  89): trans RMSE=0.6226 m (3.11%), rot RMSE=1.377 deg
      40.0 m (n=  42): trans RMSE=1.0413 m (2.60%), rot RMSE=0.775 deg
[clahe] ATE RMSE=0.5161 m (mean=0.3873, median=0.2216, max=0.9100), n_poses=152
       1.0 m (n= 140): trans RMSE=0.0860 m (8.60%), rot RMSE=0.641 deg
       5.0 m (n= 128): trans RMSE=0.1648 m (3.30%), rot RMSE=0.782 deg
      10.0 m (n= 114): trans RMSE=0.2771 m (2.77%), rot RMSE=1.065 deg
      20.0 m (n=  89): trans RMSE=0.5041 m (2.52%), rot RMSE=1.543 deg
      40.0 m (n=  42): trans RMSE=0.8261 m (2.07%), rot RMSE=0.703 deg
[AirSLAM] ATE RMSE=0.8427 m (mean=0.5947, median=0.3001, max=1.8406), n_poses=136
       1.0 m (n= 131): trans RMSE=0.1410 m (14.10%), rot RMSE=0.911 deg
       5.0 m (n= 118): trans RMSE=0.2699 m (5.40%), rot RMSE=1.111 deg
      10.0 m (n= 106): trans RMSE=0.4592 m (4.59%), rot RMSE=1.067 deg
      20.0 m (n=  83): trans RMSE=0.8168 m (4.08%), rot RMSE=1.586 deg
      40.0 m (n=  36): trans RMSE=1.4496 m (3.62%), rot RMSE=1.484 deg
[cuVSLAM] ATE RMSE=2.2192 m (mean=1.5937, median=1.1335, max=4.8695), n_poses=152
       1.0 m (n= 140): trans RMSE=0.3923 m (39.23%), rot RMSE=2.136 deg
       5.0 m (n= 128): trans RMSE=0.9835 m (19.67%), rot RMSE=3.222 deg
      10.0 m (n= 114): trans RMSE=1.6830 m (16.83%), rot RMSE=4.786 deg
      20.0 m (n=  89): trans RMSE=2.4458 m (12.23%), rot RMSE=8.741 deg
      40.0 m (n=  42): trans RMSE=3.1897 m (7.97%), rot RMSE=11.634 deg
[ORBSLAM3] WARNING: only 28 associated poses, fewer than --n-align=30
[ORBSLAM3] ATE RMSE=0.1303 m (mean=0.1074, median=0.0759, max=0.2762), n_poses=28
       1.0 m (n=  26): trans RMSE=0.1735 m (17.35%), rot RMSE=1.139 deg
       5.0 m (n=  15): trans RMSE=0.1632 m (3.26%), rot RMSE=1.777 deg
      10.0 m: not enough associated span for this window.
      20.0 m: not enough associated span for this window.
      40.0 m: not enough associated span for this window.
Wrote /home/alien/Documents/research/third_article/pose_graph_bracketing_slam-stable/docs/results/aug_31_all/multi_method/yoda_bridge_4_1969_12_31-20_09_17_region0_occ0/metrics_global_ba.txt
Wrote /home/alien/Documents/research/third_article/pose_graph_bracketing_slam-stable/docs/results/aug_31_all/multi_method/yoda_bridge_4_1969_12_31-20_09_17_region0_occ0/metrics_global_ba.json
Saved /home/alien/Documents/research/third_article/pose_graph_bracketing_slam-stable/docs/results/aug_31_all/multi_method/yoda_bridge_4_1969_12_31-20_09_17_region0_occ0/trajectories_overlay_global_ba.png
