[default] ATE RMSE=1.9933 m (mean=1.3744, median=0.2389, max=3.4475), n_poses=53
       1.0 m (n=  47): trans RMSE=0.4297 m (42.97%), rot RMSE=1.964 deg
       5.0 m (n=  43): trans RMSE=0.8178 m (16.36%), rot RMSE=2.302 deg
      10.0 m (n=  38): trans RMSE=1.3028 m (13.03%), rot RMSE=2.318 deg
      20.0 m (n=  32): trans RMSE=2.1340 m (10.67%), rot RMSE=2.198 deg
      40.0 m (n=  15): trans RMSE=3.3398 m (8.35%), rot RMSE=1.065 deg
[clahe] ATE RMSE=12.7937 m (mean=10.1365, median=7.5613, max=24.7507), n_poses=53
       1.0 m (n=  47): trans RMSE=3.4635 m (346.35%), rot RMSE=41.714 deg
       5.0 m (n=  43): trans RMSE=6.0146 m (120.29%), rot RMSE=54.295 deg
      10.0 m (n=  38): trans RMSE=8.4441 m (84.44%), rot RMSE=60.233 deg
      20.0 m (n=  32): trans RMSE=12.3970 m (61.99%), rot RMSE=63.569 deg
      40.0 m (n=  15): trans RMSE=19.5987 m (49.00%), rot RMSE=10.823 deg
[AirSLAM] WARNING: only 29 associated poses, fewer than --n-align=30
[AirSLAM] ATE RMSE=9.8476 m (mean=9.0729, median=10.3698, max=15.0981), n_poses=29
       1.0 m (n=  26): trans RMSE=1.4144 m (141.44%), rot RMSE=2.004 deg
       5.0 m (n=  24): trans RMSE=4.0742 m (81.48%), rot RMSE=3.472 deg
      10.0 m (n=  21): trans RMSE=6.7817 m (67.82%), rot RMSE=5.034 deg
      20.0 m (n=  16): trans RMSE=12.4471 m (62.24%), rot RMSE=6.488 deg
      40.0 m (n=   7): trans RMSE=21.8722 m (54.68%), rot RMSE=5.926 deg
[cuVSLAM] ATE RMSE=9.3395 m (mean=6.5683, median=2.2441, max=17.3840), n_poses=55
       1.0 m (n=  49): trans RMSE=1.1806 m (118.06%), rot RMSE=1.190 deg
       5.0 m (n=  45): trans RMSE=3.2541 m (65.08%), rot RMSE=2.080 deg
      10.0 m (n=  40): trans RMSE=5.6544 m (56.54%), rot RMSE=3.510 deg
      20.0 m (n=  32): trans RMSE=8.8878 m (44.44%), rot RMSE=5.385 deg
      40.0 m (n=  15): trans RMSE=16.2403 m (40.60%), rot RMSE=9.787 deg
[ORBSLAM3] WARNING: only 12 associated poses, fewer than --n-align=30
[ORBSLAM3] ATE RMSE=0.3757 m (mean=0.3289, median=0.3062, max=0.8251), n_poses=12
       1.0 m (n=   6): trans RMSE=0.3196 m (31.96%), rot RMSE=0.868 deg
       5.0 m (n=   2): trans RMSE=0.9081 m (18.16%), rot RMSE=0.586 deg
      10.0 m: not enough associated span for this window.
      20.0 m: not enough associated span for this window.
      40.0 m: not enough associated span for this window.
Wrote /home/alien/Documents/research/third_article/pose_graph_bracketing_slam-stable/docs/results/aug_31_all/multi_method/yoda_bridge_4fps_4_1969_12_31-19_12_32_region0_occ0/metrics_global_ba.txt
Wrote /home/alien/Documents/research/third_article/pose_graph_bracketing_slam-stable/docs/results/aug_31_all/multi_method/yoda_bridge_4fps_4_1969_12_31-19_12_32_region0_occ0/metrics_global_ba.json
Saved /home/alien/Documents/research/third_article/pose_graph_bracketing_slam-stable/docs/results/aug_31_all/multi_method/yoda_bridge_4fps_4_1969_12_31-19_12_32_region0_occ0/trajectories_overlay_global_ba.png
