[default] ATE RMSE=3.7205 m (mean=2.4475, median=1.0289, max=7.8512), n_poses=129
       1.0 m (n= 113): trans RMSE=0.3641 m (36.41%), rot RMSE=0.983 deg
       5.0 m (n= 104): trans RMSE=1.1289 m (22.58%), rot RMSE=0.865 deg
      10.0 m (n=  92): trans RMSE=1.9549 m (19.55%), rot RMSE=1.217 deg
      20.0 m (n=  71): trans RMSE=2.9166 m (14.58%), rot RMSE=1.984 deg
      40.0 m (n=  34): trans RMSE=5.1822 m (12.96%), rot RMSE=1.178 deg
[clahe] ATE RMSE=4.0595 m (mean=2.6622, median=1.1123, max=9.1984), n_poses=129
       1.0 m (n= 113): trans RMSE=0.6319 m (63.19%), rot RMSE=0.987 deg
       5.0 m (n= 104): trans RMSE=1.3884 m (27.77%), rot RMSE=1.454 deg
      10.0 m (n=  92): trans RMSE=2.0332 m (20.33%), rot RMSE=2.167 deg
      20.0 m (n=  71): trans RMSE=3.0552 m (15.28%), rot RMSE=3.257 deg
      40.0 m (n=  34): trans RMSE=5.4654 m (13.66%), rot RMSE=3.250 deg
[AirSLAM] ATE RMSE=5.8749 m (mean=4.4815, median=3.9260, max=10.0024), n_poses=60
       1.0 m (n=  57): trans RMSE=0.5834 m (58.34%), rot RMSE=1.192 deg
       5.0 m (n=  52): trans RMSE=1.5421 m (30.84%), rot RMSE=2.039 deg
      10.0 m (n=  46): trans RMSE=2.9095 m (29.10%), rot RMSE=3.795 deg
      20.0 m (n=  36): trans RMSE=5.7361 m (28.68%), rot RMSE=6.061 deg
      40.0 m (n=  16): trans RMSE=9.7047 m (24.26%), rot RMSE=5.744 deg
[cuVSLAM] ATE RMSE=41.9077 m (mean=35.0682, median=49.8624, max=51.7228), n_poses=129
       1.0 m (n= 113): trans RMSE=8.0367 m (803.67%), rot RMSE=6.086 deg
       5.0 m (n= 104): trans RMSE=15.1907 m (303.81%), rot RMSE=12.552 deg
      10.0 m (n=  92): trans RMSE=23.4107 m (234.11%), rot RMSE=19.534 deg
      20.0 m (n=  71): trans RMSE=36.7503 m (183.75%), rot RMSE=23.499 deg
      40.0 m (n=  34): trans RMSE=50.9729 m (127.43%), rot RMSE=1.698 deg
[ORBSLAM3] ATE RMSE=1.0530 m (mean=0.7275, median=0.3823, max=2.2812), n_poses=50
       1.0 m (n=  42): trans RMSE=0.8419 m (84.19%), rot RMSE=3.664 deg
       5.0 m (n=  25): trans RMSE=0.5442 m (10.88%), rot RMSE=3.593 deg
      10.0 m (n=  13): trans RMSE=0.9714 m (9.71%), rot RMSE=0.768 deg
      20.0 m: not enough associated span for this window.
      40.0 m: not enough associated span for this window.
Wrote /home/alien/Documents/research/third_article/pose_graph_bracketing_slam-stable/docs/results/aug_31_all/multi_method/yoda_bridge_8fps_2_1969_12_31-19_37_25_region0_occ0/metrics_incremental.txt
Wrote /home/alien/Documents/research/third_article/pose_graph_bracketing_slam-stable/docs/results/aug_31_all/multi_method/yoda_bridge_8fps_2_1969_12_31-19_37_25_region0_occ0/metrics_incremental.json
Saved /home/alien/Documents/research/third_article/pose_graph_bracketing_slam-stable/docs/results/aug_31_all/multi_method/yoda_bridge_8fps_2_1969_12_31-19_37_25_region0_occ0/trajectories_overlay_incremental.png
