[default] ATE RMSE=4.2149 m (mean=2.6393, median=0.4192, max=7.8585), n_poses=111
       1.0 m (n=  99): trans RMSE=0.8984 m (89.84%), rot RMSE=2.482 deg
       5.0 m (n=  89): trans RMSE=2.2470 m (44.94%), rot RMSE=3.562 deg
      10.0 m (n=  79): trans RMSE=3.2187 m (32.19%), rot RMSE=5.075 deg
      20.0 m (n=  69): trans RMSE=4.8633 m (24.32%), rot RMSE=7.530 deg
      40.0 m (n=  33): trans RMSE=6.9017 m (17.25%), rot RMSE=9.879 deg
[clahe] ATE RMSE=5.5288 m (mean=3.5110, median=0.6917, max=11.1510), n_poses=111
       1.0 m (n=  99): trans RMSE=1.1417 m (114.17%), rot RMSE=4.578 deg
       5.0 m (n=  89): trans RMSE=3.1442 m (62.88%), rot RMSE=8.167 deg
      10.0 m (n=  79): trans RMSE=4.1250 m (41.25%), rot RMSE=13.045 deg
      20.0 m (n=  69): trans RMSE=6.0566 m (30.28%), rot RMSE=18.206 deg
      40.0 m (n=  33): trans RMSE=8.6765 m (21.69%), rot RMSE=25.039 deg
[AirSLAM] ATE RMSE=6.2424 m (mean=4.2927, median=1.8505, max=11.7799), n_poses=56
       1.0 m (n=  53): trans RMSE=0.7386 m (73.86%), rot RMSE=1.285 deg
       5.0 m (n=  48): trans RMSE=2.0509 m (41.02%), rot RMSE=1.990 deg
      10.0 m (n=  43): trans RMSE=3.6192 m (36.19%), rot RMSE=3.127 deg
      20.0 m (n=  33): trans RMSE=6.4865 m (32.43%), rot RMSE=5.449 deg
      40.0 m (n=  15): trans RMSE=10.9473 m (27.37%), rot RMSE=7.874 deg
[cuVSLAM] ATE RMSE=60.1561 m (mean=33.9575, median=0.6204, max=112.4593), n_poses=121
       1.0 m (n= 109): trans RMSE=10.2191 m (1021.91%), rot RMSE=13.142 deg
       5.0 m (n=  99): trans RMSE=31.3765 m (627.53%), rot RMSE=42.689 deg
      10.0 m (n=  89): trans RMSE=48.8160 m (488.16%), rot RMSE=62.699 deg
      20.0 m (n=  70): trans RMSE=61.3749 m (306.87%), rot RMSE=81.936 deg
      40.0 m (n=  33): trans RMSE=97.4172 m (243.54%), rot RMSE=116.228 deg
[ORBSLAM3] ATE RMSE=0.0581 m (mean=0.0387, median=0.0154, max=0.1552), n_poses=47
       1.0 m (n=  13): trans RMSE=0.1773 m (17.73%), rot RMSE=1.440 deg
       5.0 m (n=   4): trans RMSE=0.0939 m (1.88%), rot RMSE=1.839 deg
      10.0 m: not enough associated span for this window.
      20.0 m: not enough associated span for this window.
      40.0 m: not enough associated span for this window.
Wrote /home/alien/Documents/research/third_article/pose_graph_bracketing_slam-stable/docs/results/aug_31_all/multi_method/yoda_bridge_8fps_ae_3_1969_12_31-19_30_57_region0_occ0/metrics_incremental.txt
Wrote /home/alien/Documents/research/third_article/pose_graph_bracketing_slam-stable/docs/results/aug_31_all/multi_method/yoda_bridge_8fps_ae_3_1969_12_31-19_30_57_region0_occ0/metrics_incremental.json
Saved /home/alien/Documents/research/third_article/pose_graph_bracketing_slam-stable/docs/results/aug_31_all/multi_method/yoda_bridge_8fps_ae_3_1969_12_31-19_30_57_region0_occ0/trajectories_overlay_incremental.png
