2026-09-07 21:22:14,129 INFO Loaded 223 stereo frames from /home/alien/data/yoda/aug_31/yoda_bridge_16fps_3_1969_12_31-19_51_17/yoda_bridge_16fps_3_1969_12_31-19_51_17_region0_occ0/data
2026-09-07 21:22:17,498 INFO Dropped 0/223 low-information frames (brightness outside [1, 245])
2026-09-07 21:22:17,505 INFO Stereo rig loaded: baseline=0.1196 m, K_left principal point 979.9,590.7
2026-09-07 21:22:19,088 INFO frame 0/222 ts=3080148544576 slot=LAE landmark_obs=0
2026-09-07 21:22:25,290 INFO frame 50/222 ts=3083289419648 slot=SAE landmark_obs=50
2026-09-07 21:22:33,234 INFO frame 100/222 ts=3086414516064 slot=LAE landmark_obs=39
2026-09-07 21:22:41,663 INFO frame 150/222 ts=3089539871648 slot=SAE landmark_obs=17
2026-09-07 21:22:51,798 INFO frame 200/222 ts=3092666465088 slot=LAE landmark_obs=127
2026-09-07 21:22:56,045 INFO frame 222/222 ts=3094049393408 slot=SAE landmark_obs=147
2026-09-07 21:22:56,045 INFO Processed 223 frames in 37.4s (5.97 fps)
2026-09-07 21:22:56,045 INFO Cross-bracket matches: kept 67930/67930 (0.0% dropped, requested drop 0.000)
2026-09-07 21:22:56,045 INFO Total landmark observations added: 36639 (avg 164.30 per frame)
2026-09-07 21:22:56,047 INFO Wrote trajectory to /home/alien/Documents/research/third_article/pose_graph_bracketing_slam-stable/docs/results/aug_31_all/pipeline_clahe/yoda_bridge_16fps_3_1969_12_31-19_51_17_region0_occ0/traj.tum
2026-09-07 21:22:59,543 INFO Global bundle adjustment: 3.5s
2026-09-07 21:22:59,544 INFO Wrote global-BA trajectory to /home/alien/Documents/research/third_article/pose_graph_bracketing_slam-stable/docs/results/aug_31_all/pipeline_clahe/yoda_bridge_16fps_3_1969_12_31-19_51_17_region0_occ0/traj_global_ba.tum
2026-09-07 21:22:59,545 INFO Wrote per-frame robustness log to /home/alien/Documents/research/third_article/pose_graph_bracketing_slam-stable/docs/results/aug_31_all/pipeline_clahe/yoda_bridge_16fps_3_1969_12_31-19_51_17_region0_occ0/traj_frames.csv
2026-09-07 21:22:59,560 INFO Wrote landmark provenance log to /home/alien/Documents/research/third_article/pose_graph_bracketing_slam-stable/docs/results/aug_31_all/pipeline_clahe/yoda_bridge_16fps_3_1969_12_31-19_51_17_region0_occ0/traj_landmark_provenance.csv (9546 landmarks)
2026-09-07 21:22:59,560 INFO Backend resets this run: 0
2026-09-07 21:22:59,560 INFO Wrote run summary to /home/alien/Documents/research/third_article/pose_graph_bracketing_slam-stable/docs/results/aug_31_all/pipeline_clahe/yoda_bridge_16fps_3_1969_12_31-19_51_17_region0_occ0/traj_summary.json
Loaded LightGlue model
