2026-09-07 19:48:36,929 INFO Loaded 247 stereo frames from /home/alien/data/yoda/aug_31/yoda_bridge_1_1969_12_31-20_04_19/yoda_bridge_1_1969_12_31-20_04_19_region0_occ1/data
2026-09-07 19:48:40,900 INFO Dropped 0/247 low-information frames (brightness outside [1, 245])
2026-09-07 19:48:40,906 INFO Stereo rig loaded: baseline=0.1196 m, K_left principal point 979.9,590.7
2026-09-07 19:48:42,385 INFO frame 0/246 ts=3892538847136 slot=MAE landmark_obs=0
2026-09-07 19:48:48,760 INFO frame 50/246 ts=3894828842304 slot=MAE landmark_obs=478
2026-09-07 19:48:58,908 INFO frame 100/246 ts=3896818879424 slot=MAE landmark_obs=355
2026-09-07 19:49:11,045 INFO frame 150/246 ts=3898726675296 slot=MAE landmark_obs=448
2026-09-07 19:49:25,860 INFO frame 200/246 ts=3900805774080 slot=MAE landmark_obs=171
2026-09-07 19:49:42,556 INFO frame 246/246 ts=3902888405248 slot=MAE landmark_obs=160
2026-09-07 19:49:42,556 INFO Processed 247 frames in 60.6s (4.08 fps)
2026-09-07 19:49:42,556 INFO Cross-bracket matches: kept 115778/115778 (0.0% dropped, requested drop 0.000)
2026-09-07 19:49:42,556 INFO Total landmark observations added: 61861 (avg 250.45 per frame)
2026-09-07 19:49:42,557 INFO Wrote trajectory to /home/alien/Documents/research/third_article/pose_graph_bracketing_slam-stable/docs/results/aug_31_all/pipeline_default/yoda_bridge_1_1969_12_31-20_04_19_region0_occ1/traj.tum
2026-09-07 19:49:45,986 INFO Global bundle adjustment: 3.4s
2026-09-07 19:49:45,988 INFO Wrote global-BA trajectory to /home/alien/Documents/research/third_article/pose_graph_bracketing_slam-stable/docs/results/aug_31_all/pipeline_default/yoda_bridge_1_1969_12_31-20_04_19_region0_occ1/traj_global_ba.tum
2026-09-07 19:49:45,988 INFO Wrote per-frame robustness log to /home/alien/Documents/research/third_article/pose_graph_bracketing_slam-stable/docs/results/aug_31_all/pipeline_default/yoda_bridge_1_1969_12_31-20_04_19_region0_occ1/traj_frames.csv
2026-09-07 19:49:46,010 INFO Wrote landmark provenance log to /home/alien/Documents/research/third_article/pose_graph_bracketing_slam-stable/docs/results/aug_31_all/pipeline_default/yoda_bridge_1_1969_12_31-20_04_19_region0_occ1/traj_landmark_provenance.csv (13018 landmarks)
2026-09-07 19:49:46,010 INFO Backend resets this run: 0
2026-09-07 19:49:46,011 INFO Wrote run summary to /home/alien/Documents/research/third_article/pose_graph_bracketing_slam-stable/docs/results/aug_31_all/pipeline_default/yoda_bridge_1_1969_12_31-20_04_19_region0_occ1/traj_summary.json
Loaded LightGlue model
