2026-09-07 21:47:38,720 INFO Loaded 356 stereo frames from /home/alien/data/yoda/aug_31/yoda_bridge_5_1969_12_31-20_10_31/yoda_bridge_5_1969_12_31-20_10_31_region0_occ0/data
2026-09-07 21:47:44,534 INFO Dropped 0/356 low-information frames (brightness outside [1, 245])
2026-09-07 21:47:44,540 INFO Stereo rig loaded: baseline=0.1196 m, K_left principal point 979.9,590.7
2026-09-07 21:47:46,100 INFO frame 0/355 ts=4234015146432 slot=MAE landmark_obs=0
2026-09-07 21:47:52,859 INFO frame 50/355 ts=4236339324832 slot=MAE landmark_obs=144
2026-09-07 21:48:00,085 INFO frame 100/355 ts=4238663162912 slot=MAE landmark_obs=69
2026-09-07 21:48:10,493 INFO frame 150/355 ts=4240684437120 slot=MAE landmark_obs=363
2026-09-07 21:48:20,271 INFO frame 200/355 ts=4242607413408 slot=MAE landmark_obs=440
2026-09-07 21:48:30,732 INFO frame 250/355 ts=4244780968224 slot=SAE landmark_obs=223
2026-09-07 21:48:43,642 INFO frame 300/355 ts=4247029908800 slot=LAE landmark_obs=176
2026-09-07 21:48:54,780 INFO frame 350/355 ts=4249341740992 slot=SAE landmark_obs=137
2026-09-07 21:48:55,516 INFO frame 355/355 ts=4249610008096 slot=MAE landmark_obs=184
2026-09-07 21:48:55,516 INFO Processed 356 frames in 70.0s (5.09 fps)
2026-09-07 21:48:55,516 INFO Cross-bracket matches: kept 147566/147566 (0.0% dropped, requested drop 0.000)
2026-09-07 21:48:55,516 INFO Total landmark observations added: 67986 (avg 190.97 per frame)
2026-09-07 21:48:55,518 INFO Wrote trajectory to /home/alien/Documents/research/third_article/pose_graph_bracketing_slam-stable/docs/results/aug_31_all/pipeline_clahe/yoda_bridge_5_1969_12_31-20_10_31_region0_occ0/traj.tum
2026-09-07 21:49:01,937 INFO Global bundle adjustment: 6.4s
2026-09-07 21:49:01,939 INFO Wrote global-BA trajectory to /home/alien/Documents/research/third_article/pose_graph_bracketing_slam-stable/docs/results/aug_31_all/pipeline_clahe/yoda_bridge_5_1969_12_31-20_10_31_region0_occ0/traj_global_ba.tum
2026-09-07 21:49:01,940 INFO Wrote per-frame robustness log to /home/alien/Documents/research/third_article/pose_graph_bracketing_slam-stable/docs/results/aug_31_all/pipeline_clahe/yoda_bridge_5_1969_12_31-20_10_31_region0_occ0/traj_frames.csv
2026-09-07 21:49:01,963 INFO Wrote landmark provenance log to /home/alien/Documents/research/third_article/pose_graph_bracketing_slam-stable/docs/results/aug_31_all/pipeline_clahe/yoda_bridge_5_1969_12_31-20_10_31_region0_occ0/traj_landmark_provenance.csv (15040 landmarks)
2026-09-07 21:49:01,963 INFO Backend resets this run: 0
2026-09-07 21:49:01,963 INFO Wrote run summary to /home/alien/Documents/research/third_article/pose_graph_bracketing_slam-stable/docs/results/aug_31_all/pipeline_clahe/yoda_bridge_5_1969_12_31-20_10_31_region0_occ0/traj_summary.json
Loaded LightGlue model
