2026-08-26 01:07:15,346 INFO Loaded 340 stereo frames from /home/alien/data/yoda/aug_9/yoda_aug_9_b_10fps_02ema_1969_12_31-19_27_24/data
2026-08-26 01:07:19,809 INFO Dropped 49/340 low-information frames (brightness outside [10, 245])
2026-08-26 01:07:19,815 INFO Stereo rig loaded: baseline=0.1203 m, K_left principal point 979.2,594.2
2026-08-26 01:07:20,626 INFO frame 0/290 ts=1645437941408 slot=MAE landmark_obs=0
2026-08-26 01:07:33,832 INFO frame 50/290 ts=1650638173920 slot=MAE landmark_obs=48
2026-08-26 01:07:45,984 INFO frame 100/290 ts=1657936905280 slot=SAE landmark_obs=179
2026-08-26 01:07:58,832 INFO frame 150/290 ts=1663637562880 slot=MAE landmark_obs=48
2026-08-26 01:08:10,567 INFO frame 200/290 ts=1670438197696 slot=MAE landmark_obs=188
2026-08-26 01:08:26,163 INFO frame 250/290 ts=1675438145408 slot=MAE landmark_obs=189
2026-08-26 01:08:38,935 INFO frame 290/290 ts=1679437800608 slot=MAE landmark_obs=170
2026-08-26 01:08:38,936 INFO Processed 291 frames in 78.8s (3.69 fps)
2026-08-26 01:08:38,936 INFO Total landmark observations added: 38352 (avg 131.79 per frame)
2026-08-26 01:08:38,936 INFO Frames with zero landmark observations: 14/291 -> [59, 60, 61, 62, 64, 67, 71, 156, 157, 158, 159, 161, 164, 168]
2026-08-26 01:08:38,936 INFO Wrote zero-observation frame indices to /home/alien/Documents/research/third_article/pose_graph_bracketing_slam-stable/docs/results/2026_08_26_full_batch/b_10fps/traj_zero_obs.txt
2026-08-26 01:08:38,937 INFO Wrote trajectory to /home/alien/Documents/research/third_article/pose_graph_bracketing_slam-stable/docs/results/2026_08_26_full_batch/b_10fps/traj.tum
2026-08-26 01:09:12,955 INFO Global bundle adjustment: 34.0s
2026-08-26 01:09:12,957 INFO Wrote global-BA trajectory to /home/alien/Documents/research/third_article/pose_graph_bracketing_slam-stable/docs/results/2026_08_26_full_batch/b_10fps/traj_global_ba.tum
2026-08-26 01:09:12,958 INFO Wrote per-frame robustness log to /home/alien/Documents/research/third_article/pose_graph_bracketing_slam-stable/docs/results/2026_08_26_full_batch/b_10fps/traj_frames.csv
2026-08-26 01:09:12,969 INFO Wrote landmark provenance log to /home/alien/Documents/research/third_article/pose_graph_bracketing_slam-stable/docs/results/2026_08_26_full_batch/b_10fps/traj_landmark_provenance.csv (8941 landmarks)
2026-08-26 01:09:12,969 INFO Backend resets this run: 0
2026-08-26 01:09:12,969 INFO Wrote run summary to /home/alien/Documents/research/third_article/pose_graph_bracketing_slam-stable/docs/results/2026_08_26_full_batch/b_10fps/traj_summary.json
Loaded LightGlue model
