2026-08-30 13:53:14,957 INFO Loaded 1611 stereo frames from /home/alien/data/yoda/aug_27/yoda_test_workshop_1969_12_31-19_05_56_0/data
2026-08-30 13:53:39,161 INFO Dropped 122/1611 low-information frames (brightness outside [10, 245])
2026-08-30 13:53:39,167 INFO Stereo rig loaded: baseline=0.1197 m, K_left principal point 977.0,593.7
2026-08-30 13:53:40,712 INFO frame 0/1488 ts=357410610752 slot=MAE landmark_obs=0
2026-08-30 13:53:56,250 INFO frame 50/1488 ts=359991174432 slot=SAE landmark_obs=507
2026-08-30 13:54:14,535 INFO frame 100/1488 ts=362596807872 slot=MAE landmark_obs=561
2026-08-30 13:55:20,380 INFO frame 150/1488 ts=365351585664 slot=MAE landmark_obs=631
2026-08-30 13:56:14,394 INFO frame 200/1488 ts=367776190368 slot=LAE landmark_obs=462
2026-08-30 13:57:05,479 INFO frame 250/1488 ts=369758371776 slot=MAE landmark_obs=370
2026-08-30 13:58:22,135 INFO frame 300/1488 ts=371620528192 slot=MAE landmark_obs=400
2026-08-30 13:59:02,432 INFO frame 350/1488 ts=374064603040 slot=MAE landmark_obs=337
2026-08-30 13:59:31,598 INFO frame 400/1488 ts=376315394208 slot=MAE landmark_obs=387
2026-08-30 13:59:57,087 INFO frame 450/1488 ts=378212172416 slot=MAE landmark_obs=305
2026-08-30 14:00:17,585 INFO frame 500/1488 ts=380208790528 slot=MAE landmark_obs=165
2026-08-30 14:00:38,043 INFO frame 550/1488 ts=382208164384 slot=MAE landmark_obs=325
2026-08-30 14:00:55,606 INFO frame 600/1488 ts=384191431616 slot=MAE landmark_obs=421
2026-08-30 14:01:11,636 INFO frame 650/1488 ts=386145375104 slot=MAE landmark_obs=304
2026-08-30 14:01:33,654 INFO frame 700/1488 ts=388324855552 slot=SAE landmark_obs=445
2026-08-30 14:01:55,772 INFO frame 750/1488 ts=391157754976 slot=MAE landmark_obs=118
2026-08-30 14:02:22,216 INFO frame 800/1488 ts=393438100128 slot=SAE landmark_obs=510
2026-08-30 14:02:50,585 INFO frame 850/1488 ts=395271088128 slot=LAE landmark_obs=369
2026-08-30 14:03:28,548 INFO frame 900/1488 ts=397251520000 slot=SAE landmark_obs=449
2026-08-30 14:04:30,777 INFO frame 950/1488 ts=399383374208 slot=LAE landmark_obs=478
2026-08-30 14:05:03,986 INFO frame 1000/1488 ts=401379350656 slot=SAE landmark_obs=361
2026-08-30 14:05:46,963 INFO frame 1050/1488 ts=403206780704 slot=LAE landmark_obs=602
2026-08-30 14:06:23,366 INFO frame 1100/1488 ts=405827539424 slot=MAE landmark_obs=554
2026-08-30 14:07:25,496 INFO frame 1150/1488 ts=408036126144 slot=MAE landmark_obs=123
2026-08-30 14:08:21,431 INFO frame 1200/1488 ts=409749430304 slot=MAE landmark_obs=91
2026-08-30 14:08:48,777 INFO frame 1250/1488 ts=411473619040 slot=MAE landmark_obs=107
2026-08-30 14:09:04,978 INFO frame 1300/1488 ts=413200338912 slot=MAE landmark_obs=102
2026-08-30 14:09:14,173 INFO frame 1350/1488 ts=414938725920 slot=MAE landmark_obs=95
2026-08-30 14:09:23,175 INFO frame 1400/1488 ts=416774297600 slot=LAE landmark_obs=140
2026-08-30 14:09:32,368 INFO frame 1450/1488 ts=418444677440 slot=SAE landmark_obs=12
2026-08-30 14:09:39,121 INFO frame 1488/1488 ts=419770574720 slot=LAE landmark_obs=146
2026-08-30 14:09:39,122 INFO Processed 1489 frames in 958.8s (1.55 fps)
2026-08-30 14:09:39,122 INFO Total landmark observations added: 501554 (avg 336.84 per frame)
2026-08-30 14:09:39,130 INFO Wrote trajectory to docs/results/traj_aug27_workshop_no_radiance/estimate.tum
2026-08-30 14:18:24,492 INFO Global bundle adjustment: 525.4s
2026-08-30 14:18:24,502 INFO Wrote global-BA trajectory to docs/results/traj_aug27_workshop_no_radiance/estimate_global_ba.tum
2026-08-30 14:18:24,504 INFO Wrote per-frame robustness log to docs/results/traj_aug27_workshop_no_radiance/estimate_frames.csv
2026-08-30 14:18:24,694 INFO Wrote landmark provenance log to docs/results/traj_aug27_workshop_no_radiance/estimate_landmark_provenance.csv (59681 landmarks)
2026-08-30 14:18:24,694 INFO Backend resets this run: 0
2026-08-30 14:18:24,695 INFO Wrote run summary to docs/results/traj_aug27_workshop_no_radiance/estimate_summary.json
Loaded LightGlue model
