2026-09-07 21:26:13,885 INFO Loaded 213 stereo frames from /home/alien/data/yoda/aug_31/yoda_bridge_16fps_5_1969_12_31-19_53_59/yoda_bridge_16fps_5_1969_12_31-19_53_59_region0_occ1/data
2026-09-07 21:26:17,181 INFO Dropped 0/213 low-information frames (brightness outside [1, 245])
2026-09-07 21:26:17,190 INFO Stereo rig loaded: baseline=0.1196 m, K_left principal point 979.9,590.7
2026-09-07 21:26:18,619 INFO frame 0/212 ts=3277560888544 slot=MAE landmark_obs=0
2026-09-07 21:26:25,422 INFO frame 50/212 ts=3280690555808 slot=MAE landmark_obs=401
2026-09-07 21:26:34,328 INFO frame 100/212 ts=3283817199808 slot=MAE landmark_obs=171
2026-09-07 21:26:44,115 INFO frame 150/212 ts=3286942563872 slot=MAE landmark_obs=66
2026-09-07 21:26:51,607 INFO frame 200/212 ts=3290072435488 slot=SAE landmark_obs=247
2026-09-07 21:26:53,107 INFO frame 212/212 ts=3290821723552 slot=SAE landmark_obs=276
2026-09-07 21:26:53,107 INFO Processed 213 frames in 34.9s (6.11 fps)
2026-09-07 21:26:53,107 INFO Cross-bracket matches: kept 69196/69196 (0.0% dropped, requested drop 0.000)
2026-09-07 21:26:53,108 INFO Total landmark observations added: 34771 (avg 163.24 per frame)
2026-09-07 21:26:53,109 INFO Wrote trajectory to /home/alien/Documents/research/third_article/pose_graph_bracketing_slam-stable/docs/results/aug_31_all/pipeline_clahe/yoda_bridge_16fps_5_1969_12_31-19_53_59_region0_occ1/traj.tum
2026-09-07 21:27:00,504 INFO Global bundle adjustment: 7.4s
2026-09-07 21:27:00,506 INFO Wrote global-BA trajectory to /home/alien/Documents/research/third_article/pose_graph_bracketing_slam-stable/docs/results/aug_31_all/pipeline_clahe/yoda_bridge_16fps_5_1969_12_31-19_53_59_region0_occ1/traj_global_ba.tum
2026-09-07 21:27:00,506 INFO Wrote per-frame robustness log to /home/alien/Documents/research/third_article/pose_graph_bracketing_slam-stable/docs/results/aug_31_all/pipeline_clahe/yoda_bridge_16fps_5_1969_12_31-19_53_59_region0_occ1/traj_frames.csv
2026-09-07 21:27:00,520 INFO Wrote landmark provenance log to /home/alien/Documents/research/third_article/pose_graph_bracketing_slam-stable/docs/results/aug_31_all/pipeline_clahe/yoda_bridge_16fps_5_1969_12_31-19_53_59_region0_occ1/traj_landmark_provenance.csv (9254 landmarks)
2026-09-07 21:27:00,520 INFO Backend resets this run: 0
2026-09-07 21:27:00,520 INFO Wrote run summary to /home/alien/Documents/research/third_article/pose_graph_bracketing_slam-stable/docs/results/aug_31_all/pipeline_clahe/yoda_bridge_16fps_5_1969_12_31-19_53_59_region0_occ1/traj_summary.json
Loaded LightGlue model
