2026-09-03 22:12:06,651 INFO Loaded 419 stereo frames from /home/alien/data/yoda/aug_31/yoda_bridge_0fps_ae_2_1969_12_31-19_05_53/yoda_bridge_0fps_ae_2_1969_12_31-19_05_53_region0_occ0/data
2026-09-03 22:12:12,226 INFO Dropped 0/419 low-information frames (brightness outside [1, 245])
2026-09-03 22:12:12,232 INFO Stereo rig loaded: baseline=0.1196 m, K_left principal point 979.9,590.7
2026-09-03 22:12:13,775 INFO frame 0/418 ts=355910794368 slot=LAE landmark_obs=0
2026-09-03 22:12:20,772 INFO frame 50/418 ts=357518956032 slot=LAE landmark_obs=211
2026-09-03 22:12:28,335 INFO frame 100/418 ts=359135639264 slot=LAE landmark_obs=130
2026-09-03 22:12:37,056 INFO frame 150/418 ts=360758543328 slot=LAE landmark_obs=166
2026-09-03 22:12:49,005 INFO frame 200/418 ts=362385434912 slot=LAE landmark_obs=289
2026-09-03 22:13:01,144 INFO frame 250/418 ts=363914189184 slot=LAE landmark_obs=145
2026-09-03 22:13:12,980 INFO frame 300/418 ts=365562028896 slot=LAE landmark_obs=118
2026-09-03 22:13:30,049 INFO frame 350/418 ts=367326077984 slot=LAE landmark_obs=168
2026-09-03 22:13:41,420 INFO frame 400/418 ts=369135789856 slot=LAE landmark_obs=173
2026-09-03 22:13:44,795 INFO frame 418/418 ts=369734697728 slot=LAE landmark_obs=138
2026-09-03 22:13:44,795 INFO Processed 419 frames in 91.5s (4.58 fps)
2026-09-03 22:13:44,796 INFO Total landmark observations added: 80335 (avg 191.73 per frame)
2026-09-03 22:13:44,798 INFO Wrote trajectory to /home/alien/Documents/research/third_article/pose_graph_bracketing_slam-stable/docs/results/aug_31_all/pipeline_clahe/yoda_bridge_0fps_ae_2_1969_12_31-19_05_53_region0_occ0/traj.tum
2026-09-03 22:14:21,535 INFO Global bundle adjustment: 36.7s
2026-09-03 22:14:21,538 INFO Wrote global-BA trajectory to /home/alien/Documents/research/third_article/pose_graph_bracketing_slam-stable/docs/results/aug_31_all/pipeline_clahe/yoda_bridge_0fps_ae_2_1969_12_31-19_05_53_region0_occ0/traj_global_ba.tum
2026-09-03 22:14:21,539 INFO Wrote per-frame robustness log to /home/alien/Documents/research/third_article/pose_graph_bracketing_slam-stable/docs/results/aug_31_all/pipeline_clahe/yoda_bridge_0fps_ae_2_1969_12_31-19_05_53_region0_occ0/traj_frames.csv
2026-09-03 22:14:21,563 INFO Wrote landmark provenance log to /home/alien/Documents/research/third_article/pose_graph_bracketing_slam-stable/docs/results/aug_31_all/pipeline_clahe/yoda_bridge_0fps_ae_2_1969_12_31-19_05_53_region0_occ0/traj_landmark_provenance.csv (18612 landmarks)
2026-09-03 22:14:21,564 INFO Backend resets this run: 0
2026-09-03 22:14:21,564 INFO Wrote run summary to /home/alien/Documents/research/third_article/pose_graph_bracketing_slam-stable/docs/results/aug_31_all/pipeline_clahe/yoda_bridge_0fps_ae_2_1969_12_31-19_05_53_region0_occ0/traj_summary.json
Loaded LightGlue model
