2026-08-26T07:41:50-04:00 === b_0fps ===
  data_dir=/home/alien/data/yoda/aug_9/yoda_aug_9_b_0fps_02ema_1969_12_31-19_13_05/data
  ground_truth=/home/alien/data/yoda/aug_9/yoda_aug_9_b_0fps_02ema_1969_12_31-19_13_05/offline/2026_08_11-18_27_17/traj.tum
2026-08-26T07:52:21-04:00   OK
2026-08-26T07:52:21-04:00 === ae_0fps ===
  data_dir=/home/alien/data/yoda/aug_9/yoda_aug_9_ae_0fps_02ema_1969_12_31-19_28_58/data
  ground_truth=/home/alien/data/yoda/aug_9/yoda_aug_9_ae_0fps_02ema_1969_12_31-19_28_58/offline/2026_08_23-15_53_53/traj.tum
2026-08-26T08:07:33-04:00 === b_0fps ===
  data_dir=/home/alien/data/yoda/aug_9/yoda_aug_9_b_0fps_02ema_1969_12_31-19_13_05/data
  ground_truth=/home/alien/data/yoda/aug_9/yoda_aug_9_b_0fps_02ema_1969_12_31-19_13_05/offline/2026_08_11-18_27_17/traj.tum
2026-08-26T08:18:05-04:00   OK
2026-08-26T08:18:05-04:00 === ae_0fps ===
  data_dir=/home/alien/data/yoda/aug_9/yoda_aug_9_ae_0fps_02ema_1969_12_31-19_28_58/data
  ground_truth=/home/alien/data/yoda/aug_9/yoda_aug_9_ae_0fps_02ema_1969_12_31-19_28_58/offline/2026_08_23-15_53_53/traj.tum
2026-08-26T08:26:02-04:00   OK
2026-08-26T08:26:02-04:00 === b_10fps ===
  data_dir=/home/alien/data/yoda/aug_9/yoda_aug_9_b_10fps_02ema_1969_12_31-19_27_24/data
  ground_truth=/home/alien/data/yoda/aug_9/yoda_aug_9_b_10fps_02ema_1969_12_31-19_27_24/offline/2026_08_11-18_51_00/traj.tum
2026-08-26T08:28:12-04:00   OK
2026-08-26T08:28:12-04:00 === ae_10fps ===
  data_dir=/home/alien/data/yoda/aug_9/yoda_aug_9_ae_10fps_02ema_1969_12_31-19_25_01/data
  ground_truth=/home/alien/data/yoda/aug_9/yoda_aug_9_ae_10fps_02ema_1969_12_31-19_25_01/offline/2026_08_11-19_01_45/traj.tum
2026-08-26T08:30:43-04:00 === b_0fps ===
  data_dir=/home/alien/data/yoda/aug_9/yoda_aug_9_b_0fps_02ema_1969_12_31-19_13_05/data
  ground_truth=/home/alien/data/yoda/aug_9/yoda_aug_9_b_0fps_02ema_1969_12_31-19_13_05/offline/2026_08_11-18_27_17/traj.tum
2026-08-26T08:41:17-04:00   OK
2026-08-26T08:41:17-04:00 === ae_0fps ===
  data_dir=/home/alien/data/yoda/aug_9/yoda_aug_9_ae_0fps_02ema_1969_12_31-19_28_58/data
  ground_truth=/home/alien/data/yoda/aug_9/yoda_aug_9_ae_0fps_02ema_1969_12_31-19_28_58/offline/2026_08_23-15_53_53/traj.tum
2026-08-26T08:49:27-04:00   OK
2026-08-26T08:49:27-04:00 === b_10fps ===
  data_dir=/home/alien/data/yoda/aug_9/yoda_aug_9_b_10fps_02ema_1969_12_31-19_27_24/data
  ground_truth=/home/alien/data/yoda/aug_9/yoda_aug_9_b_10fps_02ema_1969_12_31-19_27_24/offline/2026_08_11-18_51_00/traj.tum
2026-08-26T08:51:37-04:00   OK
2026-08-26T08:51:37-04:00 === ae_10fps ===
  data_dir=/home/alien/data/yoda/aug_9/yoda_aug_9_ae_10fps_02ema_1969_12_31-19_25_01/data
  ground_truth=/home/alien/data/yoda/aug_9/yoda_aug_9_ae_10fps_02ema_1969_12_31-19_25_01/offline/2026_08_11-19_01_45/traj.tum
2026-08-26T08:53:22-04:00   OK
2026-08-26T08:53:22-04:00 === vachon_n1_0fps ===
  data_dir=/home/alien/data/yoda/aug_25/yoda_vachon_n1_0fps_1969_12_31-19_18_57/data
  ground_truth=/home/alien/data/yoda/aug_25/yoda_vachon_n1_0fps_1969_12_31-19_18_57/offline/2026_08_26-00_09_24/traj.tum
2026-08-26T09:02:08-04:00   OK
2026-08-26T09:02:08-04:00 === vachon_n1_5fps ===
  data_dir=/home/alien/data/yoda/aug_25/yoda_vachon_n1_5fps_1969_12_31-19_25_46/data
  ground_truth=/home/alien/data/yoda/aug_25/yoda_vachon_n1_5fps_1969_12_31-19_25_46/offline/2026_08_26-00_10_25/traj.tum
2026-08-26T09:03:35-04:00   OK
2026-08-26T09:03:35-04:00 === vachon_n3_0fps ===
  data_dir=/home/alien/data/yoda/aug_25/yoda_vachon_n3_0fps_1969_12_31-19_20_55/data
  ground_truth=/home/alien/data/yoda/aug_25/yoda_vachon_n3_0fps_1969_12_31-19_20_55/offline/2026_08_26-00_11_35/traj.tum
2026-08-26T09:07:51-04:00   OK
2026-08-26T09:07:51-04:00 === vachon_n3_0fps_equal ===
  data_dir=/home/alien/data/yoda/aug_25/yoda_vachon_n3_0fps_equal_1969_12_31-19_22_33/data
  ground_truth=/home/alien/data/yoda/aug_25/yoda_vachon_n3_0fps_equal_1969_12_31-19_22_33/offline/2026_08_26-00_12_32/traj.tum
2026-08-26T09:12:20-04:00   OK
2026-08-26T09:12:20-04:00 === vachon_n3_5fps ===
  data_dir=/home/alien/data/yoda/aug_25/yoda_vachon_n3_5fps_1969_12_31-19_24_23/data
  ground_truth=/home/alien/data/yoda/aug_25/yoda_vachon_n3_5fps_1969_12_31-19_24_23/offline/2026_08_26-00_13_47/traj.tum
2026-08-26T09:13:35-04:00   OK
2026-08-26T09:13:35-04:00 === vachon_tunnel_n1_5fps ===
  data_dir=/home/alien/data/yoda/aug_25/yoda_vachon_tunnel_n1_5fps_1969_12_31-19_39_06/data
  ground_truth=/home/alien/data/yoda/aug_25/yoda_vachon_tunnel_n1_5fps_1969_12_31-19_39_06/offline/2026_08_26-00_16_03/traj.tum
2026-08-26T09:14:02-04:00   OK
2026-08-26T09:14:02-04:00 === vachon_tunnel_n3_5fps ===
  data_dir=/home/alien/data/yoda/aug_25/yoda_vachon_tunnel_n3_5fps_1969_12_31-19_40_28/data
  ground_truth=/home/alien/data/yoda/aug_25/yoda_vachon_tunnel_n3_5fps_1969_12_31-19_40_28/offline/2026_08_26-00_18_37/traj.tum
2026-08-26T09:14:28-04:00   OK
2026-08-26T09:14:28-04:00 Batch complete.
