2026-09-09T01:00:53-04:00 Discovered 33 hdrflow trajectories under /home/alien/data/yoda/sept_7 (occ-filter=both, traj-filter=*)
2026-09-09T01:00:53-04:00 === Pipeline phase: pipeline_default (hdrflow, config=/home/alien/Documents/research/third_article/pose_graph_bracketing_slam-stable/configs/default.yaml) ===
2026-09-09T01:01:02-04:00   [pipeline_default] yoda_ae_4fps_1_1969_12_31-19_50_31_region0_occ0_hdrflow FAILED (exit 1) -- see /home/alien/Documents/research/third_article/pose_graph_bracketing_slam-stable/docs/results/sept_7_all/pipeline_default/yoda_ae_4fps_1_1969_12_31-19_50_31_region0_occ0_hdrflow/run.log
2026-09-09T01:01:12-04:00   [pipeline_default] yoda_ae_4fps_1_1969_12_31-19_50_31_region0_occ1_hdrflow OK
2026-09-09T01:01:22-04:00   [pipeline_default] yoda_ae_4fps_2_1969_12_31-19_52_15_region0_occ0_hdrflow OK
2026-09-09T01:01:33-04:00   [pipeline_default] yoda_ae_4fps_2_1969_12_31-19_52_15_region0_occ1_hdrflow OK
2026-09-09T01:01:43-04:00   [pipeline_default] yoda_ae_4fps_3_1969_12_31-19_53_40_region0_occ0_hdrflow OK
2026-09-09T01:01:53-04:00   [pipeline_default] yoda_ae_4fps_3_1969_12_31-19_53_40_region0_occ1_hdrflow OK
2026-09-09T01:02:03-04:00   [pipeline_default] yoda_ae_4fps_4_1969_12_31-19_55_12_region0_occ0_hdrflow OK
2026-09-09T01:02:13-04:00   [pipeline_default] yoda_ae_4fps_4_1969_12_31-19_55_12_region0_occ1_hdrflow OK
2026-09-09T01:02:24-04:00   [pipeline_default] yoda_ae_4fps_5_1969_12_31-19_57_01_region0_occ0_hdrflow OK
2026-09-09T01:02:34-04:00   [pipeline_default] yoda_ae_4fps_5_1969_12_31-19_57_01_region0_occ1_hdrflow OK
2026-09-09T01:02:58-04:00   [pipeline_default] yoda_ae_4fps_loop_1969_12_31-19_17_37_region0_occ0_hdrflow OK
2026-09-09T01:03:08-04:00   [pipeline_default] yoda_bridge_4fps_1_1969_12_31-19_29_47_region0_occ0_hdrflow OK
2026-09-09T01:03:19-04:00   [pipeline_default] yoda_bridge_4fps_1_1969_12_31-19_29_47_region0_occ1_hdrflow OK
2026-09-09T01:03:29-04:00   [pipeline_default] yoda_bridge_4fps_2_1969_12_31-19_31_20_region0_occ0_hdrflow FAILED (exit 1) -- see /home/alien/Documents/research/third_article/pose_graph_bracketing_slam-stable/docs/results/sept_7_all/pipeline_default/yoda_bridge_4fps_2_1969_12_31-19_31_20_region0_occ0_hdrflow/run.log
2026-09-09T01:03:40-04:00   [pipeline_default] yoda_bridge_4fps_2_1969_12_31-19_31_20_region0_occ1_hdrflow OK
2026-09-09T01:03:51-04:00   [pipeline_default] yoda_bridge_4fps_3_1969_12_31-19_34_56_region0_occ0_hdrflow OK
2026-09-09T01:04:02-04:00   [pipeline_default] yoda_bridge_4fps_3_1969_12_31-19_34_56_region0_occ1_hdrflow OK
2026-09-09T01:04:12-04:00   [pipeline_default] yoda_bridge_4fps_4_1969_12_31-19_36_34_region0_occ0_hdrflow OK
2026-09-09T01:04:22-04:00   [pipeline_default] yoda_bridge_4fps_4_1969_12_31-19_36_34_region0_occ1_hdrflow OK
2026-09-09T01:04:33-04:00   [pipeline_default] yoda_bridge_4fps_5_1969_12_31-19_38_15_region0_occ0_hdrflow OK
2026-09-09T01:04:44-04:00   [pipeline_default] yoda_bridge_4fps_5_1969_12_31-19_38_15_region0_occ1_hdrflow OK
2026-09-09T01:04:59-04:00   [pipeline_default] yoda_bridge_4fps_loop_1969_12_31-19_15_48_region0_occ0_hdrflow FAILED (exit 1) -- see /home/alien/Documents/research/third_article/pose_graph_bracketing_slam-stable/docs/results/sept_7_all/pipeline_default/yoda_bridge_4fps_loop_1969_12_31-19_15_48_region0_occ0_hdrflow/run.log
2026-09-09T01:05:09-04:00   [pipeline_default] yoda_fix_4fps_1_1969_12_31-19_21_29_region0_occ0_hdrflow OK
2026-09-09T01:05:20-04:00   [pipeline_default] yoda_fix_4fps_1_1969_12_31-19_21_29_region0_occ1_hdrflow OK
2026-09-09T01:05:31-04:00   [pipeline_default] yoda_fix_4fps_2_1969_12_31-19_23_00_region0_occ0_hdrflow OK
2026-09-09T01:05:41-04:00   [pipeline_default] yoda_fix_4fps_2_1969_12_31-19_23_00_region0_occ1_hdrflow OK
2026-09-09T01:05:51-04:00   [pipeline_default] yoda_fix_4fps_3_1969_12_31-19_24_25_region0_occ0_hdrflow OK
2026-09-09T01:06:00-04:00   [pipeline_default] yoda_fix_4fps_3_1969_12_31-19_24_25_region0_occ1_hdrflow OK
2026-09-09T01:06:06-04:00   [pipeline_default] yoda_fix_4fps_4_1969_12_31-19_25_41_region0_occ0_hdrflow FAILED (exit 1) -- see /home/alien/Documents/research/third_article/pose_graph_bracketing_slam-stable/docs/results/sept_7_all/pipeline_default/yoda_fix_4fps_4_1969_12_31-19_25_41_region0_occ0_hdrflow/run.log
2026-09-09T01:06:16-04:00   [pipeline_default] yoda_fix_4fps_4_1969_12_31-19_25_41_region0_occ1_hdrflow OK
2026-09-09T01:06:27-04:00   [pipeline_default] yoda_fix_4fps_5_1969_12_31-19_27_02_region0_occ0_hdrflow OK
2026-09-09T01:06:34-04:00   [pipeline_default] yoda_fix_4fps_5_1969_12_31-19_27_02_region0_occ1_hdrflow FAILED (exit 1) -- see /home/alien/Documents/research/third_article/pose_graph_bracketing_slam-stable/docs/results/sept_7_all/pipeline_default/yoda_fix_4fps_5_1969_12_31-19_27_02_region0_occ1_hdrflow/run.log
2026-09-09T01:06:44-04:00   [pipeline_default] yoda_fix_4fps_loop_1969_12_31-19_14_13_region0_occ0_hdrflow FAILED (exit 1) -- see /home/alien/Documents/research/third_article/pose_graph_bracketing_slam-stable/docs/results/sept_7_all/pipeline_default/yoda_fix_4fps_loop_1969_12_31-19_14_13_region0_occ0_hdrflow/run.log
2026-09-09T01:06:44-04:00 === Pipeline phase: pipeline_clahe (hdrflow, config=/home/alien/Documents/research/third_article/pose_graph_bracketing_slam-stable/docs/results/sept_7_all/clahe_config.yaml) ===
2026-09-09T01:06:55-04:00   [pipeline_clahe] yoda_ae_4fps_1_1969_12_31-19_50_31_region0_occ0_hdrflow OK
2026-09-09T01:07:06-04:00   [pipeline_clahe] yoda_ae_4fps_1_1969_12_31-19_50_31_region0_occ1_hdrflow OK
2026-09-09T01:07:16-04:00   [pipeline_clahe] yoda_ae_4fps_2_1969_12_31-19_52_15_region0_occ0_hdrflow OK
2026-09-09T01:07:26-04:00   [pipeline_clahe] yoda_ae_4fps_2_1969_12_31-19_52_15_region0_occ1_hdrflow OK
2026-09-09T01:07:36-04:00   [pipeline_clahe] yoda_ae_4fps_3_1969_12_31-19_53_40_region0_occ0_hdrflow OK
2026-09-09T01:07:46-04:00   [pipeline_clahe] yoda_ae_4fps_3_1969_12_31-19_53_40_region0_occ1_hdrflow OK
2026-09-09T01:07:56-04:00   [pipeline_clahe] yoda_ae_4fps_4_1969_12_31-19_55_12_region0_occ0_hdrflow FAILED (exit 1) -- see /home/alien/Documents/research/third_article/pose_graph_bracketing_slam-stable/docs/results/sept_7_all/pipeline_clahe/yoda_ae_4fps_4_1969_12_31-19_55_12_region0_occ0_hdrflow/run.log
2026-09-09T01:08:06-04:00   [pipeline_clahe] yoda_ae_4fps_4_1969_12_31-19_55_12_region0_occ1_hdrflow OK
2026-09-09T01:08:17-04:00   [pipeline_clahe] yoda_ae_4fps_5_1969_12_31-19_57_01_region0_occ0_hdrflow OK
2026-09-09T01:08:27-04:00   [pipeline_clahe] yoda_ae_4fps_5_1969_12_31-19_57_01_region0_occ1_hdrflow OK
2026-09-09T01:08:42-04:00   [pipeline_clahe] yoda_ae_4fps_loop_1969_12_31-19_17_37_region0_occ0_hdrflow FAILED (exit 1) -- see /home/alien/Documents/research/third_article/pose_graph_bracketing_slam-stable/docs/results/sept_7_all/pipeline_clahe/yoda_ae_4fps_loop_1969_12_31-19_17_37_region0_occ0_hdrflow/run.log
2026-09-09T01:08:52-04:00   [pipeline_clahe] yoda_bridge_4fps_1_1969_12_31-19_29_47_region0_occ0_hdrflow OK
2026-09-09T01:09:04-04:00   [pipeline_clahe] yoda_bridge_4fps_1_1969_12_31-19_29_47_region0_occ1_hdrflow OK
2026-09-09T01:09:11-04:00   [pipeline_clahe] yoda_bridge_4fps_2_1969_12_31-19_31_20_region0_occ0_hdrflow FAILED (exit 1) -- see /home/alien/Documents/research/third_article/pose_graph_bracketing_slam-stable/docs/results/sept_7_all/pipeline_clahe/yoda_bridge_4fps_2_1969_12_31-19_31_20_region0_occ0_hdrflow/run.log
2026-09-09T01:09:21-04:00   [pipeline_clahe] yoda_bridge_4fps_2_1969_12_31-19_31_20_region0_occ1_hdrflow OK
2026-09-09T01:09:32-04:00   [pipeline_clahe] yoda_bridge_4fps_3_1969_12_31-19_34_56_region0_occ0_hdrflow OK
2026-09-09T01:09:42-04:00   [pipeline_clahe] yoda_bridge_4fps_3_1969_12_31-19_34_56_region0_occ1_hdrflow OK
2026-09-09T01:09:53-04:00   [pipeline_clahe] yoda_bridge_4fps_4_1969_12_31-19_36_34_region0_occ0_hdrflow OK
2026-09-09T01:10:03-04:00   [pipeline_clahe] yoda_bridge_4fps_4_1969_12_31-19_36_34_region0_occ1_hdrflow OK
2026-09-09T01:10:14-04:00   [pipeline_clahe] yoda_bridge_4fps_5_1969_12_31-19_38_15_region0_occ0_hdrflow OK
2026-09-09T01:10:25-04:00   [pipeline_clahe] yoda_bridge_4fps_5_1969_12_31-19_38_15_region0_occ1_hdrflow OK
2026-09-09T01:10:33-04:00   [pipeline_clahe] yoda_bridge_4fps_loop_1969_12_31-19_15_48_region0_occ0_hdrflow FAILED (exit 1) -- see /home/alien/Documents/research/third_article/pose_graph_bracketing_slam-stable/docs/results/sept_7_all/pipeline_clahe/yoda_bridge_4fps_loop_1969_12_31-19_15_48_region0_occ0_hdrflow/run.log
2026-09-09T01:10:40-04:00   [pipeline_clahe] yoda_fix_4fps_1_1969_12_31-19_21_29_region0_occ0_hdrflow FAILED (exit 1) -- see /home/alien/Documents/research/third_article/pose_graph_bracketing_slam-stable/docs/results/sept_7_all/pipeline_clahe/yoda_fix_4fps_1_1969_12_31-19_21_29_region0_occ0_hdrflow/run.log
2026-09-09T01:10:51-04:00   [pipeline_clahe] yoda_fix_4fps_1_1969_12_31-19_21_29_region0_occ1_hdrflow OK
2026-09-09T01:11:01-04:00   [pipeline_clahe] yoda_fix_4fps_2_1969_12_31-19_23_00_region0_occ0_hdrflow OK
2026-09-09T01:11:11-04:00   [pipeline_clahe] yoda_fix_4fps_2_1969_12_31-19_23_00_region0_occ1_hdrflow FAILED (exit 1) -- see /home/alien/Documents/research/third_article/pose_graph_bracketing_slam-stable/docs/results/sept_7_all/pipeline_clahe/yoda_fix_4fps_2_1969_12_31-19_23_00_region0_occ1_hdrflow/run.log
2026-09-09T01:11:19-04:00   [pipeline_clahe] yoda_fix_4fps_3_1969_12_31-19_24_25_region0_occ0_hdrflow FAILED (exit 1) -- see /home/alien/Documents/research/third_article/pose_graph_bracketing_slam-stable/docs/results/sept_7_all/pipeline_clahe/yoda_fix_4fps_3_1969_12_31-19_24_25_region0_occ0_hdrflow/run.log
2026-09-09T01:11:26-04:00   [pipeline_clahe] yoda_fix_4fps_3_1969_12_31-19_24_25_region0_occ1_hdrflow FAILED (exit 1) -- see /home/alien/Documents/research/third_article/pose_graph_bracketing_slam-stable/docs/results/sept_7_all/pipeline_clahe/yoda_fix_4fps_3_1969_12_31-19_24_25_region0_occ1_hdrflow/run.log
2026-09-09T01:11:33-04:00   [pipeline_clahe] yoda_fix_4fps_4_1969_12_31-19_25_41_region0_occ0_hdrflow FAILED (exit 1) -- see /home/alien/Documents/research/third_article/pose_graph_bracketing_slam-stable/docs/results/sept_7_all/pipeline_clahe/yoda_fix_4fps_4_1969_12_31-19_25_41_region0_occ0_hdrflow/run.log
2026-09-09T01:11:42-04:00   [pipeline_clahe] yoda_fix_4fps_4_1969_12_31-19_25_41_region0_occ1_hdrflow FAILED (exit 1) -- see /home/alien/Documents/research/third_article/pose_graph_bracketing_slam-stable/docs/results/sept_7_all/pipeline_clahe/yoda_fix_4fps_4_1969_12_31-19_25_41_region0_occ1_hdrflow/run.log
2026-09-09T01:11:50-04:00   [pipeline_clahe] yoda_fix_4fps_5_1969_12_31-19_27_02_region0_occ0_hdrflow FAILED (exit 1) -- see /home/alien/Documents/research/third_article/pose_graph_bracketing_slam-stable/docs/results/sept_7_all/pipeline_clahe/yoda_fix_4fps_5_1969_12_31-19_27_02_region0_occ0_hdrflow/run.log
2026-09-09T01:12:00-04:00   [pipeline_clahe] yoda_fix_4fps_5_1969_12_31-19_27_02_region0_occ1_hdrflow OK
2026-09-09T01:12:10-04:00   [pipeline_clahe] yoda_fix_4fps_loop_1969_12_31-19_14_13_region0_occ0_hdrflow FAILED (exit 1) -- see /home/alien/Documents/research/third_article/pose_graph_bracketing_slam-stable/docs/results/sept_7_all/pipeline_clahe/yoda_fix_4fps_loop_1969_12_31-19_14_13_region0_occ0_hdrflow/run.log
2026-09-09T01:12:10-04:00 === SOTA method: airslam (hdrflow) ===
2026-09-09T01:17:20-04:00   [airslam] benchmark script OK
2026-09-09T01:17:20-04:00   [airslam] copied yoda_ae_4fps_1_1969_12_31-19_50_31_region0_occ0_hdrflow.txt
2026-09-09T01:17:20-04:00   [airslam] copied yoda_ae_4fps_1_1969_12_31-19_50_31_region0_occ1_hdrflow.txt
2026-09-09T01:17:20-04:00   [airslam] copied yoda_ae_4fps_2_1969_12_31-19_52_15_region0_occ0_hdrflow.txt
2026-09-09T01:17:20-04:00   [airslam] copied yoda_ae_4fps_2_1969_12_31-19_52_15_region0_occ1_hdrflow.txt
2026-09-09T01:17:20-04:00   [airslam] copied yoda_ae_4fps_3_1969_12_31-19_53_40_region0_occ0_hdrflow.txt
2026-09-09T01:17:20-04:00   [airslam] copied yoda_ae_4fps_3_1969_12_31-19_53_40_region0_occ1_hdrflow.txt
2026-09-09T01:17:20-04:00   [airslam] copied yoda_ae_4fps_4_1969_12_31-19_55_12_region0_occ0_hdrflow.txt
2026-09-09T01:17:20-04:00   [airslam] copied yoda_ae_4fps_4_1969_12_31-19_55_12_region0_occ1_hdrflow.txt
2026-09-09T01:17:20-04:00   [airslam] copied yoda_ae_4fps_5_1969_12_31-19_57_01_region0_occ0_hdrflow.txt
2026-09-09T01:17:20-04:00   [airslam] copied yoda_ae_4fps_5_1969_12_31-19_57_01_region0_occ1_hdrflow.txt
2026-09-09T01:17:20-04:00   [airslam] copied yoda_ae_4fps_loop_1969_12_31-19_17_37_region0_occ0_hdrflow.txt
2026-09-09T01:17:20-04:00   [airslam] copied yoda_bridge_4fps_1_1969_12_31-19_29_47_region0_occ0_hdrflow.txt
2026-09-09T01:17:20-04:00   [airslam] copied yoda_bridge_4fps_1_1969_12_31-19_29_47_region0_occ1_hdrflow.txt
2026-09-09T01:17:20-04:00   [airslam] copied yoda_bridge_4fps_2_1969_12_31-19_31_20_region0_occ0_hdrflow.txt
2026-09-09T01:17:20-04:00   [airslam] copied yoda_bridge_4fps_2_1969_12_31-19_31_20_region0_occ1_hdrflow.txt
2026-09-09T01:17:20-04:00   [airslam] copied yoda_bridge_4fps_3_1969_12_31-19_34_56_region0_occ0_hdrflow.txt
2026-09-09T01:17:20-04:00   [airslam] copied yoda_bridge_4fps_3_1969_12_31-19_34_56_region0_occ1_hdrflow.txt
2026-09-09T01:17:20-04:00   [airslam] copied yoda_bridge_4fps_4_1969_12_31-19_36_34_region0_occ0_hdrflow.txt
2026-09-09T01:17:20-04:00   [airslam] copied yoda_bridge_4fps_4_1969_12_31-19_36_34_region0_occ1_hdrflow.txt
2026-09-09T01:17:20-04:00   [airslam] copied yoda_bridge_4fps_5_1969_12_31-19_38_15_region0_occ0_hdrflow.txt
2026-09-09T01:17:20-04:00   [airslam] copied yoda_bridge_4fps_5_1969_12_31-19_38_15_region0_occ1_hdrflow.txt
2026-09-09T01:17:20-04:00   [airslam] copied yoda_bridge_4fps_loop_1969_12_31-19_15_48_region0_occ0_hdrflow.txt
2026-09-09T01:17:20-04:00   [airslam] copied yoda_fix_4fps_1_1969_12_31-19_21_29_region0_occ0_hdrflow.txt
2026-09-09T01:17:20-04:00   [airslam] copied yoda_fix_4fps_1_1969_12_31-19_21_29_region0_occ1_hdrflow.txt
2026-09-09T01:17:20-04:00   [airslam] copied yoda_fix_4fps_2_1969_12_31-19_23_00_region0_occ0_hdrflow.txt
2026-09-09T01:17:20-04:00   [airslam] copied yoda_fix_4fps_2_1969_12_31-19_23_00_region0_occ1_hdrflow.txt
2026-09-09T01:17:20-04:00   [airslam] copied yoda_fix_4fps_3_1969_12_31-19_24_25_region0_occ0_hdrflow.txt
2026-09-09T01:17:20-04:00   [airslam] copied yoda_fix_4fps_3_1969_12_31-19_24_25_region0_occ1_hdrflow.txt
2026-09-09T01:17:20-04:00   [airslam] copied yoda_fix_4fps_4_1969_12_31-19_25_41_region0_occ0_hdrflow.txt
2026-09-09T01:17:20-04:00   [airslam] copied yoda_fix_4fps_4_1969_12_31-19_25_41_region0_occ1_hdrflow.txt
2026-09-09T01:17:20-04:00   [airslam] copied yoda_fix_4fps_5_1969_12_31-19_27_02_region0_occ0_hdrflow.txt
2026-09-09T01:17:20-04:00   [airslam] copied yoda_fix_4fps_5_1969_12_31-19_27_02_region0_occ1_hdrflow.txt
2026-09-09T01:17:20-04:00   [airslam] copied yoda_fix_4fps_loop_1969_12_31-19_14_13_region0_occ0_hdrflow.txt
2026-09-09T01:17:20-04:00 === SOTA method: cuvslam (hdrflow) ===
2026-09-09T01:18:54-04:00   [cuvslam] benchmark script OK
2026-09-09T01:18:54-04:00   [cuvslam] copied yoda_ae_4fps_1_1969_12_31-19_50_31_region0_occ0_hdrflow.txt
2026-09-09T01:18:54-04:00   [cuvslam] copied yoda_ae_4fps_1_1969_12_31-19_50_31_region0_occ1_hdrflow.txt
2026-09-09T01:18:54-04:00   [cuvslam] copied yoda_ae_4fps_2_1969_12_31-19_52_15_region0_occ0_hdrflow.txt
2026-09-09T01:18:54-04:00   [cuvslam] copied yoda_ae_4fps_2_1969_12_31-19_52_15_region0_occ1_hdrflow.txt
2026-09-09T01:18:54-04:00   [cuvslam] copied yoda_ae_4fps_3_1969_12_31-19_53_40_region0_occ0_hdrflow.txt
2026-09-09T01:18:54-04:00   [cuvslam] copied yoda_ae_4fps_3_1969_12_31-19_53_40_region0_occ1_hdrflow.txt
2026-09-09T01:18:54-04:00   [cuvslam] copied yoda_ae_4fps_4_1969_12_31-19_55_12_region0_occ0_hdrflow.txt
2026-09-09T01:18:54-04:00   [cuvslam] copied yoda_ae_4fps_4_1969_12_31-19_55_12_region0_occ1_hdrflow.txt
2026-09-09T01:18:54-04:00   [cuvslam] copied yoda_ae_4fps_5_1969_12_31-19_57_01_region0_occ0_hdrflow.txt
2026-09-09T01:18:54-04:00   [cuvslam] copied yoda_ae_4fps_5_1969_12_31-19_57_01_region0_occ1_hdrflow.txt
2026-09-09T01:18:54-04:00   [cuvslam] copied yoda_ae_4fps_loop_1969_12_31-19_17_37_region0_occ0_hdrflow.txt
2026-09-09T01:18:54-04:00   [cuvslam] copied yoda_bridge_4fps_1_1969_12_31-19_29_47_region0_occ0_hdrflow.txt
2026-09-09T01:18:54-04:00   [cuvslam] copied yoda_bridge_4fps_1_1969_12_31-19_29_47_region0_occ1_hdrflow.txt
2026-09-09T01:18:54-04:00   [cuvslam] copied yoda_bridge_4fps_2_1969_12_31-19_31_20_region0_occ0_hdrflow.txt
2026-09-09T01:18:54-04:00   [cuvslam] copied yoda_bridge_4fps_2_1969_12_31-19_31_20_region0_occ1_hdrflow.txt
2026-09-09T01:18:54-04:00   [cuvslam] copied yoda_bridge_4fps_3_1969_12_31-19_34_56_region0_occ0_hdrflow.txt
2026-09-09T01:18:54-04:00   [cuvslam] copied yoda_bridge_4fps_3_1969_12_31-19_34_56_region0_occ1_hdrflow.txt
2026-09-09T01:18:54-04:00   [cuvslam] copied yoda_bridge_4fps_4_1969_12_31-19_36_34_region0_occ0_hdrflow.txt
2026-09-09T01:18:54-04:00   [cuvslam] copied yoda_bridge_4fps_4_1969_12_31-19_36_34_region0_occ1_hdrflow.txt
2026-09-09T01:18:54-04:00   [cuvslam] copied yoda_bridge_4fps_5_1969_12_31-19_38_15_region0_occ0_hdrflow.txt
2026-09-09T01:18:54-04:00   [cuvslam] copied yoda_bridge_4fps_5_1969_12_31-19_38_15_region0_occ1_hdrflow.txt
2026-09-09T01:18:54-04:00   [cuvslam] copied yoda_bridge_4fps_loop_1969_12_31-19_15_48_region0_occ0_hdrflow.txt
2026-09-09T01:18:54-04:00   [cuvslam] copied yoda_fix_4fps_1_1969_12_31-19_21_29_region0_occ0_hdrflow.txt
2026-09-09T01:18:54-04:00   [cuvslam] copied yoda_fix_4fps_1_1969_12_31-19_21_29_region0_occ1_hdrflow.txt
2026-09-09T01:18:54-04:00   [cuvslam] copied yoda_fix_4fps_2_1969_12_31-19_23_00_region0_occ0_hdrflow.txt
2026-09-09T01:18:54-04:00   [cuvslam] copied yoda_fix_4fps_2_1969_12_31-19_23_00_region0_occ1_hdrflow.txt
2026-09-09T01:18:54-04:00   [cuvslam] copied yoda_fix_4fps_3_1969_12_31-19_24_25_region0_occ0_hdrflow.txt
2026-09-09T01:18:54-04:00   [cuvslam] copied yoda_fix_4fps_3_1969_12_31-19_24_25_region0_occ1_hdrflow.txt
2026-09-09T01:18:54-04:00   [cuvslam] copied yoda_fix_4fps_4_1969_12_31-19_25_41_region0_occ0_hdrflow.txt
2026-09-09T01:18:54-04:00   [cuvslam] copied yoda_fix_4fps_4_1969_12_31-19_25_41_region0_occ1_hdrflow.txt
2026-09-09T01:18:54-04:00   [cuvslam] copied yoda_fix_4fps_5_1969_12_31-19_27_02_region0_occ0_hdrflow.txt
2026-09-09T01:18:54-04:00   [cuvslam] copied yoda_fix_4fps_5_1969_12_31-19_27_02_region0_occ1_hdrflow.txt
2026-09-09T01:18:54-04:00   [cuvslam] copied yoda_fix_4fps_loop_1969_12_31-19_14_13_region0_occ0_hdrflow.txt
2026-09-09T01:18:54-04:00 === SOTA method: orbslam3 (hdrflow) ===
2026-09-09T01:30:43-04:00   [orbslam3] benchmark script FAILED (exit 1) -- see /home/alien/Documents/research/third_article/pose_graph_bracketing_slam-stable/docs/results/sept_7_all/sota_orbslam3_hdrflow.log
2026-09-09T01:30:43-04:00   [orbslam3] copied yoda_ae_4fps_1_1969_12_31-19_50_31_region0_occ0_hdrflow.txt
2026-09-09T01:30:43-04:00   [orbslam3] copied yoda_ae_4fps_1_1969_12_31-19_50_31_region0_occ1_hdrflow.txt
2026-09-09T01:30:43-04:00   [orbslam3] copied yoda_ae_4fps_2_1969_12_31-19_52_15_region0_occ0_hdrflow.txt
2026-09-09T01:30:43-04:00   [orbslam3] copied yoda_ae_4fps_2_1969_12_31-19_52_15_region0_occ1_hdrflow.txt
2026-09-09T01:30:43-04:00   [orbslam3] copied yoda_ae_4fps_3_1969_12_31-19_53_40_region0_occ0_hdrflow.txt
2026-09-09T01:30:43-04:00   [orbslam3] copied yoda_ae_4fps_3_1969_12_31-19_53_40_region0_occ1_hdrflow.txt
2026-09-09T01:30:43-04:00   [orbslam3] copied yoda_ae_4fps_4_1969_12_31-19_55_12_region0_occ0_hdrflow.txt
2026-09-09T01:30:43-04:00   [orbslam3] copied yoda_ae_4fps_4_1969_12_31-19_55_12_region0_occ1_hdrflow.txt
2026-09-09T01:30:43-04:00   [orbslam3] copied yoda_ae_4fps_5_1969_12_31-19_57_01_region0_occ0_hdrflow.txt
2026-09-09T01:30:43-04:00   [orbslam3] copied yoda_ae_4fps_5_1969_12_31-19_57_01_region0_occ1_hdrflow.txt
2026-09-09T01:30:43-04:00   [orbslam3] copied yoda_ae_4fps_loop_1969_12_31-19_17_37_region0_occ0_hdrflow.txt
2026-09-09T01:30:43-04:00   [orbslam3] copied yoda_bridge_4fps_1_1969_12_31-19_29_47_region0_occ0_hdrflow.txt
2026-09-09T01:30:43-04:00   [orbslam3] copied yoda_bridge_4fps_1_1969_12_31-19_29_47_region0_occ1_hdrflow.txt
2026-09-09T01:30:43-04:00   [orbslam3] copied yoda_bridge_4fps_2_1969_12_31-19_31_20_region0_occ0_hdrflow.txt
2026-09-09T01:30:43-04:00   [orbslam3] copied yoda_bridge_4fps_2_1969_12_31-19_31_20_region0_occ1_hdrflow.txt
2026-09-09T01:30:43-04:00   [orbslam3] copied yoda_bridge_4fps_3_1969_12_31-19_34_56_region0_occ0_hdrflow.txt
2026-09-09T01:30:43-04:00   [orbslam3] copied yoda_bridge_4fps_3_1969_12_31-19_34_56_region0_occ1_hdrflow.txt
2026-09-09T01:30:43-04:00   [orbslam3] copied yoda_bridge_4fps_4_1969_12_31-19_36_34_region0_occ0_hdrflow.txt
2026-09-09T01:30:43-04:00   [orbslam3] copied yoda_bridge_4fps_4_1969_12_31-19_36_34_region0_occ1_hdrflow.txt
2026-09-09T01:30:43-04:00   [orbslam3] copied yoda_bridge_4fps_5_1969_12_31-19_38_15_region0_occ0_hdrflow.txt
2026-09-09T01:30:43-04:00   [orbslam3] copied yoda_bridge_4fps_5_1969_12_31-19_38_15_region0_occ1_hdrflow.txt
2026-09-09T01:30:43-04:00   [orbslam3] copied yoda_bridge_4fps_loop_1969_12_31-19_15_48_region0_occ0_hdrflow.txt
2026-09-09T01:30:43-04:00   [orbslam3] copied yoda_fix_4fps_1_1969_12_31-19_21_29_region0_occ0_hdrflow.txt
2026-09-09T01:30:43-04:00   [orbslam3] copied yoda_fix_4fps_1_1969_12_31-19_21_29_region0_occ1_hdrflow.txt
2026-09-09T01:30:43-04:00   [orbslam3] copied yoda_fix_4fps_2_1969_12_31-19_23_00_region0_occ0_hdrflow.txt
2026-09-09T01:30:43-04:00   [orbslam3] copied yoda_fix_4fps_2_1969_12_31-19_23_00_region0_occ1_hdrflow.txt
2026-09-09T01:30:43-04:00   [orbslam3] copied yoda_fix_4fps_3_1969_12_31-19_24_25_region0_occ0_hdrflow.txt
2026-09-09T01:30:43-04:00   [orbslam3] copied yoda_fix_4fps_3_1969_12_31-19_24_25_region0_occ1_hdrflow.txt
2026-09-09T01:30:43-04:00   [orbslam3] copied yoda_fix_4fps_4_1969_12_31-19_25_41_region0_occ0_hdrflow.txt
2026-09-09T01:30:43-04:00   [orbslam3] copied yoda_fix_4fps_4_1969_12_31-19_25_41_region0_occ1_hdrflow.txt
2026-09-09T01:30:43-04:00   [orbslam3] copied yoda_fix_4fps_5_1969_12_31-19_27_02_region0_occ0_hdrflow.txt
2026-09-09T01:30:43-04:00   [orbslam3] copied yoda_fix_4fps_5_1969_12_31-19_27_02_region0_occ1_hdrflow.txt
2026-09-09T01:30:43-04:00   [orbslam3] copied yoda_fix_4fps_loop_1969_12_31-19_14_13_region0_occ0_hdrflow.txt
2026-09-09T01:30:43-04:00 === Comparison phase (hdrflow) ===
2026-09-09T01:30:44-04:00   [compare] yoda_ae_4fps_1_1969_12_31-19_50_31_region0_occ0_hdrflow (incremental) OK
2026-09-09T01:30:44-04:00   [compare] yoda_ae_4fps_1_1969_12_31-19_50_31_region0_occ0_hdrflow (global_ba) OK
2026-09-09T01:30:45-04:00   [compare] yoda_ae_4fps_1_1969_12_31-19_50_31_region0_occ1_hdrflow (incremental) OK
2026-09-09T01:30:46-04:00   [compare] yoda_ae_4fps_1_1969_12_31-19_50_31_region0_occ1_hdrflow (global_ba) OK
2026-09-09T01:30:47-04:00   [compare] yoda_ae_4fps_2_1969_12_31-19_52_15_region0_occ0_hdrflow (incremental) OK
2026-09-09T01:30:47-04:00   [compare] yoda_ae_4fps_2_1969_12_31-19_52_15_region0_occ0_hdrflow (global_ba) OK
2026-09-09T01:30:49-04:00   [compare] yoda_ae_4fps_2_1969_12_31-19_52_15_region0_occ1_hdrflow (incremental) OK
2026-09-09T01:30:50-04:00   [compare] yoda_ae_4fps_2_1969_12_31-19_52_15_region0_occ1_hdrflow (global_ba) OK
2026-09-09T01:30:51-04:00   [compare] yoda_ae_4fps_3_1969_12_31-19_53_40_region0_occ0_hdrflow (incremental) OK
2026-09-09T01:30:52-04:00   [compare] yoda_ae_4fps_3_1969_12_31-19_53_40_region0_occ0_hdrflow (global_ba) OK
2026-09-09T01:30:53-04:00   [compare] yoda_ae_4fps_3_1969_12_31-19_53_40_region0_occ1_hdrflow (incremental) OK
2026-09-09T01:30:53-04:00   [compare] yoda_ae_4fps_3_1969_12_31-19_53_40_region0_occ1_hdrflow (global_ba) OK
2026-09-09T01:30:54-04:00   [compare] yoda_ae_4fps_4_1969_12_31-19_55_12_region0_occ0_hdrflow (incremental) OK
2026-09-09T01:30:55-04:00   [compare] yoda_ae_4fps_4_1969_12_31-19_55_12_region0_occ0_hdrflow (global_ba) OK
2026-09-09T01:30:56-04:00   [compare] yoda_ae_4fps_4_1969_12_31-19_55_12_region0_occ1_hdrflow (incremental) OK
2026-09-09T01:30:57-04:00   [compare] yoda_ae_4fps_4_1969_12_31-19_55_12_region0_occ1_hdrflow (global_ba) OK
2026-09-09T01:30:58-04:00   [compare] yoda_ae_4fps_5_1969_12_31-19_57_01_region0_occ0_hdrflow (incremental) OK
2026-09-09T01:30:58-04:00   [compare] yoda_ae_4fps_5_1969_12_31-19_57_01_region0_occ0_hdrflow (global_ba) OK
2026-09-09T01:30:59-04:00   [compare] yoda_ae_4fps_5_1969_12_31-19_57_01_region0_occ1_hdrflow (incremental) OK
2026-09-09T01:31:00-04:00   [compare] yoda_ae_4fps_5_1969_12_31-19_57_01_region0_occ1_hdrflow (global_ba) OK
2026-09-09T01:31:01-04:00   [compare] yoda_ae_4fps_loop_1969_12_31-19_17_37_region0_occ0_hdrflow (incremental) OK
2026-09-09T01:31:02-04:00   [compare] yoda_ae_4fps_loop_1969_12_31-19_17_37_region0_occ0_hdrflow (global_ba) OK
2026-09-09T01:31:03-04:00   [compare] yoda_bridge_4fps_1_1969_12_31-19_29_47_region0_occ0_hdrflow (incremental) OK
2026-09-09T01:31:04-04:00   [compare] yoda_bridge_4fps_1_1969_12_31-19_29_47_region0_occ0_hdrflow (global_ba) OK
2026-09-09T01:31:04-04:00   [compare] yoda_bridge_4fps_1_1969_12_31-19_29_47_region0_occ1_hdrflow (incremental) OK
2026-09-09T01:31:05-04:00   [compare] yoda_bridge_4fps_1_1969_12_31-19_29_47_region0_occ1_hdrflow (global_ba) OK
2026-09-09T01:31:06-04:00   [compare] yoda_bridge_4fps_2_1969_12_31-19_31_20_region0_occ0_hdrflow (incremental) OK
2026-09-09T01:31:07-04:00   [compare] yoda_bridge_4fps_2_1969_12_31-19_31_20_region0_occ0_hdrflow (global_ba) OK
2026-09-09T01:31:08-04:00   [compare] yoda_bridge_4fps_2_1969_12_31-19_31_20_region0_occ1_hdrflow (incremental) OK
2026-09-09T01:31:09-04:00   [compare] yoda_bridge_4fps_2_1969_12_31-19_31_20_region0_occ1_hdrflow (global_ba) OK
2026-09-09T01:31:09-04:00   [compare] yoda_bridge_4fps_3_1969_12_31-19_34_56_region0_occ0_hdrflow (incremental) OK
2026-09-09T01:31:10-04:00   [compare] yoda_bridge_4fps_3_1969_12_31-19_34_56_region0_occ0_hdrflow (global_ba) OK
2026-09-09T01:31:11-04:00   [compare] yoda_bridge_4fps_3_1969_12_31-19_34_56_region0_occ1_hdrflow (incremental) OK
2026-09-09T01:31:12-04:00   [compare] yoda_bridge_4fps_3_1969_12_31-19_34_56_region0_occ1_hdrflow (global_ba) OK
2026-09-09T01:31:13-04:00   [compare] yoda_bridge_4fps_4_1969_12_31-19_36_34_region0_occ0_hdrflow (incremental) OK
2026-09-09T01:31:14-04:00   [compare] yoda_bridge_4fps_4_1969_12_31-19_36_34_region0_occ0_hdrflow (global_ba) OK
2026-09-09T01:31:15-04:00   [compare] yoda_bridge_4fps_4_1969_12_31-19_36_34_region0_occ1_hdrflow (incremental) OK
2026-09-09T01:31:15-04:00   [compare] yoda_bridge_4fps_4_1969_12_31-19_36_34_region0_occ1_hdrflow (global_ba) OK
2026-09-09T01:31:16-04:00   [compare] yoda_bridge_4fps_5_1969_12_31-19_38_15_region0_occ0_hdrflow (incremental) OK
2026-09-09T01:31:17-04:00   [compare] yoda_bridge_4fps_5_1969_12_31-19_38_15_region0_occ0_hdrflow (global_ba) OK
2026-09-09T01:31:18-04:00   [compare] yoda_bridge_4fps_5_1969_12_31-19_38_15_region0_occ1_hdrflow (incremental) OK
2026-09-09T01:31:19-04:00   [compare] yoda_bridge_4fps_5_1969_12_31-19_38_15_region0_occ1_hdrflow (global_ba) OK
2026-09-09T01:31:20-04:00   [compare] yoda_bridge_4fps_loop_1969_12_31-19_15_48_region0_occ0_hdrflow (incremental) OK
2026-09-09T01:31:20-04:00   [compare] yoda_bridge_4fps_loop_1969_12_31-19_15_48_region0_occ0_hdrflow (global_ba) OK
2026-09-09T01:31:21-04:00   [compare] yoda_fix_4fps_1_1969_12_31-19_21_29_region0_occ0_hdrflow (incremental) OK
2026-09-09T01:31:22-04:00   [compare] yoda_fix_4fps_1_1969_12_31-19_21_29_region0_occ0_hdrflow (global_ba) OK
2026-09-09T01:31:23-04:00   [compare] yoda_fix_4fps_1_1969_12_31-19_21_29_region0_occ1_hdrflow (incremental) OK
2026-09-09T01:31:24-04:00   [compare] yoda_fix_4fps_1_1969_12_31-19_21_29_region0_occ1_hdrflow (global_ba) OK
2026-09-09T01:31:25-04:00   [compare] yoda_fix_4fps_2_1969_12_31-19_23_00_region0_occ0_hdrflow (incremental) OK
2026-09-09T01:31:25-04:00   [compare] yoda_fix_4fps_2_1969_12_31-19_23_00_region0_occ0_hdrflow (global_ba) OK
2026-09-09T01:31:26-04:00   [compare] yoda_fix_4fps_2_1969_12_31-19_23_00_region0_occ1_hdrflow (incremental) OK
2026-09-09T01:31:27-04:00   [compare] yoda_fix_4fps_2_1969_12_31-19_23_00_region0_occ1_hdrflow (global_ba) OK
2026-09-09T01:31:28-04:00   [compare] yoda_fix_4fps_3_1969_12_31-19_24_25_region0_occ0_hdrflow (incremental) OK
2026-09-09T01:31:29-04:00   [compare] yoda_fix_4fps_3_1969_12_31-19_24_25_region0_occ0_hdrflow (global_ba) OK
2026-09-09T01:31:30-04:00   [compare] yoda_fix_4fps_3_1969_12_31-19_24_25_region0_occ1_hdrflow (incremental) OK
2026-09-09T01:31:30-04:00   [compare] yoda_fix_4fps_3_1969_12_31-19_24_25_region0_occ1_hdrflow (global_ba) OK
2026-09-09T01:31:31-04:00   [compare] yoda_fix_4fps_4_1969_12_31-19_25_41_region0_occ0_hdrflow (incremental) OK
2026-09-09T01:31:32-04:00   [compare] yoda_fix_4fps_4_1969_12_31-19_25_41_region0_occ0_hdrflow (global_ba) OK
2026-09-09T01:31:33-04:00   [compare] yoda_fix_4fps_4_1969_12_31-19_25_41_region0_occ1_hdrflow (incremental) OK
2026-09-09T01:31:34-04:00   [compare] yoda_fix_4fps_4_1969_12_31-19_25_41_region0_occ1_hdrflow (global_ba) OK
2026-09-09T01:31:34-04:00   [compare] yoda_fix_4fps_5_1969_12_31-19_27_02_region0_occ0_hdrflow (incremental) OK
2026-09-09T01:31:35-04:00   [compare] yoda_fix_4fps_5_1969_12_31-19_27_02_region0_occ0_hdrflow (global_ba) OK
2026-09-09T01:31:36-04:00   [compare] yoda_fix_4fps_5_1969_12_31-19_27_02_region0_occ1_hdrflow (incremental) OK
2026-09-09T01:31:37-04:00   [compare] yoda_fix_4fps_5_1969_12_31-19_27_02_region0_occ1_hdrflow (global_ba) OK
2026-09-09T01:31:38-04:00   [compare] yoda_fix_4fps_loop_1969_12_31-19_14_13_region0_occ0_hdrflow (incremental) OK
2026-09-09T01:31:39-04:00   [compare] yoda_fix_4fps_loop_1969_12_31-19_14_13_region0_occ0_hdrflow (global_ba) OK
2026-09-09T01:31:39-04:00 sept_7 hdrflow batch complete. Results under /home/alien/Documents/research/third_article/pose_graph_bracketing_slam-stable/docs/results/sept_7_all
