2026-09-07T22:12:24-04:00 Discovered 36 trajectories under /home/alien/data/yoda/sept_7 (occ-filter=both, traj-filter=*)
2026-09-07T22:12:24-04:00 Wrote CLAHE config -> /home/alien/Documents/research/third_article/pose_graph_bracketing_slam-stable/docs/results/sept_7_all/clahe_config.yaml
2026-09-07T22:12:24-04:00 Saved default config -> /home/alien/Documents/research/third_article/pose_graph_bracketing_slam-stable/docs/results/sept_7_all/default_config.yaml
2026-09-07T22:12:24-04:00 === Pipeline phase: pipeline_default (config=/home/alien/Documents/research/third_article/pose_graph_bracketing_slam-stable/configs/default.yaml) ===
2026-09-07T22:17:54-04:00   [pipeline_default] yoda_ae_0fps_loop_1969_12_31-19_04_33_region0_occ0 OK
2026-09-07T22:18:06-04:00   [pipeline_default] yoda_ae_4fps_1_1969_12_31-19_50_31_region0_occ0 OK
2026-09-07T22:18:17-04:00   [pipeline_default] yoda_ae_4fps_1_1969_12_31-19_50_31_region0_occ1 OK
2026-09-07T22:18:28-04:00   [pipeline_default] yoda_ae_4fps_2_1969_12_31-19_52_15_region0_occ0 OK
2026-09-07T22:18:39-04:00   [pipeline_default] yoda_ae_4fps_2_1969_12_31-19_52_15_region0_occ1 OK
2026-09-07T22:18:49-04:00   [pipeline_default] yoda_ae_4fps_3_1969_12_31-19_53_40_region0_occ0 OK
2026-09-07T22:18:59-04:00   [pipeline_default] yoda_ae_4fps_3_1969_12_31-19_53_40_region0_occ1 OK
2026-09-07T22:19:10-04:00   [pipeline_default] yoda_ae_4fps_4_1969_12_31-19_55_12_region0_occ0 OK
2026-09-07T22:19:20-04:00   [pipeline_default] yoda_ae_4fps_4_1969_12_31-19_55_12_region0_occ1 OK
2026-09-07T22:19:33-04:00   [pipeline_default] yoda_ae_4fps_5_1969_12_31-19_57_01_region0_occ0 OK
2026-09-07T22:19:43-04:00   [pipeline_default] yoda_ae_4fps_5_1969_12_31-19_57_01_region0_occ1 OK
2026-09-07T22:20:09-04:00   [pipeline_default] yoda_ae_4fps_loop_1969_12_31-19_17_37_region0_occ0 OK
2026-09-07T22:24:03-04:00   [pipeline_default] yoda_bridge_0fps_loop_1969_12_31-19_02_42_region0_occ0 OK
2026-09-07T22:24:14-04:00   [pipeline_default] yoda_bridge_4fps_1_1969_12_31-19_29_47_region0_occ0 OK
2026-09-07T22:24:29-04:00   [pipeline_default] yoda_bridge_4fps_1_1969_12_31-19_29_47_region0_occ1 OK
2026-09-07T22:24:41-04:00   [pipeline_default] yoda_bridge_4fps_2_1969_12_31-19_31_20_region0_occ0 OK
2026-09-07T22:24:55-04:00   [pipeline_default] yoda_bridge_4fps_2_1969_12_31-19_31_20_region0_occ1 OK
2026-09-07T22:25:08-04:00   [pipeline_default] yoda_bridge_4fps_3_1969_12_31-19_34_56_region0_occ0 OK
2026-09-07T22:25:20-04:00   [pipeline_default] yoda_bridge_4fps_3_1969_12_31-19_34_56_region0_occ1 OK
2026-09-07T22:25:33-04:00   [pipeline_default] yoda_bridge_4fps_4_1969_12_31-19_36_34_region0_occ0 OK
2026-09-07T22:25:45-04:00   [pipeline_default] yoda_bridge_4fps_4_1969_12_31-19_36_34_region0_occ1 OK
2026-09-07T22:25:59-04:00   [pipeline_default] yoda_bridge_4fps_5_1969_12_31-19_38_15_region0_occ0 OK
2026-09-07T22:26:10-04:00   [pipeline_default] yoda_bridge_4fps_5_1969_12_31-19_38_15_region0_occ1 OK
2026-09-07T22:26:38-04:00   [pipeline_default] yoda_bridge_4fps_loop_1969_12_31-19_15_48_region0_occ0 OK
2026-09-07T22:30:02-04:00   [pipeline_default] yoda_fix_0fps_loop_1969_12_31-19_07_07_region0_occ0 OK
2026-09-07T22:30:11-04:00   [pipeline_default] yoda_fix_4fps_1_1969_12_31-19_21_29_region0_occ0 OK
2026-09-07T22:30:22-04:00   [pipeline_default] yoda_fix_4fps_1_1969_12_31-19_21_29_region0_occ1 OK
2026-09-07T22:30:31-04:00   [pipeline_default] yoda_fix_4fps_2_1969_12_31-19_23_00_region0_occ0 OK
2026-09-07T22:30:41-04:00   [pipeline_default] yoda_fix_4fps_2_1969_12_31-19_23_00_region0_occ1 OK
2026-09-07T22:30:49-04:00   [pipeline_default] yoda_fix_4fps_3_1969_12_31-19_24_25_region0_occ0 OK
2026-09-07T22:30:59-04:00   [pipeline_default] yoda_fix_4fps_3_1969_12_31-19_24_25_region0_occ1 OK
2026-09-07T22:31:07-04:00   [pipeline_default] yoda_fix_4fps_4_1969_12_31-19_25_41_region0_occ0 OK
2026-09-07T22:31:17-04:00   [pipeline_default] yoda_fix_4fps_4_1969_12_31-19_25_41_region0_occ1 OK
2026-09-07T22:31:25-04:00   [pipeline_default] yoda_fix_4fps_5_1969_12_31-19_27_02_region0_occ0 OK
2026-09-07T22:31:36-04:00   [pipeline_default] yoda_fix_4fps_5_1969_12_31-19_27_02_region0_occ1 OK
2026-09-07T22:31:54-04:00   [pipeline_default] yoda_fix_4fps_loop_1969_12_31-19_14_13_region0_occ0 OK
2026-09-07T22:31:54-04:00 === Pipeline phase: pipeline_clahe (config=/home/alien/Documents/research/third_article/pose_graph_bracketing_slam-stable/docs/results/sept_7_all/clahe_config.yaml) ===
2026-09-07T22:36:45-04:00   [pipeline_clahe] yoda_ae_0fps_loop_1969_12_31-19_04_33_region0_occ0 OK
2026-09-07T22:36:56-04:00   [pipeline_clahe] yoda_ae_4fps_1_1969_12_31-19_50_31_region0_occ0 OK
2026-09-07T22:37:07-04:00   [pipeline_clahe] yoda_ae_4fps_1_1969_12_31-19_50_31_region0_occ1 OK
2026-09-07T22:37:17-04:00   [pipeline_clahe] yoda_ae_4fps_2_1969_12_31-19_52_15_region0_occ0 OK
2026-09-07T22:37:28-04:00   [pipeline_clahe] yoda_ae_4fps_2_1969_12_31-19_52_15_region0_occ1 OK
2026-09-07T22:37:38-04:00   [pipeline_clahe] yoda_ae_4fps_3_1969_12_31-19_53_40_region0_occ0 OK
2026-09-07T22:37:49-04:00   [pipeline_clahe] yoda_ae_4fps_3_1969_12_31-19_53_40_region0_occ1 OK
2026-09-07T22:38:00-04:00   [pipeline_clahe] yoda_ae_4fps_4_1969_12_31-19_55_12_region0_occ0 OK
2026-09-07T22:38:10-04:00   [pipeline_clahe] yoda_ae_4fps_4_1969_12_31-19_55_12_region0_occ1 OK
2026-09-07T22:38:22-04:00   [pipeline_clahe] yoda_ae_4fps_5_1969_12_31-19_57_01_region0_occ0 OK
2026-09-07T22:38:33-04:00   [pipeline_clahe] yoda_ae_4fps_5_1969_12_31-19_57_01_region0_occ1 OK
2026-09-07T22:38:57-04:00   [pipeline_clahe] yoda_ae_4fps_loop_1969_12_31-19_17_37_region0_occ0 OK
2026-09-07T22:42:13-04:00   [pipeline_clahe] yoda_bridge_0fps_loop_1969_12_31-19_02_42_region0_occ0 OK
2026-09-07T22:42:24-04:00   [pipeline_clahe] yoda_bridge_4fps_1_1969_12_31-19_29_47_region0_occ0 OK
2026-09-07T22:42:36-04:00   [pipeline_clahe] yoda_bridge_4fps_1_1969_12_31-19_29_47_region0_occ1 OK
2026-09-07T22:42:47-04:00   [pipeline_clahe] yoda_bridge_4fps_2_1969_12_31-19_31_20_region0_occ0 OK
2026-09-07T22:42:59-04:00   [pipeline_clahe] yoda_bridge_4fps_2_1969_12_31-19_31_20_region0_occ1 OK
2026-09-07T22:43:11-04:00   [pipeline_clahe] yoda_bridge_4fps_3_1969_12_31-19_34_56_region0_occ0 OK
2026-09-07T22:43:24-04:00   [pipeline_clahe] yoda_bridge_4fps_3_1969_12_31-19_34_56_region0_occ1 OK
2026-09-07T22:43:36-04:00   [pipeline_clahe] yoda_bridge_4fps_4_1969_12_31-19_36_34_region0_occ0 OK
2026-09-07T22:43:47-04:00   [pipeline_clahe] yoda_bridge_4fps_4_1969_12_31-19_36_34_region0_occ1 OK
2026-09-07T22:43:56-04:00   [pipeline_clahe] yoda_bridge_4fps_5_1969_12_31-19_38_15_region0_occ0 FAILED (exit 1) -- see /home/alien/Documents/research/third_article/pose_graph_bracketing_slam-stable/docs/results/sept_7_all/pipeline_clahe/yoda_bridge_4fps_5_1969_12_31-19_38_15_region0_occ0/run.log
2026-09-07T22:44:08-04:00   [pipeline_clahe] yoda_bridge_4fps_5_1969_12_31-19_38_15_region0_occ1 OK
2026-09-07T22:44:33-04:00   [pipeline_clahe] yoda_bridge_4fps_loop_1969_12_31-19_15_48_region0_occ0 OK
2026-09-07T22:46:55-04:00   [pipeline_clahe] yoda_fix_0fps_loop_1969_12_31-19_07_07_region0_occ0 OK
2026-09-07T22:47:03-04:00   [pipeline_clahe] yoda_fix_4fps_1_1969_12_31-19_21_29_region0_occ0 OK
2026-09-07T22:47:13-04:00   [pipeline_clahe] yoda_fix_4fps_1_1969_12_31-19_21_29_region0_occ1 OK
2026-09-07T22:47:22-04:00   [pipeline_clahe] yoda_fix_4fps_2_1969_12_31-19_23_00_region0_occ0 OK
2026-09-07T22:47:31-04:00   [pipeline_clahe] yoda_fix_4fps_2_1969_12_31-19_23_00_region0_occ1 OK
2026-09-07T22:47:39-04:00   [pipeline_clahe] yoda_fix_4fps_3_1969_12_31-19_24_25_region0_occ0 OK
2026-09-07T22:47:47-04:00   [pipeline_clahe] yoda_fix_4fps_3_1969_12_31-19_24_25_region0_occ1 FAILED (exit 1) -- see /home/alien/Documents/research/third_article/pose_graph_bracketing_slam-stable/docs/results/sept_7_all/pipeline_clahe/yoda_fix_4fps_3_1969_12_31-19_24_25_region0_occ1/run.log
2026-09-07T22:47:55-04:00   [pipeline_clahe] yoda_fix_4fps_4_1969_12_31-19_25_41_region0_occ0 OK
2026-09-07T22:48:04-04:00   [pipeline_clahe] yoda_fix_4fps_4_1969_12_31-19_25_41_region0_occ1 OK
2026-09-07T22:48:12-04:00   [pipeline_clahe] yoda_fix_4fps_5_1969_12_31-19_27_02_region0_occ0 OK
2026-09-07T22:48:21-04:00   [pipeline_clahe] yoda_fix_4fps_5_1969_12_31-19_27_02_region0_occ1 OK
2026-09-07T22:48:38-04:00   [pipeline_clahe] yoda_fix_4fps_loop_1969_12_31-19_14_13_region0_occ0 OK
2026-09-07T22:48:38-04:00 === SOTA method: airslam ===
2026-09-07T22:58:48-04:00   [airslam] benchmark script OK
2026-09-07T22:58:48-04:00   [airslam] copied yoda_ae_0fps_loop_1969_12_31-19_04_33_region0_occ0.txt
2026-09-07T22:58:48-04:00   [airslam] copied yoda_ae_4fps_1_1969_12_31-19_50_31_region0_occ0.txt
2026-09-07T22:58:48-04:00   [airslam] copied yoda_ae_4fps_1_1969_12_31-19_50_31_region0_occ1.txt
2026-09-07T22:58:48-04:00   [airslam] copied yoda_ae_4fps_2_1969_12_31-19_52_15_region0_occ0.txt
2026-09-07T22:58:48-04:00   [airslam] copied yoda_ae_4fps_2_1969_12_31-19_52_15_region0_occ1.txt
2026-09-07T22:58:48-04:00   [airslam] copied yoda_ae_4fps_3_1969_12_31-19_53_40_region0_occ0.txt
2026-09-07T22:58:48-04:00   [airslam] copied yoda_ae_4fps_3_1969_12_31-19_53_40_region0_occ1.txt
2026-09-07T22:58:48-04:00   [airslam] copied yoda_ae_4fps_4_1969_12_31-19_55_12_region0_occ0.txt
2026-09-07T22:58:48-04:00   [airslam] copied yoda_ae_4fps_4_1969_12_31-19_55_12_region0_occ1.txt
2026-09-07T22:58:48-04:00   [airslam] copied yoda_ae_4fps_5_1969_12_31-19_57_01_region0_occ0.txt
2026-09-07T22:58:48-04:00   [airslam] copied yoda_ae_4fps_5_1969_12_31-19_57_01_region0_occ1.txt
2026-09-07T22:58:48-04:00   [airslam] copied yoda_ae_4fps_loop_1969_12_31-19_17_37_region0_occ0.txt
2026-09-07T22:58:48-04:00   [airslam] copied yoda_bridge_0fps_loop_1969_12_31-19_02_42_region0_occ0.txt
2026-09-07T22:58:48-04:00   [airslam] copied yoda_bridge_4fps_1_1969_12_31-19_29_47_region0_occ0.txt
2026-09-07T22:58:48-04:00   [airslam] copied yoda_bridge_4fps_1_1969_12_31-19_29_47_region0_occ1.txt
2026-09-07T22:58:48-04:00   [airslam] copied yoda_bridge_4fps_2_1969_12_31-19_31_20_region0_occ0.txt
2026-09-07T22:58:48-04:00   [airslam] copied yoda_bridge_4fps_2_1969_12_31-19_31_20_region0_occ1.txt
2026-09-07T22:58:48-04:00   [airslam] copied yoda_bridge_4fps_3_1969_12_31-19_34_56_region0_occ0.txt
2026-09-07T22:58:48-04:00   [airslam] copied yoda_bridge_4fps_3_1969_12_31-19_34_56_region0_occ1.txt
2026-09-07T22:58:48-04:00   [airslam] copied yoda_bridge_4fps_4_1969_12_31-19_36_34_region0_occ0.txt
2026-09-07T22:58:48-04:00   [airslam] copied yoda_bridge_4fps_4_1969_12_31-19_36_34_region0_occ1.txt
2026-09-07T22:58:48-04:00   [airslam] copied yoda_bridge_4fps_5_1969_12_31-19_38_15_region0_occ0.txt
2026-09-07T22:58:48-04:00   [airslam] copied yoda_bridge_4fps_5_1969_12_31-19_38_15_region0_occ1.txt
2026-09-07T22:58:48-04:00   [airslam] copied yoda_bridge_4fps_loop_1969_12_31-19_15_48_region0_occ0.txt
2026-09-07T22:58:48-04:00   [airslam] copied yoda_fix_0fps_loop_1969_12_31-19_07_07_region0_occ0.txt
2026-09-07T22:58:48-04:00   [airslam] copied yoda_fix_4fps_1_1969_12_31-19_21_29_region0_occ0.txt
2026-09-07T22:58:48-04:00   [airslam] copied yoda_fix_4fps_1_1969_12_31-19_21_29_region0_occ1.txt
2026-09-07T22:58:48-04:00   [airslam] copied yoda_fix_4fps_2_1969_12_31-19_23_00_region0_occ0.txt
2026-09-07T22:58:48-04:00   [airslam] copied yoda_fix_4fps_2_1969_12_31-19_23_00_region0_occ1.txt
2026-09-07T22:58:48-04:00   [airslam] copied yoda_fix_4fps_3_1969_12_31-19_24_25_region0_occ0.txt
2026-09-07T22:58:48-04:00   [airslam] copied yoda_fix_4fps_3_1969_12_31-19_24_25_region0_occ1.txt
2026-09-07T22:58:48-04:00   [airslam] copied yoda_fix_4fps_4_1969_12_31-19_25_41_region0_occ0.txt
2026-09-07T22:58:48-04:00   [airslam] copied yoda_fix_4fps_4_1969_12_31-19_25_41_region0_occ1.txt
2026-09-07T22:58:48-04:00   [airslam] copied yoda_fix_4fps_5_1969_12_31-19_27_02_region0_occ0.txt
2026-09-07T22:58:48-04:00   [airslam] copied yoda_fix_4fps_5_1969_12_31-19_27_02_region0_occ1.txt
2026-09-07T22:58:48-04:00   [airslam] copied yoda_fix_4fps_loop_1969_12_31-19_14_13_region0_occ0.txt
2026-09-07T22:58:48-04:00 === SOTA method: cuvslam ===
2026-09-07T23:01:45-04:00   [cuvslam] benchmark script OK
2026-09-07T23:01:45-04:00   [cuvslam] copied yoda_ae_0fps_loop_1969_12_31-19_04_33_region0_occ0.txt
2026-09-07T23:01:45-04:00   [cuvslam] copied yoda_ae_4fps_1_1969_12_31-19_50_31_region0_occ0.txt
2026-09-07T23:01:45-04:00   [cuvslam] copied yoda_ae_4fps_1_1969_12_31-19_50_31_region0_occ1.txt
2026-09-07T23:01:45-04:00   [cuvslam] copied yoda_ae_4fps_2_1969_12_31-19_52_15_region0_occ0.txt
2026-09-07T23:01:45-04:00   [cuvslam] copied yoda_ae_4fps_2_1969_12_31-19_52_15_region0_occ1.txt
2026-09-07T23:01:45-04:00   [cuvslam] copied yoda_ae_4fps_3_1969_12_31-19_53_40_region0_occ0.txt
2026-09-07T23:01:45-04:00   [cuvslam] copied yoda_ae_4fps_3_1969_12_31-19_53_40_region0_occ1.txt
2026-09-07T23:01:45-04:00   [cuvslam] copied yoda_ae_4fps_4_1969_12_31-19_55_12_region0_occ0.txt
2026-09-07T23:01:45-04:00   [cuvslam] copied yoda_ae_4fps_4_1969_12_31-19_55_12_region0_occ1.txt
2026-09-07T23:01:45-04:00   [cuvslam] copied yoda_ae_4fps_5_1969_12_31-19_57_01_region0_occ0.txt
2026-09-07T23:01:45-04:00   [cuvslam] copied yoda_ae_4fps_5_1969_12_31-19_57_01_region0_occ1.txt
2026-09-07T23:01:45-04:00   [cuvslam] copied yoda_ae_4fps_loop_1969_12_31-19_17_37_region0_occ0.txt
2026-09-07T23:01:45-04:00   [cuvslam] copied yoda_bridge_0fps_loop_1969_12_31-19_02_42_region0_occ0.txt
2026-09-07T23:01:45-04:00   [cuvslam] copied yoda_bridge_4fps_1_1969_12_31-19_29_47_region0_occ0.txt
2026-09-07T23:01:45-04:00   [cuvslam] copied yoda_bridge_4fps_1_1969_12_31-19_29_47_region0_occ1.txt
2026-09-07T23:01:45-04:00   [cuvslam] copied yoda_bridge_4fps_2_1969_12_31-19_31_20_region0_occ0.txt
2026-09-07T23:01:45-04:00   [cuvslam] copied yoda_bridge_4fps_2_1969_12_31-19_31_20_region0_occ1.txt
2026-09-07T23:01:45-04:00   [cuvslam] copied yoda_bridge_4fps_3_1969_12_31-19_34_56_region0_occ0.txt
2026-09-07T23:01:45-04:00   [cuvslam] copied yoda_bridge_4fps_3_1969_12_31-19_34_56_region0_occ1.txt
2026-09-07T23:01:45-04:00   [cuvslam] copied yoda_bridge_4fps_4_1969_12_31-19_36_34_region0_occ0.txt
2026-09-07T23:01:45-04:00   [cuvslam] copied yoda_bridge_4fps_4_1969_12_31-19_36_34_region0_occ1.txt
2026-09-07T23:01:45-04:00   [cuvslam] copied yoda_bridge_4fps_5_1969_12_31-19_38_15_region0_occ0.txt
2026-09-07T23:01:45-04:00   [cuvslam] copied yoda_bridge_4fps_5_1969_12_31-19_38_15_region0_occ1.txt
2026-09-07T23:01:45-04:00   [cuvslam] copied yoda_bridge_4fps_loop_1969_12_31-19_15_48_region0_occ0.txt
2026-09-07T23:01:45-04:00   [cuvslam] copied yoda_fix_0fps_loop_1969_12_31-19_07_07_region0_occ0.txt
2026-09-07T23:01:45-04:00   [cuvslam] copied yoda_fix_4fps_1_1969_12_31-19_21_29_region0_occ0.txt
2026-09-07T23:01:45-04:00   [cuvslam] copied yoda_fix_4fps_1_1969_12_31-19_21_29_region0_occ1.txt
2026-09-07T23:01:45-04:00   [cuvslam] copied yoda_fix_4fps_2_1969_12_31-19_23_00_region0_occ0.txt
2026-09-07T23:01:45-04:00   [cuvslam] copied yoda_fix_4fps_2_1969_12_31-19_23_00_region0_occ1.txt
2026-09-07T23:01:45-04:00   [cuvslam] copied yoda_fix_4fps_3_1969_12_31-19_24_25_region0_occ0.txt
2026-09-07T23:01:45-04:00   [cuvslam] copied yoda_fix_4fps_3_1969_12_31-19_24_25_region0_occ1.txt
2026-09-07T23:01:45-04:00   [cuvslam] copied yoda_fix_4fps_4_1969_12_31-19_25_41_region0_occ0.txt
2026-09-07T23:01:45-04:00   [cuvslam] copied yoda_fix_4fps_4_1969_12_31-19_25_41_region0_occ1.txt
2026-09-07T23:01:45-04:00   [cuvslam] copied yoda_fix_4fps_5_1969_12_31-19_27_02_region0_occ0.txt
2026-09-07T23:01:45-04:00   [cuvslam] copied yoda_fix_4fps_5_1969_12_31-19_27_02_region0_occ1.txt
2026-09-07T23:01:45-04:00   [cuvslam] copied yoda_fix_4fps_loop_1969_12_31-19_14_13_region0_occ0.txt
2026-09-07T23:01:45-04:00 === SOTA method: orbslam3 ===
2026-09-07T23:19:20-04:00   [orbslam3] benchmark script FAILED (exit 1) -- see /home/alien/Documents/research/third_article/pose_graph_bracketing_slam-stable/docs/results/sept_7_all/sota_orbslam3.log
2026-09-07T23:19:20-04:00   [orbslam3] copied yoda_ae_0fps_loop_1969_12_31-19_04_33_region0_occ0.txt
2026-09-07T23:19:20-04:00   [orbslam3] copied yoda_ae_4fps_1_1969_12_31-19_50_31_region0_occ0.txt
2026-09-07T23:19:20-04:00   [orbslam3] copied yoda_ae_4fps_1_1969_12_31-19_50_31_region0_occ1.txt
2026-09-07T23:19:20-04:00   [orbslam3] copied yoda_ae_4fps_2_1969_12_31-19_52_15_region0_occ0.txt
2026-09-07T23:19:20-04:00   [orbslam3] copied yoda_ae_4fps_2_1969_12_31-19_52_15_region0_occ1.txt
2026-09-07T23:19:20-04:00   [orbslam3] copied yoda_ae_4fps_3_1969_12_31-19_53_40_region0_occ0.txt
2026-09-07T23:19:20-04:00   [orbslam3] copied yoda_ae_4fps_3_1969_12_31-19_53_40_region0_occ1.txt
2026-09-07T23:19:20-04:00   [orbslam3] copied yoda_ae_4fps_4_1969_12_31-19_55_12_region0_occ0.txt
2026-09-07T23:19:20-04:00   [orbslam3] copied yoda_ae_4fps_4_1969_12_31-19_55_12_region0_occ1.txt
2026-09-07T23:19:20-04:00   [orbslam3] copied yoda_ae_4fps_5_1969_12_31-19_57_01_region0_occ0.txt
2026-09-07T23:19:20-04:00   [orbslam3] copied yoda_ae_4fps_5_1969_12_31-19_57_01_region0_occ1.txt
2026-09-07T23:19:20-04:00   [orbslam3] copied yoda_ae_4fps_loop_1969_12_31-19_17_37_region0_occ0.txt
2026-09-07T23:19:20-04:00   [orbslam3] copied yoda_bridge_0fps_loop_1969_12_31-19_02_42_region0_occ0.txt
2026-09-07T23:19:20-04:00   [orbslam3] copied yoda_bridge_4fps_1_1969_12_31-19_29_47_region0_occ0.txt
2026-09-07T23:19:20-04:00   [orbslam3] copied yoda_bridge_4fps_1_1969_12_31-19_29_47_region0_occ1.txt
2026-09-07T23:19:20-04:00   [orbslam3] copied yoda_bridge_4fps_2_1969_12_31-19_31_20_region0_occ0.txt
2026-09-07T23:19:20-04:00   [orbslam3] copied yoda_bridge_4fps_2_1969_12_31-19_31_20_region0_occ1.txt
2026-09-07T23:19:20-04:00   [orbslam3] copied yoda_bridge_4fps_3_1969_12_31-19_34_56_region0_occ0.txt
2026-09-07T23:19:20-04:00   [orbslam3] copied yoda_bridge_4fps_3_1969_12_31-19_34_56_region0_occ1.txt
2026-09-07T23:19:20-04:00   [orbslam3] copied yoda_bridge_4fps_4_1969_12_31-19_36_34_region0_occ0.txt
2026-09-07T23:19:20-04:00   [orbslam3] copied yoda_bridge_4fps_4_1969_12_31-19_36_34_region0_occ1.txt
2026-09-07T23:19:20-04:00   [orbslam3] copied yoda_bridge_4fps_5_1969_12_31-19_38_15_region0_occ0.txt
2026-09-07T23:19:20-04:00   [orbslam3] copied yoda_bridge_4fps_5_1969_12_31-19_38_15_region0_occ1.txt
2026-09-07T23:19:20-04:00   [orbslam3] copied yoda_bridge_4fps_loop_1969_12_31-19_15_48_region0_occ0.txt
2026-09-07T23:19:20-04:00   [orbslam3] copied yoda_fix_0fps_loop_1969_12_31-19_07_07_region0_occ0.txt
2026-09-07T23:19:20-04:00   [orbslam3] copied yoda_fix_4fps_1_1969_12_31-19_21_29_region0_occ0.txt
2026-09-07T23:19:20-04:00   [orbslam3] copied yoda_fix_4fps_1_1969_12_31-19_21_29_region0_occ1.txt
2026-09-07T23:19:20-04:00   [orbslam3] copied yoda_fix_4fps_2_1969_12_31-19_23_00_region0_occ0.txt
2026-09-07T23:19:20-04:00   [orbslam3] copied yoda_fix_4fps_2_1969_12_31-19_23_00_region0_occ1.txt
2026-09-07T23:19:20-04:00   [orbslam3] copied yoda_fix_4fps_3_1969_12_31-19_24_25_region0_occ0.txt
2026-09-07T23:19:20-04:00   [orbslam3] copied yoda_fix_4fps_3_1969_12_31-19_24_25_region0_occ1.txt
2026-09-07T23:19:20-04:00   [orbslam3] copied yoda_fix_4fps_4_1969_12_31-19_25_41_region0_occ0.txt
2026-09-07T23:19:20-04:00   [orbslam3] copied yoda_fix_4fps_4_1969_12_31-19_25_41_region0_occ1.txt
2026-09-07T23:19:20-04:00   [orbslam3] copied yoda_fix_4fps_5_1969_12_31-19_27_02_region0_occ0.txt
2026-09-07T23:19:20-04:00   [orbslam3] copied yoda_fix_4fps_5_1969_12_31-19_27_02_region0_occ1.txt
2026-09-07T23:19:20-04:00   [orbslam3] copied yoda_fix_4fps_loop_1969_12_31-19_14_13_region0_occ0.txt
2026-09-07T23:19:20-04:00 aug_31 batch complete. Results under /home/alien/Documents/research/third_article/pose_graph_bracketing_slam-stable/docs/results/sept_7_all
2026-09-09T00:43:36-04:00 Discovered 36 trajectories under /home/alien/data/yoda/sept_7 (occ-filter=both, traj-filter=*)
2026-09-09T00:43:36-04:00 Wrote CLAHE config -> /home/alien/Documents/research/third_article/pose_graph_bracketing_slam-stable/docs/results/sept_7_all/clahe_config.yaml
2026-09-09T00:43:36-04:00 Saved default config -> /home/alien/Documents/research/third_article/pose_graph_bracketing_slam-stable/docs/results/sept_7_all/default_config.yaml
2026-09-09T00:43:36-04:00 SKIP_PIPELINE=1 -- skipping Part 1 (pipeline_default, pipeline_clahe)
2026-09-09T00:43:36-04:00 === SOTA method: orbslam3 ===
2026-09-09T00:59:47-04:00   [orbslam3] benchmark script FAILED (exit 1) -- see /home/alien/Documents/research/third_article/pose_graph_bracketing_slam-stable/docs/results/sept_7_all/sota_orbslam3.log
2026-09-09T00:59:47-04:00   [orbslam3] copied yoda_ae_0fps_loop_1969_12_31-19_04_33_region0_occ0.txt
2026-09-09T00:59:47-04:00   [orbslam3] copied yoda_ae_4fps_1_1969_12_31-19_50_31_region0_occ0.txt
2026-09-09T00:59:47-04:00   [orbslam3] copied yoda_ae_4fps_1_1969_12_31-19_50_31_region0_occ1.txt
2026-09-09T00:59:47-04:00   [orbslam3] copied yoda_ae_4fps_2_1969_12_31-19_52_15_region0_occ0.txt
2026-09-09T00:59:47-04:00   [orbslam3] copied yoda_ae_4fps_2_1969_12_31-19_52_15_region0_occ1.txt
2026-09-09T00:59:47-04:00   [orbslam3] copied yoda_ae_4fps_3_1969_12_31-19_53_40_region0_occ0.txt
2026-09-09T00:59:47-04:00   [orbslam3] copied yoda_ae_4fps_3_1969_12_31-19_53_40_region0_occ1.txt
2026-09-09T00:59:47-04:00   [orbslam3] copied yoda_ae_4fps_4_1969_12_31-19_55_12_region0_occ0.txt
2026-09-09T00:59:47-04:00   [orbslam3] copied yoda_ae_4fps_4_1969_12_31-19_55_12_region0_occ1.txt
2026-09-09T00:59:47-04:00   [orbslam3] copied yoda_ae_4fps_5_1969_12_31-19_57_01_region0_occ0.txt
2026-09-09T00:59:47-04:00   [orbslam3] copied yoda_ae_4fps_5_1969_12_31-19_57_01_region0_occ1.txt
2026-09-09T00:59:47-04:00   [orbslam3] copied yoda_ae_4fps_loop_1969_12_31-19_17_37_region0_occ0.txt
2026-09-09T00:59:47-04:00   [orbslam3] copied yoda_bridge_0fps_loop_1969_12_31-19_02_42_region0_occ0.txt
2026-09-09T00:59:47-04:00   [orbslam3] copied yoda_bridge_4fps_1_1969_12_31-19_29_47_region0_occ0.txt
2026-09-09T00:59:47-04:00   [orbslam3] copied yoda_bridge_4fps_1_1969_12_31-19_29_47_region0_occ1.txt
2026-09-09T00:59:47-04:00   [orbslam3] copied yoda_bridge_4fps_2_1969_12_31-19_31_20_region0_occ0.txt
2026-09-09T00:59:47-04:00   [orbslam3] copied yoda_bridge_4fps_2_1969_12_31-19_31_20_region0_occ1.txt
2026-09-09T00:59:47-04:00   [orbslam3] copied yoda_bridge_4fps_3_1969_12_31-19_34_56_region0_occ0.txt
2026-09-09T00:59:47-04:00   [orbslam3] copied yoda_bridge_4fps_3_1969_12_31-19_34_56_region0_occ1.txt
2026-09-09T00:59:47-04:00   [orbslam3] copied yoda_bridge_4fps_4_1969_12_31-19_36_34_region0_occ0.txt
2026-09-09T00:59:47-04:00   [orbslam3] copied yoda_bridge_4fps_4_1969_12_31-19_36_34_region0_occ1.txt
2026-09-09T00:59:47-04:00   [orbslam3] copied yoda_bridge_4fps_5_1969_12_31-19_38_15_region0_occ0.txt
2026-09-09T00:59:47-04:00   [orbslam3] copied yoda_bridge_4fps_5_1969_12_31-19_38_15_region0_occ1.txt
2026-09-09T00:59:47-04:00   [orbslam3] copied yoda_bridge_4fps_loop_1969_12_31-19_15_48_region0_occ0.txt
2026-09-09T00:59:47-04:00   [orbslam3] copied yoda_fix_0fps_loop_1969_12_31-19_07_07_region0_occ0.txt
2026-09-09T00:59:47-04:00   [orbslam3] copied yoda_fix_4fps_1_1969_12_31-19_21_29_region0_occ0.txt
2026-09-09T00:59:47-04:00   [orbslam3] copied yoda_fix_4fps_1_1969_12_31-19_21_29_region0_occ1.txt
2026-09-09T00:59:47-04:00   [orbslam3] copied yoda_fix_4fps_2_1969_12_31-19_23_00_region0_occ0.txt
2026-09-09T00:59:47-04:00   [orbslam3] copied yoda_fix_4fps_2_1969_12_31-19_23_00_region0_occ1.txt
2026-09-09T00:59:47-04:00   [orbslam3] copied yoda_fix_4fps_3_1969_12_31-19_24_25_region0_occ0.txt
2026-09-09T00:59:47-04:00   [orbslam3] copied yoda_fix_4fps_3_1969_12_31-19_24_25_region0_occ1.txt
2026-09-09T00:59:47-04:00   [orbslam3] copied yoda_fix_4fps_4_1969_12_31-19_25_41_region0_occ0.txt
2026-09-09T00:59:47-04:00   [orbslam3] copied yoda_fix_4fps_4_1969_12_31-19_25_41_region0_occ1.txt
2026-09-09T00:59:47-04:00   [orbslam3] copied yoda_fix_4fps_5_1969_12_31-19_27_02_region0_occ0.txt
2026-09-09T00:59:47-04:00   [orbslam3] copied yoda_fix_4fps_5_1969_12_31-19_27_02_region0_occ1.txt
2026-09-09T00:59:47-04:00   [orbslam3] copied yoda_fix_4fps_loop_1969_12_31-19_14_13_region0_occ0.txt
2026-09-09T00:59:47-04:00 aug_31 batch complete. Results under /home/alien/Documents/research/third_article/pose_graph_bracketing_slam-stable/docs/results/sept_7_all
