[default] ATE RMSE=6.4889 m (mean=3.6112, median=0.5780, max=14.0524), n_poses=45
       1.0 m (n=  39): trans RMSE=3.3786 m (337.86%), rot RMSE=8.468 deg
       5.0 m (n=  35): trans RMSE=5.5312 m (110.62%), rot RMSE=10.752 deg
      10.0 m (n=  34): trans RMSE=7.4162 m (74.16%), rot RMSE=11.172 deg
      20.0 m (n=  34): trans RMSE=10.2398 m (51.20%), rot RMSE=10.620 deg
      40.0 m (n=  16): trans RMSE=13.1392 m (32.85%), rot RMSE=4.720 deg
[clahe] ATE RMSE=8.3153 m (mean=4.5678, median=0.6411, max=17.2538), n_poses=45
       1.0 m (n=  39): trans RMSE=3.5430 m (354.30%), rot RMSE=7.962 deg
       5.0 m (n=  35): trans RMSE=6.0048 m (120.10%), rot RMSE=12.691 deg
      10.0 m (n=  34): trans RMSE=8.0646 m (80.65%), rot RMSE=16.147 deg
      20.0 m (n=  34): trans RMSE=11.6561 m (58.28%), rot RMSE=20.231 deg
      40.0 m (n=  16): trans RMSE=14.7927 m (36.98%), rot RMSE=27.124 deg
[AirSLAM] WARNING: only 18 associated poses, fewer than --n-align=30
[AirSLAM] ATE RMSE=14.2898 m (mean=12.7768, median=14.8448, max=20.9307), n_poses=18
       1.0 m (n=  16): trans RMSE=3.3847 m (338.47%), rot RMSE=8.270 deg
       5.0 m (n=  14): trans RMSE=8.3893 m (167.79%), rot RMSE=14.324 deg
      10.0 m (n=  12): trans RMSE=13.2951 m (132.95%), rot RMSE=19.973 deg
      20.0 m (n=  11): trans RMSE=22.4754 m (112.38%), rot RMSE=27.644 deg
      40.0 m (n=   2): trans RMSE=36.5111 m (91.28%), rot RMSE=33.218 deg
[cuVSLAM] ATE RMSE=16.3789 m (mean=14.8720, median=13.1278, max=32.6577), n_poses=57
       1.0 m (n=  51): trans RMSE=6.6461 m (664.61%), rot RMSE=15.117 deg
       5.0 m (n=  47): trans RMSE=16.8530 m (337.06%), rot RMSE=30.454 deg
      10.0 m (n=  42): trans RMSE=24.4629 m (244.63%), rot RMSE=44.049 deg
      20.0 m (n=  34): trans RMSE=29.4233 m (147.12%), rot RMSE=60.714 deg
      40.0 m (n=  17): trans RMSE=21.1196 m (52.80%), rot RMSE=50.319 deg
[ORBSLAM3] FAILED to align/associate: Degenerate covariance rank, Umeyama alignment is not possible
Wrote /home/alien/Documents/research/third_article/pose_graph_bracketing_slam-stable/docs/results/sept_7_all/multi_method/yoda_ae_4fps_3_1969_12_31-19_53_40_region0_occ0/metrics_incremental.txt
Wrote /home/alien/Documents/research/third_article/pose_graph_bracketing_slam-stable/docs/results/sept_7_all/multi_method/yoda_ae_4fps_3_1969_12_31-19_53_40_region0_occ0/metrics_incremental.json
Saved /home/alien/Documents/research/third_article/pose_graph_bracketing_slam-stable/docs/results/sept_7_all/multi_method/yoda_ae_4fps_3_1969_12_31-19_53_40_region0_occ0/trajectories_overlay_incremental.png
