2026-09-08T16:57:47-04:00 Comparing 36 trajectories against ground truth (2 variants each: global_ba, incremental)
2026-09-08T16:57:48-04:00   yoda_ae_0fps_loop_1969_12_31-19_04_33_region0_occ0 [global_ba] OK
2026-09-08T16:57:50-04:00   yoda_ae_0fps_loop_1969_12_31-19_04_33_region0_occ0 [incremental] OK
2026-09-08T16:57:51-04:00   yoda_ae_4fps_1_1969_12_31-19_50_31_region0_occ0 [global_ba] OK
2026-09-08T16:57:51-04:00   yoda_ae_4fps_1_1969_12_31-19_50_31_region0_occ0 [incremental] OK
2026-09-08T16:57:52-04:00   yoda_ae_4fps_1_1969_12_31-19_50_31_region0_occ1 [global_ba] OK
2026-09-08T16:57:54-04:00   yoda_ae_4fps_1_1969_12_31-19_50_31_region0_occ1 [incremental] OK
2026-09-08T16:57:55-04:00   yoda_ae_4fps_2_1969_12_31-19_52_15_region0_occ0 [global_ba] OK
2026-09-08T16:57:56-04:00   yoda_ae_4fps_2_1969_12_31-19_52_15_region0_occ0 [incremental] OK
2026-09-08T16:57:57-04:00   yoda_ae_4fps_2_1969_12_31-19_52_15_region0_occ1 [global_ba] OK
2026-09-08T16:57:58-04:00   yoda_ae_4fps_2_1969_12_31-19_52_15_region0_occ1 [incremental] OK
2026-09-08T16:57:59-04:00   yoda_ae_4fps_3_1969_12_31-19_53_40_region0_occ0 [global_ba] OK
2026-09-08T16:58:00-04:00   yoda_ae_4fps_3_1969_12_31-19_53_40_region0_occ0 [incremental] OK
2026-09-08T16:58:01-04:00   yoda_ae_4fps_3_1969_12_31-19_53_40_region0_occ1 [global_ba] OK
2026-09-08T16:58:01-04:00   yoda_ae_4fps_3_1969_12_31-19_53_40_region0_occ1 [incremental] OK
2026-09-08T16:58:02-04:00   yoda_ae_4fps_4_1969_12_31-19_55_12_region0_occ0 [global_ba] OK
2026-09-08T16:58:03-04:00   yoda_ae_4fps_4_1969_12_31-19_55_12_region0_occ0 [incremental] OK
2026-09-08T16:58:04-04:00   yoda_ae_4fps_4_1969_12_31-19_55_12_region0_occ1 [global_ba] OK
2026-09-08T16:58:05-04:00   yoda_ae_4fps_4_1969_12_31-19_55_12_region0_occ1 [incremental] OK
2026-09-08T16:58:06-04:00   yoda_ae_4fps_5_1969_12_31-19_57_01_region0_occ0 [global_ba] OK
2026-09-08T16:58:07-04:00   yoda_ae_4fps_5_1969_12_31-19_57_01_region0_occ0 [incremental] OK
2026-09-08T16:58:08-04:00   yoda_ae_4fps_5_1969_12_31-19_57_01_region0_occ1 [global_ba] OK
2026-09-08T16:58:08-04:00   yoda_ae_4fps_5_1969_12_31-19_57_01_region0_occ1 [incremental] OK
2026-09-08T16:58:09-04:00   yoda_ae_4fps_loop_1969_12_31-19_17_37_region0_occ0 [global_ba] OK
2026-09-08T16:58:10-04:00   yoda_ae_4fps_loop_1969_12_31-19_17_37_region0_occ0 [incremental] OK
2026-09-08T16:58:12-04:00   yoda_bridge_0fps_loop_1969_12_31-19_02_42_region0_occ0 [global_ba] OK
2026-09-08T16:58:13-04:00   yoda_bridge_0fps_loop_1969_12_31-19_02_42_region0_occ0 [incremental] OK
2026-09-08T16:58:14-04:00   yoda_bridge_4fps_1_1969_12_31-19_29_47_region0_occ0 [global_ba] OK
2026-09-08T16:58:15-04:00   yoda_bridge_4fps_1_1969_12_31-19_29_47_region0_occ0 [incremental] OK
2026-09-08T16:58:16-04:00   yoda_bridge_4fps_1_1969_12_31-19_29_47_region0_occ1 [global_ba] OK
2026-09-08T16:58:17-04:00   yoda_bridge_4fps_1_1969_12_31-19_29_47_region0_occ1 [incremental] OK
2026-09-08T16:58:18-04:00   yoda_bridge_4fps_2_1969_12_31-19_31_20_region0_occ0 [global_ba] OK
2026-09-08T16:58:19-04:00   yoda_bridge_4fps_2_1969_12_31-19_31_20_region0_occ0 [incremental] OK
2026-09-08T16:58:20-04:00   yoda_bridge_4fps_2_1969_12_31-19_31_20_region0_occ1 [global_ba] OK
2026-09-08T16:58:20-04:00   yoda_bridge_4fps_2_1969_12_31-19_31_20_region0_occ1 [incremental] OK
2026-09-08T16:58:21-04:00   yoda_bridge_4fps_3_1969_12_31-19_34_56_region0_occ0 [global_ba] OK
2026-09-08T16:58:22-04:00   yoda_bridge_4fps_3_1969_12_31-19_34_56_region0_occ0 [incremental] OK
2026-09-08T16:58:23-04:00   yoda_bridge_4fps_3_1969_12_31-19_34_56_region0_occ1 [global_ba] OK
2026-09-08T16:58:24-04:00   yoda_bridge_4fps_3_1969_12_31-19_34_56_region0_occ1 [incremental] OK
2026-09-08T16:58:25-04:00   yoda_bridge_4fps_4_1969_12_31-19_36_34_region0_occ0 [global_ba] OK
2026-09-08T16:58:26-04:00   yoda_bridge_4fps_4_1969_12_31-19_36_34_region0_occ0 [incremental] OK
2026-09-08T16:58:26-04:00   yoda_bridge_4fps_4_1969_12_31-19_36_34_region0_occ1 [global_ba] OK
2026-09-08T16:58:27-04:00   yoda_bridge_4fps_4_1969_12_31-19_36_34_region0_occ1 [incremental] OK
2026-09-08T16:58:28-04:00   yoda_bridge_4fps_5_1969_12_31-19_38_15_region0_occ0 [global_ba] OK
2026-09-08T16:58:29-04:00   yoda_bridge_4fps_5_1969_12_31-19_38_15_region0_occ0 [incremental] OK
2026-09-08T16:58:30-04:00   yoda_bridge_4fps_5_1969_12_31-19_38_15_region0_occ1 [global_ba] OK
2026-09-08T16:58:31-04:00   yoda_bridge_4fps_5_1969_12_31-19_38_15_region0_occ1 [incremental] OK
2026-09-08T16:58:32-04:00   yoda_bridge_4fps_loop_1969_12_31-19_15_48_region0_occ0 [global_ba] OK
2026-09-08T16:58:33-04:00   yoda_bridge_4fps_loop_1969_12_31-19_15_48_region0_occ0 [incremental] OK
2026-09-08T16:58:34-04:00   yoda_fix_0fps_loop_1969_12_31-19_07_07_region0_occ0 [global_ba] OK
2026-09-08T16:58:36-04:00   yoda_fix_0fps_loop_1969_12_31-19_07_07_region0_occ0 [incremental] OK
2026-09-08T16:58:37-04:00   yoda_fix_4fps_1_1969_12_31-19_21_29_region0_occ0 [global_ba] OK
2026-09-08T16:58:37-04:00   yoda_fix_4fps_1_1969_12_31-19_21_29_region0_occ0 [incremental] OK
2026-09-08T16:58:38-04:00   yoda_fix_4fps_1_1969_12_31-19_21_29_region0_occ1 [global_ba] OK
2026-09-08T16:58:39-04:00   yoda_fix_4fps_1_1969_12_31-19_21_29_region0_occ1 [incremental] OK
2026-09-08T16:58:40-04:00   yoda_fix_4fps_2_1969_12_31-19_23_00_region0_occ0 [global_ba] OK
2026-09-08T16:58:41-04:00   yoda_fix_4fps_2_1969_12_31-19_23_00_region0_occ0 [incremental] OK
2026-09-08T16:58:42-04:00   yoda_fix_4fps_2_1969_12_31-19_23_00_region0_occ1 [global_ba] OK
2026-09-08T16:58:42-04:00   yoda_fix_4fps_2_1969_12_31-19_23_00_region0_occ1 [incremental] OK
2026-09-08T16:58:43-04:00   yoda_fix_4fps_3_1969_12_31-19_24_25_region0_occ0 [global_ba] OK
2026-09-08T16:58:44-04:00   yoda_fix_4fps_3_1969_12_31-19_24_25_region0_occ0 [incremental] OK
2026-09-08T16:58:45-04:00   yoda_fix_4fps_3_1969_12_31-19_24_25_region0_occ1 [global_ba] OK
2026-09-08T16:58:46-04:00   yoda_fix_4fps_3_1969_12_31-19_24_25_region0_occ1 [incremental] OK
2026-09-08T16:58:47-04:00   yoda_fix_4fps_4_1969_12_31-19_25_41_region0_occ0 [global_ba] OK
2026-09-08T16:58:47-04:00   yoda_fix_4fps_4_1969_12_31-19_25_41_region0_occ0 [incremental] OK
2026-09-08T16:58:48-04:00   yoda_fix_4fps_4_1969_12_31-19_25_41_region0_occ1 [global_ba] OK
2026-09-08T16:58:49-04:00   yoda_fix_4fps_4_1969_12_31-19_25_41_region0_occ1 [incremental] OK
2026-09-08T16:58:50-04:00   yoda_fix_4fps_5_1969_12_31-19_27_02_region0_occ0 [global_ba] OK
2026-09-08T16:58:51-04:00   yoda_fix_4fps_5_1969_12_31-19_27_02_region0_occ0 [incremental] OK
2026-09-08T16:58:52-04:00   yoda_fix_4fps_5_1969_12_31-19_27_02_region0_occ1 [global_ba] OK
2026-09-08T16:58:53-04:00   yoda_fix_4fps_5_1969_12_31-19_27_02_region0_occ1 [incremental] OK
2026-09-08T16:58:54-04:00   yoda_fix_4fps_loop_1969_12_31-19_14_13_region0_occ0 [global_ba] OK
2026-09-08T16:58:55-04:00   yoda_fix_4fps_loop_1969_12_31-19_14_13_region0_occ0 [incremental] OK
2026-09-08T16:58:55-04:00 Multi-method ground-truth comparison complete.
