[default] ATE RMSE=22.9420 m (mean=20.9379, median=23.6852, max=34.3857), n_poses=61
       1.0 m (n=  52): trans RMSE=3.5359 m (353.59%), rot RMSE=8.345 deg
       5.0 m (n=  48): trans RMSE=10.2684 m (205.37%), rot RMSE=18.426 deg
      10.0 m (n=  42): trans RMSE=16.6249 m (166.25%), rot RMSE=26.073 deg
      20.0 m (n=  31): trans RMSE=28.8130 m (144.06%), rot RMSE=34.289 deg
      40.0 m (n=  13): trans RMSE=44.2056 m (110.51%), rot RMSE=33.604 deg
[clahe] ATE RMSE=15.0311 m (mean=13.4970, median=14.5713, max=22.8131), n_poses=61
       1.0 m (n=  52): trans RMSE=3.7070 m (370.70%), rot RMSE=3.688 deg
       5.0 m (n=  48): trans RMSE=10.2947 m (205.89%), rot RMSE=9.079 deg
      10.0 m (n=  42): trans RMSE=14.7158 m (147.16%), rot RMSE=17.716 deg
      20.0 m (n=  31): trans RMSE=25.1194 m (125.60%), rot RMSE=30.256 deg
      40.0 m (n=  13): trans RMSE=25.3971 m (63.49%), rot RMSE=39.605 deg
[AirSLAM] WARNING: only 29 associated poses, fewer than --n-align=30
[AirSLAM] ATE RMSE=14.5690 m (mean=12.7712, median=13.4277, max=21.5940), n_poses=29
       1.0 m (n=  26): trans RMSE=1.7894 m (178.94%), rot RMSE=3.317 deg
       5.0 m (n=  24): trans RMSE=5.8366 m (116.73%), rot RMSE=4.068 deg
      10.0 m (n=  21): trans RMSE=10.5037 m (105.04%), rot RMSE=4.553 deg
      20.0 m (n=  15): trans RMSE=20.3003 m (101.50%), rot RMSE=5.180 deg
      40.0 m (n=   5): trans RMSE=39.2389 m (98.10%), rot RMSE=8.868 deg
[cuVSLAM] ATE RMSE=65.2594 m (mean=44.3836, median=5.3255, max=106.1028), n_poses=61
       1.0 m (n=  52): trans RMSE=14.8901 m (1489.01%), rot RMSE=6.515 deg
       5.0 m (n=  48): trans RMSE=34.4639 m (689.28%), rot RMSE=23.113 deg
      10.0 m (n=  42): trans RMSE=48.4982 m (484.98%), rot RMSE=38.689 deg
      20.0 m (n=  31): trans RMSE=71.5907 m (357.95%), rot RMSE=51.495 deg
      40.0 m (n=  13): trans RMSE=97.1366 m (242.84%), rot RMSE=61.484 deg
[ORBSLAM3] WARNING: only 7 associated poses, fewer than --n-align=30
[ORBSLAM3] ATE RMSE=0.0387 m (mean=0.0297, median=0.0216, max=0.0853), n_poses=7
       1.0 m: not enough associated span for this window.
       5.0 m: not enough associated span for this window.
      10.0 m: not enough associated span for this window.
      20.0 m: not enough associated span for this window.
      40.0 m: not enough associated span for this window.
Wrote /home/alien/Documents/research/third_article/pose_graph_bracketing_slam-stable/docs/results/sept_7_all/multi_method/yoda_bridge_4fps_1_1969_12_31-19_29_47_region0_occ1_hdrflow/metrics_global_ba.txt
Wrote /home/alien/Documents/research/third_article/pose_graph_bracketing_slam-stable/docs/results/sept_7_all/multi_method/yoda_bridge_4fps_1_1969_12_31-19_29_47_region0_occ1_hdrflow/metrics_global_ba.json
Saved /home/alien/Documents/research/third_article/pose_graph_bracketing_slam-stable/docs/results/sept_7_all/multi_method/yoda_bridge_4fps_1_1969_12_31-19_29_47_region0_occ1_hdrflow/trajectories_overlay_global_ba.png
