[default] ATE RMSE=23.2236 m (mean=16.0389, median=11.2468, max=54.9750), n_poses=129
       1.0 m (n= 121): trans RMSE=2.4296 m (242.96%), rot RMSE=9.865 deg
       5.0 m (n= 116): trans RMSE=5.5928 m (111.86%), rot RMSE=15.830 deg
      10.0 m (n= 111): trans RMSE=9.1804 m (91.80%), rot RMSE=23.470 deg
      20.0 m (n= 100): trans RMSE=13.1524 m (65.76%), rot RMSE=39.996 deg
      40.0 m (n=  89): trans RMSE=22.3387 m (55.85%), rot RMSE=53.654 deg
[clahe] ATE RMSE=22.9364 m (mean=15.8340, median=11.2066, max=54.3323), n_poses=129
       1.0 m (n= 121): trans RMSE=2.4949 m (249.49%), rot RMSE=9.831 deg
       5.0 m (n= 116): trans RMSE=5.7152 m (114.30%), rot RMSE=15.276 deg
      10.0 m (n= 111): trans RMSE=9.3305 m (93.30%), rot RMSE=22.289 deg
      20.0 m (n= 100): trans RMSE=13.2499 m (66.25%), rot RMSE=38.154 deg
      40.0 m (n=  89): trans RMSE=22.0136 m (55.03%), rot RMSE=52.790 deg
[AirSLAM] ATE RMSE=24.2128 m (mean=21.2929, median=16.6059, max=45.4777), n_poses=62
       1.0 m (n=  60): trans RMSE=2.4738 m (247.38%), rot RMSE=11.625 deg
       5.0 m (n=  58): trans RMSE=6.6463 m (132.93%), rot RMSE=30.562 deg
      10.0 m (n=  55): trans RMSE=11.6672 m (116.67%), rot RMSE=49.313 deg
      20.0 m (n=  50): trans RMSE=21.3235 m (106.62%), rot RMSE=68.596 deg
      40.0 m (n=  42): trans RMSE=35.5242 m (88.81%), rot RMSE=114.716 deg
[cuVSLAM] ATE RMSE=162.5574 m (mean=136.5205, median=197.1055, max=225.2233), n_poses=153
       1.0 m (n= 145): trans RMSE=16.3618 m (1636.18%), rot RMSE=10.478 deg
       5.0 m (n= 140): trans RMSE=57.0384 m (1140.77%), rot RMSE=32.427 deg
      10.0 m (n= 135): trans RMSE=96.6989 m (966.99%), rot RMSE=47.889 deg
      20.0 m (n= 124): trans RMSE=145.7151 m (728.58%), rot RMSE=67.388 deg
      40.0 m (n= 104): trans RMSE=190.8036 m (477.01%), rot RMSE=52.239 deg
[ORBSLAM3] WARNING: only 7 associated poses, fewer than --n-align=30
[ORBSLAM3] ATE RMSE=0.0337 m (mean=0.0294, median=0.0257, max=0.0587), n_poses=7
       1.0 m: not enough associated span for this window.
       5.0 m: not enough associated span for this window.
      10.0 m: not enough associated span for this window.
      20.0 m: not enough associated span for this window.
      40.0 m: not enough associated span for this window.
Wrote /home/alien/Documents/research/third_article/pose_graph_bracketing_slam-stable/docs/results/sept_7_all/multi_method/yoda_ae_4fps_loop_1969_12_31-19_17_37_region0_occ0/metrics_global_ba.txt
Wrote /home/alien/Documents/research/third_article/pose_graph_bracketing_slam-stable/docs/results/sept_7_all/multi_method/yoda_ae_4fps_loop_1969_12_31-19_17_37_region0_occ0/metrics_global_ba.json
Saved /home/alien/Documents/research/third_article/pose_graph_bracketing_slam-stable/docs/results/sept_7_all/multi_method/yoda_ae_4fps_loop_1969_12_31-19_17_37_region0_occ0/trajectories_overlay_global_ba.png
