[default] ATE RMSE=22.2398 m (mean=20.7822, median=22.7208, max=32.2977), n_poses=61
       1.0 m (n=  52): trans RMSE=3.6664 m (366.64%), rot RMSE=5.787 deg
       5.0 m (n=  48): trans RMSE=11.0621 m (221.24%), rot RMSE=12.214 deg
      10.0 m (n=  42): trans RMSE=18.6074 m (186.07%), rot RMSE=19.257 deg
      20.0 m (n=  31): trans RMSE=30.8730 m (154.36%), rot RMSE=27.648 deg
      40.0 m (n=  13): trans RMSE=42.9908 m (107.48%), rot RMSE=30.272 deg
[clahe] ATE RMSE=15.2638 m (mean=14.1741, median=14.6915, max=26.0737), n_poses=61
       1.0 m (n=  52): trans RMSE=2.8219 m (282.19%), rot RMSE=8.654 deg
       5.0 m (n=  48): trans RMSE=8.9583 m (179.17%), rot RMSE=16.848 deg
      10.0 m (n=  42): trans RMSE=16.0760 m (160.76%), rot RMSE=17.226 deg
      20.0 m (n=  31): trans RMSE=26.9087 m (134.54%), rot RMSE=13.670 deg
      40.0 m (n=  13): trans RMSE=26.1001 m (65.25%), rot RMSE=24.913 deg
[AirSLAM] WARNING: only 29 associated poses, fewer than --n-align=30
[AirSLAM] ATE RMSE=14.5690 m (mean=12.7712, median=13.4277, max=21.5940), n_poses=29
       1.0 m (n=  26): trans RMSE=1.7894 m (178.94%), rot RMSE=3.317 deg
       5.0 m (n=  24): trans RMSE=5.8366 m (116.73%), rot RMSE=4.068 deg
      10.0 m (n=  21): trans RMSE=10.5037 m (105.04%), rot RMSE=4.553 deg
      20.0 m (n=  15): trans RMSE=20.3003 m (101.50%), rot RMSE=5.180 deg
      40.0 m (n=   5): trans RMSE=39.2389 m (98.10%), rot RMSE=8.868 deg
[cuVSLAM] ATE RMSE=65.2594 m (mean=44.3836, median=5.3255, max=106.1028), n_poses=61
       1.0 m (n=  52): trans RMSE=14.8901 m (1489.01%), rot RMSE=6.515 deg
       5.0 m (n=  48): trans RMSE=34.4639 m (689.28%), rot RMSE=23.113 deg
      10.0 m (n=  42): trans RMSE=48.4982 m (484.98%), rot RMSE=38.689 deg
      20.0 m (n=  31): trans RMSE=71.5907 m (357.95%), rot RMSE=51.495 deg
      40.0 m (n=  13): trans RMSE=97.1366 m (242.84%), rot RMSE=61.484 deg
[ORBSLAM3] WARNING: only 7 associated poses, fewer than --n-align=30
[ORBSLAM3] ATE RMSE=0.0387 m (mean=0.0297, median=0.0216, max=0.0853), n_poses=7
       1.0 m: not enough associated span for this window.
       5.0 m: not enough associated span for this window.
      10.0 m: not enough associated span for this window.
      20.0 m: not enough associated span for this window.
      40.0 m: not enough associated span for this window.
Wrote /home/alien/Documents/research/third_article/pose_graph_bracketing_slam-stable/docs/results/sept_7_all/multi_method/yoda_bridge_4fps_1_1969_12_31-19_29_47_region0_occ1_hdrflow/metrics_incremental.txt
Wrote /home/alien/Documents/research/third_article/pose_graph_bracketing_slam-stable/docs/results/sept_7_all/multi_method/yoda_bridge_4fps_1_1969_12_31-19_29_47_region0_occ1_hdrflow/metrics_incremental.json
Saved /home/alien/Documents/research/third_article/pose_graph_bracketing_slam-stable/docs/results/sept_7_all/multi_method/yoda_bridge_4fps_1_1969_12_31-19_29_47_region0_occ1_hdrflow/trajectories_overlay_incremental.png
