[default] ATE RMSE=2.0575 m (mean=1.4950, median=1.0129, max=8.1173), n_poses=33
       1.0 m (n=  31): trans RMSE=3.1114 m (311.14%), rot RMSE=2.273 deg
       5.0 m (n=  30): trans RMSE=3.4868 m (69.74%), rot RMSE=3.287 deg
      10.0 m (n=  29): trans RMSE=4.1251 m (41.25%), rot RMSE=3.573 deg
      20.0 m (n=  24): trans RMSE=3.3961 m (16.98%), rot RMSE=4.129 deg
      40.0 m (n=   9): trans RMSE=3.3074 m (8.27%), rot RMSE=2.499 deg
[clahe] ATE RMSE=2.4117 m (mean=1.9336, median=1.5134, max=7.1758), n_poses=33
       1.0 m (n=  31): trans RMSE=3.0981 m (309.81%), rot RMSE=2.557 deg
       5.0 m (n=  30): trans RMSE=3.9385 m (78.77%), rot RMSE=3.278 deg
      10.0 m (n=  29): trans RMSE=4.2697 m (42.70%), rot RMSE=3.719 deg
      20.0 m (n=  24): trans RMSE=3.4087 m (17.04%), rot RMSE=6.612 deg
      40.0 m (n=   9): trans RMSE=4.7943 m (11.99%), rot RMSE=1.357 deg
[AirSLAM] ATE RMSE=14.5333 m (mean=13.0090, median=14.0658, max=26.1642), n_poses=31
       1.0 m (n=  26): trans RMSE=2.7001 m (270.01%), rot RMSE=4.985 deg
       5.0 m (n=  23): trans RMSE=6.1318 m (122.64%), rot RMSE=10.011 deg
      10.0 m (n=  21): trans RMSE=10.6802 m (106.80%), rot RMSE=16.101 deg
      20.0 m (n=  16): trans RMSE=20.3243 m (101.62%), rot RMSE=23.253 deg
      40.0 m (n=   5): trans RMSE=38.4337 m (96.08%), rot RMSE=38.032 deg
[cuVSLAM] ATE RMSE=17.3079 m (mean=14.2434, median=10.7022, max=30.3608), n_poses=49
       1.0 m (n=  42): trans RMSE=4.1876 m (418.76%), rot RMSE=10.680 deg
       5.0 m (n=  38): trans RMSE=8.0126 m (160.25%), rot RMSE=21.673 deg
      10.0 m (n=  35): trans RMSE=11.1772 m (111.77%), rot RMSE=30.616 deg
      20.0 m (n=  27): trans RMSE=18.9554 m (94.78%), rot RMSE=39.920 deg
      40.0 m (n=  10): trans RMSE=31.0400 m (77.60%), rot RMSE=11.166 deg
[ORBSLAM3] FAILED to align/associate: Degenerate covariance rank, Umeyama alignment is not possible
Wrote /home/alien/Documents/research/third_article/pose_graph_bracketing_slam-stable/docs/results/sept_7_all/multi_method/yoda_fix_4fps_5_1969_12_31-19_27_02_region0_occ0/metrics_incremental.txt
Wrote /home/alien/Documents/research/third_article/pose_graph_bracketing_slam-stable/docs/results/sept_7_all/multi_method/yoda_fix_4fps_5_1969_12_31-19_27_02_region0_occ0/metrics_incremental.json
Saved /home/alien/Documents/research/third_article/pose_graph_bracketing_slam-stable/docs/results/sept_7_all/multi_method/yoda_fix_4fps_5_1969_12_31-19_27_02_region0_occ0/trajectories_overlay_incremental.png
