[default] ATE RMSE=27.4962 m (mean=24.7516, median=30.2568, max=41.3138), n_poses=61
       1.0 m (n=  55): trans RMSE=3.2460 m (324.60%), rot RMSE=8.189 deg
       5.0 m (n=  50): trans RMSE=9.3749 m (187.50%), rot RMSE=14.600 deg
      10.0 m (n=  44): trans RMSE=17.3864 m (173.86%), rot RMSE=20.757 deg
      20.0 m (n=  34): trans RMSE=32.7103 m (163.55%), rot RMSE=27.368 deg
      40.0 m (n=  15): trans RMSE=45.8758 m (114.69%), rot RMSE=21.364 deg
[clahe] ATE RMSE=24.5690 m (mean=21.8728, median=26.9806, max=38.5295), n_poses=61
       1.0 m (n=  55): trans RMSE=3.7937 m (379.37%), rot RMSE=9.943 deg
       5.0 m (n=  50): trans RMSE=8.5553 m (171.11%), rot RMSE=13.573 deg
      10.0 m (n=  44): trans RMSE=15.7489 m (157.49%), rot RMSE=13.972 deg
      20.0 m (n=  34): trans RMSE=29.2721 m (146.36%), rot RMSE=16.221 deg
      40.0 m (n=  15): trans RMSE=40.8244 m (102.06%), rot RMSE=11.679 deg
[AirSLAM] WARNING: only 27 associated poses, fewer than --n-align=30
[AirSLAM] ATE RMSE=12.9653 m (mean=11.4898, median=12.2647, max=19.4245), n_poses=27
       1.0 m (n=  24): trans RMSE=1.7765 m (177.65%), rot RMSE=6.198 deg
       5.0 m (n=  22): trans RMSE=5.4879 m (109.76%), rot RMSE=11.567 deg
      10.0 m (n=  19): trans RMSE=10.2154 m (102.15%), rot RMSE=19.082 deg
      20.0 m (n=  13): trans RMSE=19.4448 m (97.22%), rot RMSE=25.004 deg
      40.0 m (n=   3): trans RMSE=35.7455 m (89.36%), rot RMSE=32.115 deg
[cuVSLAM] ATE RMSE=16.2837 m (mean=12.3866, median=7.9921, max=30.6428), n_poses=61
       1.0 m (n=  55): trans RMSE=1.4717 m (147.17%), rot RMSE=5.319 deg
       5.0 m (n=  50): trans RMSE=4.6680 m (93.36%), rot RMSE=12.081 deg
      10.0 m (n=  44): trans RMSE=8.3247 m (83.25%), rot RMSE=15.708 deg
      20.0 m (n=  34): trans RMSE=14.2800 m (71.40%), rot RMSE=20.292 deg
      40.0 m (n=  15): trans RMSE=27.2479 m (68.12%), rot RMSE=20.240 deg
[ORBSLAM3] WARNING: only 3 associated poses, fewer than --n-align=30
[ORBSLAM3] ATE RMSE=0.0106 m (mean=0.0097, median=0.0117, max=0.0137), n_poses=3
       1.0 m: not enough associated span for this window.
       5.0 m: not enough associated span for this window.
      10.0 m: not enough associated span for this window.
      20.0 m: not enough associated span for this window.
      40.0 m: not enough associated span for this window.
Wrote /home/alien/Documents/research/third_article/pose_graph_bracketing_slam-stable/docs/results/sept_7_all/multi_method/yoda_bridge_4fps_5_1969_12_31-19_38_15_region0_occ0_hdrflow/metrics_incremental.txt
Wrote /home/alien/Documents/research/third_article/pose_graph_bracketing_slam-stable/docs/results/sept_7_all/multi_method/yoda_bridge_4fps_5_1969_12_31-19_38_15_region0_occ0_hdrflow/metrics_incremental.json
Saved /home/alien/Documents/research/third_article/pose_graph_bracketing_slam-stable/docs/results/sept_7_all/multi_method/yoda_bridge_4fps_5_1969_12_31-19_38_15_region0_occ0_hdrflow/trajectories_overlay_incremental.png
