[default] ATE RMSE=14.5402 m (mean=12.7369, median=11.7456, max=22.9280), n_poses=54
       1.0 m (n=  46): trans RMSE=4.4684 m (446.84%), rot RMSE=6.721 deg
       5.0 m (n=  42): trans RMSE=9.1720 m (183.44%), rot RMSE=9.903 deg
      10.0 m (n=  37): trans RMSE=13.8924 m (138.92%), rot RMSE=14.214 deg
      20.0 m (n=  27): trans RMSE=18.9924 m (94.96%), rot RMSE=12.921 deg
      40.0 m (n=  10): trans RMSE=32.2457 m (80.61%), rot RMSE=16.319 deg
[clahe] ATE RMSE=8.7017 m (mean=7.4074, median=7.0906, max=21.5255), n_poses=54
       1.0 m (n=  46): trans RMSE=3.4137 m (341.37%), rot RMSE=7.769 deg
       5.0 m (n=  42): trans RMSE=6.6797 m (133.59%), rot RMSE=16.867 deg
      10.0 m (n=  37): trans RMSE=9.2733 m (92.73%), rot RMSE=20.732 deg
      20.0 m (n=  27): trans RMSE=14.5133 m (72.57%), rot RMSE=20.610 deg
      40.0 m (n=  10): trans RMSE=19.4924 m (48.73%), rot RMSE=45.429 deg
[AirSLAM] WARNING: only 21 associated poses, fewer than --n-align=30
[AirSLAM] ATE RMSE=15.9606 m (mean=14.2846, median=16.1761, max=22.9860), n_poses=21
       1.0 m (n=  19): trans RMSE=3.4187 m (341.87%), rot RMSE=3.813 deg
       5.0 m (n=  17): trans RMSE=8.9270 m (178.54%), rot RMSE=5.026 deg
      10.0 m (n=  14): trans RMSE=14.0294 m (140.29%), rot RMSE=4.298 deg
      20.0 m (n=  13): trans RMSE=24.1038 m (120.52%), rot RMSE=5.509 deg
      40.0 m (n=   4): trans RMSE=40.8161 m (102.04%), rot RMSE=10.150 deg
[cuVSLAM] ATE RMSE=75.6006 m (mean=43.3529, median=6.9914, max=211.3222), n_poses=54
       1.0 m (n=  46): trans RMSE=9.5242 m (952.42%), rot RMSE=21.371 deg
       5.0 m (n=  42): trans RMSE=30.8369 m (616.74%), rot RMSE=73.641 deg
      10.0 m (n=  37): trans RMSE=45.7013 m (457.01%), rot RMSE=55.183 deg
      20.0 m (n=  27): trans RMSE=48.5493 m (242.75%), rot RMSE=64.571 deg
      40.0 m (n=  10): trans RMSE=104.2958 m (260.74%), rot RMSE=115.750 deg
[ORBSLAM3] WARNING: only 7 associated poses, fewer than --n-align=30
[ORBSLAM3] ATE RMSE=0.0468 m (mean=0.0367, median=0.0270, max=0.1034), n_poses=7
       1.0 m: not enough associated span for this window.
       5.0 m: not enough associated span for this window.
      10.0 m: not enough associated span for this window.
      20.0 m: not enough associated span for this window.
      40.0 m: not enough associated span for this window.
Wrote /home/alien/Documents/research/third_article/pose_graph_bracketing_slam-stable/docs/results/sept_7_all/multi_method/yoda_ae_4fps_5_1969_12_31-19_57_01_region0_occ1_hdrflow/metrics_global_ba.txt
Wrote /home/alien/Documents/research/third_article/pose_graph_bracketing_slam-stable/docs/results/sept_7_all/multi_method/yoda_ae_4fps_5_1969_12_31-19_57_01_region0_occ1_hdrflow/metrics_global_ba.json
Saved /home/alien/Documents/research/third_article/pose_graph_bracketing_slam-stable/docs/results/sept_7_all/multi_method/yoda_ae_4fps_5_1969_12_31-19_57_01_region0_occ1_hdrflow/trajectories_overlay_global_ba.png
