[default] ATE RMSE=6.1378 m (mean=3.3715, median=0.2723, max=12.2458), n_poses=49
       1.0 m (n=  43): trans RMSE=2.7782 m (277.82%), rot RMSE=5.431 deg
       5.0 m (n=  38): trans RMSE=4.7337 m (94.67%), rot RMSE=8.701 deg
      10.0 m (n=  36): trans RMSE=6.7424 m (67.42%), rot RMSE=11.949 deg
      20.0 m (n=  34): trans RMSE=8.7941 m (43.97%), rot RMSE=14.431 deg
      40.0 m (n=  16): trans RMSE=11.9459 m (29.86%), rot RMSE=19.245 deg
[clahe] ATE RMSE=6.2994 m (mean=3.4791, median=0.3358, max=12.3372), n_poses=49
       1.0 m (n=  43): trans RMSE=2.5429 m (254.29%), rot RMSE=5.370 deg
       5.0 m (n=  38): trans RMSE=4.5438 m (90.88%), rot RMSE=8.774 deg
      10.0 m (n=  36): trans RMSE=6.5955 m (65.96%), rot RMSE=12.683 deg
      20.0 m (n=  34): trans RMSE=8.9103 m (44.55%), rot RMSE=16.501 deg
      40.0 m (n=  16): trans RMSE=12.0568 m (30.14%), rot RMSE=23.500 deg
[AirSLAM] WARNING: only 21 associated poses, fewer than --n-align=30
[AirSLAM] ATE RMSE=13.3808 m (mean=11.9612, median=13.6937, max=20.7479), n_poses=21
       1.0 m (n=  19): trans RMSE=2.6257 m (262.57%), rot RMSE=7.957 deg
       5.0 m (n=  17): trans RMSE=6.5026 m (130.05%), rot RMSE=14.283 deg
      10.0 m (n=  14): trans RMSE=10.8321 m (108.32%), rot RMSE=19.668 deg
      20.0 m (n=  12): trans RMSE=20.8146 m (104.07%), rot RMSE=27.077 deg
      40.0 m (n=   3): trans RMSE=35.5300 m (88.83%), rot RMSE=30.807 deg
[cuVSLAM] ATE RMSE=16.8507 m (mean=12.3681, median=6.4489, max=36.6702), n_poses=60
       1.0 m (n=  54): trans RMSE=1.7870 m (178.70%), rot RMSE=10.410 deg
       5.0 m (n=  49): trans RMSE=5.5535 m (111.07%), rot RMSE=22.588 deg
      10.0 m (n=  44): trans RMSE=9.2850 m (92.85%), rot RMSE=28.636 deg
      20.0 m (n=  35): trans RMSE=14.7355 m (73.68%), rot RMSE=33.707 deg
      40.0 m (n=  16): trans RMSE=26.8609 m (67.15%), rot RMSE=42.354 deg
[ORBSLAM3] WARNING: only 3 associated poses, fewer than --n-align=30
[ORBSLAM3] ATE RMSE=0.0084 m (mean=0.0079, median=0.0069, max=0.0115), n_poses=3
       1.0 m: not enough associated span for this window.
       5.0 m: not enough associated span for this window.
      10.0 m: not enough associated span for this window.
      20.0 m: not enough associated span for this window.
      40.0 m: not enough associated span for this window.
Wrote /home/alien/Documents/research/third_article/pose_graph_bracketing_slam-stable/docs/results/sept_7_all/multi_method/yoda_ae_4fps_4_1969_12_31-19_55_12_region0_occ0/metrics_global_ba.txt
Wrote /home/alien/Documents/research/third_article/pose_graph_bracketing_slam-stable/docs/results/sept_7_all/multi_method/yoda_ae_4fps_4_1969_12_31-19_55_12_region0_occ0/metrics_global_ba.json
Saved /home/alien/Documents/research/third_article/pose_graph_bracketing_slam-stable/docs/results/sept_7_all/multi_method/yoda_ae_4fps_4_1969_12_31-19_55_12_region0_occ0/trajectories_overlay_global_ba.png
