[default] ATE RMSE=20.8988 m (mean=18.3346, median=21.3235, max=34.4758), n_poses=58
       1.0 m (n=  54): trans RMSE=6.1127 m (611.27%), rot RMSE=16.130 deg
       5.0 m (n=  49): trans RMSE=11.2571 m (225.14%), rot RMSE=23.734 deg
      10.0 m (n=  44): trans RMSE=15.6049 m (156.05%), rot RMSE=27.816 deg
      20.0 m (n=  34): trans RMSE=24.0415 m (120.21%), rot RMSE=33.382 deg
      40.0 m (n=  15): trans RMSE=35.0378 m (87.59%), rot RMSE=11.778 deg
[clahe] SKIPPED (missing: /home/alien/Documents/research/third_article/pose_graph_bracketing_slam-stable/docs/results/sept_7_all/pipeline_clahe/yoda_ae_4fps_4_1969_12_31-19_55_12_region0_occ0_hdrflow/traj_global_ba.tum)
[AirSLAM] WARNING: only 23 associated poses, fewer than --n-align=30
[AirSLAM] ATE RMSE=13.9749 m (mean=12.3755, median=13.8838, max=20.4549), n_poses=23
       1.0 m (n=  20): trans RMSE=2.7362 m (273.62%), rot RMSE=7.417 deg
       5.0 m (n=  17): trans RMSE=7.2014 m (144.03%), rot RMSE=15.296 deg
      10.0 m (n=  15): trans RMSE=11.1266 m (111.27%), rot RMSE=19.756 deg
      20.0 m (n=  12): trans RMSE=21.2840 m (106.42%), rot RMSE=25.592 deg
      40.0 m (n=   3): trans RMSE=36.5043 m (91.26%), rot RMSE=30.619 deg
[cuVSLAM] ATE RMSE=209.2990 m (mean=99.1933, median=9.4519, max=580.9578), n_poses=57
       1.0 m (n=  53): trans RMSE=45.8062 m (4580.62%), rot RMSE=7.399 deg
       5.0 m (n=  48): trans RMSE=137.8664 m (2757.33%), rot RMSE=15.711 deg
      10.0 m (n=  43): trans RMSE=180.8973 m (1808.97%), rot RMSE=16.275 deg
      20.0 m (n=  34): trans RMSE=205.9920 m (1029.96%), rot RMSE=18.635 deg
      40.0 m (n=  15): trans RMSE=325.9542 m (814.89%), rot RMSE=9.844 deg
[ORBSLAM3] FAILED to align/associate: Degenerate covariance rank, Umeyama alignment is not possible
Wrote /home/alien/Documents/research/third_article/pose_graph_bracketing_slam-stable/docs/results/sept_7_all/multi_method/yoda_ae_4fps_4_1969_12_31-19_55_12_region0_occ0_hdrflow/metrics_global_ba.txt
Wrote /home/alien/Documents/research/third_article/pose_graph_bracketing_slam-stable/docs/results/sept_7_all/multi_method/yoda_ae_4fps_4_1969_12_31-19_55_12_region0_occ0_hdrflow/metrics_global_ba.json
Saved /home/alien/Documents/research/third_article/pose_graph_bracketing_slam-stable/docs/results/sept_7_all/multi_method/yoda_ae_4fps_4_1969_12_31-19_55_12_region0_occ0_hdrflow/trajectories_overlay_global_ba.png
