[default] ATE RMSE=1.7544 m (mean=1.1479, median=0.7670, max=5.6646), n_poses=39
       1.0 m (n=  38): trans RMSE=0.9834 m (98.34%), rot RMSE=1.123 deg
       5.0 m (n=  36): trans RMSE=1.3827 m (27.65%), rot RMSE=1.684 deg
      10.0 m (n=  35): trans RMSE=1.9040 m (19.04%), rot RMSE=1.922 deg
      20.0 m (n=  29): trans RMSE=2.7982 m (13.99%), rot RMSE=2.453 deg
      40.0 m (n=  13): trans RMSE=4.4130 m (11.03%), rot RMSE=2.866 deg
[clahe] ATE RMSE=2.7338 m (mean=1.5798, median=0.7359, max=9.2829), n_poses=39
       1.0 m (n=  38): trans RMSE=1.0559 m (105.59%), rot RMSE=2.399 deg
       5.0 m (n=  36): trans RMSE=1.8050 m (36.10%), rot RMSE=4.292 deg
      10.0 m (n=  35): trans RMSE=2.8756 m (28.76%), rot RMSE=5.824 deg
      20.0 m (n=  29): trans RMSE=4.8233 m (24.12%), rot RMSE=10.260 deg
      40.0 m (n=  13): trans RMSE=6.6868 m (16.72%), rot RMSE=13.678 deg
[AirSLAM] FAILED to align/associate: Degenerate covariance rank, Umeyama alignment is not possible
[cuVSLAM] ATE RMSE=25.3986 m (mean=22.0206, median=18.6464, max=45.3127), n_poses=57
       1.0 m (n=  53): trans RMSE=7.6942 m (769.42%), rot RMSE=11.423 deg
       5.0 m (n=  48): trans RMSE=16.7910 m (335.82%), rot RMSE=20.506 deg
      10.0 m (n=  44): trans RMSE=25.9352 m (259.35%), rot RMSE=22.479 deg
      20.0 m (n=  34): trans RMSE=24.7921 m (123.96%), rot RMSE=22.824 deg
      40.0 m (n=  15): trans RMSE=44.1837 m (110.46%), rot RMSE=29.248 deg
[ORBSLAM3] FAILED to align/associate: Degenerate covariance rank, Umeyama alignment is not possible
Wrote /home/alien/Documents/research/third_article/pose_graph_bracketing_slam-stable/docs/results/sept_7_all/multi_method/yoda_fix_4fps_2_1969_12_31-19_23_00_region0_occ0/metrics_global_ba.txt
Wrote /home/alien/Documents/research/third_article/pose_graph_bracketing_slam-stable/docs/results/sept_7_all/multi_method/yoda_fix_4fps_2_1969_12_31-19_23_00_region0_occ0/metrics_global_ba.json
Saved /home/alien/Documents/research/third_article/pose_graph_bracketing_slam-stable/docs/results/sept_7_all/multi_method/yoda_fix_4fps_2_1969_12_31-19_23_00_region0_occ0/trajectories_overlay_global_ba.png
