[default] ATE RMSE=25.0305 m (mean=23.1494, median=25.7364, max=39.2341), n_poses=54
       1.0 m (n=  50): trans RMSE=3.9772 m (397.72%), rot RMSE=13.286 deg
       5.0 m (n=  46): trans RMSE=10.9577 m (219.15%), rot RMSE=15.754 deg
      10.0 m (n=  41): trans RMSE=18.9021 m (189.02%), rot RMSE=16.198 deg
      20.0 m (n=  32): trans RMSE=34.4914 m (172.46%), rot RMSE=21.113 deg
      40.0 m (n=  14): trans RMSE=44.1821 m (110.46%), rot RMSE=9.550 deg
[clahe] ATE RMSE=16.6219 m (mean=15.4008, median=15.2454, max=25.6699), n_poses=54
       1.0 m (n=  50): trans RMSE=2.9865 m (298.65%), rot RMSE=6.731 deg
       5.0 m (n=  46): trans RMSE=7.9992 m (159.98%), rot RMSE=12.417 deg
      10.0 m (n=  41): trans RMSE=13.3441 m (133.44%), rot RMSE=18.932 deg
      20.0 m (n=  32): trans RMSE=22.1254 m (110.63%), rot RMSE=29.619 deg
      40.0 m (n=  14): trans RMSE=28.0445 m (70.11%), rot RMSE=9.324 deg
[AirSLAM] WARNING: only 24 associated poses, fewer than --n-align=30
[AirSLAM] ATE RMSE=13.1565 m (mean=11.6402, median=11.9890, max=20.0385), n_poses=24
       1.0 m (n=  21): trans RMSE=2.0446 m (204.46%), rot RMSE=7.151 deg
       5.0 m (n=  19): trans RMSE=6.2173 m (124.35%), rot RMSE=14.424 deg
      10.0 m (n=  17): trans RMSE=10.7544 m (107.54%), rot RMSE=20.273 deg
      20.0 m (n=  11): trans RMSE=19.9847 m (99.92%), rot RMSE=24.964 deg
      40.0 m (n=   2): trans RMSE=36.9029 m (92.26%), rot RMSE=30.337 deg
[cuVSLAM] ATE RMSE=16.4879 m (mean=13.4910, median=10.4788, max=29.0170), n_poses=54
       1.0 m (n=  50): trans RMSE=1.5522 m (155.22%), rot RMSE=9.906 deg
       5.0 m (n=  46): trans RMSE=4.8370 m (96.74%), rot RMSE=26.351 deg
      10.0 m (n=  41): trans RMSE=8.6624 m (86.62%), rot RMSE=31.473 deg
      20.0 m (n=  32): trans RMSE=16.1080 m (80.54%), rot RMSE=39.433 deg
      40.0 m (n=  14): trans RMSE=31.1724 m (77.93%), rot RMSE=31.125 deg
[ORBSLAM3] FAILED to align/associate: Degenerate covariance rank, Umeyama alignment is not possible
Wrote /home/alien/Documents/research/third_article/pose_graph_bracketing_slam-stable/docs/results/sept_7_all/multi_method/yoda_bridge_4fps_1_1969_12_31-19_29_47_region0_occ0_hdrflow/metrics_incremental.txt
Wrote /home/alien/Documents/research/third_article/pose_graph_bracketing_slam-stable/docs/results/sept_7_all/multi_method/yoda_bridge_4fps_1_1969_12_31-19_29_47_region0_occ0_hdrflow/metrics_incremental.json
Saved /home/alien/Documents/research/third_article/pose_graph_bracketing_slam-stable/docs/results/sept_7_all/multi_method/yoda_bridge_4fps_1_1969_12_31-19_29_47_region0_occ0_hdrflow/trajectories_overlay_incremental.png
