[default] ATE RMSE=0.8122 m (mean=0.6422, median=0.3457, max=1.3868), n_poses=54
       1.0 m (n=  48): trans RMSE=0.1911 m (19.11%), rot RMSE=0.980 deg
       5.0 m (n=  43): trans RMSE=0.3697 m (7.39%), rot RMSE=1.416 deg
      10.0 m (n=  38): trans RMSE=0.5542 m (5.54%), rot RMSE=1.332 deg
      20.0 m (n=  29): trans RMSE=0.8676 m (4.34%), rot RMSE=1.452 deg
      40.0 m (n=  12): trans RMSE=1.4627 m (3.66%), rot RMSE=1.920 deg
[clahe] ATE RMSE=1.7397 m (mean=1.3351, median=0.9835, max=5.8844), n_poses=54
       1.0 m (n=  48): trans RMSE=0.7668 m (76.68%), rot RMSE=2.508 deg
       5.0 m (n=  43): trans RMSE=1.6260 m (32.52%), rot RMSE=3.194 deg
      10.0 m (n=  38): trans RMSE=1.9572 m (19.57%), rot RMSE=3.739 deg
      20.0 m (n=  29): trans RMSE=2.4855 m (12.43%), rot RMSE=3.874 deg
      40.0 m (n=  12): trans RMSE=2.2170 m (5.54%), rot RMSE=0.852 deg
[AirSLAM] WARNING: only 26 associated poses, fewer than --n-align=30
[AirSLAM] ATE RMSE=14.5428 m (mean=12.7125, median=13.6040, max=22.6166), n_poses=26
       1.0 m (n=  24): trans RMSE=2.0271 m (202.71%), rot RMSE=4.084 deg
       5.0 m (n=  22): trans RMSE=6.0097 m (120.19%), rot RMSE=5.964 deg
      10.0 m (n=  19): trans RMSE=11.1611 m (111.61%), rot RMSE=5.414 deg
      20.0 m (n=  13): trans RMSE=20.7258 m (103.63%), rot RMSE=6.051 deg
      40.0 m (n=   5): trans RMSE=40.0654 m (100.16%), rot RMSE=8.395 deg
[cuVSLAM] ATE RMSE=131.0425 m (mean=83.6533, median=10.8287, max=342.9778), n_poses=55
       1.0 m (n=  49): trans RMSE=24.1551 m (2415.51%), rot RMSE=24.086 deg
       5.0 m (n=  44): trans RMSE=46.6829 m (933.66%), rot RMSE=54.848 deg
      10.0 m (n=  39): trans RMSE=73.1009 m (731.01%), rot RMSE=73.702 deg
      20.0 m (n=  29): trans RMSE=111.3253 m (556.63%), rot RMSE=129.893 deg
      40.0 m (n=  12): trans RMSE=192.3093 m (480.77%), rot RMSE=166.129 deg
[ORBSLAM3] WARNING: only 3 associated poses, fewer than --n-align=30
[ORBSLAM3] ATE RMSE=0.0036 m (mean=0.0035, median=0.0038, max=0.0042), n_poses=3
       1.0 m: not enough associated span for this window.
       5.0 m: not enough associated span for this window.
      10.0 m: not enough associated span for this window.
      20.0 m: not enough associated span for this window.
      40.0 m: not enough associated span for this window.
Wrote /home/alien/Documents/research/third_article/pose_graph_bracketing_slam-stable/docs/results/sept_7_all/multi_method/yoda_bridge_4fps_5_1969_12_31-19_38_15_region0_occ1/metrics_global_ba.txt
Wrote /home/alien/Documents/research/third_article/pose_graph_bracketing_slam-stable/docs/results/sept_7_all/multi_method/yoda_bridge_4fps_5_1969_12_31-19_38_15_region0_occ1/metrics_global_ba.json
Saved /home/alien/Documents/research/third_article/pose_graph_bracketing_slam-stable/docs/results/sept_7_all/multi_method/yoda_bridge_4fps_5_1969_12_31-19_38_15_region0_occ1/trajectories_overlay_global_ba.png
