[default] SKIPPED (missing: /home/alien/Documents/research/third_article/pose_graph_bracketing_slam-stable/docs/results/sept_7_all/pipeline_default/yoda_ae_4fps_1_1969_12_31-19_50_31_region0_occ0_hdrflow/traj_global_ba.tum)
[clahe] ATE RMSE=11.8467 m (mean=10.7269, median=10.6748, max=19.3077), n_poses=57
       1.0 m (n=  54): trans RMSE=2.8628 m (286.28%), rot RMSE=11.033 deg
       5.0 m (n=  49): trans RMSE=6.6899 m (133.80%), rot RMSE=13.102 deg
      10.0 m (n=  44): trans RMSE=10.0175 m (100.18%), rot RMSE=16.132 deg
      20.0 m (n=  34): trans RMSE=15.9981 m (79.99%), rot RMSE=17.233 deg
      40.0 m (n=  16): trans RMSE=20.4585 m (51.15%), rot RMSE=12.182 deg
[AirSLAM] WARNING: only 21 associated poses, fewer than --n-align=30
[AirSLAM] ATE RMSE=13.2693 m (mean=11.7117, median=13.9430, max=19.9729), n_poses=21
       1.0 m (n=  19): trans RMSE=2.8601 m (286.01%), rot RMSE=6.630 deg
       5.0 m (n=  17): trans RMSE=7.4493 m (148.99%), rot RMSE=13.556 deg
      10.0 m (n=  14): trans RMSE=11.5890 m (115.89%), rot RMSE=18.713 deg
      20.0 m (n=  13): trans RMSE=21.4650 m (107.33%), rot RMSE=27.319 deg
      40.0 m (n=   3): trans RMSE=35.4418 m (88.60%), rot RMSE=31.416 deg
[cuVSLAM] ATE RMSE=20.1382 m (mean=15.6702, median=10.8750, max=37.9528), n_poses=56
       1.0 m (n=  53): trans RMSE=2.6226 m (262.26%), rot RMSE=16.549 deg
       5.0 m (n=  48): trans RMSE=7.2447 m (144.89%), rot RMSE=38.947 deg
      10.0 m (n=  43): trans RMSE=11.4794 m (114.79%), rot RMSE=44.661 deg
      20.0 m (n=  34): trans RMSE=18.9900 m (94.95%), rot RMSE=49.307 deg
      40.0 m (n=  16): trans RMSE=37.9068 m (94.77%), rot RMSE=67.332 deg
[ORBSLAM3] FAILED to align/associate: Degenerate covariance rank, Umeyama alignment is not possible
Wrote /home/alien/Documents/research/third_article/pose_graph_bracketing_slam-stable/docs/results/sept_7_all/multi_method/yoda_ae_4fps_1_1969_12_31-19_50_31_region0_occ0_hdrflow/metrics_global_ba.txt
Wrote /home/alien/Documents/research/third_article/pose_graph_bracketing_slam-stable/docs/results/sept_7_all/multi_method/yoda_ae_4fps_1_1969_12_31-19_50_31_region0_occ0_hdrflow/metrics_global_ba.json
Saved /home/alien/Documents/research/third_article/pose_graph_bracketing_slam-stable/docs/results/sept_7_all/multi_method/yoda_ae_4fps_1_1969_12_31-19_50_31_region0_occ0_hdrflow/trajectories_overlay_global_ba.png
