[default] ATE RMSE=18.1689 m (mean=16.1165, median=16.2720, max=32.2448), n_poses=50
       1.0 m (n=  46): trans RMSE=4.9874 m (498.74%), rot RMSE=5.291 deg
       5.0 m (n=  42): trans RMSE=11.5922 m (231.84%), rot RMSE=9.975 deg
      10.0 m (n=  36): trans RMSE=17.0133 m (170.13%), rot RMSE=9.241 deg
      20.0 m (n=  28): trans RMSE=29.6290 m (148.14%), rot RMSE=7.769 deg
      40.0 m (n=  10): trans RMSE=39.6549 m (99.14%), rot RMSE=10.013 deg
[clahe] ATE RMSE=17.5646 m (mean=15.8581, median=16.7902, max=27.3691), n_poses=50
       1.0 m (n=  46): trans RMSE=3.7584 m (375.84%), rot RMSE=5.439 deg
       5.0 m (n=  42): trans RMSE=10.2086 m (204.17%), rot RMSE=12.833 deg
      10.0 m (n=  36): trans RMSE=15.6497 m (156.50%), rot RMSE=18.020 deg
      20.0 m (n=  28): trans RMSE=27.2729 m (136.36%), rot RMSE=27.435 deg
      40.0 m (n=  10): trans RMSE=35.3764 m (88.44%), rot RMSE=25.793 deg
[AirSLAM] WARNING: only 22 associated poses, fewer than --n-align=30
[AirSLAM] ATE RMSE=15.7890 m (mean=14.0772, median=15.4358, max=23.5704), n_poses=22
       1.0 m (n=  20): trans RMSE=3.2705 m (327.05%), rot RMSE=4.178 deg
       5.0 m (n=  18): trans RMSE=8.4849 m (169.70%), rot RMSE=4.217 deg
      10.0 m (n=  15): trans RMSE=13.2938 m (132.94%), rot RMSE=5.186 deg
      20.0 m (n=  14): trans RMSE=23.2333 m (116.17%), rot RMSE=5.454 deg
      40.0 m (n=   5): trans RMSE=39.3482 m (98.37%), rot RMSE=5.352 deg
[cuVSLAM] ATE RMSE=93.7724 m (mean=51.9990, median=8.9961, max=248.6575), n_poses=50
       1.0 m (n=  46): trans RMSE=17.8012 m (1780.12%), rot RMSE=9.809 deg
       5.0 m (n=  42): trans RMSE=55.3930 m (1107.86%), rot RMSE=23.499 deg
      10.0 m (n=  36): trans RMSE=76.1198 m (761.20%), rot RMSE=33.179 deg
      20.0 m (n=  28): trans RMSE=97.7934 m (488.97%), rot RMSE=51.458 deg
      40.0 m (n=  10): trans RMSE=179.6900 m (449.23%), rot RMSE=83.393 deg
[ORBSLAM3] FAILED to align/associate: Degenerate covariance rank, Umeyama alignment is not possible
Wrote /home/alien/Documents/research/third_article/pose_graph_bracketing_slam-stable/docs/results/sept_7_all/multi_method/yoda_ae_4fps_4_1969_12_31-19_55_12_region0_occ1_hdrflow/metrics_global_ba.txt
Wrote /home/alien/Documents/research/third_article/pose_graph_bracketing_slam-stable/docs/results/sept_7_all/multi_method/yoda_ae_4fps_4_1969_12_31-19_55_12_region0_occ1_hdrflow/metrics_global_ba.json
Saved /home/alien/Documents/research/third_article/pose_graph_bracketing_slam-stable/docs/results/sept_7_all/multi_method/yoda_ae_4fps_4_1969_12_31-19_55_12_region0_occ1_hdrflow/trajectories_overlay_global_ba.png
