[default] ATE RMSE=22.8141 m (mean=21.0627, median=21.8403, max=34.3426), n_poses=53
       1.0 m (n=  49): trans RMSE=4.7257 m (472.57%), rot RMSE=7.489 deg
       5.0 m (n=  44): trans RMSE=11.2804 m (225.61%), rot RMSE=10.223 deg
      10.0 m (n=  39): trans RMSE=20.0861 m (200.86%), rot RMSE=13.284 deg
      20.0 m (n=  29): trans RMSE=35.1360 m (175.68%), rot RMSE=14.701 deg
      40.0 m (n=  12): trans RMSE=47.1716 m (117.93%), rot RMSE=17.012 deg
[clahe] ATE RMSE=14.8515 m (mean=13.6040, median=13.8253, max=25.1342), n_poses=53
       1.0 m (n=  49): trans RMSE=2.8334 m (283.34%), rot RMSE=4.075 deg
       5.0 m (n=  44): trans RMSE=8.3929 m (167.86%), rot RMSE=7.540 deg
      10.0 m (n=  39): trans RMSE=15.6864 m (156.86%), rot RMSE=9.036 deg
      20.0 m (n=  29): trans RMSE=26.9468 m (134.73%), rot RMSE=5.770 deg
      40.0 m (n=  12): trans RMSE=26.6095 m (66.52%), rot RMSE=5.503 deg
[AirSLAM] WARNING: only 27 associated poses, fewer than --n-align=30
[AirSLAM] ATE RMSE=14.1754 m (mean=12.2670, median=12.8591, max=21.7036), n_poses=27
       1.0 m (n=  25): trans RMSE=2.0214 m (202.14%), rot RMSE=3.967 deg
       5.0 m (n=  23): trans RMSE=5.9527 m (119.05%), rot RMSE=5.942 deg
      10.0 m (n=  20): trans RMSE=11.0082 m (110.08%), rot RMSE=5.366 deg
      20.0 m (n=  14): trans RMSE=20.4846 m (102.42%), rot RMSE=6.036 deg
      40.0 m (n=   5): trans RMSE=39.7016 m (99.25%), rot RMSE=8.303 deg
[cuVSLAM] ATE RMSE=18.1332 m (mean=14.6370, median=10.2645, max=33.2536), n_poses=53
       1.0 m (n=  49): trans RMSE=1.5433 m (154.33%), rot RMSE=5.748 deg
       5.0 m (n=  44): trans RMSE=5.1692 m (103.38%), rot RMSE=21.901 deg
      10.0 m (n=  39): trans RMSE=9.6646 m (96.65%), rot RMSE=38.493 deg
      20.0 m (n=  29): trans RMSE=18.5237 m (92.62%), rot RMSE=41.427 deg
      40.0 m (n=  12): trans RMSE=36.5306 m (91.33%), rot RMSE=42.684 deg
[ORBSLAM3] FAILED to align/associate: Degenerate covariance rank, Umeyama alignment is not possible
Wrote /home/alien/Documents/research/third_article/pose_graph_bracketing_slam-stable/docs/results/sept_7_all/multi_method/yoda_bridge_4fps_5_1969_12_31-19_38_15_region0_occ1_hdrflow/metrics_incremental.txt
Wrote /home/alien/Documents/research/third_article/pose_graph_bracketing_slam-stable/docs/results/sept_7_all/multi_method/yoda_bridge_4fps_5_1969_12_31-19_38_15_region0_occ1_hdrflow/metrics_incremental.json
Saved /home/alien/Documents/research/third_article/pose_graph_bracketing_slam-stable/docs/results/sept_7_all/multi_method/yoda_bridge_4fps_5_1969_12_31-19_38_15_region0_occ1_hdrflow/trajectories_overlay_incremental.png
