[default] ATE RMSE=20.1762 m (mean=19.3137, median=21.6210, max=29.5155), n_poses=57
       1.0 m (n=  49): trans RMSE=4.2867 m (428.67%), rot RMSE=11.842 deg
       5.0 m (n=  44): trans RMSE=10.1101 m (202.20%), rot RMSE=11.332 deg
      10.0 m (n=  39): trans RMSE=16.1536 m (161.54%), rot RMSE=14.629 deg
      20.0 m (n=  29): trans RMSE=28.5230 m (142.62%), rot RMSE=17.306 deg
      40.0 m (n=  11): trans RMSE=41.5884 m (103.97%), rot RMSE=25.611 deg
[clahe] ATE RMSE=12.3854 m (mean=10.9564, median=10.2904, max=24.8548), n_poses=57
       1.0 m (n=  49): trans RMSE=4.0057 m (400.57%), rot RMSE=4.991 deg
       5.0 m (n=  44): trans RMSE=10.5666 m (211.33%), rot RMSE=6.198 deg
      10.0 m (n=  39): trans RMSE=13.4204 m (134.20%), rot RMSE=7.593 deg
      20.0 m (n=  29): trans RMSE=20.0890 m (100.45%), rot RMSE=9.459 deg
      40.0 m (n=  11): trans RMSE=25.3328 m (63.33%), rot RMSE=8.608 deg
[AirSLAM] WARNING: only 28 associated poses, fewer than --n-align=30
[AirSLAM] ATE RMSE=14.5217 m (mean=12.7293, median=13.8246, max=22.1399), n_poses=28
       1.0 m (n=  25): trans RMSE=1.8958 m (189.58%), rot RMSE=3.315 deg
       5.0 m (n=  23): trans RMSE=5.7675 m (115.35%), rot RMSE=3.717 deg
      10.0 m (n=  21): trans RMSE=10.4212 m (104.21%), rot RMSE=4.377 deg
      20.0 m (n=  16): trans RMSE=20.2673 m (101.34%), rot RMSE=4.618 deg
      40.0 m (n=   5): trans RMSE=38.0945 m (95.24%), rot RMSE=5.045 deg
[cuVSLAM] ATE RMSE=20.2799 m (mean=16.4436, median=12.7394, max=34.5360), n_poses=57
       1.0 m (n=  49): trans RMSE=1.6107 m (161.07%), rot RMSE=4.954 deg
       5.0 m (n=  44): trans RMSE=5.3247 m (106.49%), rot RMSE=13.133 deg
      10.0 m (n=  39): trans RMSE=9.9746 m (99.75%), rot RMSE=18.047 deg
      20.0 m (n=  29): trans RMSE=19.4048 m (97.02%), rot RMSE=23.751 deg
      40.0 m (n=  11): trans RMSE=38.0163 m (95.04%), rot RMSE=24.206 deg
[ORBSLAM3] WARNING: only 6 associated poses, fewer than --n-align=30
[ORBSLAM3] ATE RMSE=0.0157 m (mean=0.0145, median=0.0152, max=0.0232), n_poses=6
       1.0 m: not enough associated span for this window.
       5.0 m: not enough associated span for this window.
      10.0 m: not enough associated span for this window.
      20.0 m: not enough associated span for this window.
      40.0 m: not enough associated span for this window.
Wrote /home/alien/Documents/research/third_article/pose_graph_bracketing_slam-stable/docs/results/sept_7_all/multi_method/yoda_bridge_4fps_2_1969_12_31-19_31_20_region0_occ1_hdrflow/metrics_global_ba.txt
Wrote /home/alien/Documents/research/third_article/pose_graph_bracketing_slam-stable/docs/results/sept_7_all/multi_method/yoda_bridge_4fps_2_1969_12_31-19_31_20_region0_occ1_hdrflow/metrics_global_ba.json
Saved /home/alien/Documents/research/third_article/pose_graph_bracketing_slam-stable/docs/results/sept_7_all/multi_method/yoda_bridge_4fps_2_1969_12_31-19_31_20_region0_occ1_hdrflow/trajectories_overlay_global_ba.png
