[default] ATE RMSE=38.3666 m (mean=33.0698, median=34.9766, max=59.1900), n_poses=59
       1.0 m (n=  54): trans RMSE=4.1856 m (418.56%), rot RMSE=8.003 deg
       5.0 m (n=  49): trans RMSE=11.2540 m (225.08%), rot RMSE=14.194 deg
      10.0 m (n=  43): trans RMSE=21.0016 m (210.02%), rot RMSE=17.633 deg
      20.0 m (n=  34): trans RMSE=40.3820 m (201.91%), rot RMSE=15.642 deg
      40.0 m (n=  15): trans RMSE=64.5045 m (161.26%), rot RMSE=19.758 deg
[clahe] ATE RMSE=19.9195 m (mean=17.8073, median=19.5978, max=33.6584), n_poses=59
       1.0 m (n=  54): trans RMSE=2.8669 m (286.69%), rot RMSE=5.816 deg
       5.0 m (n=  49): trans RMSE=7.7696 m (155.39%), rot RMSE=11.150 deg
      10.0 m (n=  43): trans RMSE=14.1485 m (141.49%), rot RMSE=14.264 deg
      20.0 m (n=  34): trans RMSE=25.1671 m (125.84%), rot RMSE=18.693 deg
      40.0 m (n=  15): trans RMSE=32.7414 m (81.85%), rot RMSE=10.800 deg
[AirSLAM] WARNING: only 28 associated poses, fewer than --n-align=30
[AirSLAM] ATE RMSE=14.3009 m (mean=12.7772, median=13.6114, max=22.3930), n_poses=28
       1.0 m (n=  25): trans RMSE=1.9551 m (195.51%), rot RMSE=5.982 deg
       5.0 m (n=  23): trans RMSE=5.6315 m (112.63%), rot RMSE=11.878 deg
      10.0 m (n=  20): trans RMSE=10.0221 m (100.22%), rot RMSE=17.499 deg
      20.0 m (n=  15): trans RMSE=19.7740 m (98.87%), rot RMSE=23.302 deg
      40.0 m (n=   5): trans RMSE=36.4557 m (91.14%), rot RMSE=32.426 deg
[cuVSLAM] ATE RMSE=24.3788 m (mean=18.2985, median=10.3687, max=44.2078), n_poses=59
       1.0 m (n=  54): trans RMSE=2.6987 m (269.87%), rot RMSE=4.762 deg
       5.0 m (n=  49): trans RMSE=6.8438 m (136.88%), rot RMSE=14.312 deg
      10.0 m (n=  43): trans RMSE=12.4326 m (124.33%), rot RMSE=20.077 deg
      20.0 m (n=  34): trans RMSE=22.4057 m (112.03%), rot RMSE=26.242 deg
      40.0 m (n=  15): trans RMSE=42.4794 m (106.20%), rot RMSE=19.860 deg
[ORBSLAM3] FAILED to align/associate: Degenerate covariance rank, Umeyama alignment is not possible
Wrote /home/alien/Documents/research/third_article/pose_graph_bracketing_slam-stable/docs/results/sept_7_all/multi_method/yoda_bridge_4fps_4_1969_12_31-19_36_34_region0_occ0_hdrflow/metrics_incremental.txt
Wrote /home/alien/Documents/research/third_article/pose_graph_bracketing_slam-stable/docs/results/sept_7_all/multi_method/yoda_bridge_4fps_4_1969_12_31-19_36_34_region0_occ0_hdrflow/metrics_incremental.json
Saved /home/alien/Documents/research/third_article/pose_graph_bracketing_slam-stable/docs/results/sept_7_all/multi_method/yoda_bridge_4fps_4_1969_12_31-19_36_34_region0_occ0_hdrflow/trajectories_overlay_incremental.png
