[default] ATE RMSE=13.6124 m (mean=12.6973, median=12.0334, max=21.4633), n_poses=56
       1.0 m (n=  49): trans RMSE=3.0485 m (304.85%), rot RMSE=9.066 deg
       5.0 m (n=  44): trans RMSE=8.8283 m (176.57%), rot RMSE=17.422 deg
      10.0 m (n=  39): trans RMSE=16.0390 m (160.39%), rot RMSE=24.446 deg
      20.0 m (n=  30): trans RMSE=24.7818 m (123.91%), rot RMSE=38.233 deg
      40.0 m (n=  12): trans RMSE=24.5319 m (61.33%), rot RMSE=45.973 deg
[clahe] ATE RMSE=11.0021 m (mean=9.2972, median=9.3746, max=21.2539), n_poses=56
       1.0 m (n=  49): trans RMSE=2.6521 m (265.21%), rot RMSE=5.079 deg
       5.0 m (n=  44): trans RMSE=8.2148 m (164.30%), rot RMSE=8.040 deg
      10.0 m (n=  39): trans RMSE=14.8018 m (148.02%), rot RMSE=11.304 deg
      20.0 m (n=  30): trans RMSE=23.1909 m (115.95%), rot RMSE=12.863 deg
      40.0 m (n=  12): trans RMSE=14.4693 m (36.17%), rot RMSE=11.409 deg
[AirSLAM] WARNING: only 27 associated poses, fewer than --n-align=30
[AirSLAM] ATE RMSE=13.7215 m (mean=12.0399, median=12.6603, max=21.8543), n_poses=27
       1.0 m (n=  25): trans RMSE=1.9089 m (190.89%), rot RMSE=3.065 deg
       5.0 m (n=  23): trans RMSE=5.6782 m (113.56%), rot RMSE=4.390 deg
      10.0 m (n=  20): trans RMSE=10.4192 m (104.19%), rot RMSE=4.248 deg
      20.0 m (n=  15): trans RMSE=19.8289 m (99.14%), rot RMSE=4.332 deg
      40.0 m (n=   5): trans RMSE=37.0060 m (92.52%), rot RMSE=7.436 deg
[cuVSLAM] ATE RMSE=11.8885 m (mean=7.6712, median=1.7971, max=24.9734), n_poses=56
       1.0 m (n=  49): trans RMSE=1.3993 m (139.93%), rot RMSE=4.145 deg
       5.0 m (n=  44): trans RMSE=4.4182 m (88.36%), rot RMSE=15.467 deg
      10.0 m (n=  39): trans RMSE=7.4353 m (74.35%), rot RMSE=24.242 deg
      20.0 m (n=  30): trans RMSE=10.9483 m (54.74%), rot RMSE=39.987 deg
      40.0 m (n=  12): trans RMSE=18.7860 m (46.97%), rot RMSE=54.274 deg
[ORBSLAM3] WARNING: only 6 associated poses, fewer than --n-align=30
[ORBSLAM3] ATE RMSE=0.0368 m (mean=0.0276, median=0.0239, max=0.0784), n_poses=6
       1.0 m: not enough associated span for this window.
       5.0 m: not enough associated span for this window.
      10.0 m: not enough associated span for this window.
      20.0 m: not enough associated span for this window.
      40.0 m: not enough associated span for this window.
Wrote /home/alien/Documents/research/third_article/pose_graph_bracketing_slam-stable/docs/results/sept_7_all/multi_method/yoda_bridge_4fps_3_1969_12_31-19_34_56_region0_occ1_hdrflow/metrics_incremental.txt
Wrote /home/alien/Documents/research/third_article/pose_graph_bracketing_slam-stable/docs/results/sept_7_all/multi_method/yoda_bridge_4fps_3_1969_12_31-19_34_56_region0_occ1_hdrflow/metrics_incremental.json
Saved /home/alien/Documents/research/third_article/pose_graph_bracketing_slam-stable/docs/results/sept_7_all/multi_method/yoda_bridge_4fps_3_1969_12_31-19_34_56_region0_occ1_hdrflow/trajectories_overlay_incremental.png
