[default] ATE RMSE=23.5223 m (mean=20.3253, median=17.7833, max=41.7728), n_poses=55
       1.0 m (n=  46): trans RMSE=4.2283 m (422.83%), rot RMSE=9.429 deg
       5.0 m (n=  42): trans RMSE=11.1862 m (223.72%), rot RMSE=13.201 deg
      10.0 m (n=  36): trans RMSE=18.1858 m (181.86%), rot RMSE=17.804 deg
      20.0 m (n=  27): trans RMSE=26.4827 m (132.41%), rot RMSE=24.031 deg
      40.0 m (n=  10): trans RMSE=48.4030 m (121.01%), rot RMSE=25.148 deg
[clahe] ATE RMSE=8.9354 m (mean=6.8709, median=5.8087, max=23.5136), n_poses=55
       1.0 m (n=  46): trans RMSE=3.7829 m (378.29%), rot RMSE=4.805 deg
       5.0 m (n=  42): trans RMSE=8.3824 m (167.65%), rot RMSE=7.189 deg
      10.0 m (n=  36): trans RMSE=12.0925 m (120.92%), rot RMSE=8.297 deg
      20.0 m (n=  27): trans RMSE=19.2021 m (96.01%), rot RMSE=13.537 deg
      40.0 m (n=  10): trans RMSE=12.5853 m (31.46%), rot RMSE=10.994 deg
[AirSLAM] WARNING: only 23 associated poses, fewer than --n-align=30
[AirSLAM] ATE RMSE=15.9863 m (mean=14.5640, median=16.7469, max=22.7557), n_poses=23
       1.0 m (n=  20): trans RMSE=3.0943 m (309.43%), rot RMSE=2.812 deg
       5.0 m (n=  18): trans RMSE=7.3505 m (147.01%), rot RMSE=4.639 deg
      10.0 m (n=  15): trans RMSE=12.1213 m (121.21%), rot RMSE=5.828 deg
      20.0 m (n=  14): trans RMSE=22.1600 m (110.80%), rot RMSE=7.155 deg
      40.0 m (n=   6): trans RMSE=38.5386 m (96.35%), rot RMSE=10.106 deg
[cuVSLAM] ATE RMSE=39.9409 m (mean=32.3674, median=31.7030, max=87.9568), n_poses=55
       1.0 m (n=  46): trans RMSE=8.6737 m (867.37%), rot RMSE=13.460 deg
       5.0 m (n=  42): trans RMSE=24.6379 m (492.76%), rot RMSE=42.433 deg
      10.0 m (n=  36): trans RMSE=33.0920 m (330.92%), rot RMSE=57.302 deg
      20.0 m (n=  27): trans RMSE=46.1677 m (230.84%), rot RMSE=70.791 deg
      40.0 m (n=  10): trans RMSE=50.3628 m (125.91%), rot RMSE=52.205 deg
[ORBSLAM3] WARNING: only 7 associated poses, fewer than --n-align=30
[ORBSLAM3] ATE RMSE=0.0325 m (mean=0.0244, median=0.0173, max=0.0730), n_poses=7
       1.0 m: not enough associated span for this window.
       5.0 m: not enough associated span for this window.
      10.0 m: not enough associated span for this window.
      20.0 m: not enough associated span for this window.
      40.0 m: not enough associated span for this window.
Wrote /home/alien/Documents/research/third_article/pose_graph_bracketing_slam-stable/docs/results/sept_7_all/multi_method/yoda_ae_4fps_1_1969_12_31-19_50_31_region0_occ1_hdrflow/metrics_global_ba.txt
Wrote /home/alien/Documents/research/third_article/pose_graph_bracketing_slam-stable/docs/results/sept_7_all/multi_method/yoda_ae_4fps_1_1969_12_31-19_50_31_region0_occ1_hdrflow/metrics_global_ba.json
Saved /home/alien/Documents/research/third_article/pose_graph_bracketing_slam-stable/docs/results/sept_7_all/multi_method/yoda_ae_4fps_1_1969_12_31-19_50_31_region0_occ1_hdrflow/trajectories_overlay_global_ba.png
