[default] ATE RMSE=0.7293 m (mean=0.5941, median=0.3456, max=1.7969), n_poses=53
       1.0 m (n=  47): trans RMSE=0.2652 m (26.52%), rot RMSE=0.845 deg
       5.0 m (n=  43): trans RMSE=0.4743 m (9.49%), rot RMSE=1.124 deg
      10.0 m (n=  37): trans RMSE=0.5756 m (5.76%), rot RMSE=1.211 deg
      20.0 m (n=  28): trans RMSE=0.8998 m (4.50%), rot RMSE=1.586 deg
      40.0 m (n=  11): trans RMSE=1.2987 m (3.25%), rot RMSE=1.394 deg
[clahe] ATE RMSE=1.0921 m (mean=0.8498, median=0.5001, max=3.7213), n_poses=53
       1.0 m (n=  47): trans RMSE=0.4264 m (42.64%), rot RMSE=0.868 deg
       5.0 m (n=  43): trans RMSE=0.8074 m (16.15%), rot RMSE=1.248 deg
      10.0 m (n=  37): trans RMSE=1.0189 m (10.19%), rot RMSE=1.212 deg
      20.0 m (n=  28): trans RMSE=1.3898 m (6.95%), rot RMSE=1.752 deg
      40.0 m (n=  11): trans RMSE=1.7051 m (4.26%), rot RMSE=1.564 deg
[AirSLAM] WARNING: only 28 associated poses, fewer than --n-align=30
[AirSLAM] ATE RMSE=14.8113 m (mean=13.0580, median=14.3172, max=21.8094), n_poses=28
       1.0 m (n=  25): trans RMSE=2.0347 m (203.47%), rot RMSE=4.148 deg
       5.0 m (n=  23): trans RMSE=5.8966 m (117.93%), rot RMSE=5.495 deg
      10.0 m (n=  20): trans RMSE=10.7863 m (107.86%), rot RMSE=5.631 deg
      20.0 m (n=  16): trans RMSE=19.9612 m (99.81%), rot RMSE=5.598 deg
      40.0 m (n=   6): trans RMSE=38.7345 m (96.84%), rot RMSE=8.191 deg
[cuVSLAM] ATE RMSE=45.3290 m (mean=27.7296, median=8.5586, max=135.1137), n_poses=54
       1.0 m (n=  48): trans RMSE=6.0512 m (605.12%), rot RMSE=52.326 deg
       5.0 m (n=  44): trans RMSE=17.2519 m (345.04%), rot RMSE=65.328 deg
      10.0 m (n=  38): trans RMSE=24.8749 m (248.75%), rot RMSE=89.690 deg
      20.0 m (n=  29): trans RMSE=35.3990 m (177.00%), rot RMSE=91.848 deg
      40.0 m (n=  11): trans RMSE=72.9794 m (182.45%), rot RMSE=86.637 deg
[ORBSLAM3] FAILED to align/associate: Degenerate covariance rank, Umeyama alignment is not possible
Wrote /home/alien/Documents/research/third_article/pose_graph_bracketing_slam-stable/docs/results/sept_7_all/multi_method/yoda_bridge_4fps_4_1969_12_31-19_36_34_region0_occ1/metrics_global_ba.txt
Wrote /home/alien/Documents/research/third_article/pose_graph_bracketing_slam-stable/docs/results/sept_7_all/multi_method/yoda_bridge_4fps_4_1969_12_31-19_36_34_region0_occ1/metrics_global_ba.json
Saved /home/alien/Documents/research/third_article/pose_graph_bracketing_slam-stable/docs/results/sept_7_all/multi_method/yoda_bridge_4fps_4_1969_12_31-19_36_34_region0_occ1/trajectories_overlay_global_ba.png
