[default] ATE RMSE=21.9159 m (mean=20.2472, median=22.5778, max=32.2079), n_poses=61
       1.0 m (n=  57): trans RMSE=5.0780 m (507.80%), rot RMSE=16.746 deg
       5.0 m (n=  52): trans RMSE=12.8780 m (257.56%), rot RMSE=15.386 deg
      10.0 m (n=  46): trans RMSE=17.4882 m (174.88%), rot RMSE=13.120 deg
      20.0 m (n=  36): trans RMSE=25.0145 m (125.07%), rot RMSE=15.926 deg
      40.0 m (n=  17): trans RMSE=36.6076 m (91.52%), rot RMSE=19.046 deg
[clahe] ATE RMSE=15.4642 m (mean=14.2574, median=15.0743, max=22.9518), n_poses=61
       1.0 m (n=  57): trans RMSE=3.5323 m (353.23%), rot RMSE=8.111 deg
       5.0 m (n=  52): trans RMSE=8.7816 m (175.63%), rot RMSE=12.167 deg
      10.0 m (n=  46): trans RMSE=12.3616 m (123.62%), rot RMSE=15.064 deg
      20.0 m (n=  36): trans RMSE=18.3089 m (91.54%), rot RMSE=16.418 deg
      40.0 m (n=  17): trans RMSE=24.6233 m (61.56%), rot RMSE=8.806 deg
[AirSLAM] WARNING: only 22 associated poses, fewer than --n-align=30
[AirSLAM] ATE RMSE=14.0194 m (mean=12.4963, median=13.7481, max=20.2632), n_poses=22
       1.0 m (n=  20): trans RMSE=2.7343 m (273.43%), rot RMSE=7.443 deg
       5.0 m (n=  17): trans RMSE=7.3821 m (147.64%), rot RMSE=15.272 deg
      10.0 m (n=  14): trans RMSE=11.7626 m (117.63%), rot RMSE=20.713 deg
      20.0 m (n=  13): trans RMSE=21.8189 m (109.09%), rot RMSE=28.001 deg
      40.0 m (n=   3): trans RMSE=38.0216 m (95.05%), rot RMSE=32.667 deg
[cuVSLAM] ATE RMSE=22.0005 m (mean=15.3969, median=7.9659, max=45.5906), n_poses=59
       1.0 m (n=  55): trans RMSE=4.8890 m (488.90%), rot RMSE=4.382 deg
       5.0 m (n=  50): trans RMSE=9.3435 m (186.87%), rot RMSE=10.437 deg
      10.0 m (n=  44): trans RMSE=12.5643 m (125.64%), rot RMSE=17.613 deg
      20.0 m (n=  36): trans RMSE=19.2862 m (96.43%), rot RMSE=24.097 deg
      40.0 m (n=  17): trans RMSE=38.0155 m (95.04%), rot RMSE=7.076 deg
[ORBSLAM3] FAILED to align/associate: Degenerate covariance rank, Umeyama alignment is not possible
Wrote /home/alien/Documents/research/third_article/pose_graph_bracketing_slam-stable/docs/results/sept_7_all/multi_method/yoda_ae_4fps_5_1969_12_31-19_57_01_region0_occ0_hdrflow/metrics_global_ba.txt
Wrote /home/alien/Documents/research/third_article/pose_graph_bracketing_slam-stable/docs/results/sept_7_all/multi_method/yoda_ae_4fps_5_1969_12_31-19_57_01_region0_occ0_hdrflow/metrics_global_ba.json
Saved /home/alien/Documents/research/third_article/pose_graph_bracketing_slam-stable/docs/results/sept_7_all/multi_method/yoda_ae_4fps_5_1969_12_31-19_57_01_region0_occ0_hdrflow/trajectories_overlay_global_ba.png
