[default] ATE RMSE=15.0360 m (mean=13.3851, median=14.8984, max=23.5906), n_poses=54
       1.0 m (n=  46): trans RMSE=3.5107 m (351.07%), rot RMSE=4.370 deg
       5.0 m (n=  42): trans RMSE=9.7258 m (194.52%), rot RMSE=7.753 deg
      10.0 m (n=  37): trans RMSE=16.2706 m (162.71%), rot RMSE=11.923 deg
      20.0 m (n=  27): trans RMSE=21.8469 m (109.23%), rot RMSE=8.265 deg
      40.0 m (n=  10): trans RMSE=33.8223 m (84.56%), rot RMSE=16.341 deg
[clahe] ATE RMSE=11.8210 m (mean=10.4622, median=9.4813, max=21.7852), n_poses=54
       1.0 m (n=  46): trans RMSE=3.5720 m (357.20%), rot RMSE=8.126 deg
       5.0 m (n=  42): trans RMSE=8.6010 m (172.02%), rot RMSE=16.926 deg
      10.0 m (n=  37): trans RMSE=14.8414 m (148.41%), rot RMSE=20.006 deg
      20.0 m (n=  27): trans RMSE=23.6731 m (118.37%), rot RMSE=17.469 deg
      40.0 m (n=  10): trans RMSE=22.0173 m (55.04%), rot RMSE=37.306 deg
[AirSLAM] WARNING: only 21 associated poses, fewer than --n-align=30
[AirSLAM] ATE RMSE=15.9606 m (mean=14.2846, median=16.1761, max=22.9860), n_poses=21
       1.0 m (n=  19): trans RMSE=3.4187 m (341.87%), rot RMSE=3.813 deg
       5.0 m (n=  17): trans RMSE=8.9270 m (178.54%), rot RMSE=5.026 deg
      10.0 m (n=  14): trans RMSE=14.0294 m (140.29%), rot RMSE=4.298 deg
      20.0 m (n=  13): trans RMSE=24.1038 m (120.52%), rot RMSE=5.509 deg
      40.0 m (n=   4): trans RMSE=40.8161 m (102.04%), rot RMSE=10.150 deg
[cuVSLAM] ATE RMSE=75.6006 m (mean=43.3529, median=6.9914, max=211.3222), n_poses=54
       1.0 m (n=  46): trans RMSE=9.5242 m (952.42%), rot RMSE=21.371 deg
       5.0 m (n=  42): trans RMSE=30.8369 m (616.74%), rot RMSE=73.641 deg
      10.0 m (n=  37): trans RMSE=45.7013 m (457.01%), rot RMSE=55.183 deg
      20.0 m (n=  27): trans RMSE=48.5493 m (242.75%), rot RMSE=64.571 deg
      40.0 m (n=  10): trans RMSE=104.2958 m (260.74%), rot RMSE=115.750 deg
[ORBSLAM3] WARNING: only 7 associated poses, fewer than --n-align=30
[ORBSLAM3] ATE RMSE=0.0468 m (mean=0.0367, median=0.0270, max=0.1034), n_poses=7
       1.0 m: not enough associated span for this window.
       5.0 m: not enough associated span for this window.
      10.0 m: not enough associated span for this window.
      20.0 m: not enough associated span for this window.
      40.0 m: not enough associated span for this window.
Wrote /home/alien/Documents/research/third_article/pose_graph_bracketing_slam-stable/docs/results/sept_7_all/multi_method/yoda_ae_4fps_5_1969_12_31-19_57_01_region0_occ1_hdrflow/metrics_incremental.txt
Wrote /home/alien/Documents/research/third_article/pose_graph_bracketing_slam-stable/docs/results/sept_7_all/multi_method/yoda_ae_4fps_5_1969_12_31-19_57_01_region0_occ1_hdrflow/metrics_incremental.json
Saved /home/alien/Documents/research/third_article/pose_graph_bracketing_slam-stable/docs/results/sept_7_all/multi_method/yoda_ae_4fps_5_1969_12_31-19_57_01_region0_occ1_hdrflow/trajectories_overlay_incremental.png
