[default] ATE RMSE=5.3345 m (mean=4.0055, median=1.4387, max=9.2900), n_poses=47
       1.0 m (n=  39): trans RMSE=1.8529 m (185.29%), rot RMSE=1.335 deg
       5.0 m (n=  34): trans RMSE=3.8203 m (76.41%), rot RMSE=1.750 deg
      10.0 m (n=  29): trans RMSE=5.8931 m (58.93%), rot RMSE=2.393 deg
      20.0 m (n=  27): trans RMSE=8.2379 m (41.19%), rot RMSE=2.674 deg
      40.0 m (n=  12): trans RMSE=9.0169 m (22.54%), rot RMSE=3.945 deg
[clahe] ATE RMSE=7.3449 m (mean=5.4576, median=1.8363, max=11.5178), n_poses=47
       1.0 m (n=  39): trans RMSE=1.8702 m (187.02%), rot RMSE=1.446 deg
       5.0 m (n=  34): trans RMSE=4.3333 m (86.67%), rot RMSE=1.900 deg
      10.0 m (n=  29): trans RMSE=7.0566 m (70.57%), rot RMSE=2.855 deg
      20.0 m (n=  27): trans RMSE=10.1593 m (50.80%), rot RMSE=5.443 deg
      40.0 m (n=  12): trans RMSE=12.1505 m (30.38%), rot RMSE=5.742 deg
[AirSLAM] WARNING: only 23 associated poses, fewer than --n-align=30
[AirSLAM] ATE RMSE=15.3332 m (mean=13.7503, median=15.7304, max=23.1778), n_poses=23
       1.0 m (n=  21): trans RMSE=3.2628 m (326.28%), rot RMSE=3.907 deg
       5.0 m (n=  19): trans RMSE=6.4231 m (128.46%), rot RMSE=4.279 deg
      10.0 m (n=  16): trans RMSE=11.3002 m (113.00%), rot RMSE=5.501 deg
      20.0 m (n=  14): trans RMSE=21.4493 m (107.25%), rot RMSE=5.566 deg
      40.0 m (n=   5): trans RMSE=38.6896 m (96.72%), rot RMSE=9.859 deg
[cuVSLAM] ATE RMSE=46.7891 m (mean=30.1116, median=8.0960, max=110.5086), n_poses=56
       1.0 m (n=  48): trans RMSE=19.5266 m (1952.66%), rot RMSE=22.718 deg
       5.0 m (n=  43): trans RMSE=43.0486 m (860.97%), rot RMSE=68.742 deg
      10.0 m (n=  38): trans RMSE=36.6817 m (366.82%), rot RMSE=56.154 deg
      20.0 m (n=  29): trans RMSE=41.9322 m (209.66%), rot RMSE=64.181 deg
      40.0 m (n=  12): trans RMSE=78.5851 m (196.46%), rot RMSE=120.519 deg
[ORBSLAM3] FAILED to align/associate: Degenerate covariance rank, Umeyama alignment is not possible
Wrote /home/alien/Documents/research/third_article/pose_graph_bracketing_slam-stable/docs/results/sept_7_all/multi_method/yoda_ae_4fps_3_1969_12_31-19_53_40_region0_occ1/metrics_incremental.txt
Wrote /home/alien/Documents/research/third_article/pose_graph_bracketing_slam-stable/docs/results/sept_7_all/multi_method/yoda_ae_4fps_3_1969_12_31-19_53_40_region0_occ1/metrics_incremental.json
Saved /home/alien/Documents/research/third_article/pose_graph_bracketing_slam-stable/docs/results/sept_7_all/multi_method/yoda_ae_4fps_3_1969_12_31-19_53_40_region0_occ1/trajectories_overlay_incremental.png
