[default] ATE RMSE=20.3905 m (mean=18.4267, median=17.2262, max=32.2405), n_poses=52
       1.0 m (n=  43): trans RMSE=3.4455 m (344.55%), rot RMSE=6.778 deg
       5.0 m (n=  39): trans RMSE=9.7258 m (194.52%), rot RMSE=12.169 deg
      10.0 m (n=  34): trans RMSE=16.0949 m (160.95%), rot RMSE=14.745 deg
      20.0 m (n=  25): trans RMSE=26.4649 m (132.32%), rot RMSE=24.821 deg
      40.0 m (n=   9): trans RMSE=44.8121 m (112.03%), rot RMSE=38.787 deg
[clahe] ATE RMSE=11.1377 m (mean=9.4738, median=7.2096, max=21.0087), n_poses=52
       1.0 m (n=  43): trans RMSE=2.6524 m (265.24%), rot RMSE=4.160 deg
       5.0 m (n=  39): trans RMSE=8.1072 m (162.14%), rot RMSE=6.630 deg
      10.0 m (n=  34): trans RMSE=15.1091 m (151.09%), rot RMSE=8.859 deg
      20.0 m (n=  25): trans RMSE=24.2673 m (121.34%), rot RMSE=10.324 deg
      40.0 m (n=   9): trans RMSE=18.9444 m (47.36%), rot RMSE=7.085 deg
[AirSLAM] WARNING: only 22 associated poses, fewer than --n-align=30
[AirSLAM] ATE RMSE=14.7004 m (mean=12.5382, median=14.2658, max=23.6774), n_poses=22
       1.0 m (n=  20): trans RMSE=2.9865 m (298.65%), rot RMSE=4.003 deg
       5.0 m (n=  18): trans RMSE=7.8996 m (157.99%), rot RMSE=4.160 deg
      10.0 m (n=  16): trans RMSE=12.6651 m (126.65%), rot RMSE=5.042 deg
      20.0 m (n=  15): trans RMSE=22.7545 m (113.77%), rot RMSE=5.669 deg
      40.0 m (n=   4): trans RMSE=39.7251 m (99.31%), rot RMSE=9.443 deg
[cuVSLAM] ATE RMSE=37.1943 m (mean=24.9770, median=13.0441, max=94.5596), n_poses=52
       1.0 m (n=  43): trans RMSE=7.9765 m (797.65%), rot RMSE=3.457 deg
       5.0 m (n=  39): trans RMSE=17.0089 m (340.18%), rot RMSE=9.714 deg
      10.0 m (n=  34): trans RMSE=20.7439 m (207.44%), rot RMSE=12.761 deg
      20.0 m (n=  25): trans RMSE=24.6051 m (123.03%), rot RMSE=16.798 deg
      40.0 m (n=   9): trans RMSE=56.1674 m (140.42%), rot RMSE=27.533 deg
[ORBSLAM3] WARNING: only 7 associated poses, fewer than --n-align=30
[ORBSLAM3] ATE RMSE=0.0529 m (mean=0.0463, median=0.0403, max=0.0978), n_poses=7
       1.0 m: not enough associated span for this window.
       5.0 m: not enough associated span for this window.
      10.0 m: not enough associated span for this window.
      20.0 m: not enough associated span for this window.
      40.0 m: not enough associated span for this window.
Wrote /home/alien/Documents/research/third_article/pose_graph_bracketing_slam-stable/docs/results/sept_7_all/multi_method/yoda_ae_4fps_2_1969_12_31-19_52_15_region0_occ1_hdrflow/metrics_incremental.txt
Wrote /home/alien/Documents/research/third_article/pose_graph_bracketing_slam-stable/docs/results/sept_7_all/multi_method/yoda_ae_4fps_2_1969_12_31-19_52_15_region0_occ1_hdrflow/metrics_incremental.json
Saved /home/alien/Documents/research/third_article/pose_graph_bracketing_slam-stable/docs/results/sept_7_all/multi_method/yoda_ae_4fps_2_1969_12_31-19_52_15_region0_occ1_hdrflow/trajectories_overlay_incremental.png
