[default] ATE RMSE=23.1769 m (mean=20.1335, median=17.7286, max=40.9230), n_poses=55
       1.0 m (n=  46): trans RMSE=4.2726 m (427.26%), rot RMSE=4.192 deg
       5.0 m (n=  42): trans RMSE=11.7382 m (234.76%), rot RMSE=7.678 deg
      10.0 m (n=  36): trans RMSE=18.4912 m (184.91%), rot RMSE=10.488 deg
      20.0 m (n=  27): trans RMSE=26.9537 m (134.77%), rot RMSE=18.233 deg
      40.0 m (n=  10): trans RMSE=47.8189 m (119.55%), rot RMSE=25.208 deg
[clahe] ATE RMSE=10.0981 m (mean=8.3448, median=5.5988, max=21.8606), n_poses=55
       1.0 m (n=  46): trans RMSE=2.6179 m (261.79%), rot RMSE=6.050 deg
       5.0 m (n=  42): trans RMSE=8.0527 m (161.05%), rot RMSE=11.314 deg
      10.0 m (n=  36): trans RMSE=14.8273 m (148.27%), rot RMSE=12.898 deg
      20.0 m (n=  27): trans RMSE=22.1150 m (110.58%), rot RMSE=15.134 deg
      40.0 m (n=  10): trans RMSE=13.1723 m (32.93%), rot RMSE=17.819 deg
[AirSLAM] WARNING: only 23 associated poses, fewer than --n-align=30
[AirSLAM] ATE RMSE=15.9863 m (mean=14.5640, median=16.7469, max=22.7557), n_poses=23
       1.0 m (n=  20): trans RMSE=3.0943 m (309.43%), rot RMSE=2.812 deg
       5.0 m (n=  18): trans RMSE=7.3505 m (147.01%), rot RMSE=4.639 deg
      10.0 m (n=  15): trans RMSE=12.1213 m (121.21%), rot RMSE=5.828 deg
      20.0 m (n=  14): trans RMSE=22.1600 m (110.80%), rot RMSE=7.155 deg
      40.0 m (n=   6): trans RMSE=38.5386 m (96.35%), rot RMSE=10.106 deg
[cuVSLAM] ATE RMSE=39.9409 m (mean=32.3674, median=31.7030, max=87.9568), n_poses=55
       1.0 m (n=  46): trans RMSE=8.6737 m (867.37%), rot RMSE=13.460 deg
       5.0 m (n=  42): trans RMSE=24.6379 m (492.76%), rot RMSE=42.433 deg
      10.0 m (n=  36): trans RMSE=33.0920 m (330.92%), rot RMSE=57.302 deg
      20.0 m (n=  27): trans RMSE=46.1677 m (230.84%), rot RMSE=70.791 deg
      40.0 m (n=  10): trans RMSE=50.3628 m (125.91%), rot RMSE=52.205 deg
[ORBSLAM3] WARNING: only 7 associated poses, fewer than --n-align=30
[ORBSLAM3] ATE RMSE=0.0325 m (mean=0.0244, median=0.0173, max=0.0730), n_poses=7
       1.0 m: not enough associated span for this window.
       5.0 m: not enough associated span for this window.
      10.0 m: not enough associated span for this window.
      20.0 m: not enough associated span for this window.
      40.0 m: not enough associated span for this window.
Wrote /home/alien/Documents/research/third_article/pose_graph_bracketing_slam-stable/docs/results/sept_7_all/multi_method/yoda_ae_4fps_1_1969_12_31-19_50_31_region0_occ1_hdrflow/metrics_incremental.txt
Wrote /home/alien/Documents/research/third_article/pose_graph_bracketing_slam-stable/docs/results/sept_7_all/multi_method/yoda_ae_4fps_1_1969_12_31-19_50_31_region0_occ1_hdrflow/metrics_incremental.json
Saved /home/alien/Documents/research/third_article/pose_graph_bracketing_slam-stable/docs/results/sept_7_all/multi_method/yoda_ae_4fps_1_1969_12_31-19_50_31_region0_occ1_hdrflow/trajectories_overlay_incremental.png
