[default] ATE RMSE=18.4077 m (mean=16.8445, median=17.2590, max=30.6782), n_poses=50
       1.0 m (n=  46): trans RMSE=3.8663 m (386.63%), rot RMSE=5.255 deg
       5.0 m (n=  42): trans RMSE=10.3511 m (207.02%), rot RMSE=10.386 deg
      10.0 m (n=  36): trans RMSE=17.5165 m (175.16%), rot RMSE=10.935 deg
      20.0 m (n=  28): trans RMSE=29.9307 m (149.65%), rot RMSE=10.572 deg
      40.0 m (n=  10): trans RMSE=37.9922 m (94.98%), rot RMSE=8.336 deg
[clahe] ATE RMSE=17.4740 m (mean=16.1102, median=17.4190, max=26.4600), n_poses=50
       1.0 m (n=  46): trans RMSE=3.8261 m (382.61%), rot RMSE=6.372 deg
       5.0 m (n=  42): trans RMSE=9.9014 m (198.03%), rot RMSE=13.352 deg
      10.0 m (n=  36): trans RMSE=16.2154 m (162.15%), rot RMSE=16.875 deg
      20.0 m (n=  28): trans RMSE=27.6700 m (138.35%), rot RMSE=20.795 deg
      40.0 m (n=  10): trans RMSE=34.5809 m (86.45%), rot RMSE=26.014 deg
[AirSLAM] WARNING: only 22 associated poses, fewer than --n-align=30
[AirSLAM] ATE RMSE=15.7890 m (mean=14.0772, median=15.4358, max=23.5704), n_poses=22
       1.0 m (n=  20): trans RMSE=3.2705 m (327.05%), rot RMSE=4.178 deg
       5.0 m (n=  18): trans RMSE=8.4849 m (169.70%), rot RMSE=4.217 deg
      10.0 m (n=  15): trans RMSE=13.2938 m (132.94%), rot RMSE=5.186 deg
      20.0 m (n=  14): trans RMSE=23.2333 m (116.17%), rot RMSE=5.454 deg
      40.0 m (n=   5): trans RMSE=39.3482 m (98.37%), rot RMSE=5.352 deg
[cuVSLAM] ATE RMSE=93.7724 m (mean=51.9990, median=8.9961, max=248.6575), n_poses=50
       1.0 m (n=  46): trans RMSE=17.8012 m (1780.12%), rot RMSE=9.809 deg
       5.0 m (n=  42): trans RMSE=55.3930 m (1107.86%), rot RMSE=23.499 deg
      10.0 m (n=  36): trans RMSE=76.1198 m (761.20%), rot RMSE=33.179 deg
      20.0 m (n=  28): trans RMSE=97.7934 m (488.97%), rot RMSE=51.458 deg
      40.0 m (n=  10): trans RMSE=179.6900 m (449.23%), rot RMSE=83.393 deg
[ORBSLAM3] FAILED to align/associate: Degenerate covariance rank, Umeyama alignment is not possible
Wrote /home/alien/Documents/research/third_article/pose_graph_bracketing_slam-stable/docs/results/sept_7_all/multi_method/yoda_ae_4fps_4_1969_12_31-19_55_12_region0_occ1_hdrflow/metrics_incremental.txt
Wrote /home/alien/Documents/research/third_article/pose_graph_bracketing_slam-stable/docs/results/sept_7_all/multi_method/yoda_ae_4fps_4_1969_12_31-19_55_12_region0_occ1_hdrflow/metrics_incremental.json
Saved /home/alien/Documents/research/third_article/pose_graph_bracketing_slam-stable/docs/results/sept_7_all/multi_method/yoda_ae_4fps_4_1969_12_31-19_55_12_region0_occ1_hdrflow/trajectories_overlay_incremental.png
