[default] ATE RMSE=1.3322 m (mean=1.0572, median=0.6939, max=2.5379), n_poses=41
       1.0 m (n=  37): trans RMSE=0.3624 m (36.24%), rot RMSE=1.178 deg
       5.0 m (n=  34): trans RMSE=0.6622 m (13.24%), rot RMSE=0.943 deg
      10.0 m (n=  30): trans RMSE=0.9617 m (9.62%), rot RMSE=1.394 deg
      20.0 m (n=  23): trans RMSE=1.6331 m (8.17%), rot RMSE=1.918 deg
      40.0 m (n=   9): trans RMSE=2.9653 m (7.41%), rot RMSE=1.420 deg
[clahe] ATE RMSE=3.9400 m (mean=3.8502, median=3.9288, max=5.7393), n_poses=41
       1.0 m (n=  37): trans RMSE=1.3537 m (135.37%), rot RMSE=4.482 deg
       5.0 m (n=  34): trans RMSE=2.8465 m (56.93%), rot RMSE=3.332 deg
      10.0 m (n=  30): trans RMSE=4.1560 m (41.56%), rot RMSE=3.212 deg
      20.0 m (n=  23): trans RMSE=5.9503 m (29.75%), rot RMSE=3.556 deg
      40.0 m (n=   9): trans RMSE=7.9413 m (19.85%), rot RMSE=3.447 deg
[AirSLAM] WARNING: only 27 associated poses, fewer than --n-align=30
[AirSLAM] ATE RMSE=15.5900 m (mean=13.8859, median=14.9148, max=23.9351), n_poses=27
       1.0 m (n=  24): trans RMSE=2.0007 m (200.07%), rot RMSE=4.128 deg
       5.0 m (n=  22): trans RMSE=6.3411 m (126.82%), rot RMSE=6.040 deg
      10.0 m (n=  20): trans RMSE=11.2124 m (112.12%), rot RMSE=6.837 deg
      20.0 m (n=  15): trans RMSE=21.0125 m (105.06%), rot RMSE=7.686 deg
      40.0 m (n=   6): trans RMSE=41.0413 m (102.60%), rot RMSE=15.667 deg
[cuVSLAM] ATE RMSE=33.0246 m (mean=21.7569, median=10.8357, max=77.1044), n_poses=51
       1.0 m (n=  45): trans RMSE=11.1818 m (1118.18%), rot RMSE=15.972 deg
       5.0 m (n=  41): trans RMSE=27.1484 m (542.97%), rot RMSE=36.463 deg
      10.0 m (n=  36): trans RMSE=30.5803 m (305.80%), rot RMSE=54.001 deg
      20.0 m (n=  27): trans RMSE=28.4785 m (142.39%), rot RMSE=69.395 deg
      40.0 m (n=  10): trans RMSE=61.6856 m (154.21%), rot RMSE=90.196 deg
[ORBSLAM3] FAILED to align/associate: Degenerate covariance rank, Umeyama alignment is not possible
Wrote /home/alien/Documents/research/third_article/pose_graph_bracketing_slam-stable/docs/results/sept_7_all/multi_method/yoda_fix_4fps_2_1969_12_31-19_23_00_region0_occ1/metrics_global_ba.txt
Wrote /home/alien/Documents/research/third_article/pose_graph_bracketing_slam-stable/docs/results/sept_7_all/multi_method/yoda_fix_4fps_2_1969_12_31-19_23_00_region0_occ1/metrics_global_ba.json
Saved /home/alien/Documents/research/third_article/pose_graph_bracketing_slam-stable/docs/results/sept_7_all/multi_method/yoda_fix_4fps_2_1969_12_31-19_23_00_region0_occ1/trajectories_overlay_global_ba.png
