[default] ATE RMSE=12.9682 m (mean=11.7184, median=11.8609, max=20.6288), n_poses=52
       1.0 m (n=  48): trans RMSE=3.4959 m (349.59%), rot RMSE=7.383 deg
       5.0 m (n=  44): trans RMSE=8.3495 m (166.99%), rot RMSE=10.327 deg
      10.0 m (n=  38): trans RMSE=13.0929 m (130.93%), rot RMSE=13.421 deg
      20.0 m (n=  29): trans RMSE=18.6119 m (93.06%), rot RMSE=20.573 deg
      40.0 m (n=  11): trans RMSE=30.1148 m (75.29%), rot RMSE=23.311 deg
[clahe] ATE RMSE=13.6096 m (mean=12.4513, median=11.7186, max=26.0032), n_poses=52
       1.0 m (n=  48): trans RMSE=3.8452 m (384.52%), rot RMSE=10.870 deg
       5.0 m (n=  44): trans RMSE=10.4698 m (209.40%), rot RMSE=17.655 deg
      10.0 m (n=  38): trans RMSE=14.6166 m (146.17%), rot RMSE=26.436 deg
      20.0 m (n=  29): trans RMSE=20.8950 m (104.47%), rot RMSE=38.140 deg
      40.0 m (n=  11): trans RMSE=27.4707 m (68.68%), rot RMSE=35.514 deg
[AirSLAM] WARNING: only 28 associated poses, fewer than --n-align=30
[AirSLAM] ATE RMSE=14.7215 m (mean=12.7905, median=13.3291, max=22.5178), n_poses=28
       1.0 m (n=  26): trans RMSE=1.9535 m (195.35%), rot RMSE=4.217 deg
       5.0 m (n=  24): trans RMSE=5.9443 m (118.89%), rot RMSE=5.518 deg
      10.0 m (n=  21): trans RMSE=10.8961 m (108.96%), rot RMSE=5.631 deg
      20.0 m (n=  16): trans RMSE=20.7607 m (103.80%), rot RMSE=6.221 deg
      40.0 m (n=   5): trans RMSE=40.2642 m (100.66%), rot RMSE=10.860 deg
[cuVSLAM] ATE RMSE=37.0601 m (mean=21.4761, median=5.4019, max=111.1399), n_poses=52
       1.0 m (n=  48): trans RMSE=5.5715 m (557.15%), rot RMSE=14.790 deg
       5.0 m (n=  44): trans RMSE=18.2894 m (365.79%), rot RMSE=53.481 deg
      10.0 m (n=  38): trans RMSE=24.2679 m (242.68%), rot RMSE=75.893 deg
      20.0 m (n=  29): trans RMSE=34.1559 m (170.78%), rot RMSE=73.998 deg
      40.0 m (n=  11): trans RMSE=70.0942 m (175.24%), rot RMSE=132.898 deg
[ORBSLAM3] FAILED to align/associate: Degenerate covariance rank, Umeyama alignment is not possible
Wrote /home/alien/Documents/research/third_article/pose_graph_bracketing_slam-stable/docs/results/sept_7_all/multi_method/yoda_bridge_4fps_4_1969_12_31-19_36_34_region0_occ1_hdrflow/metrics_global_ba.txt
Wrote /home/alien/Documents/research/third_article/pose_graph_bracketing_slam-stable/docs/results/sept_7_all/multi_method/yoda_bridge_4fps_4_1969_12_31-19_36_34_region0_occ1_hdrflow/metrics_global_ba.json
Saved /home/alien/Documents/research/third_article/pose_graph_bracketing_slam-stable/docs/results/sept_7_all/multi_method/yoda_bridge_4fps_4_1969_12_31-19_36_34_region0_occ1_hdrflow/trajectories_overlay_global_ba.png
