2026-09-09T00:43:36-04:00 === Step 1/3: rerun ORB-SLAM3 on standard images ===
2026-09-09T00:59:47-04:00 Step 1/3 done
2026-09-09T00:59:47-04:00 === Step 2/3: refresh multi_method comparisons (standard images) ===
2026-09-09T00:59:49-04:00   [compare] yoda_ae_0fps_loop_1969_12_31-19_04_33_region0_occ0 (incremental) OK
2026-09-09T00:59:50-04:00   [compare] yoda_ae_0fps_loop_1969_12_31-19_04_33_region0_occ0 (global_ba) OK
2026-09-09T00:59:51-04:00   [compare] yoda_ae_4fps_1_1969_12_31-19_50_31_region0_occ0 (incremental) OK
2026-09-09T00:59:52-04:00   [compare] yoda_ae_4fps_1_1969_12_31-19_50_31_region0_occ0 (global_ba) OK
2026-09-09T00:59:53-04:00   [compare] yoda_ae_4fps_1_1969_12_31-19_50_31_region0_occ1 (incremental) OK
2026-09-09T00:59:54-04:00   [compare] yoda_ae_4fps_1_1969_12_31-19_50_31_region0_occ1 (global_ba) OK
2026-09-09T00:59:55-04:00   [compare] yoda_ae_4fps_2_1969_12_31-19_52_15_region0_occ0 (incremental) OK
2026-09-09T00:59:56-04:00   [compare] yoda_ae_4fps_2_1969_12_31-19_52_15_region0_occ0 (global_ba) OK
2026-09-09T00:59:57-04:00   [compare] yoda_ae_4fps_2_1969_12_31-19_52_15_region0_occ1 (incremental) OK
2026-09-09T00:59:57-04:00   [compare] yoda_ae_4fps_2_1969_12_31-19_52_15_region0_occ1 (global_ba) OK
2026-09-09T00:59:58-04:00   [compare] yoda_ae_4fps_3_1969_12_31-19_53_40_region0_occ0 (incremental) OK
2026-09-09T00:59:59-04:00   [compare] yoda_ae_4fps_3_1969_12_31-19_53_40_region0_occ0 (global_ba) OK
2026-09-09T01:00:00-04:00   [compare] yoda_ae_4fps_3_1969_12_31-19_53_40_region0_occ1 (incremental) OK
2026-09-09T01:00:01-04:00   [compare] yoda_ae_4fps_3_1969_12_31-19_53_40_region0_occ1 (global_ba) OK
2026-09-09T01:00:02-04:00   [compare] yoda_ae_4fps_4_1969_12_31-19_55_12_region0_occ0 (incremental) OK
2026-09-09T01:00:03-04:00   [compare] yoda_ae_4fps_4_1969_12_31-19_55_12_region0_occ0 (global_ba) OK
2026-09-09T01:00:03-04:00   [compare] yoda_ae_4fps_4_1969_12_31-19_55_12_region0_occ1 (incremental) OK
2026-09-09T01:00:04-04:00   [compare] yoda_ae_4fps_4_1969_12_31-19_55_12_region0_occ1 (global_ba) OK
2026-09-09T01:00:05-04:00   [compare] yoda_ae_4fps_5_1969_12_31-19_57_01_region0_occ0 (incremental) OK
2026-09-09T01:00:06-04:00   [compare] yoda_ae_4fps_5_1969_12_31-19_57_01_region0_occ0 (global_ba) OK
2026-09-09T01:00:07-04:00   [compare] yoda_ae_4fps_5_1969_12_31-19_57_01_region0_occ1 (incremental) OK
2026-09-09T01:00:08-04:00   [compare] yoda_ae_4fps_5_1969_12_31-19_57_01_region0_occ1 (global_ba) OK
2026-09-09T01:00:09-04:00   [compare] yoda_ae_4fps_loop_1969_12_31-19_17_37_region0_occ0 (incremental) OK
2026-09-09T01:00:10-04:00   [compare] yoda_ae_4fps_loop_1969_12_31-19_17_37_region0_occ0 (global_ba) OK
2026-09-09T01:00:11-04:00   [compare] yoda_bridge_0fps_loop_1969_12_31-19_02_42_region0_occ0 (incremental) OK
2026-09-09T01:00:12-04:00   [compare] yoda_bridge_0fps_loop_1969_12_31-19_02_42_region0_occ0 (global_ba) OK
2026-09-09T01:00:13-04:00   [compare] yoda_bridge_4fps_1_1969_12_31-19_29_47_region0_occ0 (incremental) OK
2026-09-09T01:00:14-04:00   [compare] yoda_bridge_4fps_1_1969_12_31-19_29_47_region0_occ0 (global_ba) OK
2026-09-09T01:00:15-04:00   [compare] yoda_bridge_4fps_1_1969_12_31-19_29_47_region0_occ1 (incremental) OK
2026-09-09T01:00:16-04:00   [compare] yoda_bridge_4fps_1_1969_12_31-19_29_47_region0_occ1 (global_ba) OK
2026-09-09T01:00:17-04:00   [compare] yoda_bridge_4fps_2_1969_12_31-19_31_20_region0_occ0 (incremental) OK
2026-09-09T01:00:18-04:00   [compare] yoda_bridge_4fps_2_1969_12_31-19_31_20_region0_occ0 (global_ba) OK
2026-09-09T01:00:18-04:00   [compare] yoda_bridge_4fps_2_1969_12_31-19_31_20_region0_occ1 (incremental) OK
2026-09-09T01:00:19-04:00   [compare] yoda_bridge_4fps_2_1969_12_31-19_31_20_region0_occ1 (global_ba) OK
2026-09-09T01:00:20-04:00   [compare] yoda_bridge_4fps_3_1969_12_31-19_34_56_region0_occ0 (incremental) OK
2026-09-09T01:00:21-04:00   [compare] yoda_bridge_4fps_3_1969_12_31-19_34_56_region0_occ0 (global_ba) OK
2026-09-09T01:00:22-04:00   [compare] yoda_bridge_4fps_3_1969_12_31-19_34_56_region0_occ1 (incremental) OK
2026-09-09T01:00:23-04:00   [compare] yoda_bridge_4fps_3_1969_12_31-19_34_56_region0_occ1 (global_ba) OK
2026-09-09T01:00:24-04:00   [compare] yoda_bridge_4fps_4_1969_12_31-19_36_34_region0_occ0 (incremental) OK
2026-09-09T01:00:24-04:00   [compare] yoda_bridge_4fps_4_1969_12_31-19_36_34_region0_occ0 (global_ba) OK
2026-09-09T01:00:25-04:00   [compare] yoda_bridge_4fps_4_1969_12_31-19_36_34_region0_occ1 (incremental) OK
2026-09-09T01:00:26-04:00   [compare] yoda_bridge_4fps_4_1969_12_31-19_36_34_region0_occ1 (global_ba) OK
2026-09-09T01:00:27-04:00   [compare] yoda_bridge_4fps_5_1969_12_31-19_38_15_region0_occ0 (incremental) OK
2026-09-09T01:00:28-04:00   [compare] yoda_bridge_4fps_5_1969_12_31-19_38_15_region0_occ0 (global_ba) OK
2026-09-09T01:00:29-04:00   [compare] yoda_bridge_4fps_5_1969_12_31-19_38_15_region0_occ1 (incremental) OK
2026-09-09T01:00:29-04:00   [compare] yoda_bridge_4fps_5_1969_12_31-19_38_15_region0_occ1 (global_ba) OK
2026-09-09T01:00:30-04:00   [compare] yoda_bridge_4fps_loop_1969_12_31-19_15_48_region0_occ0 (incremental) OK
2026-09-09T01:00:31-04:00   [compare] yoda_bridge_4fps_loop_1969_12_31-19_15_48_region0_occ0 (global_ba) OK
2026-09-09T01:00:33-04:00   [compare] yoda_fix_0fps_loop_1969_12_31-19_07_07_region0_occ0 (incremental) OK
2026-09-09T01:00:34-04:00   [compare] yoda_fix_0fps_loop_1969_12_31-19_07_07_region0_occ0 (global_ba) OK
2026-09-09T01:00:35-04:00   [compare] yoda_fix_4fps_1_1969_12_31-19_21_29_region0_occ0 (incremental) OK
2026-09-09T01:00:36-04:00   [compare] yoda_fix_4fps_1_1969_12_31-19_21_29_region0_occ0 (global_ba) OK
2026-09-09T01:00:37-04:00   [compare] yoda_fix_4fps_1_1969_12_31-19_21_29_region0_occ1 (incremental) OK
2026-09-09T01:00:38-04:00   [compare] yoda_fix_4fps_1_1969_12_31-19_21_29_region0_occ1 (global_ba) OK
2026-09-09T01:00:38-04:00   [compare] yoda_fix_4fps_2_1969_12_31-19_23_00_region0_occ0 (incremental) OK
2026-09-09T01:00:39-04:00   [compare] yoda_fix_4fps_2_1969_12_31-19_23_00_region0_occ0 (global_ba) OK
2026-09-09T01:00:40-04:00   [compare] yoda_fix_4fps_2_1969_12_31-19_23_00_region0_occ1 (incremental) OK
2026-09-09T01:00:41-04:00   [compare] yoda_fix_4fps_2_1969_12_31-19_23_00_region0_occ1 (global_ba) OK
2026-09-09T01:00:42-04:00   [compare] yoda_fix_4fps_3_1969_12_31-19_24_25_region0_occ0 (incremental) OK
2026-09-09T01:00:42-04:00   [compare] yoda_fix_4fps_3_1969_12_31-19_24_25_region0_occ0 (global_ba) OK
2026-09-09T01:00:43-04:00   [compare] yoda_fix_4fps_3_1969_12_31-19_24_25_region0_occ1 (incremental) OK
2026-09-09T01:00:44-04:00   [compare] yoda_fix_4fps_3_1969_12_31-19_24_25_region0_occ1 (global_ba) OK
2026-09-09T01:00:45-04:00   [compare] yoda_fix_4fps_4_1969_12_31-19_25_41_region0_occ0 (incremental) OK
2026-09-09T01:00:46-04:00   [compare] yoda_fix_4fps_4_1969_12_31-19_25_41_region0_occ0 (global_ba) OK
2026-09-09T01:00:47-04:00   [compare] yoda_fix_4fps_4_1969_12_31-19_25_41_region0_occ1 (incremental) OK
2026-09-09T01:00:47-04:00   [compare] yoda_fix_4fps_4_1969_12_31-19_25_41_region0_occ1 (global_ba) OK
2026-09-09T01:00:48-04:00   [compare] yoda_fix_4fps_5_1969_12_31-19_27_02_region0_occ0 (incremental) OK
2026-09-09T01:00:49-04:00   [compare] yoda_fix_4fps_5_1969_12_31-19_27_02_region0_occ0 (global_ba) OK
2026-09-09T01:00:50-04:00   [compare] yoda_fix_4fps_5_1969_12_31-19_27_02_region0_occ1 (incremental) OK
2026-09-09T01:00:51-04:00   [compare] yoda_fix_4fps_5_1969_12_31-19_27_02_region0_occ1 (global_ba) OK
2026-09-09T01:00:52-04:00   [compare] yoda_fix_4fps_loop_1969_12_31-19_14_13_region0_occ0 (incremental) OK
2026-09-09T01:00:53-04:00   [compare] yoda_fix_4fps_loop_1969_12_31-19_14_13_region0_occ0 (global_ba) OK
2026-09-09T01:00:53-04:00 Step 2/3 done
2026-09-09T01:00:53-04:00 === Step 3/3: full pipeline on hdrflow images ===
2026-09-09T01:31:39-04:00 Step 3/3 done
2026-09-09T01:31:39-04:00 Overnight run complete. Results under /home/alien/Documents/research/third_article/pose_graph_bracketing_slam-stable/docs/results/sept_7_all
