Running cuvslam on 33 trajectories -> /home/alien/Documents/research/third_article/analyze_bracketing/results/cuVSLAM
[1/33] yoda_ae_4fps_1_1969_12_31-19_50_31_region0_occ0 ...
  done in 3.7s -> /home/alien/Documents/research/third_article/analyze_bracketing/results/cuVSLAM/yoda_ae_4fps_1_1969_12_31-19_50_31_region0_occ0.txt
[2/33] yoda_ae_4fps_1_1969_12_31-19_50_31_region0_occ1 ...
  done in 2.5s -> /home/alien/Documents/research/third_article/analyze_bracketing/results/cuVSLAM/yoda_ae_4fps_1_1969_12_31-19_50_31_region0_occ1.txt
[3/33] yoda_ae_4fps_2_1969_12_31-19_52_15_region0_occ0 ...
  done in 2.3s -> /home/alien/Documents/research/third_article/analyze_bracketing/results/cuVSLAM/yoda_ae_4fps_2_1969_12_31-19_52_15_region0_occ0.txt
[4/33] yoda_ae_4fps_2_1969_12_31-19_52_15_region0_occ1 ...
  done in 2.3s -> /home/alien/Documents/research/third_article/analyze_bracketing/results/cuVSLAM/yoda_ae_4fps_2_1969_12_31-19_52_15_region0_occ1.txt
[5/33] yoda_ae_4fps_3_1969_12_31-19_53_40_region0_occ0 ...
  done in 2.3s -> /home/alien/Documents/research/third_article/analyze_bracketing/results/cuVSLAM/yoda_ae_4fps_3_1969_12_31-19_53_40_region0_occ0.txt
[6/33] yoda_ae_4fps_3_1969_12_31-19_53_40_region0_occ1 ...
  done in 2.3s -> /home/alien/Documents/research/third_article/analyze_bracketing/results/cuVSLAM/yoda_ae_4fps_3_1969_12_31-19_53_40_region0_occ1.txt
[7/33] yoda_ae_4fps_4_1969_12_31-19_55_12_region0_occ0 ...
  done in 2.4s -> /home/alien/Documents/research/third_article/analyze_bracketing/results/cuVSLAM/yoda_ae_4fps_4_1969_12_31-19_55_12_region0_occ0.txt
[8/33] yoda_ae_4fps_4_1969_12_31-19_55_12_region0_occ1 ...
  done in 2.2s -> /home/alien/Documents/research/third_article/analyze_bracketing/results/cuVSLAM/yoda_ae_4fps_4_1969_12_31-19_55_12_region0_occ1.txt
[9/33] yoda_ae_4fps_5_1969_12_31-19_57_01_region0_occ0 ...
  done in 2.5s -> /home/alien/Documents/research/third_article/analyze_bracketing/results/cuVSLAM/yoda_ae_4fps_5_1969_12_31-19_57_01_region0_occ0.txt
[10/33] yoda_ae_4fps_5_1969_12_31-19_57_01_region0_occ1 ...
  done in 2.4s -> /home/alien/Documents/research/third_article/analyze_bracketing/results/cuVSLAM/yoda_ae_4fps_5_1969_12_31-19_57_01_region0_occ1.txt
[11/33] yoda_ae_4fps_loop_1969_12_31-19_17_37_region0_occ0 ...
  done in 5.4s -> /home/alien/Documents/research/third_article/analyze_bracketing/results/cuVSLAM/yoda_ae_4fps_loop_1969_12_31-19_17_37_region0_occ0.txt
[12/33] yoda_bridge_4fps_1_1969_12_31-19_29_47_region0_occ0 ...
  done in 2.6s -> /home/alien/Documents/research/third_article/analyze_bracketing/results/cuVSLAM/yoda_bridge_4fps_1_1969_12_31-19_29_47_region0_occ0.txt
[13/33] yoda_bridge_4fps_1_1969_12_31-19_29_47_region0_occ1 ...
  done in 2.8s -> /home/alien/Documents/research/third_article/analyze_bracketing/results/cuVSLAM/yoda_bridge_4fps_1_1969_12_31-19_29_47_region0_occ1.txt
[14/33] yoda_bridge_4fps_2_1969_12_31-19_31_20_region0_occ0 ...
  done in 2.6s -> /home/alien/Documents/research/third_article/analyze_bracketing/results/cuVSLAM/yoda_bridge_4fps_2_1969_12_31-19_31_20_region0_occ0.txt
[15/33] yoda_bridge_4fps_2_1969_12_31-19_31_20_region0_occ1 ...
  done in 2.6s -> /home/alien/Documents/research/third_article/analyze_bracketing/results/cuVSLAM/yoda_bridge_4fps_2_1969_12_31-19_31_20_region0_occ1.txt
[16/33] yoda_bridge_4fps_3_1969_12_31-19_34_56_region0_occ0 ...
  done in 2.8s -> /home/alien/Documents/research/third_article/analyze_bracketing/results/cuVSLAM/yoda_bridge_4fps_3_1969_12_31-19_34_56_region0_occ0.txt
[17/33] yoda_bridge_4fps_3_1969_12_31-19_34_56_region0_occ1 ...
  done in 2.6s -> /home/alien/Documents/research/third_article/analyze_bracketing/results/cuVSLAM/yoda_bridge_4fps_3_1969_12_31-19_34_56_region0_occ1.txt
[18/33] yoda_bridge_4fps_4_1969_12_31-19_36_34_region0_occ0 ...
  done in 2.8s -> /home/alien/Documents/research/third_article/analyze_bracketing/results/cuVSLAM/yoda_bridge_4fps_4_1969_12_31-19_36_34_region0_occ0.txt
[19/33] yoda_bridge_4fps_4_1969_12_31-19_36_34_region0_occ1 ...
  done in 2.6s -> /home/alien/Documents/research/third_article/analyze_bracketing/results/cuVSLAM/yoda_bridge_4fps_4_1969_12_31-19_36_34_region0_occ1.txt
[20/33] yoda_bridge_4fps_5_1969_12_31-19_38_15_region0_occ0 ...
  done in 2.7s -> /home/alien/Documents/research/third_article/analyze_bracketing/results/cuVSLAM/yoda_bridge_4fps_5_1969_12_31-19_38_15_region0_occ0.txt
[21/33] yoda_bridge_4fps_5_1969_12_31-19_38_15_region0_occ1 ...
  done in 2.5s -> /home/alien/Documents/research/third_article/analyze_bracketing/results/cuVSLAM/yoda_bridge_4fps_5_1969_12_31-19_38_15_region0_occ1.txt
[22/33] yoda_bridge_4fps_loop_1969_12_31-19_15_48_region0_occ0 ...
  done in 5.5s -> /home/alien/Documents/research/third_article/analyze_bracketing/results/cuVSLAM/yoda_bridge_4fps_loop_1969_12_31-19_15_48_region0_occ0.txt
[23/33] yoda_fix_4fps_1_1969_12_31-19_21_29_region0_occ0 ...
  done in 2.7s -> /home/alien/Documents/research/third_article/analyze_bracketing/results/cuVSLAM/yoda_fix_4fps_1_1969_12_31-19_21_29_region0_occ0.txt
[24/33] yoda_fix_4fps_1_1969_12_31-19_21_29_region0_occ1 ...
  done in 2.7s -> /home/alien/Documents/research/third_article/analyze_bracketing/results/cuVSLAM/yoda_fix_4fps_1_1969_12_31-19_21_29_region0_occ1.txt
[25/33] yoda_fix_4fps_2_1969_12_31-19_23_00_region0_occ0 ...
  done in 2.9s -> /home/alien/Documents/research/third_article/analyze_bracketing/results/cuVSLAM/yoda_fix_4fps_2_1969_12_31-19_23_00_region0_occ0.txt
[26/33] yoda_fix_4fps_2_1969_12_31-19_23_00_region0_occ1 ...
  done in 2.4s -> /home/alien/Documents/research/third_article/analyze_bracketing/results/cuVSLAM/yoda_fix_4fps_2_1969_12_31-19_23_00_region0_occ1.txt
[27/33] yoda_fix_4fps_3_1969_12_31-19_24_25_region0_occ0 ...
  done in 2.7s -> /home/alien/Documents/research/third_article/analyze_bracketing/results/cuVSLAM/yoda_fix_4fps_3_1969_12_31-19_24_25_region0_occ0.txt
[28/33] yoda_fix_4fps_3_1969_12_31-19_24_25_region0_occ1 ...
  done in 2.2s -> /home/alien/Documents/research/third_article/analyze_bracketing/results/cuVSLAM/yoda_fix_4fps_3_1969_12_31-19_24_25_region0_occ1.txt
[29/33] yoda_fix_4fps_4_1969_12_31-19_25_41_region0_occ0 ...
  done in 2.5s -> /home/alien/Documents/research/third_article/analyze_bracketing/results/cuVSLAM/yoda_fix_4fps_4_1969_12_31-19_25_41_region0_occ0.txt
[30/33] yoda_fix_4fps_4_1969_12_31-19_25_41_region0_occ1 ...
  done in 2.6s -> /home/alien/Documents/research/third_article/analyze_bracketing/results/cuVSLAM/yoda_fix_4fps_4_1969_12_31-19_25_41_region0_occ1.txt
[31/33] yoda_fix_4fps_5_1969_12_31-19_27_02_region0_occ0 ...
  done in 2.6s -> /home/alien/Documents/research/third_article/analyze_bracketing/results/cuVSLAM/yoda_fix_4fps_5_1969_12_31-19_27_02_region0_occ0.txt
[32/33] yoda_fix_4fps_5_1969_12_31-19_27_02_region0_occ1 ...
  done in 2.5s -> /home/alien/Documents/research/third_article/analyze_bracketing/results/cuVSLAM/yoda_fix_4fps_5_1969_12_31-19_27_02_region0_occ1.txt
[33/33] yoda_fix_4fps_loop_1969_12_31-19_14_13_region0_occ0 ...
  done in 5.2s -> /home/alien/Documents/research/third_article/analyze_bracketing/results/cuVSLAM/yoda_fix_4fps_loop_1969_12_31-19_14_13_region0_occ0.txt

33/33 succeeded
