Running cuvslam on 36 trajectories -> /home/alien/Documents/research/third_article/analyze_bracketing/results/cuVSLAM
[1/36] yoda_ae_0fps_loop_1969_12_31-19_04_33_region0_occ0 ...
  done in 34.4s -> /home/alien/Documents/research/third_article/analyze_bracketing/results/cuVSLAM/yoda_ae_0fps_loop_1969_12_31-19_04_33_region0_occ0.txt
[2/36] yoda_ae_4fps_1_1969_12_31-19_50_31_region0_occ0 ...
  done in 2.4s -> /home/alien/Documents/research/third_article/analyze_bracketing/results/cuVSLAM/yoda_ae_4fps_1_1969_12_31-19_50_31_region0_occ0.txt
[3/36] yoda_ae_4fps_1_1969_12_31-19_50_31_region0_occ1 ...
  done in 2.5s -> /home/alien/Documents/research/third_article/analyze_bracketing/results/cuVSLAM/yoda_ae_4fps_1_1969_12_31-19_50_31_region0_occ1.txt
[4/36] yoda_ae_4fps_2_1969_12_31-19_52_15_region0_occ0 ...
  done in 2.3s -> /home/alien/Documents/research/third_article/analyze_bracketing/results/cuVSLAM/yoda_ae_4fps_2_1969_12_31-19_52_15_region0_occ0.txt
[5/36] yoda_ae_4fps_2_1969_12_31-19_52_15_region0_occ1 ...
  done in 2.4s -> /home/alien/Documents/research/third_article/analyze_bracketing/results/cuVSLAM/yoda_ae_4fps_2_1969_12_31-19_52_15_region0_occ1.txt
[6/36] yoda_ae_4fps_3_1969_12_31-19_53_40_region0_occ0 ...
  done in 2.4s -> /home/alien/Documents/research/third_article/analyze_bracketing/results/cuVSLAM/yoda_ae_4fps_3_1969_12_31-19_53_40_region0_occ0.txt
[7/36] yoda_ae_4fps_3_1969_12_31-19_53_40_region0_occ1 ...
  done in 2.4s -> /home/alien/Documents/research/third_article/analyze_bracketing/results/cuVSLAM/yoda_ae_4fps_3_1969_12_31-19_53_40_region0_occ1.txt
[8/36] yoda_ae_4fps_4_1969_12_31-19_55_12_region0_occ0 ...
  done in 2.6s -> /home/alien/Documents/research/third_article/analyze_bracketing/results/cuVSLAM/yoda_ae_4fps_4_1969_12_31-19_55_12_region0_occ0.txt
[9/36] yoda_ae_4fps_4_1969_12_31-19_55_12_region0_occ1 ...
  done in 2.3s -> /home/alien/Documents/research/third_article/analyze_bracketing/results/cuVSLAM/yoda_ae_4fps_4_1969_12_31-19_55_12_region0_occ1.txt
[10/36] yoda_ae_4fps_5_1969_12_31-19_57_01_region0_occ0 ...
  done in 2.5s -> /home/alien/Documents/research/third_article/analyze_bracketing/results/cuVSLAM/yoda_ae_4fps_5_1969_12_31-19_57_01_region0_occ0.txt
[11/36] yoda_ae_4fps_5_1969_12_31-19_57_01_region0_occ1 ...
  done in 2.5s -> /home/alien/Documents/research/third_article/analyze_bracketing/results/cuVSLAM/yoda_ae_4fps_5_1969_12_31-19_57_01_region0_occ1.txt
[12/36] yoda_ae_4fps_loop_1969_12_31-19_17_37_region0_occ0 ...
  done in 5.1s -> /home/alien/Documents/research/third_article/analyze_bracketing/results/cuVSLAM/yoda_ae_4fps_loop_1969_12_31-19_17_37_region0_occ0.txt
[13/36] yoda_bridge_0fps_loop_1969_12_31-19_02_42_region0_occ0 ...
  done in 26.8s -> /home/alien/Documents/research/third_article/analyze_bracketing/results/cuVSLAM/yoda_bridge_0fps_loop_1969_12_31-19_02_42_region0_occ0.txt
[14/36] yoda_bridge_4fps_1_1969_12_31-19_29_47_region0_occ0 ...
  done in 2.6s -> /home/alien/Documents/research/third_article/analyze_bracketing/results/cuVSLAM/yoda_bridge_4fps_1_1969_12_31-19_29_47_region0_occ0.txt
[15/36] yoda_bridge_4fps_1_1969_12_31-19_29_47_region0_occ1 ...
  done in 2.8s -> /home/alien/Documents/research/third_article/analyze_bracketing/results/cuVSLAM/yoda_bridge_4fps_1_1969_12_31-19_29_47_region0_occ1.txt
[16/36] yoda_bridge_4fps_2_1969_12_31-19_31_20_region0_occ0 ...
  done in 2.6s -> /home/alien/Documents/research/third_article/analyze_bracketing/results/cuVSLAM/yoda_bridge_4fps_2_1969_12_31-19_31_20_region0_occ0.txt
[17/36] yoda_bridge_4fps_2_1969_12_31-19_31_20_region0_occ1 ...
  done in 2.8s -> /home/alien/Documents/research/third_article/analyze_bracketing/results/cuVSLAM/yoda_bridge_4fps_2_1969_12_31-19_31_20_region0_occ1.txt
[18/36] yoda_bridge_4fps_3_1969_12_31-19_34_56_region0_occ0 ...
  done in 2.6s -> /home/alien/Documents/research/third_article/analyze_bracketing/results/cuVSLAM/yoda_bridge_4fps_3_1969_12_31-19_34_56_region0_occ0.txt
[19/36] yoda_bridge_4fps_3_1969_12_31-19_34_56_region0_occ1 ...
  done in 2.6s -> /home/alien/Documents/research/third_article/analyze_bracketing/results/cuVSLAM/yoda_bridge_4fps_3_1969_12_31-19_34_56_region0_occ1.txt
[20/36] yoda_bridge_4fps_4_1969_12_31-19_36_34_region0_occ0 ...
  done in 2.9s -> /home/alien/Documents/research/third_article/analyze_bracketing/results/cuVSLAM/yoda_bridge_4fps_4_1969_12_31-19_36_34_region0_occ0.txt
[21/36] yoda_bridge_4fps_4_1969_12_31-19_36_34_region0_occ1 ...
  done in 2.6s -> /home/alien/Documents/research/third_article/analyze_bracketing/results/cuVSLAM/yoda_bridge_4fps_4_1969_12_31-19_36_34_region0_occ1.txt
[22/36] yoda_bridge_4fps_5_1969_12_31-19_38_15_region0_occ0 ...
  done in 2.7s -> /home/alien/Documents/research/third_article/analyze_bracketing/results/cuVSLAM/yoda_bridge_4fps_5_1969_12_31-19_38_15_region0_occ0.txt
[23/36] yoda_bridge_4fps_5_1969_12_31-19_38_15_region0_occ1 ...
  done in 2.8s -> /home/alien/Documents/research/third_article/analyze_bracketing/results/cuVSLAM/yoda_bridge_4fps_5_1969_12_31-19_38_15_region0_occ1.txt
[24/36] yoda_bridge_4fps_loop_1969_12_31-19_15_48_region0_occ0 ...
  done in 5.4s -> /home/alien/Documents/research/third_article/analyze_bracketing/results/cuVSLAM/yoda_bridge_4fps_loop_1969_12_31-19_15_48_region0_occ0.txt
[25/36] yoda_fix_0fps_loop_1969_12_31-19_07_07_region0_occ0 ...
  done in 26.3s -> /home/alien/Documents/research/third_article/analyze_bracketing/results/cuVSLAM/yoda_fix_0fps_loop_1969_12_31-19_07_07_region0_occ0.txt
[26/36] yoda_fix_4fps_1_1969_12_31-19_21_29_region0_occ0 ...
  done in 2.3s -> /home/alien/Documents/research/third_article/analyze_bracketing/results/cuVSLAM/yoda_fix_4fps_1_1969_12_31-19_21_29_region0_occ0.txt
[27/36] yoda_fix_4fps_1_1969_12_31-19_21_29_region0_occ1 ...
  done in 2.4s -> /home/alien/Documents/research/third_article/analyze_bracketing/results/cuVSLAM/yoda_fix_4fps_1_1969_12_31-19_21_29_region0_occ1.txt
[28/36] yoda_fix_4fps_2_1969_12_31-19_23_00_region0_occ0 ...
  done in 2.5s -> /home/alien/Documents/research/third_article/analyze_bracketing/results/cuVSLAM/yoda_fix_4fps_2_1969_12_31-19_23_00_region0_occ0.txt
[29/36] yoda_fix_4fps_2_1969_12_31-19_23_00_region0_occ1 ...
  done in 2.3s -> /home/alien/Documents/research/third_article/analyze_bracketing/results/cuVSLAM/yoda_fix_4fps_2_1969_12_31-19_23_00_region0_occ1.txt
[30/36] yoda_fix_4fps_3_1969_12_31-19_24_25_region0_occ0 ...
  done in 2.6s -> /home/alien/Documents/research/third_article/analyze_bracketing/results/cuVSLAM/yoda_fix_4fps_3_1969_12_31-19_24_25_region0_occ0.txt
[31/36] yoda_fix_4fps_3_1969_12_31-19_24_25_region0_occ1 ...
  done in 2.0s -> /home/alien/Documents/research/third_article/analyze_bracketing/results/cuVSLAM/yoda_fix_4fps_3_1969_12_31-19_24_25_region0_occ1.txt
[32/36] yoda_fix_4fps_4_1969_12_31-19_25_41_region0_occ0 ...
  done in 2.1s -> /home/alien/Documents/research/third_article/analyze_bracketing/results/cuVSLAM/yoda_fix_4fps_4_1969_12_31-19_25_41_region0_occ0.txt
[33/36] yoda_fix_4fps_4_1969_12_31-19_25_41_region0_occ1 ...
  done in 2.3s -> /home/alien/Documents/research/third_article/analyze_bracketing/results/cuVSLAM/yoda_fix_4fps_4_1969_12_31-19_25_41_region0_occ1.txt
[34/36] yoda_fix_4fps_5_1969_12_31-19_27_02_region0_occ0 ...
  done in 2.2s -> /home/alien/Documents/research/third_article/analyze_bracketing/results/cuVSLAM/yoda_fix_4fps_5_1969_12_31-19_27_02_region0_occ0.txt
[35/36] yoda_fix_4fps_5_1969_12_31-19_27_02_region0_occ1 ...
  done in 2.2s -> /home/alien/Documents/research/third_article/analyze_bracketing/results/cuVSLAM/yoda_fix_4fps_5_1969_12_31-19_27_02_region0_occ1.txt
[36/36] yoda_fix_4fps_loop_1969_12_31-19_14_13_region0_occ0 ...
  done in 4.3s -> /home/alien/Documents/research/third_article/analyze_bracketing/results/cuVSLAM/yoda_fix_4fps_loop_1969_12_31-19_14_13_region0_occ0.txt

36/36 succeeded
