Running orbslam3 on 33 trajectories -> /home/alien/Documents/research/third_article/analyze_bracketing/results/ORBSLAM3
[1/33] yoda_ae_4fps_1_1969_12_31-19_50_31_region0_occ0 ...
  FAILED after 19.4s: /home/alien/Documents/research/third_article/analyze_bracketing/results/ORBSLAM3/yoda_ae_4fps_1_1969_12_31-19_50_31_region0_occ0.txt: all-zero translations (likely a no-op run)
[2/33] yoda_ae_4fps_1_1969_12_31-19_50_31_region0_occ1 ...
  done in 18.6s -> /home/alien/Documents/research/third_article/analyze_bracketing/results/ORBSLAM3/yoda_ae_4fps_1_1969_12_31-19_50_31_region0_occ1.txt
[3/33] yoda_ae_4fps_2_1969_12_31-19_52_15_region0_occ0 ...
  FAILED after 18.7s: /home/alien/Documents/research/third_article/analyze_bracketing/results/ORBSLAM3/yoda_ae_4fps_2_1969_12_31-19_52_15_region0_occ0.txt: all-zero translations (likely a no-op run)
[4/33] yoda_ae_4fps_2_1969_12_31-19_52_15_region0_occ1 ...
  done in 17.8s -> /home/alien/Documents/research/third_article/analyze_bracketing/results/ORBSLAM3/yoda_ae_4fps_2_1969_12_31-19_52_15_region0_occ1.txt
[5/33] yoda_ae_4fps_3_1969_12_31-19_53_40_region0_occ0 ...
  FAILED after 18.6s: /home/alien/Documents/research/third_article/analyze_bracketing/results/ORBSLAM3/yoda_ae_4fps_3_1969_12_31-19_53_40_region0_occ0.txt: all-zero translations (likely a no-op run)
[6/33] yoda_ae_4fps_3_1969_12_31-19_53_40_region0_occ1 ...
  done in 17.8s -> /home/alien/Documents/research/third_article/analyze_bracketing/results/ORBSLAM3/yoda_ae_4fps_3_1969_12_31-19_53_40_region0_occ1.txt
[7/33] yoda_ae_4fps_4_1969_12_31-19_55_12_region0_occ0 ...
  done in 20.2s -> /home/alien/Documents/research/third_article/analyze_bracketing/results/ORBSLAM3/yoda_ae_4fps_4_1969_12_31-19_55_12_region0_occ0.txt
[8/33] yoda_ae_4fps_4_1969_12_31-19_55_12_region0_occ1 ...
  FAILED after 17.5s: /home/alien/Documents/research/third_article/analyze_bracketing/results/ORBSLAM3/yoda_ae_4fps_4_1969_12_31-19_55_12_region0_occ1.txt: all-zero translations (likely a no-op run)
[9/33] yoda_ae_4fps_5_1969_12_31-19_57_01_region0_occ0 ...
  done in 21.4s -> /home/alien/Documents/research/third_article/analyze_bracketing/results/ORBSLAM3/yoda_ae_4fps_5_1969_12_31-19_57_01_region0_occ0.txt
[10/33] yoda_ae_4fps_5_1969_12_31-19_57_01_region0_occ1 ...
  done in 19.3s -> /home/alien/Documents/research/third_article/analyze_bracketing/results/ORBSLAM3/yoda_ae_4fps_5_1969_12_31-19_57_01_region0_occ1.txt
[11/33] yoda_ae_4fps_loop_1969_12_31-19_17_37_region0_occ0 ...
  done in 45.5s -> /home/alien/Documents/research/third_article/analyze_bracketing/results/ORBSLAM3/yoda_ae_4fps_loop_1969_12_31-19_17_37_region0_occ0.txt
[12/33] yoda_bridge_4fps_1_1969_12_31-19_29_47_region0_occ0 ...
  FAILED after 19.5s: /home/alien/Documents/research/third_article/analyze_bracketing/results/ORBSLAM3/yoda_bridge_4fps_1_1969_12_31-19_29_47_region0_occ0.txt: all-zero translations (likely a no-op run)
[13/33] yoda_bridge_4fps_1_1969_12_31-19_29_47_region0_occ1 ...
  done in 21.4s -> /home/alien/Documents/research/third_article/analyze_bracketing/results/ORBSLAM3/yoda_bridge_4fps_1_1969_12_31-19_29_47_region0_occ1.txt
[14/33] yoda_bridge_4fps_2_1969_12_31-19_31_20_region0_occ0 ...
  done in 20.1s -> /home/alien/Documents/research/third_article/analyze_bracketing/results/ORBSLAM3/yoda_bridge_4fps_2_1969_12_31-19_31_20_region0_occ0.txt
[15/33] yoda_bridge_4fps_2_1969_12_31-19_31_20_region0_occ1 ...
  done in 19.3s -> /home/alien/Documents/research/third_article/analyze_bracketing/results/ORBSLAM3/yoda_bridge_4fps_2_1969_12_31-19_31_20_region0_occ1.txt
[16/33] yoda_bridge_4fps_3_1969_12_31-19_34_56_region0_occ0 ...
  FAILED after 20.2s: /home/alien/Documents/research/third_article/analyze_bracketing/results/ORBSLAM3/yoda_bridge_4fps_3_1969_12_31-19_34_56_region0_occ0.txt: all-zero translations (likely a no-op run)
[17/33] yoda_bridge_4fps_3_1969_12_31-19_34_56_region0_occ1 ...
  done in 19.8s -> /home/alien/Documents/research/third_article/analyze_bracketing/results/ORBSLAM3/yoda_bridge_4fps_3_1969_12_31-19_34_56_region0_occ1.txt
[18/33] yoda_bridge_4fps_4_1969_12_31-19_36_34_region0_occ0 ...
  done in 20.4s -> /home/alien/Documents/research/third_article/analyze_bracketing/results/ORBSLAM3/yoda_bridge_4fps_4_1969_12_31-19_36_34_region0_occ0.txt
[19/33] yoda_bridge_4fps_4_1969_12_31-19_36_34_region0_occ1 ...
  done in 18.6s -> /home/alien/Documents/research/third_article/analyze_bracketing/results/ORBSLAM3/yoda_bridge_4fps_4_1969_12_31-19_36_34_region0_occ1.txt
[20/33] yoda_bridge_4fps_5_1969_12_31-19_38_15_region0_occ0 ...
  done in 20.9s -> /home/alien/Documents/research/third_article/analyze_bracketing/results/ORBSLAM3/yoda_bridge_4fps_5_1969_12_31-19_38_15_region0_occ0.txt
[21/33] yoda_bridge_4fps_5_1969_12_31-19_38_15_region0_occ1 ...
  FAILED after 18.3s: /home/alien/Documents/research/third_article/analyze_bracketing/results/ORBSLAM3/yoda_bridge_4fps_5_1969_12_31-19_38_15_region0_occ1.txt: all-zero translations (likely a no-op run)
[22/33] yoda_bridge_4fps_loop_1969_12_31-19_15_48_region0_occ0 ...
  done in 44.8s -> /home/alien/Documents/research/third_article/analyze_bracketing/results/ORBSLAM3/yoda_bridge_4fps_loop_1969_12_31-19_15_48_region0_occ0.txt
[23/33] yoda_fix_4fps_1_1969_12_31-19_21_29_region0_occ0 ...
  FAILED after 20.3s: /home/alien/Documents/research/third_article/analyze_bracketing/results/ORBSLAM3/yoda_fix_4fps_1_1969_12_31-19_21_29_region0_occ0.txt: all-zero translations (likely a no-op run)
[24/33] yoda_fix_4fps_1_1969_12_31-19_21_29_region0_occ1 ...
  done in 19.2s -> /home/alien/Documents/research/third_article/analyze_bracketing/results/ORBSLAM3/yoda_fix_4fps_1_1969_12_31-19_21_29_region0_occ1.txt
[25/33] yoda_fix_4fps_2_1969_12_31-19_23_00_region0_occ0 ...
  FAILED after 21.6s: /home/alien/Documents/research/third_article/analyze_bracketing/results/ORBSLAM3/yoda_fix_4fps_2_1969_12_31-19_23_00_region0_occ0.txt: all-zero translations (likely a no-op run)
[26/33] yoda_fix_4fps_2_1969_12_31-19_23_00_region0_occ1 ...
  FAILED after 18.1s: /home/alien/Documents/research/third_article/analyze_bracketing/results/ORBSLAM3/yoda_fix_4fps_2_1969_12_31-19_23_00_region0_occ1.txt: all-zero translations (likely a no-op run)
[27/33] yoda_fix_4fps_3_1969_12_31-19_24_25_region0_occ0 ...
  FAILED after 18.7s: /home/alien/Documents/research/third_article/analyze_bracketing/results/ORBSLAM3/yoda_fix_4fps_3_1969_12_31-19_24_25_region0_occ0.txt: all-zero translations (likely a no-op run)
[28/33] yoda_fix_4fps_3_1969_12_31-19_24_25_region0_occ1 ...
  FAILED after 15.9s: /home/alien/Documents/research/third_article/analyze_bracketing/results/ORBSLAM3/yoda_fix_4fps_3_1969_12_31-19_24_25_region0_occ1.txt: all-zero translations (likely a no-op run)
[29/33] yoda_fix_4fps_4_1969_12_31-19_25_41_region0_occ0 ...
  FAILED after 18.2s: /home/alien/Documents/research/third_article/analyze_bracketing/results/ORBSLAM3/yoda_fix_4fps_4_1969_12_31-19_25_41_region0_occ0.txt: all-zero translations (likely a no-op run)
[30/33] yoda_fix_4fps_4_1969_12_31-19_25_41_region0_occ1 ...
  done in 19.3s -> /home/alien/Documents/research/third_article/analyze_bracketing/results/ORBSLAM3/yoda_fix_4fps_4_1969_12_31-19_25_41_region0_occ1.txt
[31/33] yoda_fix_4fps_5_1969_12_31-19_27_02_region0_occ0 ...
  FAILED after 19.5s: /home/alien/Documents/research/third_article/analyze_bracketing/results/ORBSLAM3/yoda_fix_4fps_5_1969_12_31-19_27_02_region0_occ0.txt: all-zero translations (likely a no-op run)
[32/33] yoda_fix_4fps_5_1969_12_31-19_27_02_region0_occ1 ...
  done in 18.3s -> /home/alien/Documents/research/third_article/analyze_bracketing/results/ORBSLAM3/yoda_fix_4fps_5_1969_12_31-19_27_02_region0_occ1.txt
[33/33] yoda_fix_4fps_loop_1969_12_31-19_14_13_region0_occ0 ...
  FAILED after 41.4s: /home/alien/Documents/research/third_article/analyze_bracketing/results/ORBSLAM3/yoda_fix_4fps_loop_1969_12_31-19_14_13_region0_occ0.txt: all-zero translations (likely a no-op run)

18/33 succeeded
Failed trajectories: ['yoda_ae_4fps_1_1969_12_31-19_50_31_region0_occ0', 'yoda_ae_4fps_2_1969_12_31-19_52_15_region0_occ0', 'yoda_ae_4fps_3_1969_12_31-19_53_40_region0_occ0', 'yoda_ae_4fps_4_1969_12_31-19_55_12_region0_occ1', 'yoda_bridge_4fps_1_1969_12_31-19_29_47_region0_occ0', 'yoda_bridge_4fps_3_1969_12_31-19_34_56_region0_occ0', 'yoda_bridge_4fps_5_1969_12_31-19_38_15_region0_occ1', 'yoda_fix_4fps_1_1969_12_31-19_21_29_region0_occ0', 'yoda_fix_4fps_2_1969_12_31-19_23_00_region0_occ0', 'yoda_fix_4fps_2_1969_12_31-19_23_00_region0_occ1', 'yoda_fix_4fps_3_1969_12_31-19_24_25_region0_occ0', 'yoda_fix_4fps_3_1969_12_31-19_24_25_region0_occ1', 'yoda_fix_4fps_4_1969_12_31-19_25_41_region0_occ0', 'yoda_fix_4fps_5_1969_12_31-19_27_02_region0_occ0', 'yoda_fix_4fps_loop_1969_12_31-19_14_13_region0_occ0']
