2026-09-03 20:34:57,084 INFO Loaded 427 stereo frames from /home/alien/data/yoda/aug_31/yoda_bridge_0fps_ae_5_1969_12_31-19_10_30/yoda_bridge_0fps_ae_5_1969_12_31-19_10_30_region0_occ0/data
2026-09-03 20:35:02,623 INFO Dropped 0/427 low-information frames (brightness outside [1, 245])
2026-09-03 20:35:02,629 INFO Stereo rig loaded: baseline=0.1196 m, K_left principal point 979.9,590.7
2026-09-03 20:35:04,030 INFO frame 0/426 ts=632921998752 slot=LAE landmark_obs=0
2026-09-03 20:35:10,222 INFO frame 50/426 ts=634555807456 slot=LAE landmark_obs=265
2026-09-03 20:35:17,538 INFO frame 100/426 ts=636175388640 slot=LAE landmark_obs=108
2026-09-03 20:35:27,390 INFO frame 150/426 ts=637809633120 slot=LAE landmark_obs=489
2026-09-03 20:35:41,434 INFO frame 200/426 ts=639438089536 slot=LAE landmark_obs=361
2026-09-03 20:35:54,367 INFO frame 250/426 ts=640984649600 slot=LAE landmark_obs=426
2026-09-03 20:36:06,518 INFO frame 300/426 ts=642630742752 slot=LAE landmark_obs=207
2026-09-03 20:36:23,840 INFO frame 350/426 ts=644392229056 slot=LAE landmark_obs=149
2026-09-03 20:36:37,702 INFO frame 400/426 ts=646244012256 slot=LAE landmark_obs=134
2026-09-03 20:36:44,119 INFO frame 426/426 ts=647103250560 slot=LAE landmark_obs=179
2026-09-03 20:36:44,119 INFO Processed 427 frames in 100.4s (4.25 fps)
2026-09-03 20:36:44,119 INFO Total landmark observations added: 107432 (avg 251.60 per frame)
2026-09-03 20:36:44,121 INFO Wrote trajectory to /home/alien/Documents/research/third_article/pose_graph_bracketing_slam-stable/docs/results/aug_31_all/pipeline_default/yoda_bridge_0fps_ae_5_1969_12_31-19_10_30_region0_occ0/traj.tum
2026-09-03 20:37:49,134 INFO Global bundle adjustment: 65.0s
2026-09-03 20:37:49,138 INFO Wrote global-BA trajectory to /home/alien/Documents/research/third_article/pose_graph_bracketing_slam-stable/docs/results/aug_31_all/pipeline_default/yoda_bridge_0fps_ae_5_1969_12_31-19_10_30_region0_occ0/traj_global_ba.tum
2026-09-03 20:37:49,138 INFO Wrote per-frame robustness log to /home/alien/Documents/research/third_article/pose_graph_bracketing_slam-stable/docs/results/aug_31_all/pipeline_default/yoda_bridge_0fps_ae_5_1969_12_31-19_10_30_region0_occ0/traj_frames.csv
2026-09-03 20:37:49,165 INFO Wrote landmark provenance log to /home/alien/Documents/research/third_article/pose_graph_bracketing_slam-stable/docs/results/aug_31_all/pipeline_default/yoda_bridge_0fps_ae_5_1969_12_31-19_10_30_region0_occ0/traj_landmark_provenance.csv (21501 landmarks)
2026-09-03 20:37:49,165 INFO Backend resets this run: 0
2026-09-03 20:37:49,165 INFO Wrote run summary to /home/alien/Documents/research/third_article/pose_graph_bracketing_slam-stable/docs/results/aug_31_all/pipeline_default/yoda_bridge_0fps_ae_5_1969_12_31-19_10_30_region0_occ0/traj_summary.json
Loaded LightGlue model
