2026-09-03 21:23:59,388 INFO Loaded 356 stereo frames from /home/alien/data/yoda/aug_31/yoda_bridge_5_1969_12_31-20_10_31/yoda_bridge_5_1969_12_31-20_10_31_region0_occ0/data
2026-09-03 21:24:04,166 INFO Dropped 0/356 low-information frames (brightness outside [1, 245])
2026-09-03 21:24:04,172 INFO Stereo rig loaded: baseline=0.1196 m, K_left principal point 979.9,590.7
2026-09-03 21:24:06,030 INFO frame 0/355 ts=4234015146432 slot=MAE landmark_obs=0
2026-09-03 21:24:12,970 INFO frame 50/355 ts=4236339324832 slot=MAE landmark_obs=275
2026-09-03 21:24:20,390 INFO frame 100/355 ts=4238663162912 slot=MAE landmark_obs=182
2026-09-03 21:24:32,811 INFO frame 150/355 ts=4240684437120 slot=MAE landmark_obs=401
2026-09-03 21:24:46,597 INFO frame 200/355 ts=4242607413408 slot=MAE landmark_obs=498
2026-09-03 21:25:01,376 INFO frame 250/355 ts=4244780968224 slot=SAE landmark_obs=179
2026-09-03 21:25:21,696 INFO frame 300/355 ts=4247029908800 slot=LAE landmark_obs=206
2026-09-03 21:25:43,372 INFO frame 350/355 ts=4249341740992 slot=SAE landmark_obs=161
2026-09-03 21:25:44,353 INFO frame 355/355 ts=4249610008096 slot=MAE landmark_obs=178
2026-09-03 21:25:44,353 INFO Processed 356 frames in 98.7s (3.61 fps)
2026-09-03 21:25:44,353 INFO Total landmark observations added: 95005 (avg 266.87 per frame)
2026-09-03 21:25:44,355 INFO Wrote trajectory to /home/alien/Documents/research/third_article/pose_graph_bracketing_slam-stable/docs/results/aug_31_all/pipeline_default/yoda_bridge_5_1969_12_31-20_10_31_region0_occ0/traj.tum
2026-09-03 21:26:40,345 INFO Global bundle adjustment: 56.0s
2026-09-03 21:26:40,348 INFO Wrote global-BA trajectory to /home/alien/Documents/research/third_article/pose_graph_bracketing_slam-stable/docs/results/aug_31_all/pipeline_default/yoda_bridge_5_1969_12_31-20_10_31_region0_occ0/traj_global_ba.tum
2026-09-03 21:26:40,349 INFO Wrote per-frame robustness log to /home/alien/Documents/research/third_article/pose_graph_bracketing_slam-stable/docs/results/aug_31_all/pipeline_default/yoda_bridge_5_1969_12_31-20_10_31_region0_occ0/traj_frames.csv
2026-09-03 21:26:40,374 INFO Wrote landmark provenance log to /home/alien/Documents/research/third_article/pose_graph_bracketing_slam-stable/docs/results/aug_31_all/pipeline_default/yoda_bridge_5_1969_12_31-20_10_31_region0_occ0/traj_landmark_provenance.csv (18626 landmarks)
2026-09-03 21:26:40,374 INFO Backend resets this run: 0
2026-09-03 21:26:40,374 INFO Wrote run summary to /home/alien/Documents/research/third_article/pose_graph_bracketing_slam-stable/docs/results/aug_31_all/pipeline_default/yoda_bridge_5_1969_12_31-20_10_31_region0_occ0/traj_summary.json
Loaded LightGlue model
