2026-08-31T22:24:53-04:00 Discovered 18 _region0_ trajectories under /home/alien/data/yoda/aug_31/data_1st_runs
2026-08-31T22:24:53-04:00 Wrote CLAHE config -> /home/alien/Documents/research/third_article/pose_graph_bracketing_slam-stable/docs/results/aug_31/clahe_config.yaml
2026-08-31T22:24:53-04:00 === Pipeline phase: pipeline_default (config=/home/alien/Documents/research/third_article/pose_graph_bracketing_slam-stable/configs/default.yaml) ===
2026-08-31T22:27:41-04:00   [pipeline_default] yoda_bridge_0fps_ae_1_1969_12_31-19_04_09_region0_occ0 OK
2026-08-31T22:30:00-04:00   [pipeline_default] yoda_bridge_0fps_ae_1_1969_12_31-19_04_09_region0_occ1 OK
2026-08-31T22:31:16-04:00   [pipeline_default] yoda_bridge_16fps_1_1969_12_31-19_47_59_region0_occ0 OK
2026-08-31T22:32:16-04:00   [pipeline_default] yoda_bridge_16fps_1_1969_12_31-19_47_59_region0_occ1 OK
2026-08-31T22:33:20-04:00   [pipeline_default] yoda_bridge_16fps_ae_1_1969_12_31-19_56_37_region0_occ0 OK
2026-08-31T22:34:37-04:00   [pipeline_default] yoda_bridge_16fps_ae_1_1969_12_31-19_56_37_region0_occ1 OK
2026-08-31T22:38:04-04:00   [pipeline_default] yoda_bridge_2_1969_12_31-20_06_13_region0_occ0 OK
2026-08-31T22:40:25-04:00   [pipeline_default] yoda_bridge_2_1969_12_31-20_06_13_region0_occ1 OK
2026-08-31T22:40:40-04:00   [pipeline_default] yoda_bridge_4fps_1_1969_12_31-19_08_37_region0_occ0 OK
2026-08-31T22:40:53-04:00   [pipeline_default] yoda_bridge_4fps_1_1969_12_31-19_08_37_region0_occ1 OK
2026-08-31T22:41:11-04:00   [pipeline_default] yoda_bridge_4fps_ae_1_1969_12_31-19_17_28_region0_occ0 OK
2026-08-31T22:41:23-04:00   [pipeline_default] yoda_bridge_4fps_ae_1_1969_12_31-19_17_28_region0_occ1 OK
2026-08-31T22:41:55-04:00   [pipeline_default] yoda_bridge_8fps_1_1969_12_31-19_36_06_region0_occ0 OK
2026-08-31T22:42:31-04:00   [pipeline_default] yoda_bridge_8fps_1_1969_12_31-19_36_06_region0_occ1 OK
2026-08-31T22:43:18-04:00   [pipeline_default] yoda_bridge_8fps_ae_1_1969_12_31-19_27_44_region0_occ0 OK
2026-08-31T22:43:46-04:00   [pipeline_default] yoda_bridge_8fps_ae_1_1969_12_31-19_27_44_region0_occ1 OK
2026-08-31T22:45:45-04:00   [pipeline_default] yoda_fixedev_1_1969_12_31-19_52_57_region0_occ0 OK
2026-08-31T22:49:01-04:00   [pipeline_default] yoda_fixedev_1_1969_12_31-19_52_57_region0_occ1 OK
2026-08-31T22:49:01-04:00 === Pipeline phase: pipeline_clahe (config=/home/alien/Documents/research/third_article/pose_graph_bracketing_slam-stable/docs/results/aug_31/clahe_config.yaml) ===
2026-08-31T22:51:44-04:00   [pipeline_clahe] yoda_bridge_0fps_ae_1_1969_12_31-19_04_09_region0_occ0 OK
2026-08-31T22:53:55-04:00   [pipeline_clahe] yoda_bridge_0fps_ae_1_1969_12_31-19_04_09_region0_occ1 OK
2026-08-31T22:55:04-04:00   [pipeline_clahe] yoda_bridge_16fps_1_1969_12_31-19_47_59_region0_occ0 OK
2026-08-31T22:55:57-04:00   [pipeline_clahe] yoda_bridge_16fps_1_1969_12_31-19_47_59_region0_occ1 OK
2026-08-31T22:56:55-04:00   [pipeline_clahe] yoda_bridge_16fps_ae_1_1969_12_31-19_56_37_region0_occ0 OK
2026-08-31T22:58:44-04:00   [pipeline_clahe] yoda_bridge_16fps_ae_1_1969_12_31-19_56_37_region0_occ1 OK
2026-08-31T23:00:40-04:00   [pipeline_clahe] yoda_bridge_2_1969_12_31-20_06_13_region0_occ0 OK
2026-08-31T23:02:48-04:00   [pipeline_clahe] yoda_bridge_2_1969_12_31-20_06_13_region0_occ1 OK
2026-08-31T23:03:02-04:00   [pipeline_clahe] yoda_bridge_4fps_1_1969_12_31-19_08_37_region0_occ0 OK
2026-08-31T23:03:15-04:00   [pipeline_clahe] yoda_bridge_4fps_1_1969_12_31-19_08_37_region0_occ1 OK
2026-08-31T23:03:31-04:00   [pipeline_clahe] yoda_bridge_4fps_ae_1_1969_12_31-19_17_28_region0_occ0 OK
2026-08-31T23:03:43-04:00   [pipeline_clahe] yoda_bridge_4fps_ae_1_1969_12_31-19_17_28_region0_occ1 OK
2026-08-31T23:04:12-04:00   [pipeline_clahe] yoda_bridge_8fps_1_1969_12_31-19_36_06_region0_occ0 OK
2026-08-31T23:04:39-04:00   [pipeline_clahe] yoda_bridge_8fps_1_1969_12_31-19_36_06_region0_occ1 OK
2026-08-31T23:05:14-04:00   [pipeline_clahe] yoda_bridge_8fps_ae_1_1969_12_31-19_27_44_region0_occ0 OK
2026-08-31T23:05:50-04:00   [pipeline_clahe] yoda_bridge_8fps_ae_1_1969_12_31-19_27_44_region0_occ1 OK
2026-08-31T23:07:13-04:00   [pipeline_clahe] yoda_fixedev_1_1969_12_31-19_52_57_region0_occ0 OK
2026-08-31T23:09:41-04:00   [pipeline_clahe] yoda_fixedev_1_1969_12_31-19_52_57_region0_occ1 OK
2026-08-31T23:09:41-04:00 === SOTA method: airslam ===
2026-08-31T23:09:41-04:00   [airslam] benchmark script FAILED (exit 1) -- see /home/alien/Documents/research/third_article/pose_graph_bracketing_slam-stable/docs/results/aug_31/sota_airslam.log
2026-08-31T23:09:41-04:00   [airslam] WARNING: missing output for yoda_bridge_0fps_ae_1_1969_12_31-19_04_09_region0_occ0 (expected /home/alien/Documents/research/third_article/analyze_bracketing/results/AirSLAM/yoda_bridge_0fps_ae_1_1969_12_31-19_04_09_region0_occ0.txt)
2026-08-31T23:09:41-04:00   [airslam] WARNING: missing output for yoda_bridge_0fps_ae_1_1969_12_31-19_04_09_region0_occ1 (expected /home/alien/Documents/research/third_article/analyze_bracketing/results/AirSLAM/yoda_bridge_0fps_ae_1_1969_12_31-19_04_09_region0_occ1.txt)
2026-08-31T23:09:41-04:00   [airslam] WARNING: missing output for yoda_bridge_16fps_1_1969_12_31-19_47_59_region0_occ0 (expected /home/alien/Documents/research/third_article/analyze_bracketing/results/AirSLAM/yoda_bridge_16fps_1_1969_12_31-19_47_59_region0_occ0.txt)
2026-08-31T23:09:41-04:00   [airslam] WARNING: missing output for yoda_bridge_16fps_1_1969_12_31-19_47_59_region0_occ1 (expected /home/alien/Documents/research/third_article/analyze_bracketing/results/AirSLAM/yoda_bridge_16fps_1_1969_12_31-19_47_59_region0_occ1.txt)
2026-08-31T23:09:41-04:00   [airslam] WARNING: missing output for yoda_bridge_16fps_ae_1_1969_12_31-19_56_37_region0_occ0 (expected /home/alien/Documents/research/third_article/analyze_bracketing/results/AirSLAM/yoda_bridge_16fps_ae_1_1969_12_31-19_56_37_region0_occ0.txt)
2026-08-31T23:09:41-04:00   [airslam] WARNING: missing output for yoda_bridge_16fps_ae_1_1969_12_31-19_56_37_region0_occ1 (expected /home/alien/Documents/research/third_article/analyze_bracketing/results/AirSLAM/yoda_bridge_16fps_ae_1_1969_12_31-19_56_37_region0_occ1.txt)
2026-08-31T23:09:41-04:00   [airslam] WARNING: missing output for yoda_bridge_2_1969_12_31-20_06_13_region0_occ0 (expected /home/alien/Documents/research/third_article/analyze_bracketing/results/AirSLAM/yoda_bridge_2_1969_12_31-20_06_13_region0_occ0.txt)
2026-08-31T23:09:41-04:00   [airslam] WARNING: missing output for yoda_bridge_2_1969_12_31-20_06_13_region0_occ1 (expected /home/alien/Documents/research/third_article/analyze_bracketing/results/AirSLAM/yoda_bridge_2_1969_12_31-20_06_13_region0_occ1.txt)
2026-08-31T23:09:41-04:00   [airslam] WARNING: missing output for yoda_bridge_4fps_1_1969_12_31-19_08_37_region0_occ0 (expected /home/alien/Documents/research/third_article/analyze_bracketing/results/AirSLAM/yoda_bridge_4fps_1_1969_12_31-19_08_37_region0_occ0.txt)
2026-08-31T23:09:41-04:00   [airslam] WARNING: missing output for yoda_bridge_4fps_1_1969_12_31-19_08_37_region0_occ1 (expected /home/alien/Documents/research/third_article/analyze_bracketing/results/AirSLAM/yoda_bridge_4fps_1_1969_12_31-19_08_37_region0_occ1.txt)
2026-08-31T23:09:41-04:00   [airslam] WARNING: missing output for yoda_bridge_4fps_ae_1_1969_12_31-19_17_28_region0_occ0 (expected /home/alien/Documents/research/third_article/analyze_bracketing/results/AirSLAM/yoda_bridge_4fps_ae_1_1969_12_31-19_17_28_region0_occ0.txt)
2026-08-31T23:09:41-04:00   [airslam] WARNING: missing output for yoda_bridge_4fps_ae_1_1969_12_31-19_17_28_region0_occ1 (expected /home/alien/Documents/research/third_article/analyze_bracketing/results/AirSLAM/yoda_bridge_4fps_ae_1_1969_12_31-19_17_28_region0_occ1.txt)
2026-08-31T23:09:41-04:00   [airslam] WARNING: missing output for yoda_bridge_8fps_1_1969_12_31-19_36_06_region0_occ0 (expected /home/alien/Documents/research/third_article/analyze_bracketing/results/AirSLAM/yoda_bridge_8fps_1_1969_12_31-19_36_06_region0_occ0.txt)
2026-08-31T23:09:41-04:00   [airslam] WARNING: missing output for yoda_bridge_8fps_1_1969_12_31-19_36_06_region0_occ1 (expected /home/alien/Documents/research/third_article/analyze_bracketing/results/AirSLAM/yoda_bridge_8fps_1_1969_12_31-19_36_06_region0_occ1.txt)
2026-08-31T23:09:41-04:00   [airslam] WARNING: missing output for yoda_bridge_8fps_ae_1_1969_12_31-19_27_44_region0_occ0 (expected /home/alien/Documents/research/third_article/analyze_bracketing/results/AirSLAM/yoda_bridge_8fps_ae_1_1969_12_31-19_27_44_region0_occ0.txt)
2026-08-31T23:09:41-04:00   [airslam] WARNING: missing output for yoda_bridge_8fps_ae_1_1969_12_31-19_27_44_region0_occ1 (expected /home/alien/Documents/research/third_article/analyze_bracketing/results/AirSLAM/yoda_bridge_8fps_ae_1_1969_12_31-19_27_44_region0_occ1.txt)
2026-08-31T23:09:41-04:00   [airslam] WARNING: missing output for yoda_fixedev_1_1969_12_31-19_52_57_region0_occ0 (expected /home/alien/Documents/research/third_article/analyze_bracketing/results/AirSLAM/yoda_fixedev_1_1969_12_31-19_52_57_region0_occ0.txt)
2026-08-31T23:09:41-04:00   [airslam] WARNING: missing output for yoda_fixedev_1_1969_12_31-19_52_57_region0_occ1 (expected /home/alien/Documents/research/third_article/analyze_bracketing/results/AirSLAM/yoda_fixedev_1_1969_12_31-19_52_57_region0_occ1.txt)
2026-08-31T23:09:41-04:00 === SOTA method: cuvslam ===
2026-08-31T23:12:10-04:00   [cuvslam] benchmark script OK
2026-08-31T23:12:10-04:00   [cuvslam] copied yoda_bridge_0fps_ae_1_1969_12_31-19_04_09_region0_occ0.txt
2026-08-31T23:12:10-04:00   [cuvslam] copied yoda_bridge_0fps_ae_1_1969_12_31-19_04_09_region0_occ1.txt
2026-08-31T23:12:10-04:00   [cuvslam] copied yoda_bridge_16fps_1_1969_12_31-19_47_59_region0_occ0.txt
2026-08-31T23:12:10-04:00   [cuvslam] copied yoda_bridge_16fps_1_1969_12_31-19_47_59_region0_occ1.txt
2026-08-31T23:12:10-04:00   [cuvslam] copied yoda_bridge_16fps_ae_1_1969_12_31-19_56_37_region0_occ0.txt
2026-08-31T23:12:10-04:00   [cuvslam] copied yoda_bridge_16fps_ae_1_1969_12_31-19_56_37_region0_occ1.txt
2026-08-31T23:12:10-04:00   [cuvslam] copied yoda_bridge_2_1969_12_31-20_06_13_region0_occ0.txt
2026-08-31T23:12:10-04:00   [cuvslam] copied yoda_bridge_2_1969_12_31-20_06_13_region0_occ1.txt
2026-08-31T23:12:10-04:00   [cuvslam] copied yoda_bridge_4fps_1_1969_12_31-19_08_37_region0_occ0.txt
2026-08-31T23:12:10-04:00   [cuvslam] copied yoda_bridge_4fps_1_1969_12_31-19_08_37_region0_occ1.txt
2026-08-31T23:12:10-04:00   [cuvslam] copied yoda_bridge_4fps_ae_1_1969_12_31-19_17_28_region0_occ0.txt
2026-08-31T23:12:10-04:00   [cuvslam] copied yoda_bridge_4fps_ae_1_1969_12_31-19_17_28_region0_occ1.txt
2026-08-31T23:12:10-04:00   [cuvslam] copied yoda_bridge_8fps_1_1969_12_31-19_36_06_region0_occ0.txt
2026-08-31T23:12:10-04:00   [cuvslam] copied yoda_bridge_8fps_1_1969_12_31-19_36_06_region0_occ1.txt
2026-08-31T23:12:10-04:00   [cuvslam] copied yoda_bridge_8fps_ae_1_1969_12_31-19_27_44_region0_occ0.txt
2026-08-31T23:12:10-04:00   [cuvslam] copied yoda_bridge_8fps_ae_1_1969_12_31-19_27_44_region0_occ1.txt
2026-08-31T23:12:10-04:00   [cuvslam] copied yoda_fixedev_1_1969_12_31-19_52_57_region0_occ0.txt
2026-08-31T23:12:11-04:00   [cuvslam] copied yoda_fixedev_1_1969_12_31-19_52_57_region0_occ1.txt
2026-08-31T23:12:11-04:00 === SOTA method: orbslam3 ===
2026-08-31T23:22:31-04:00   [orbslam3] benchmark script OK
2026-08-31T23:22:31-04:00   [orbslam3] copied yoda_bridge_0fps_ae_1_1969_12_31-19_04_09_region0_occ0.txt
2026-08-31T23:22:31-04:00   [orbslam3] copied yoda_bridge_0fps_ae_1_1969_12_31-19_04_09_region0_occ1.txt
2026-08-31T23:22:31-04:00   [orbslam3] copied yoda_bridge_16fps_1_1969_12_31-19_47_59_region0_occ0.txt
2026-08-31T23:22:31-04:00   [orbslam3] copied yoda_bridge_16fps_1_1969_12_31-19_47_59_region0_occ1.txt
2026-08-31T23:22:31-04:00   [orbslam3] copied yoda_bridge_16fps_ae_1_1969_12_31-19_56_37_region0_occ0.txt
2026-08-31T23:22:31-04:00   [orbslam3] copied yoda_bridge_16fps_ae_1_1969_12_31-19_56_37_region0_occ1.txt
2026-08-31T23:22:31-04:00   [orbslam3] copied yoda_bridge_2_1969_12_31-20_06_13_region0_occ0.txt
2026-08-31T23:22:31-04:00   [orbslam3] copied yoda_bridge_2_1969_12_31-20_06_13_region0_occ1.txt
2026-08-31T23:22:31-04:00   [orbslam3] copied yoda_bridge_4fps_1_1969_12_31-19_08_37_region0_occ0.txt
2026-08-31T23:22:31-04:00   [orbslam3] copied yoda_bridge_4fps_1_1969_12_31-19_08_37_region0_occ1.txt
2026-08-31T23:22:31-04:00   [orbslam3] copied yoda_bridge_4fps_ae_1_1969_12_31-19_17_28_region0_occ0.txt
2026-08-31T23:22:31-04:00   [orbslam3] copied yoda_bridge_4fps_ae_1_1969_12_31-19_17_28_region0_occ1.txt
2026-08-31T23:22:31-04:00   [orbslam3] copied yoda_bridge_8fps_1_1969_12_31-19_36_06_region0_occ0.txt
2026-08-31T23:22:31-04:00   [orbslam3] copied yoda_bridge_8fps_1_1969_12_31-19_36_06_region0_occ1.txt
2026-08-31T23:22:31-04:00   [orbslam3] copied yoda_bridge_8fps_ae_1_1969_12_31-19_27_44_region0_occ0.txt
2026-08-31T23:22:31-04:00   [orbslam3] copied yoda_bridge_8fps_ae_1_1969_12_31-19_27_44_region0_occ1.txt
2026-08-31T23:22:31-04:00   [orbslam3] copied yoda_fixedev_1_1969_12_31-19_52_57_region0_occ0.txt
2026-08-31T23:22:31-04:00   [orbslam3] copied yoda_fixedev_1_1969_12_31-19_52_57_region0_occ1.txt
2026-08-31T23:22:31-04:00 Overnight aug_31 batch complete. Results under /home/alien/Documents/research/third_article/pose_graph_bracketing_slam-stable/docs/results/aug_31
2026-09-01T08:09:31-04:00 Discovered 18 _region0_ trajectories under /home/alien/data/yoda/aug_31/data_1st_runs
2026-09-01T08:09:32-04:00 Wrote CLAHE config -> /home/alien/Documents/research/third_article/pose_graph_bracketing_slam-stable/docs/results/aug_31/clahe_config.yaml
2026-09-01T08:09:32-04:00 SKIP_PIPELINE=1 -- skipping Part 1 (pipeline_default, pipeline_clahe)
2026-09-01T08:09:32-04:00 === SOTA method: airslam ===
2026-09-01T08:19:29-04:00   [airslam] benchmark script OK
2026-09-01T08:19:29-04:00   [airslam] copied yoda_bridge_0fps_ae_1_1969_12_31-19_04_09_region0_occ0.txt
2026-09-01T08:19:29-04:00   [airslam] copied yoda_bridge_0fps_ae_1_1969_12_31-19_04_09_region0_occ1.txt
2026-09-01T08:19:29-04:00   [airslam] copied yoda_bridge_16fps_1_1969_12_31-19_47_59_region0_occ0.txt
2026-09-01T08:19:29-04:00   [airslam] copied yoda_bridge_16fps_1_1969_12_31-19_47_59_region0_occ1.txt
2026-09-01T08:19:29-04:00   [airslam] copied yoda_bridge_16fps_ae_1_1969_12_31-19_56_37_region0_occ0.txt
2026-09-01T08:19:29-04:00   [airslam] copied yoda_bridge_16fps_ae_1_1969_12_31-19_56_37_region0_occ1.txt
2026-09-01T08:19:29-04:00   [airslam] copied yoda_bridge_2_1969_12_31-20_06_13_region0_occ0.txt
2026-09-01T08:19:29-04:00   [airslam] copied yoda_bridge_2_1969_12_31-20_06_13_region0_occ1.txt
2026-09-01T08:19:29-04:00   [airslam] copied yoda_bridge_4fps_1_1969_12_31-19_08_37_region0_occ0.txt
2026-09-01T08:19:29-04:00   [airslam] copied yoda_bridge_4fps_1_1969_12_31-19_08_37_region0_occ1.txt
2026-09-01T08:19:29-04:00   [airslam] copied yoda_bridge_4fps_ae_1_1969_12_31-19_17_28_region0_occ0.txt
2026-09-01T08:19:29-04:00   [airslam] copied yoda_bridge_4fps_ae_1_1969_12_31-19_17_28_region0_occ1.txt
2026-09-01T08:19:29-04:00   [airslam] copied yoda_bridge_8fps_1_1969_12_31-19_36_06_region0_occ0.txt
2026-09-01T08:19:29-04:00   [airslam] copied yoda_bridge_8fps_1_1969_12_31-19_36_06_region0_occ1.txt
2026-09-01T08:19:29-04:00   [airslam] copied yoda_bridge_8fps_ae_1_1969_12_31-19_27_44_region0_occ0.txt
2026-09-01T08:19:29-04:00   [airslam] copied yoda_bridge_8fps_ae_1_1969_12_31-19_27_44_region0_occ1.txt
2026-09-01T08:19:29-04:00   [airslam] copied yoda_fixedev_1_1969_12_31-19_52_57_region0_occ0.txt
2026-09-01T08:19:29-04:00   [airslam] copied yoda_fixedev_1_1969_12_31-19_52_57_region0_occ1.txt
2026-09-01T08:19:29-04:00 Overnight aug_31 batch complete. Results under /home/alien/Documents/research/third_article/pose_graph_bracketing_slam-stable/docs/results/aug_31
