2026-09-01T08:11:54-04:00 Comparing 18 _region0_ trajectories against ground truth
2026-09-01T08:11:55-04:00   [pipeline_default] yoda_bridge_0fps_ae_1_1969_12_31-19_04_09_region0_occ0 incremental OK
2026-09-01T08:11:56-04:00   [pipeline_default] yoda_bridge_0fps_ae_1_1969_12_31-19_04_09_region0_occ0 global_ba OK
2026-09-01T08:11:58-04:00   [pipeline_default] yoda_bridge_0fps_ae_1_1969_12_31-19_04_09_region0_occ1 incremental OK
2026-09-01T08:12:00-04:00   [pipeline_default] yoda_bridge_0fps_ae_1_1969_12_31-19_04_09_region0_occ1 global_ba OK
2026-09-01T08:12:01-04:00   [pipeline_default] yoda_bridge_16fps_1_1969_12_31-19_47_59_region0_occ0 incremental OK
2026-09-01T08:12:02-04:00   [pipeline_default] yoda_bridge_16fps_1_1969_12_31-19_47_59_region0_occ0 global_ba OK
2026-09-01T08:12:03-04:00   [pipeline_default] yoda_bridge_16fps_1_1969_12_31-19_47_59_region0_occ1 incremental OK
2026-09-01T08:12:04-04:00   [pipeline_default] yoda_bridge_16fps_1_1969_12_31-19_47_59_region0_occ1 global_ba OK
2026-09-01T08:12:05-04:00   [pipeline_default] yoda_bridge_16fps_ae_1_1969_12_31-19_56_37_region0_occ0 incremental OK
2026-09-01T08:12:06-04:00   [pipeline_default] yoda_bridge_16fps_ae_1_1969_12_31-19_56_37_region0_occ0 global_ba OK
2026-09-01T08:12:08-04:00   [pipeline_default] yoda_bridge_16fps_ae_1_1969_12_31-19_56_37_region0_occ1 incremental OK
2026-09-01T08:12:09-04:00   [pipeline_default] yoda_bridge_16fps_ae_1_1969_12_31-19_56_37_region0_occ1 global_ba OK
2026-09-01T08:12:10-04:00   [pipeline_default] yoda_bridge_2_1969_12_31-20_06_13_region0_occ0 incremental OK
2026-09-01T08:12:11-04:00   [pipeline_default] yoda_bridge_2_1969_12_31-20_06_13_region0_occ0 global_ba OK
2026-09-01T08:12:11-04:00   [pipeline_default] yoda_bridge_2_1969_12_31-20_06_13_region0_occ1 incremental OK
2026-09-01T08:12:12-04:00   [pipeline_default] yoda_bridge_2_1969_12_31-20_06_13_region0_occ1 global_ba OK
2026-09-01T08:12:13-04:00   [pipeline_default] yoda_bridge_4fps_1_1969_12_31-19_08_37_region0_occ0 incremental OK
2026-09-01T08:12:14-04:00   [pipeline_default] yoda_bridge_4fps_1_1969_12_31-19_08_37_region0_occ0 global_ba OK
2026-09-01T08:12:15-04:00   [pipeline_default] yoda_bridge_4fps_1_1969_12_31-19_08_37_region0_occ1 incremental OK
2026-09-01T08:12:16-04:00   [pipeline_default] yoda_bridge_4fps_1_1969_12_31-19_08_37_region0_occ1 global_ba OK
2026-09-01T08:12:16-04:00   [pipeline_default] yoda_bridge_4fps_ae_1_1969_12_31-19_17_28_region0_occ0 incremental OK
2026-09-01T08:12:17-04:00   [pipeline_default] yoda_bridge_4fps_ae_1_1969_12_31-19_17_28_region0_occ0 global_ba OK
2026-09-01T08:12:18-04:00   [pipeline_default] yoda_bridge_4fps_ae_1_1969_12_31-19_17_28_region0_occ1 incremental OK
2026-09-01T08:12:19-04:00   [pipeline_default] yoda_bridge_4fps_ae_1_1969_12_31-19_17_28_region0_occ1 global_ba OK
2026-09-01T08:12:20-04:00   [pipeline_default] yoda_bridge_8fps_1_1969_12_31-19_36_06_region0_occ0 incremental OK
2026-09-01T08:12:21-04:00   [pipeline_default] yoda_bridge_8fps_1_1969_12_31-19_36_06_region0_occ0 global_ba OK
2026-09-01T08:12:21-04:00   [pipeline_default] yoda_bridge_8fps_1_1969_12_31-19_36_06_region0_occ1 incremental OK
2026-09-01T08:12:22-04:00   [pipeline_default] yoda_bridge_8fps_1_1969_12_31-19_36_06_region0_occ1 global_ba OK
2026-09-01T08:12:23-04:00   [pipeline_default] yoda_bridge_8fps_ae_1_1969_12_31-19_27_44_region0_occ0 incremental OK
2026-09-01T08:12:24-04:00   [pipeline_default] yoda_bridge_8fps_ae_1_1969_12_31-19_27_44_region0_occ0 global_ba OK
2026-09-01T08:12:25-04:00   [pipeline_default] yoda_bridge_8fps_ae_1_1969_12_31-19_27_44_region0_occ1 incremental OK
2026-09-01T08:12:26-04:00   [pipeline_default] yoda_bridge_8fps_ae_1_1969_12_31-19_27_44_region0_occ1 global_ba OK
2026-09-01T08:12:27-04:00   [pipeline_default] yoda_fixedev_1_1969_12_31-19_52_57_region0_occ0 incremental OK
2026-09-01T08:12:28-04:00   [pipeline_default] yoda_fixedev_1_1969_12_31-19_52_57_region0_occ0 global_ba OK
2026-09-01T08:12:29-04:00   [pipeline_default] yoda_fixedev_1_1969_12_31-19_52_57_region0_occ1 incremental OK
2026-09-01T08:12:30-04:00   [pipeline_default] yoda_fixedev_1_1969_12_31-19_52_57_region0_occ1 global_ba OK
2026-09-01T08:12:31-04:00   [pipeline_clahe] yoda_bridge_0fps_ae_1_1969_12_31-19_04_09_region0_occ0 incremental OK
2026-09-01T08:12:33-04:00   [pipeline_clahe] yoda_bridge_0fps_ae_1_1969_12_31-19_04_09_region0_occ0 global_ba OK
2026-09-01T08:12:34-04:00   [pipeline_clahe] yoda_bridge_0fps_ae_1_1969_12_31-19_04_09_region0_occ1 incremental OK
2026-09-01T08:12:35-04:00   [pipeline_clahe] yoda_bridge_0fps_ae_1_1969_12_31-19_04_09_region0_occ1 global_ba OK
2026-09-01T08:12:36-04:00   [pipeline_clahe] yoda_bridge_16fps_1_1969_12_31-19_47_59_region0_occ0 incremental OK
2026-09-01T08:12:37-04:00   [pipeline_clahe] yoda_bridge_16fps_1_1969_12_31-19_47_59_region0_occ0 global_ba OK
2026-09-01T08:12:38-04:00   [pipeline_clahe] yoda_bridge_16fps_1_1969_12_31-19_47_59_region0_occ1 incremental OK
2026-09-01T08:12:40-04:00   [pipeline_clahe] yoda_bridge_16fps_1_1969_12_31-19_47_59_region0_occ1 global_ba OK
2026-09-01T08:12:41-04:00   [pipeline_clahe] yoda_bridge_16fps_ae_1_1969_12_31-19_56_37_region0_occ0 incremental OK
2026-09-01T08:12:41-04:00   [pipeline_clahe] yoda_bridge_16fps_ae_1_1969_12_31-19_56_37_region0_occ0 global_ba OK
2026-09-01T08:12:42-04:00   [pipeline_clahe] yoda_bridge_16fps_ae_1_1969_12_31-19_56_37_region0_occ1 incremental OK
2026-09-01T08:12:43-04:00   [pipeline_clahe] yoda_bridge_16fps_ae_1_1969_12_31-19_56_37_region0_occ1 global_ba OK
2026-09-01T08:12:44-04:00   [pipeline_clahe] yoda_bridge_2_1969_12_31-20_06_13_region0_occ0 incremental OK
2026-09-01T08:12:45-04:00   [pipeline_clahe] yoda_bridge_2_1969_12_31-20_06_13_region0_occ0 global_ba OK
2026-09-01T08:12:46-04:00   [pipeline_clahe] yoda_bridge_2_1969_12_31-20_06_13_region0_occ1 incremental OK
2026-09-01T08:12:47-04:00   [pipeline_clahe] yoda_bridge_2_1969_12_31-20_06_13_region0_occ1 global_ba OK
2026-09-01T08:12:48-04:00   [pipeline_clahe] yoda_bridge_4fps_1_1969_12_31-19_08_37_region0_occ0 incremental OK
2026-09-01T08:12:49-04:00   [pipeline_clahe] yoda_bridge_4fps_1_1969_12_31-19_08_37_region0_occ0 global_ba OK
2026-09-01T08:12:49-04:00   [pipeline_clahe] yoda_bridge_4fps_1_1969_12_31-19_08_37_region0_occ1 incremental OK
2026-09-01T08:12:50-04:00   [pipeline_clahe] yoda_bridge_4fps_1_1969_12_31-19_08_37_region0_occ1 global_ba OK
2026-09-01T08:12:51-04:00   [pipeline_clahe] yoda_bridge_4fps_ae_1_1969_12_31-19_17_28_region0_occ0 incremental OK
2026-09-01T08:12:52-04:00   [pipeline_clahe] yoda_bridge_4fps_ae_1_1969_12_31-19_17_28_region0_occ0 global_ba OK
2026-09-01T08:12:53-04:00   [pipeline_clahe] yoda_bridge_4fps_ae_1_1969_12_31-19_17_28_region0_occ1 incremental OK
2026-09-01T08:12:53-04:00   [pipeline_clahe] yoda_bridge_4fps_ae_1_1969_12_31-19_17_28_region0_occ1 global_ba OK
2026-09-01T08:12:54-04:00   [pipeline_clahe] yoda_bridge_8fps_1_1969_12_31-19_36_06_region0_occ0 incremental OK
2026-09-01T08:12:55-04:00   [pipeline_clahe] yoda_bridge_8fps_1_1969_12_31-19_36_06_region0_occ0 global_ba OK
2026-09-01T08:12:56-04:00   [pipeline_clahe] yoda_bridge_8fps_1_1969_12_31-19_36_06_region0_occ1 incremental OK
2026-09-01T08:12:57-04:00   [pipeline_clahe] yoda_bridge_8fps_1_1969_12_31-19_36_06_region0_occ1 global_ba OK
2026-09-01T08:12:58-04:00   [pipeline_clahe] yoda_bridge_8fps_ae_1_1969_12_31-19_27_44_region0_occ0 incremental OK
2026-09-01T08:12:59-04:00   [pipeline_clahe] yoda_bridge_8fps_ae_1_1969_12_31-19_27_44_region0_occ0 global_ba OK
2026-09-01T08:13:00-04:00   [pipeline_clahe] yoda_bridge_8fps_ae_1_1969_12_31-19_27_44_region0_occ1 incremental OK
2026-09-01T08:13:01-04:00   [pipeline_clahe] yoda_bridge_8fps_ae_1_1969_12_31-19_27_44_region0_occ1 global_ba OK
2026-09-01T08:13:02-04:00   [pipeline_clahe] yoda_fixedev_1_1969_12_31-19_52_57_region0_occ0 incremental OK
2026-09-01T08:13:03-04:00   [pipeline_clahe] yoda_fixedev_1_1969_12_31-19_52_57_region0_occ0 global_ba OK
2026-09-01T08:13:05-04:00   [pipeline_clahe] yoda_fixedev_1_1969_12_31-19_52_57_region0_occ1 incremental OK
2026-09-01T08:13:06-04:00   [pipeline_clahe] yoda_fixedev_1_1969_12_31-19_52_57_region0_occ1 global_ba OK
2026-09-01T08:13:06-04:00 Ground-truth comparison complete.
