Running cuvslam on 18 trajectories -> /home/alien/Documents/research/third_article/analyze_bracketing/results/cuVSLAM
[1/18] yoda_bridge_0fps_ae_1_1969_12_31-19_04_09_region0_occ0 ...
  done in 13.7s -> /home/alien/Documents/research/third_article/analyze_bracketing/results/cuVSLAM/yoda_bridge_0fps_ae_1_1969_12_31-19_04_09_region0_occ0.txt
[2/18] yoda_bridge_0fps_ae_1_1969_12_31-19_04_09_region0_occ1 ...
  done in 12.6s -> /home/alien/Documents/research/third_article/analyze_bracketing/results/cuVSLAM/yoda_bridge_0fps_ae_1_1969_12_31-19_04_09_region0_occ1.txt
[3/18] yoda_bridge_16fps_1_1969_12_31-19_47_59_region0_occ0 ...
  done in 9.7s -> /home/alien/Documents/research/third_article/analyze_bracketing/results/cuVSLAM/yoda_bridge_16fps_1_1969_12_31-19_47_59_region0_occ0.txt
[4/18] yoda_bridge_16fps_1_1969_12_31-19_47_59_region0_occ1 ...
  done in 7.4s -> /home/alien/Documents/research/third_article/analyze_bracketing/results/cuVSLAM/yoda_bridge_16fps_1_1969_12_31-19_47_59_region0_occ1.txt
[5/18] yoda_bridge_16fps_ae_1_1969_12_31-19_56_37_region0_occ0 ...
  done in 7.4s -> /home/alien/Documents/research/third_article/analyze_bracketing/results/cuVSLAM/yoda_bridge_16fps_ae_1_1969_12_31-19_56_37_region0_occ0.txt
[6/18] yoda_bridge_16fps_ae_1_1969_12_31-19_56_37_region0_occ1 ...
  done in 7.9s -> /home/alien/Documents/research/third_article/analyze_bracketing/results/cuVSLAM/yoda_bridge_16fps_ae_1_1969_12_31-19_56_37_region0_occ1.txt
[7/18] yoda_bridge_2_1969_12_31-20_06_13_region0_occ0 ...
  done in 12.5s -> /home/alien/Documents/research/third_article/analyze_bracketing/results/cuVSLAM/yoda_bridge_2_1969_12_31-20_06_13_region0_occ0.txt
[8/18] yoda_bridge_2_1969_12_31-20_06_13_region0_occ1 ...
  done in 12.9s -> /home/alien/Documents/research/third_article/analyze_bracketing/results/cuVSLAM/yoda_bridge_2_1969_12_31-20_06_13_region0_occ1.txt
[9/18] yoda_bridge_4fps_1_1969_12_31-19_08_37_region0_occ0 ...
  done in 2.8s -> /home/alien/Documents/research/third_article/analyze_bracketing/results/cuVSLAM/yoda_bridge_4fps_1_1969_12_31-19_08_37_region0_occ0.txt
[10/18] yoda_bridge_4fps_1_1969_12_31-19_08_37_region0_occ1 ...
  done in 2.5s -> /home/alien/Documents/research/third_article/analyze_bracketing/results/cuVSLAM/yoda_bridge_4fps_1_1969_12_31-19_08_37_region0_occ1.txt
[11/18] yoda_bridge_4fps_ae_1_1969_12_31-19_17_28_region0_occ0 ...
  done in 2.9s -> /home/alien/Documents/research/third_article/analyze_bracketing/results/cuVSLAM/yoda_bridge_4fps_ae_1_1969_12_31-19_17_28_region0_occ0.txt
[12/18] yoda_bridge_4fps_ae_1_1969_12_31-19_17_28_region0_occ1 ...
  done in 4.1s -> /home/alien/Documents/research/third_article/analyze_bracketing/results/cuVSLAM/yoda_bridge_4fps_ae_1_1969_12_31-19_17_28_region0_occ1.txt
[13/18] yoda_bridge_8fps_1_1969_12_31-19_36_06_region0_occ0 ...
  done in 4.7s -> /home/alien/Documents/research/third_article/analyze_bracketing/results/cuVSLAM/yoda_bridge_8fps_1_1969_12_31-19_36_06_region0_occ0.txt
[14/18] yoda_bridge_8fps_1_1969_12_31-19_36_06_region0_occ1 ...
  done in 6.2s -> /home/alien/Documents/research/third_article/analyze_bracketing/results/cuVSLAM/yoda_bridge_8fps_1_1969_12_31-19_36_06_region0_occ1.txt
[15/18] yoda_bridge_8fps_ae_1_1969_12_31-19_27_44_region0_occ0 ...
  done in 4.3s -> /home/alien/Documents/research/third_article/analyze_bracketing/results/cuVSLAM/yoda_bridge_8fps_ae_1_1969_12_31-19_27_44_region0_occ0.txt
[16/18] yoda_bridge_8fps_ae_1_1969_12_31-19_27_44_region0_occ1 ...
  done in 4.0s -> /home/alien/Documents/research/third_article/analyze_bracketing/results/cuVSLAM/yoda_bridge_8fps_ae_1_1969_12_31-19_27_44_region0_occ1.txt
[17/18] yoda_fixedev_1_1969_12_31-19_52_57_region0_occ0 ...
  done in 15.6s -> /home/alien/Documents/research/third_article/analyze_bracketing/results/cuVSLAM/yoda_fixedev_1_1969_12_31-19_52_57_region0_occ0.txt
[18/18] yoda_fixedev_1_1969_12_31-19_52_57_region0_occ1 ...
  done in 17.9s -> /home/alien/Documents/research/third_article/analyze_bracketing/results/cuVSLAM/yoda_fixedev_1_1969_12_31-19_52_57_region0_occ1.txt

18/18 succeeded
